src/App.tsx(225,30): error TS2322: Type '(prop: string, defaultValidatorFn?: (prop: string) => boolean) => boolean' is not assignable to type 'ShouldForwardProp<"web">'.
  Types of parameters 'defaultValidatorFn' and 'elementToBeCreated' are incompatible.
    Type 'WebTarget' is not assignable to type '((prop: string) => boolean) | undefined'.
      Type 'string' is not assignable to type '(prop: string) => boolean'.
src/components/Admin/AutomationManager.tsx(365,17): error TS2322: Type 'Dispatch<SetStateAction<string>>' is not assignable to type '(value: string | number) => void'.
  Types of parameters 'value' and 'value' are incompatible.
    Type 'string | number' is not assignable to type 'SetStateAction<string>'.
      Type 'number' is not assignable to type 'SetStateAction<string>'.
src/components/Admin/AutomationManager.tsx(500,19): error TS2322: Type 'Dispatch<SetStateAction<string>>' is not assignable to type '(value: string | number) => void'.
  Types of parameters 'value' and 'value' are incompatible.
    Type 'string | number' is not assignable to type 'SetStateAction<string>'.
      Type 'number' is not assignable to type 'SetStateAction<string>'.
src/components/Admin/ClientTrainerAssignments.tsx(136,26): error TS18048: 'props.theme.shadows' is possibly 'undefined'.
src/components/Admin/ClientTrainerAssignments.tsx(136,46): error TS2339: Property 'md' does not exist on type 'string[] | Record<string, unknown>'.
  Property 'md' does not exist on type 'string[]'.
src/components/Admin/ClientTrainerAssignments.tsx(137,23): error TS2345: Argument of type '(props: ExecutionContext & FastOmit<Omit<HTMLAttributesWithoutMotionProps<HTMLAttributes<HTMLDivElement>, HTMLDivElement> & MotionProps & RefAttributes<...>, "ref"> & { ...; }, never>) => unknown' is not assignable to parameter of type 'Interpolation<FastOmit<Omit<HTMLAttributesWithoutMotionProps<HTMLAttributes<HTMLDivElement>, HTMLDivElement> & MotionProps & RefAttributes<...>, "ref"> & { ...; }, never>>'.
  Type '(props: ExecutionContext & FastOmit<Omit<HTMLAttributesWithoutMotionProps<HTMLAttributes<HTMLDivElement>, HTMLDivElement> & MotionProps & RefAttributes<...>, "ref"> & { ...; }, never>) => unknown' is not assignable to type 'StyleFunction<FastOmit<Omit<HTMLAttributesWithoutMotionProps<HTMLAttributes<HTMLDivElement>, HTMLDivElement> & MotionProps & RefAttributes<...>, "ref"> & { ...; }, never>>'.
    Type 'unknown' is not assignable to type 'Interpolation<FastOmit<Omit<HTMLAttributesWithoutMotionProps<HTMLAttributes<HTMLDivElement>, HTMLDivElement> & MotionProps & RefAttributes<...>, "ref"> & { ...; }, never>>'.
src/components/Admin/ClientTrainerAssignments.tsx(137,32): error TS18048: 'props.theme.colors' is possibly 'undefined'.
src/components/Admin/ClientTrainerAssignments.tsx(150,14): error TS2345: Argument of type '(props: ExecutionContext & FastOmit<DetailedHTMLProps<HTMLAttributes<HTMLDivElement>, HTMLDivElement>, never>) => unknown' is not assignable to parameter of type 'Interpolation<FastOmit<DetailedHTMLProps<HTMLAttributes<HTMLDivElement>, HTMLDivElement>, never>>'.
  Type '(props: ExecutionContext & FastOmit<DetailedHTMLProps<HTMLAttributes<HTMLDivElement>, HTMLDivElement>, never>) => unknown' is not assignable to type 'StyleFunction<FastOmit<DetailedHTMLProps<HTMLAttributes<HTMLDivElement>, HTMLDivElement>, never>>'.
    Type 'unknown' is not assignable to type 'Interpolation<FastOmit<DetailedHTMLProps<HTMLAttributes<HTMLDivElement>, HTMLDivElement>, never>>'.
src/components/Admin/ClientTrainerAssignments.tsx(150,23): error TS18048: 'props.theme.colors' is possibly 'undefined'.
src/components/Admin/ClientTrainerAssignments.tsx(152,28): error TS18048: 'props.theme.colors' is possibly 'undefined'.
src/components/Admin/ClientTrainerAssignments.tsx(159,23): error TS18048: 'props.theme.colors' is possibly 'undefined'.
src/components/Admin/ClientTrainerAssignments.tsx(179,23): error TS2345: Argument of type '(props: ExecutionContext & FastOmit<Omit<HTMLAttributesWithoutMotionProps<ButtonHTMLAttributes<HTMLButtonElement>, HTMLButtonElement> & MotionProps & RefAttributes<...>, "ref"> & { ...; }, "$variant"> & { ...; }) => unknown' is not assignable to parameter of type 'Interpolation<Substitute<Omit<HTMLAttributesWithoutMotionProps<ButtonHTMLAttributes<HTMLButtonElement>, HTMLButtonElement> & MotionProps & RefAttributes<...>, "ref"> & { ...; }, { ...; }>>'.
  Type '(props: ExecutionContext & FastOmit<Omit<HTMLAttributesWithoutMotionProps<ButtonHTMLAttributes<HTMLButtonElement>, HTMLButtonElement> & MotionProps & RefAttributes<...>, "ref"> & { ...; }, "$variant"> & { ...; }) => unknown' is not assignable to type 'StyleFunction<Substitute<Omit<HTMLAttributesWithoutMotionProps<ButtonHTMLAttributes<HTMLButtonElement>, HTMLButtonElement> & MotionProps & RefAttributes<...>, "ref"> & { ...; }, { ...; }>>'.
    Type 'unknown' is not assignable to type 'Interpolation<Substitute<Omit<HTMLAttributesWithoutMotionProps<ButtonHTMLAttributes<HTMLButtonElement>, HTMLButtonElement> & MotionProps & RefAttributes<...>, "ref"> & { ...; }, { ...; }>>'.
src/components/Admin/ClientTrainerAssignments.tsx(181,30): error TS18048: 'props.theme.colors' is possibly 'undefined'.
src/components/Admin/ClientTrainerAssignments.tsx(182,29): error TS18048: 'props.theme.colors' is possibly 'undefined'.
src/components/Admin/ClientTrainerAssignments.tsx(183,23): error TS18048: 'props.theme.colors' is possibly 'undefined'.
src/components/Admin/ClientTrainerAssignments.tsx(188,30): error TS18048: 'props.theme.colors' is possibly 'undefined'.
src/components/Admin/ClientTrainerAssignments.tsx(189,29): error TS18048: 'props.theme.colors' is possibly 'undefined'.
src/components/Admin/ClientTrainerAssignments.tsx(193,93): error TS18048: 'props.theme.colors' is possibly 'undefined'.
src/components/Admin/ClientTrainerAssignments.tsx(204,28): error TS18048: 'props.theme.shadows' is possibly 'undefined'.
src/components/Admin/ClientTrainerAssignments.tsx(204,48): error TS2339: Property 'lg' does not exist on type 'string[] | Record<string, unknown>'.
  Property 'lg' does not exist on type 'string[]'.
src/components/Admin/ClientTrainerAssignments.tsx(225,26): error TS18048: 'props.theme.shadows' is possibly 'undefined'.
src/components/Admin/ClientTrainerAssignments.tsx(225,46): error TS2339: Property 'md' does not exist on type 'string[] | Record<string, unknown>'.
  Property 'md' does not exist on type 'string[]'.
src/components/Admin/ClientTrainerAssignments.tsx(226,23): error TS2345: Argument of type '(props: ExecutionContext & FastOmit<Omit<HTMLAttributesWithoutMotionProps<HTMLAttributes<HTMLDivElement>, HTMLDivElement> & MotionProps & RefAttributes<...>, "ref"> & { ...; }, never>) => unknown' is not assignable to parameter of type 'Interpolation<FastOmit<Omit<HTMLAttributesWithoutMotionProps<HTMLAttributes<HTMLDivElement>, HTMLDivElement> & MotionProps & RefAttributes<...>, "ref"> & { ...; }, never>>'.
  Type '(props: ExecutionContext & FastOmit<Omit<HTMLAttributesWithoutMotionProps<HTMLAttributes<HTMLDivElement>, HTMLDivElement> & MotionProps & RefAttributes<...>, "ref"> & { ...; }, never>) => unknown' is not assignable to type 'StyleFunction<FastOmit<Omit<HTMLAttributesWithoutMotionProps<HTMLAttributes<HTMLDivElement>, HTMLDivElement> & MotionProps & RefAttributes<...>, "ref"> & { ...; }, never>>'.
    Type 'unknown' is not assignable to type 'Interpolation<FastOmit<Omit<HTMLAttributesWithoutMotionProps<HTMLAttributes<HTMLDivElement>, HTMLDivElement> & MotionProps & RefAttributes<...>, "ref"> & { ...; }, never>>'.
src/components/Admin/ClientTrainerAssignments.tsx(226,32): error TS18048: 'props.theme.colors' is possibly 'undefined'.
src/components/Admin/ClientTrainerAssignments.tsx(232,23): error TS18048: 'props.theme.colors' is possibly 'undefined'.
src/components/Admin/ClientTrainerAssignments.tsx(237,23): error TS18048: 'props.theme.colors' is possibly 'undefined'.
src/components/Admin/ClientTrainerAssignments.tsx(253,25): error TS18048: 'props.theme.colors' is possibly 'undefined'.
src/components/Admin/ClientTrainerAssignments.tsx(257,25): error TS18048: 'props.theme.colors' is possibly 'undefined'.
src/components/Admin/ClientTrainerAssignments.tsx(277,26): error TS18048: 'props.theme.shadows' is possibly 'undefined'.
src/components/Admin/ClientTrainerAssignments.tsx(277,46): error TS2339: Property 'md' does not exist on type 'string[] | Record<string, unknown>'.
  Property 'md' does not exist on type 'string[]'.
src/components/Admin/ClientTrainerAssignments.tsx(278,23): error TS2345: Argument of type '(props: ExecutionContext & FastOmit<Omit<HTMLAttributesWithoutMotionProps<HTMLAttributes<HTMLDivElement>, HTMLDivElement> & MotionProps & RefAttributes<...>, "ref"> & { ...; }, never>) => unknown' is not assignable to parameter of type 'Interpolation<FastOmit<Omit<HTMLAttributesWithoutMotionProps<HTMLAttributes<HTMLDivElement>, HTMLDivElement> & MotionProps & RefAttributes<...>, "ref"> & { ...; }, never>>'.
  Type '(props: ExecutionContext & FastOmit<Omit<HTMLAttributesWithoutMotionProps<HTMLAttributes<HTMLDivElement>, HTMLDivElement> & MotionProps & RefAttributes<...>, "ref"> & { ...; }, never>) => unknown' is not assignable to type 'StyleFunction<FastOmit<Omit<HTMLAttributesWithoutMotionProps<HTMLAttributes<HTMLDivElement>, HTMLDivElement> & MotionProps & RefAttributes<...>, "ref"> & { ...; }, never>>'.
    Type 'unknown' is not assignable to type 'Interpolation<FastOmit<Omit<HTMLAttributesWithoutMotionProps<HTMLAttributes<HTMLDivElement>, HTMLDivElement> & MotionProps & RefAttributes<...>, "ref"> & { ...; }, never>>'.
src/components/Admin/ClientTrainerAssignments.tsx(278,32): error TS18048: 'props.theme.colors' is possibly 'undefined'.
src/components/Admin/ClientTrainerAssignments.tsx(283,41): error TS18048: 'props.theme.colors' is possibly 'undefined'.
src/components/Admin/ClientTrainerAssignments.tsx(290,25): error TS18048: 'props.theme.colors' is possibly 'undefined'.
src/components/Admin/ClientTrainerAssignments.tsx(303,36): error TS18048: 'props.theme.colors' is possibly 'undefined'.
src/components/Admin/ClientTrainerAssignments.tsx(309,34): error TS18048: 'props.theme.colors' is possibly 'undefined'.
src/components/Admin/ClientTrainerAssignments.tsx(319,25): error TS18048: 'props.theme.colors' is possibly 'undefined'.
src/components/Admin/ClientTrainerAssignments.tsx(333,23): error TS2345: Argument of type '(props: ExecutionContext & FastOmit<Omit<HTMLAttributesWithoutMotionProps<HTMLAttributes<HTMLDivElement>, HTMLDivElement> & MotionProps & RefAttributes<...>, "ref"> & { ...; }, "$isDragging"> & { ...; }) => unknown' is not assignable to parameter of type 'Interpolation<Substitute<Omit<HTMLAttributesWithoutMotionProps<HTMLAttributes<HTMLDivElement>, HTMLDivElement> & MotionProps & RefAttributes<...>, "ref"> & { ...; }, { ...; }>>'.
  Type '(props: ExecutionContext & FastOmit<Omit<HTMLAttributesWithoutMotionProps<HTMLAttributes<HTMLDivElement>, HTMLDivElement> & MotionProps & RefAttributes<...>, "ref"> & { ...; }, "$isDragging"> & { ...; }) => unknown' is not assignable to type 'StyleFunction<Substitute<Omit<HTMLAttributesWithoutMotionProps<HTMLAttributes<HTMLDivElement>, HTMLDivElement> & MotionProps & RefAttributes<...>, "ref"> & { ...; }, { ...; }>>'.
    Type 'unknown' is not assignable to type 'Interpolation<Substitute<Omit<HTMLAttributesWithoutMotionProps<HTMLAttributes<HTMLDivElement>, HTMLDivElement> & MotionProps & RefAttributes<...>, "ref"> & { ...; }, { ...; }>>'.
src/components/Admin/ClientTrainerAssignments.tsx(333,52): error TS18048: 'props.theme.colors' is possibly 'undefined'.
src/components/Admin/ClientTrainerAssignments.tsx(337,46): error TS18048: 'props.theme.shadows' is possibly 'undefined'.
src/components/Admin/ClientTrainerAssignments.tsx(337,66): error TS2339: Property 'glow' does not exist on type 'string[] | Record<string, unknown>'.
  Property 'glow' does not exist on type 'string[]'.
src/components/Admin/ClientTrainerAssignments.tsx(337,73): error TS18048: 'props.theme.shadows' is possibly 'undefined'.
src/components/Admin/ClientTrainerAssignments.tsx(337,93): error TS2339: Property 'sm' does not exist on type 'string[] | Record<string, unknown>'.
  Property 'sm' does not exist on type 'string[]'.
src/components/Admin/ClientTrainerAssignments.tsx(341,30): error TS18048: 'props.theme.colors' is possibly 'undefined'.
src/components/Admin/ClientTrainerAssignments.tsx(343,28): error TS18048: 'props.theme.shadows' is possibly 'undefined'.
src/components/Admin/ClientTrainerAssignments.tsx(343,48): error TS2339: Property 'md' does not exist on type 'string[] | Record<string, unknown>'.
  Property 'md' does not exist on type 'string[]'.
src/components/Admin/ClientTrainerAssignments.tsx(359,30): error TS18048: 'props.theme.colors' is possibly 'undefined'.
src/components/Admin/ClientTrainerAssignments.tsx(373,27): error TS18048: 'props.theme.colors' is possibly 'undefined'.
src/components/Admin/ClientTrainerAssignments.tsx(379,27): error TS18048: 'props.theme.colors' is possibly 'undefined'.
src/components/Admin/ClientTrainerAssignments.tsx(388,28): error TS18048: 'props.theme.colors' is possibly 'undefined'.
src/components/Admin/ClientTrainerAssignments.tsx(407,26): error TS18048: 'props.theme.shadows' is possibly 'undefined'.
src/components/Admin/ClientTrainerAssignments.tsx(407,46): error TS2339: Property 'md' does not exist on type 'string[] | Record<string, unknown>'.
  Property 'md' does not exist on type 'string[]'.
src/components/Admin/ClientTrainerAssignments.tsx(408,23): error TS2345: Argument of type '(props: ExecutionContext & FastOmit<Omit<HTMLAttributesWithoutMotionProps<HTMLAttributes<HTMLDivElement>, HTMLDivElement> & MotionProps & RefAttributes<...>, "ref"> & { ...; }, "$isOver"> & { ...; }) => unknown' is not assignable to parameter of type 'Interpolation<Substitute<Omit<HTMLAttributesWithoutMotionProps<HTMLAttributes<HTMLDivElement>, HTMLDivElement> & MotionProps & RefAttributes<...>, "ref"> & { ...; }, { ...; }>>'.
  Type '(props: ExecutionContext & FastOmit<Omit<HTMLAttributesWithoutMotionProps<HTMLAttributes<HTMLDivElement>, HTMLDivElement> & MotionProps & RefAttributes<...>, "ref"> & { ...; }, "$isOver"> & { ...; }) => unknown' is not assignable to type 'StyleFunction<Substitute<Omit<HTMLAttributesWithoutMotionProps<HTMLAttributes<HTMLDivElement>, HTMLDivElement> & MotionProps & RefAttributes<...>, "ref"> & { ...; }, { ...; }>>'.
    Type 'unknown' is not assignable to type 'Interpolation<Substitute<Omit<HTMLAttributesWithoutMotionProps<HTMLAttributes<HTMLDivElement>, HTMLDivElement> & MotionProps & RefAttributes<...>, "ref"> & { ...; }, { ...; }>>'.
src/components/Admin/ClientTrainerAssignments.tsx(408,48): error TS18048: 'props.theme.colors' is possibly 'undefined'.
src/components/Admin/ClientTrainerAssignments.tsx(416,41): error TS18048: 'props.theme.colors' is possibly 'undefined'.
src/components/Admin/ClientTrainerAssignments.tsx(428,32): error TS18048: 'props.theme.colors' is possibly 'undefined'.
src/components/Admin/ClientTrainerAssignments.tsx(442,29): error TS18048: 'props.theme.colors' is possibly 'undefined'.
src/components/Admin/ClientTrainerAssignments.tsx(448,29): error TS18048: 'props.theme.colors' is possibly 'undefined'.
src/components/Admin/ClientTrainerAssignments.tsx(460,27): error TS18048: 'props.theme.colors' is possibly 'undefined'.
src/components/Admin/ClientTrainerAssignments.tsx(468,27): error TS18048: 'props.theme.colors' is possibly 'undefined'.
src/components/Admin/ClientTrainerAssignments.tsx(483,25): error TS18048: 'props.theme.colors' is possibly 'undefined'.
src/components/Admin/ClientTrainerAssignments.tsx(508,16): error TS2345: Argument of type '(props: ExecutionContext & FastOmit<Omit<HTMLAttributesWithoutMotionProps<HTMLAttributes<HTMLDivElement>, HTMLDivElement> & MotionProps & RefAttributes<...>, "ref"> & { ...; }, never>) => unknown' is not assignable to parameter of type 'Interpolation<FastOmit<Omit<HTMLAttributesWithoutMotionProps<HTMLAttributes<HTMLDivElement>, HTMLDivElement> & MotionProps & RefAttributes<...>, "ref"> & { ...; }, never>>'.
  Type '(props: ExecutionContext & FastOmit<Omit<HTMLAttributesWithoutMotionProps<HTMLAttributes<HTMLDivElement>, HTMLDivElement> & MotionProps & RefAttributes<...>, "ref"> & { ...; }, never>) => unknown' is not assignable to type 'StyleFunction<FastOmit<Omit<HTMLAttributesWithoutMotionProps<HTMLAttributes<HTMLDivElement>, HTMLDivElement> & MotionProps & RefAttributes<...>, "ref"> & { ...; }, never>>'.
    Type 'unknown' is not assignable to type 'Interpolation<FastOmit<Omit<HTMLAttributesWithoutMotionProps<HTMLAttributes<HTMLDivElement>, HTMLDivElement> & MotionProps & RefAttributes<...>, "ref"> & { ...; }, never>>'.
src/components/Admin/ClientTrainerAssignments.tsx(508,25): error TS18048: 'props.theme.colors' is possibly 'undefined'.
src/components/Admin/ClientTrainerAssignments.tsx(520,23): error TS18048: 'props.theme.colors' is possibly 'undefined'.
src/components/Admin/NASM/NASMAdminDashboard.tsx(28,17): error TS2307: Cannot find module '../../../utils/api' or its corresponding type declarations.
src/components/Admin/SessionAllocationManager.tsx(436,52): error TS2339: Property 'getClients' does not exist on type 'SessionService'.
src/components/Admin/SMSLogsPanel.tsx(226,15): error TS2322: Type 'Dispatch<SetStateAction<string>>' is not assignable to type '(value: string | number) => void'.
  Types of parameters 'value' and 'value' are incompatible.
    Type 'string | number' is not assignable to type 'SetStateAction<string>'.
      Type 'number' is not assignable to type 'SetStateAction<string>'.
src/components/Admin/TrainerPermissionsManager.tsx(719,5): error TS2322: Type 'LucideIcon' is not assignable to type 'ComponentType<{ size?: number | undefined; }>'.
  Type 'ForwardRefExoticComponent<LucideProps>' is not assignable to type 'FunctionComponent<{ size?: number | undefined; }>'.
    Types of property 'propTypes' are incompatible.
      Type 'WeakValidationMap<LucideProps> | undefined' is not assignable to type 'WeakValidationMap<{ size?: number | undefined; }> | undefined'.
        Type 'WeakValidationMap<LucideProps>' is not assignable to type 'WeakValidationMap<{ size?: number | undefined; }>'.
          Types of property 'size' are incompatible.
            Type 'Validator<string | number | null | undefined> | undefined' is not assignable to type 'Validator<number | null | undefined> | undefined'.
              Type 'Validator<string | number | null | undefined>' is not assignable to type 'Validator<number | null | undefined>'.
                Type 'string | number | null | undefined' is not assignable to type 'number | null | undefined'.
                  Type 'string' is not assignable to type 'number'.
src/components/Admin/TrainerPermissionsManager.tsx(726,5): error TS2322: Type 'LucideIcon' is not assignable to type 'ComponentType<{ size?: number | undefined; }>'.
  Type 'ForwardRefExoticComponent<LucideProps>' is not assignable to type 'FunctionComponent<{ size?: number | undefined; }>'.
    Types of property 'propTypes' are incompatible.
      Type 'WeakValidationMap<LucideProps> | undefined' is not assignable to type 'WeakValidationMap<{ size?: number | undefined; }> | undefined'.
        Type 'WeakValidationMap<LucideProps>' is not assignable to type 'WeakValidationMap<{ size?: number | undefined; }>'.
          Types of property 'size' are incompatible.
            Type 'Validator<string | number | null | undefined> | undefined' is not assignable to type 'Validator<number | null | undefined> | undefined'.
              Type 'Validator<string | number | null | undefined>' is not assignable to type 'Validator<number | null | undefined>'.
                Type 'string | number | null | undefined' is not assignable to type 'number | null | undefined'.
                  Type 'string' is not assignable to type 'number'.
src/components/Admin/TrainerPermissionsManager.tsx(733,5): error TS2322: Type 'LucideIcon' is not assignable to type 'ComponentType<{ size?: number | undefined; }>'.
  Type 'ForwardRefExoticComponent<LucideProps>' is not assignable to type 'FunctionComponent<{ size?: number | undefined; }>'.
    Types of property 'propTypes' are incompatible.
      Type 'WeakValidationMap<LucideProps> | undefined' is not assignable to type 'WeakValidationMap<{ size?: number | undefined; }> | undefined'.
        Type 'WeakValidationMap<LucideProps>' is not assignable to type 'WeakValidationMap<{ size?: number | undefined; }>'.
          Types of property 'size' are incompatible.
            Type 'Validator<string | number | null | undefined> | undefined' is not assignable to type 'Validator<number | null | undefined> | undefined'.
              Type 'Validator<string | number | null | undefined>' is not assignable to type 'Validator<number | null | undefined>'.
                Type 'string | number | null | undefined' is not assignable to type 'number | null | undefined'.
                  Type 'string' is not assignable to type 'number'.
src/components/Admin/TrainerPermissionsManager.tsx(740,5): error TS2322: Type 'LucideIcon' is not assignable to type 'ComponentType<{ size?: number | undefined; }>'.
  Type 'ForwardRefExoticComponent<LucideProps>' is not assignable to type 'FunctionComponent<{ size?: number | undefined; }>'.
    Types of property 'propTypes' are incompatible.
      Type 'WeakValidationMap<LucideProps> | undefined' is not assignable to type 'WeakValidationMap<{ size?: number | undefined; }> | undefined'.
        Type 'WeakValidationMap<LucideProps>' is not assignable to type 'WeakValidationMap<{ size?: number | undefined; }>'.
          Types of property 'size' are incompatible.
            Type 'Validator<string | number | null | undefined> | undefined' is not assignable to type 'Validator<number | null | undefined> | undefined'.
              Type 'Validator<string | number | null | undefined>' is not assignable to type 'Validator<number | null | undefined>'.
                Type 'string | number | null | undefined' is not assignable to type 'number | null | undefined'.
                  Type 'string' is not assignable to type 'number'.
src/components/Admin/TrainerPermissionsManager.tsx(747,5): error TS2322: Type 'LucideIcon' is not assignable to type 'ComponentType<{ size?: number | undefined; }>'.
  Type 'ForwardRefExoticComponent<LucideProps>' is not assignable to type 'FunctionComponent<{ size?: number | undefined; }>'.
    Types of property 'propTypes' are incompatible.
      Type 'WeakValidationMap<LucideProps> | undefined' is not assignable to type 'WeakValidationMap<{ size?: number | undefined; }> | undefined'.
        Type 'WeakValidationMap<LucideProps>' is not assignable to type 'WeakValidationMap<{ size?: number | undefined; }>'.
          Types of property 'size' are incompatible.
            Type 'Validator<string | number | null | undefined> | undefined' is not assignable to type 'Validator<number | null | undefined> | undefined'.
              Type 'Validator<string | number | null | undefined>' is not assignable to type 'Validator<number | null | undefined>'.
                Type 'string | number | null | undefined' is not assignable to type 'number | null | undefined'.
                  Type 'string' is not assignable to type 'number'.
src/components/Admin/TrainerPermissionsManager.tsx(754,5): error TS2322: Type 'LucideIcon' is not assignable to type 'ComponentType<{ size?: number | undefined; }>'.
  Type 'ForwardRefExoticComponent<LucideProps>' is not assignable to type 'FunctionComponent<{ size?: number | undefined; }>'.
    Types of property 'propTypes' are incompatible.
      Type 'WeakValidationMap<LucideProps> | undefined' is not assignable to type 'WeakValidationMap<{ size?: number | undefined; }> | undefined'.
        Type 'WeakValidationMap<LucideProps>' is not assignable to type 'WeakValidationMap<{ size?: number | undefined; }>'.
          Types of property 'size' are incompatible.
            Type 'Validator<string | number | null | undefined> | undefined' is not assignable to type 'Validator<number | null | undefined> | undefined'.
              Type 'Validator<string | number | null | undefined>' is not assignable to type 'Validator<number | null | undefined>'.
                Type 'string | number | null | undefined' is not assignable to type 'number | null | undefined'.
                  Type 'string' is not assignable to type 'number'.
src/components/Admin/TrainerPermissionsManager.tsx(1449,26): error TS2367: This comparison appears to be unintentional because the types '"active" | "inactive" | "expiring"' and '"expired"' have no overlap.
src/components/AdvancedGamification/AdvancedGamificationHub.tsx(23,39): error TS2305: Module '"lucide-react"' has no exported member 'Fire'.
src/components/AdvancedGamification/components/AchievementShowcase.tsx(498,13): error TS2322: Type '"minimal"' is not assignable to type '"default" | "underline" | "premium" | "pills" | "cards" | undefined'.
src/components/AdvancedGamification/components/AchievementShowcase.tsx(509,13): error TS2322: Type '"outline"' is not assignable to type '"default" | "underline" | "premium" | "pills" | "cards" | undefined'.
src/components/AdvancedGamification/components/ChallengeCenter.tsx(763,21): error TS2322: Type '{ selectedType: "custom" | "monthly" | "daily" | "weekly" | "community"; onTypeSelect: (type: any) => void; }' is not assignable to type 'IntrinsicAttributes & ChallengeTypeSelectorProps'.
  Property 'selectedType' does not exist on type 'IntrinsicAttributes & ChallengeTypeSelectorProps'.
src/components/AdvancedGamification/components/ChallengeCenter.tsx(764,36): error TS7006: Parameter 'type' implicitly has an 'any' type.
src/components/AdvancedGamification/components/ChallengeCenter.tsx(770,21): error TS2322: Type '{ difficulty: 3 | 1 | 2 | 4 | 5; onDifficultyChange: (difficulty: any) => void; }' is not assignable to type 'IntrinsicAttributes & DifficultySliderProps'.
  Property 'difficulty' does not exist on type 'IntrinsicAttributes & DifficultySliderProps'.
src/components/AdvancedGamification/components/ChallengeCenter.tsx(771,42): error TS7006: Parameter 'difficulty' implicitly has an 'any' type.
src/components/AdvancedGamification/components/ChallengeCenter.tsx(796,13): error TS2322: Type '"cosmic"' is not assignable to type '"default" | "underline" | "premium" | "pills" | "cards" | undefined'.
src/components/AdvancedGamification/components/ChallengeCenter.tsx(807,13): error TS2322: Type '"minimal"' is not assignable to type '"default" | "underline" | "premium" | "pills" | "cards" | undefined'.
src/components/AdvancedGamification/components/ChallengeSystem/ChallengeCard.tsx(25,3): error TS2305: Module '"lucide-react"' has no exported member 'Fire'.
src/components/AdvancedGamification/components/ChallengeSystem/ChallengeCard.tsx(658,26): error TS2769: No overload matches this call.
  Overload 1 of 2, '(props: PolymorphicComponentProps<"web", Substitute<DetailedHTMLProps<HTMLAttributes<HTMLDivElement>, HTMLDivElement>, { $show: boolean; }>, void, void, {}, {}>): Element', gave the following error.
    Type 'false | ParticipationRecord | null | undefined' is not assignable to type 'boolean'.
      Type 'undefined' is not assignable to type 'boolean'.
  Overload 2 of 2, '(props: Substitute<DetailedHTMLProps<HTMLAttributes<HTMLDivElement>, HTMLDivElement>, { $show: boolean; }>): ReactNode', gave the following error.
    Type 'false | ParticipationRecord | null | undefined' is not assignable to type 'boolean'.
      Type 'undefined' is not assignable to type 'boolean'.
src/components/AdvancedGamification/components/ChallengeSystem/ChallengeList.tsx(662,15): error TS2322: Type '{ children: string; variant: "secondary"; size: "small"; leftIcon: Element; onClick: () => void; isSelected: boolean; }' is not assignable to type 'IntrinsicAttributes & AnimatedButtonProps'.
  Property 'isSelected' does not exist on type 'IntrinsicAttributes & AnimatedButtonProps'.
src/components/AdvancedGamification/components/GamificationHub.tsx(403,11): error TS2322: Type '{ children: Element[]; variant: "gradient"; size: "medium"; padding: "medium"; isHoverable: true; }' is not assignable to type 'IntrinsicAttributes & GamificationCardProps'.
  Property 'isHoverable' does not exist on type 'IntrinsicAttributes & GamificationCardProps'.
src/components/AdvancedGamification/components/GamificationHub.tsx(422,11): error TS2322: Type '{ children: Element[]; variant: "glass"; size: "medium"; padding: "medium"; isHoverable: true; }' is not assignable to type 'IntrinsicAttributes & GamificationCardProps'.
  Property 'isHoverable' does not exist on type 'IntrinsicAttributes & GamificationCardProps'.
src/components/AdvancedGamification/components/GamificationHub.tsx(441,11): error TS2322: Type '{ children: Element[]; variant: "outlined"; size: "medium"; padding: "medium"; isHoverable: true; }' is not assignable to type 'IntrinsicAttributes & GamificationCardProps'.
  Property 'isHoverable' does not exist on type 'IntrinsicAttributes & GamificationCardProps'.
src/components/AdvancedGamification/components/GamificationHub.tsx(484,11): error TS2322: Type '"cosmic"' is not assignable to type '"default" | "underline" | "premium" | "pills" | "cards" | undefined'.
src/components/AdvancedGamification/components/index.ts(25,3): error TS2614: Module '"./GamificationHub"' has no exported member 'Challenge'. Did you mean to use 'import Challenge from "./GamificationHub"' instead?
src/components/AdvancedGamification/components/index.ts(26,3): error TS2614: Module '"./GamificationHub"' has no exported member 'LeaderboardUser'. Did you mean to use 'import LeaderboardUser from "./GamificationHub"' instead?
src/components/AdvancedGamification/components/index.ts(28,3): error TS2614: Module '"./GamificationHub"' has no exported member 'ProgressData'. Did you mean to use 'import ProgressData from "./GamificationHub"' instead?
src/components/AdvancedGamification/components/index.ts(29,3): error TS2614: Module '"./GamificationHub"' has no exported member 'Milestone'. Did you mean to use 'import Milestone from "./GamificationHub"' instead?
src/components/AdvancedGamification/components/index.ts(30,3): error TS2614: Module '"./GamificationHub"' has no exported member 'Goal'. Did you mean to use 'import Goal from "./GamificationHub"' instead?
src/components/AdvancedGamification/components/index.ts(32,3): error TS2614: Module '"./GamificationHub"' has no exported member 'AchievementShowcaseProps'. Did you mean to use 'import AchievementShowcaseProps from "./GamificationHub"' instead?
src/components/AdvancedGamification/components/index.ts(33,3): error TS2614: Module '"./GamificationHub"' has no exported member 'ChallengeCenterProps'. Did you mean to use 'import ChallengeCenterProps from "./GamificationHub"' instead?
src/components/AdvancedGamification/components/index.ts(34,3): error TS2614: Module '"./GamificationHub"' has no exported member 'LeaderboardWidgetProps'. Did you mean to use 'import LeaderboardWidgetProps from "./GamificationHub"' instead?
src/components/AdvancedGamification/components/index.ts(35,3): error TS2614: Module '"./GamificationHub"' has no exported member 'ProgressTrackerProps'. Did you mean to use 'import ProgressTrackerProps from "./GamificationHub"' instead?
src/components/AdvancedGamification/components/LeaderboardWidget.tsx(716,13): error TS2322: Type '"cosmic"' is not assignable to type '"default" | "underline" | "premium" | "pills" | "cards" | undefined'.
src/components/AdvancedGamification/components/LeaderboardWidget.tsx(727,13): error TS2322: Type '"minimal"' is not assignable to type '"default" | "underline" | "premium" | "pills" | "cards" | undefined'.
src/components/AdvancedGamification/components/ProgressTracker.tsx(777,11): error TS2322: Type '"cosmic"' is not assignable to type '"default" | "underline" | "premium" | "pills" | "cards" | undefined'.
src/components/AdvancedGamification/examples/GamificationSystemIntegration.tsx(449,11): error TS2322: Type '"cosmic"' is not assignable to type '"default" | "underline" | "premium" | "pills" | "cards" | undefined'.
src/components/AdvancedGamification/hooks/admin/useAdminChallenges.tsx(304,41): error TS2352: Conversion of type '{ status: "draft"; participationData: never[]; progressData: { totalParticipants: number; activeParticipants: number; completedParticipants: number; averageProgress: number; completionRate: number; participationTrend: never[]; }; ... 21 more ...; id: string; }' to type 'Challenge' may be a mistake because neither type sufficiently overlaps with the other. If this was intentional, convert the expression to 'unknown' first.
  Type '{ status: "draft"; participationData: never[]; progressData: { totalParticipants: number; activeParticipants: number; completedParticipants: number; averageProgress: number; completionRate: number; participationTrend: never[]; }; ... 21 more ...; id: string; }' is missing the following properties from type 'Challenge': requiresApproval, allowLateJoin, allowTeams, enableLeaderboard, enableComments
src/components/AdvancedGamification/hooks/admin/useAdminChallenges.tsx(376,23): error TS2345: Argument of type '(prev: Challenge[]) => { updatedAt: string; id: string; status: ChallengeStatus; title: string; description: string; shortDescription: string; type: ChallengeType; ... 28 more ...; searchKeywords: string[]; }[]' is not assignable to parameter of type 'SetStateAction<Challenge[]>'.
  Type '(prev: Challenge[]) => { updatedAt: string; id: string; status: ChallengeStatus; title: string; description: string; shortDescription: string; type: ChallengeType; ... 28 more ...; searchKeywords: string[]; }[]' is not assignable to type '(prevState: Challenge[]) => Challenge[]'.
    Type '{ updatedAt: string; id: string; status: ChallengeStatus; title: string; description: string; shortDescription: string; type: ChallengeType; difficulty: ChallengeDifficulty; ... 27 more ...; searchKeywords: string[]; }[]' is not assignable to type 'Challenge[]'.
      Type '{ updatedAt: string; id: string; status: ChallengeStatus; title: string; description: string; shortDescription: string; type: ChallengeType; ... 28 more ...; searchKeywords: string[]; }' is not assignable to type 'Challenge'.
        Types of property 'targets' are incompatible.
          Type 'Omit<ChallengeTarget, "description">[]' is not assignable to type 'ChallengeTarget[]'.
            Property 'description' is missing in type 'Omit<ChallengeTarget, "description">' but required in type 'ChallengeTarget'.
src/components/AdvancedGamification/hooks/admin/useAdminChallenges.tsx(385,32): error TS2345: Argument of type '{ id: string; status: ChallengeStatus; title: string; description: string; shortDescription: string; type: ChallengeType; ... 29 more ...; searchKeywords: string[]; }' is not assignable to parameter of type 'SetStateAction<Challenge | null>'.
  Type '{ id: string; status: ChallengeStatus; title: string; description: string; shortDescription: string; type: ChallengeType; ... 29 more ...; searchKeywords: string[]; }' is not assignable to type 'Challenge'.
    Types of property 'targets' are incompatible.
      Type 'Omit<ChallengeTarget, "description">[]' is not assignable to type 'ChallengeTarget[]'.
        Property 'description' is missing in type 'Omit<ChallengeTarget, "description">' but required in type 'ChallengeTarget'.
src/components/AdvancedGamification/hooks/admin/useAdminChallenges.tsx(386,11): error TS2322: Type '{ id: string; status: ChallengeStatus; title: string; description: string; shortDescription: string; type: ChallengeType; ... 29 more ...; searchKeywords: string[]; }' is not assignable to type 'Challenge'.
  Types of property 'targets' are incompatible.
    Type 'Omit<ChallengeTarget, "description">[]' is not assignable to type 'ChallengeTarget[]'.
      Property 'description' is missing in type 'Omit<ChallengeTarget, "description">' but required in type 'ChallengeTarget'.
src/components/AdvancedGamification/hooks/admin/useAdminChallenges.tsx(463,15): error TS2322: Type '{ title: string; description: string; shortDescription: string; type: ChallengeType; difficulty: ChallengeDifficulty; ... 30 more ...; searchKeywords: string[]; }' is not assignable to type 'Challenge'.
  Types of property 'targets' are incompatible.
    Type 'Omit<ChallengeTarget, "description">[]' is not assignable to type 'ChallengeTarget[]'.
      Property 'description' is missing in type 'Omit<ChallengeTarget, "description">' but required in type 'ChallengeTarget'.
src/components/AdvancedGamification/hooks/admin/useGamificationSettings.tsx(394,33): error TS2322: Type '{ workoutBase?: number | undefined; challengeMultiplier?: number | undefined; streakBonus?: number | undefined; levelCurve?: "linear" | "exponential" | "logarithmic" | undefined; maxLevel?: number | undefined; }' is not assignable to type '{ workoutBase: number; challengeMultiplier: number; streakBonus: number; levelCurve: "linear" | "exponential" | "logarithmic"; maxLevel: number; }'.
  Types of property 'workoutBase' are incompatible.
    Type 'number | undefined' is not assignable to type 'number'.
      Type 'undefined' is not assignable to type 'number'.
src/components/AdvancedGamification/hooks/admin/useGamificationSettings.tsx(403,33): error TS2322: Type '{ maxActivePerUser?: number | undefined; defaultDuration?: number | undefined; participationRewards?: boolean | undefined; autoGenerateEnabled?: boolean | undefined; difficultyAdjustment?: boolean | undefined; }' is not assignable to type '{ maxActivePerUser: number; defaultDuration: number; participationRewards: boolean; autoGenerateEnabled: boolean; difficultyAdjustment: boolean; }'.
  Types of property 'maxActivePerUser' are incompatible.
    Type 'number | undefined' is not assignable to type 'number'.
      Type 'undefined' is not assignable to type 'number'.
src/components/AdvancedGamification/hooks/admin/useGamificationSettings.tsx(412,33): error TS2322: Type '{ celebrationDuration?: number | undefined; rarityThresholds?: { common: number; rare: number; epic: number; legendary: number; } | undefined; secretAchievements?: boolean | undefined; }' is not assignable to type '{ celebrationDuration: number; rarityThresholds: { common: number; rare: number; epic: number; legendary: number; }; secretAchievements: boolean; }'.
  Types of property 'celebrationDuration' are incompatible.
    Type 'number | undefined' is not assignable to type 'number'.
      Type 'undefined' is not assignable to type 'number'.
src/components/AdvancedGamification/hooks/admin/useGamificationSettings.tsx(421,33): error TS2322: Type '{ leaderboardsEnabled?: boolean | undefined; friendSystemEnabled?: boolean | undefined; sharingEnabled?: boolean | undefined; commentsEnabled?: boolean | undefined; }' is not assignable to type '{ leaderboardsEnabled: boolean; friendSystemEnabled: boolean; sharingEnabled: boolean; commentsEnabled: boolean; }'.
  Types of property 'leaderboardsEnabled' are incompatible.
    Type 'boolean | undefined' is not assignable to type 'boolean'.
      Type 'undefined' is not assignable to type 'boolean'.
src/components/AdvancedGamification/hooks/admin/useGamificationSettings.tsx(430,33): error TS2322: Type '{ defaultEnabled?: boolean | undefined; maxPerDay?: number | undefined; quietHours?: { start: string; end: string; } | undefined; channels?: string[] | undefined; }' is not assignable to type '{ defaultEnabled: boolean; maxPerDay: number; quietHours: { start: string; end: string; }; channels: string[]; }'.
  Types of property 'defaultEnabled' are incompatible.
    Type 'boolean | undefined' is not assignable to type 'boolean'.
      Type 'undefined' is not assignable to type 'boolean'.
src/components/AdvancedGamification/hooks/admin/useGamificationSettings.tsx(439,33): error TS2322: Type '{ enabled?: boolean | undefined; trialDuration?: number | undefined; exclusiveFeatures?: string[] | undefined; upgradePrompts?: boolean | undefined; }' is not assignable to type '{ enabled: boolean; trialDuration: number; exclusiveFeatures: string[]; upgradePrompts: boolean; }'.
  Types of property 'enabled' are incompatible.
    Type 'boolean | undefined' is not assignable to type 'boolean'.
      Type 'undefined' is not assignable to type 'boolean'.
src/components/AdvancedGamification/hooks/admin/useGamificationSettings.tsx(546,7): error TS2739: Type '{ workoutBase: number; }' is missing the following properties from type '{ workoutBase: number; challengeMultiplier: number; streakBonus: number; levelCurve: "linear" | "exponential" | "logarithmic"; maxLevel: number; }': challengeMultiplier, streakBonus, levelCurve, maxLevel
src/components/AdvancedGamification/hooks/admin/useGamificationSettings.tsx(550,7): error TS2739: Type '{ maxActivePerUser: number; }' is missing the following properties from type '{ maxActivePerUser: number; defaultDuration: number; participationRewards: boolean; autoGenerateEnabled: boolean; difficultyAdjustment: boolean; }': defaultDuration, participationRewards, autoGenerateEnabled, difficultyAdjustment
src/components/AdvancedGamification/hooks/admin/useGamificationSettings.tsx(553,7): error TS2739: Type '{ maxPerDay: number; }' is missing the following properties from type '{ defaultEnabled: boolean; maxPerDay: number; quietHours: { start: string; end: string; }; channels: string[]; }': defaultEnabled, quietHours, channels
src/components/AdvancedGamification/index.ts(70,3): error TS2614: Module '"./AdvancedGamificationHub"' has no exported member 'Achievement'. Did you mean to use 'import Achievement from "./AdvancedGamificationHub"' instead?
src/components/AdvancedGamification/index.ts(71,3): error TS2614: Module '"./AdvancedGamificationHub"' has no exported member 'Challenge'. Did you mean to use 'import Challenge from "./AdvancedGamificationHub"' instead?
src/components/AdvancedGamification/index.ts(72,3): error TS2614: Module '"./AdvancedGamificationHub"' has no exported member 'LeaderboardUser'. Did you mean to use 'import LeaderboardUser from "./AdvancedGamificationHub"' instead?
src/components/AdvancedGamification/index.ts(73,3): error TS2614: Module '"./AdvancedGamificationHub"' has no exported member 'UserStats'. Did you mean to use 'import UserStats from "./AdvancedGamificationHub"' instead?
src/components/AdvancedGamification/index.ts(74,3): error TS2614: Module '"./AdvancedGamificationHub"' has no exported member 'ProgressData'. Did you mean to use 'import ProgressData from "./AdvancedGamificationHub"' instead?
src/components/AdvancedGamification/index.ts(75,3): error TS2614: Module '"./AdvancedGamificationHub"' has no exported member 'Milestone'. Did you mean to use 'import Milestone from "./AdvancedGamificationHub"' instead?
src/components/AdvancedGamification/index.ts(76,3): error TS2614: Module '"./AdvancedGamificationHub"' has no exported member 'Goal'. Did you mean to use 'import Goal from "./AdvancedGamificationHub"' instead?
src/components/AdvancedGamification/index.ts(77,3): error TS2614: Module '"./AdvancedGamificationHub"' has no exported member 'GamificationState'. Did you mean to use 'import GamificationState from "./AdvancedGamificationHub"' instead?
src/components/AdvancedGamification/index.ts(78,3): error TS2614: Module '"./AdvancedGamificationHub"' has no exported member 'AdvancedGamificationHubProps'. Did you mean to use 'import AdvancedGamificationHubProps from "./AdvancedGamificationHub"' instead?
src/components/AdvancedGamification/index.ts(79,3): error TS2614: Module '"./AdvancedGamificationHub"' has no exported member 'GamificationHubProps'. Did you mean to use 'import GamificationHubProps from "./AdvancedGamificationHub"' instead?
src/components/AdvancedGamification/index.ts(80,3): error TS2614: Module '"./AdvancedGamificationHub"' has no exported member 'AchievementShowcaseProps'. Did you mean to use 'import AchievementShowcaseProps from "./AdvancedGamificationHub"' instead?
src/components/AdvancedGamification/index.ts(81,3): error TS2614: Module '"./AdvancedGamificationHub"' has no exported member 'ChallengeCenterProps'. Did you mean to use 'import ChallengeCenterProps from "./AdvancedGamificationHub"' instead?
src/components/AdvancedGamification/index.ts(82,3): error TS2614: Module '"./AdvancedGamificationHub"' has no exported member 'LeaderboardWidgetProps'. Did you mean to use 'import LeaderboardWidgetProps from "./AdvancedGamificationHub"' instead?
src/components/AdvancedGamification/index.ts(83,3): error TS2614: Module '"./AdvancedGamificationHub"' has no exported member 'ProgressTrackerProps'. Did you mean to use 'import ProgressTrackerProps from "./AdvancedGamificationHub"' instead?
src/components/AdvancedGamification/index.ts(84,3): error TS2614: Module '"./AdvancedGamificationHub"' has no exported member 'GamificationCardProps'. Did you mean to use 'import GamificationCardProps from "./AdvancedGamificationHub"' instead?
src/components/AdvancedGamification/index.ts(85,3): error TS2614: Module '"./AdvancedGamificationHub"' has no exported member 'AnimatedButtonProps'. Did you mean to use 'import AnimatedButtonProps from "./AdvancedGamificationHub"' instead?
src/components/AdvancedGamification/index.ts(86,3): error TS2614: Module '"./AdvancedGamificationHub"' has no exported member 'TabNavigationProps'. Did you mean to use 'import TabNavigationProps from "./AdvancedGamificationHub"' instead?
src/components/AdvancedGamification/index.ts(87,3): error TS2614: Module '"./AdvancedGamificationHub"' has no exported member 'ChallengeTypeSelectorProps'. Did you mean to use 'import ChallengeTypeSelectorProps from "./AdvancedGamificationHub"' instead?
src/components/AdvancedGamification/index.ts(88,3): error TS2614: Module '"./AdvancedGamificationHub"' has no exported member 'DifficultySliderProps'. Did you mean to use 'import DifficultySliderProps from "./AdvancedGamificationHub"' instead?
src/components/AdvancedGamification/shared/TabNavigation.tsx(78,29): error TS2339: Property '$fullWidth' does not exist on type 'ExecutionContext & object'.
src/components/AdvancedGamification/shared/TabNavigation.tsx(125,29): error TS2339: Property '$fullWidth' does not exist on type 'ExecutionContext & object'.
src/components/AdvancedGamification/types/achievement.types.ts(380,3): error TS2484: Export declaration conflicts with exported declaration of 'Achievement'.
src/components/AdvancedGamification/types/achievement.types.ts(381,3): error TS2484: Export declaration conflicts with exported declaration of 'AchievementCriteria'.
src/components/AdvancedGamification/types/achievement.types.ts(382,3): error TS2484: Export declaration conflicts with exported declaration of 'AchievementBadge'.
src/components/AdvancedGamification/types/achievement.types.ts(383,3): error TS2484: Export declaration conflicts with exported declaration of 'AchievementReward'.
src/components/AdvancedGamification/types/achievement.types.ts(384,3): error TS2484: Export declaration conflicts with exported declaration of 'UserAchievementProgress'.
src/components/AdvancedGamification/types/achievement.types.ts(385,3): error TS2484: Export declaration conflicts with exported declaration of 'AchievementAnalytics'.
src/components/AdvancedGamification/types/achievement.types.ts(386,3): error TS2484: Export declaration conflicts with exported declaration of 'CreateAchievementRequest'.
src/components/AdvancedGamification/types/achievement.types.ts(387,3): error TS2484: Export declaration conflicts with exported declaration of 'UpdateAchievementRequest'.
src/components/AdvancedGamification/types/achievement.types.ts(388,3): error TS2484: Export declaration conflicts with exported declaration of 'AchievementTemplate'.
src/components/AdvancedGamification/types/achievement.types.ts(389,3): error TS2484: Export declaration conflicts with exported declaration of 'ManualAchievementGrant'.
src/components/AdvancedGamification/types/achievement.types.ts(390,3): error TS2484: Export declaration conflicts with exported declaration of 'AchievementCelebration'.
src/components/AdvancedGamification/types/achievement.types.ts(391,3): error TS2484: Export declaration conflicts with exported declaration of 'AchievementDisplayConfig'.
src/components/AdvancedGamification/types/achievement.types.ts(392,3): error TS2484: Export declaration conflicts with exported declaration of 'AchievementGridFilter'.
src/components/AdvancedGamification/types/achievement.types.ts(393,3): error TS2484: Export declaration conflicts with exported declaration of 'UserAchievementsResponse'.
src/components/AdvancedGamification/types/achievement.types.ts(394,3): error TS2484: Export declaration conflicts with exported declaration of 'AchievementUnlockResponse'.
src/components/AdvancedGamification/types/challenge.types.ts(362,3): error TS2484: Export declaration conflicts with exported declaration of 'Challenge'.
src/components/AdvancedGamification/types/challenge.types.ts(363,3): error TS2484: Export declaration conflicts with exported declaration of 'ChallengeTarget'.
src/components/AdvancedGamification/types/challenge.types.ts(364,3): error TS2484: Export declaration conflicts with exported declaration of 'ChallengeDuration'.
src/components/AdvancedGamification/types/challenge.types.ts(365,3): error TS2484: Export declaration conflicts with exported declaration of 'ChallengeReward'.
src/components/AdvancedGamification/types/challenge.types.ts(366,3): error TS2484: Export declaration conflicts with exported declaration of 'ParticipationRecord'.
src/components/AdvancedGamification/types/challenge.types.ts(367,3): error TS2484: Export declaration conflicts with exported declaration of 'ChallengeProgress'.
src/components/AdvancedGamification/types/challenge.types.ts(368,3): error TS2484: Export declaration conflicts with exported declaration of 'CreateChallengeRequest'.
src/components/AdvancedGamification/types/challenge.types.ts(369,3): error TS2484: Export declaration conflicts with exported declaration of 'UpdateChallengeRequest'.
src/components/AdvancedGamification/types/challenge.types.ts(370,3): error TS2484: Export declaration conflicts with exported declaration of 'ChallengeTemplate'.
src/components/AdvancedGamification/types/challenge.types.ts(371,3): error TS2484: Export declaration conflicts with exported declaration of 'BulkChallengeAction'.
src/components/AdvancedGamification/types/challenge.types.ts(372,3): error TS2484: Export declaration conflicts with exported declaration of 'ChallengeAnalytics'.
src/components/AdvancedGamification/types/challenge.types.ts(373,3): error TS2484: Export declaration conflicts with exported declaration of 'UserChallengeView'.
src/components/AdvancedGamification/types/challenge.types.ts(374,3): error TS2484: Export declaration conflicts with exported declaration of 'ChallengeListFilter'.
src/components/AdvancedGamification/types/challenge.types.ts(375,3): error TS2484: Export declaration conflicts with exported declaration of 'ChallengeListResponse'.
src/components/AdvancedGamification/types/challenge.types.ts(376,3): error TS2484: Export declaration conflicts with exported declaration of 'ChallengeDetailsResponse'.
src/components/AdvancedGamification/types/challenge.types.ts(377,3): error TS2484: Export declaration conflicts with exported declaration of 'ChallengeActionResponse'.
src/components/AdvancedGamification/types/challenge.types.ts(378,3): error TS2484: Export declaration conflicts with exported declaration of 'ChallengeFormErrors'.
src/components/AdvancedGamification/types/challenge.types.ts(379,3): error TS2484: Export declaration conflicts with exported declaration of 'ChallengeFormValidation'.
src/components/AdvancedGamification/types/challenge.types.ts(380,3): error TS2484: Export declaration conflicts with exported declaration of 'ChallengeBuilderStep'.
src/components/AdvancedGamification/types/challenge.types.ts(381,3): error TS2484: Export declaration conflicts with exported declaration of 'ChallengeBuilderState'.
src/components/AdvancedGamification/types/gamification.types.ts(455,3): error TS2484: Export declaration conflicts with exported declaration of 'GamificationUser'.
src/components/AdvancedGamification/types/gamification.types.ts(456,3): error TS2484: Export declaration conflicts with exported declaration of 'LeaderboardEntry'.
src/components/AdvancedGamification/types/gamification.types.ts(457,3): error TS2484: Export declaration conflicts with exported declaration of 'Leaderboard'.
src/components/AdvancedGamification/types/gamification.types.ts(458,3): error TS2484: Export declaration conflicts with exported declaration of 'UserStatistics'.
src/components/AdvancedGamification/types/gamification.types.ts(459,3): error TS2484: Export declaration conflicts with exported declaration of 'SystemStatistics'.
src/components/AdvancedGamification/types/gamification.types.ts(460,3): error TS2484: Export declaration conflicts with exported declaration of 'GamificationNotification'.
src/components/AdvancedGamification/types/gamification.types.ts(461,3): error TS2484: Export declaration conflicts with exported declaration of 'GamificationSettings'.
src/components/AdvancedGamification/types/gamification.types.ts(462,3): error TS2484: Export declaration conflicts with exported declaration of 'GamificationDashboardResponse'.
src/components/AdvancedGamification/types/gamification.types.ts(463,3): error TS2484: Export declaration conflicts with exported declaration of 'LeaderboardResponse'.
src/components/AdvancedGamification/types/gamification.types.ts(464,3): error TS2484: Export declaration conflicts with exported declaration of 'GamificationSearchFilters'.
src/components/AdvancedGamification/types/gamification.types.ts(465,3): error TS2484: Export declaration conflicts with exported declaration of 'GamificationError'.
src/components/AdvancedGamification/types/gamification.types.ts(466,3): error TS2484: Export declaration conflicts with exported declaration of 'GamificationResponse'.
src/components/AdvancedGamification/utils/challengeValidation.ts(74,14): error TS2323: Cannot redeclare exported variable 'validateTitle'.
src/components/AdvancedGamification/utils/challengeValidation.ts(100,14): error TS2323: Cannot redeclare exported variable 'validateDescription'.
src/components/AdvancedGamification/utils/challengeValidation.ts(120,14): error TS2323: Cannot redeclare exported variable 'validateShortDescription'.
src/components/AdvancedGamification/utils/challengeValidation.ts(140,14): error TS2323: Cannot redeclare exported variable 'validateDuration'.
src/components/AdvancedGamification/utils/challengeValidation.ts(191,14): error TS2323: Cannot redeclare exported variable 'validateTarget'.
src/components/AdvancedGamification/utils/challengeValidation.ts(227,14): error TS2323: Cannot redeclare exported variable 'validateParticipantLimits'.
src/components/AdvancedGamification/utils/challengeValidation.ts(257,14): error TS2323: Cannot redeclare exported variable 'validateXpRewards'.
src/components/AdvancedGamification/utils/challengeValidation.ts(276,14): error TS2323: Cannot redeclare exported variable 'validateTags'.
src/components/AdvancedGamification/utils/challengeValidation.ts(311,14): error TS2323: Cannot redeclare exported variable 'validateCreateChallenge'.
src/components/AdvancedGamification/utils/challengeValidation.ts(392,14): error TS2323: Cannot redeclare exported variable 'validateUpdateChallenge'.
src/components/AdvancedGamification/utils/challengeValidation.ts(471,14): error TS2323: Cannot redeclare exported variable 'getAvailableMetrics'.
src/components/AdvancedGamification/utils/challengeValidation.ts(532,14): error TS2323: Cannot redeclare exported variable 'getMetricValidationRules'.
src/components/AdvancedGamification/utils/challengeValidation.ts(539,14): error TS2323: Cannot redeclare exported variable 'canModifyChallenge'.
src/components/AdvancedGamification/utils/challengeValidation.ts(582,3): error TS2323: Cannot redeclare exported variable 'validateTitle'.
src/components/AdvancedGamification/utils/challengeValidation.ts(582,3): error TS2484: Export declaration conflicts with exported declaration of 'validateTitle'.
src/components/AdvancedGamification/utils/challengeValidation.ts(583,3): error TS2323: Cannot redeclare exported variable 'validateDescription'.
src/components/AdvancedGamification/utils/challengeValidation.ts(583,3): error TS2484: Export declaration conflicts with exported declaration of 'validateDescription'.
src/components/AdvancedGamification/utils/challengeValidation.ts(584,3): error TS2323: Cannot redeclare exported variable 'validateShortDescription'.
src/components/AdvancedGamification/utils/challengeValidation.ts(584,3): error TS2484: Export declaration conflicts with exported declaration of 'validateShortDescription'.
src/components/AdvancedGamification/utils/challengeValidation.ts(585,3): error TS2323: Cannot redeclare exported variable 'validateDuration'.
src/components/AdvancedGamification/utils/challengeValidation.ts(585,3): error TS2484: Export declaration conflicts with exported declaration of 'validateDuration'.
src/components/AdvancedGamification/utils/challengeValidation.ts(586,3): error TS2323: Cannot redeclare exported variable 'validateTarget'.
src/components/AdvancedGamification/utils/challengeValidation.ts(586,3): error TS2484: Export declaration conflicts with exported declaration of 'validateTarget'.
src/components/AdvancedGamification/utils/challengeValidation.ts(587,3): error TS2323: Cannot redeclare exported variable 'validateParticipantLimits'.
src/components/AdvancedGamification/utils/challengeValidation.ts(587,3): error TS2484: Export declaration conflicts with exported declaration of 'validateParticipantLimits'.
src/components/AdvancedGamification/utils/challengeValidation.ts(588,3): error TS2323: Cannot redeclare exported variable 'validateXpRewards'.
src/components/AdvancedGamification/utils/challengeValidation.ts(588,3): error TS2484: Export declaration conflicts with exported declaration of 'validateXpRewards'.
src/components/AdvancedGamification/utils/challengeValidation.ts(589,3): error TS2323: Cannot redeclare exported variable 'validateTags'.
src/components/AdvancedGamification/utils/challengeValidation.ts(589,3): error TS2484: Export declaration conflicts with exported declaration of 'validateTags'.
src/components/AdvancedGamification/utils/challengeValidation.ts(590,3): error TS2323: Cannot redeclare exported variable 'validateCreateChallenge'.
src/components/AdvancedGamification/utils/challengeValidation.ts(590,3): error TS2484: Export declaration conflicts with exported declaration of 'validateCreateChallenge'.
src/components/AdvancedGamification/utils/challengeValidation.ts(591,3): error TS2323: Cannot redeclare exported variable 'validateUpdateChallenge'.
src/components/AdvancedGamification/utils/challengeValidation.ts(591,3): error TS2484: Export declaration conflicts with exported declaration of 'validateUpdateChallenge'.
src/components/AdvancedGamification/utils/challengeValidation.ts(592,3): error TS2323: Cannot redeclare exported variable 'getAvailableMetrics'.
src/components/AdvancedGamification/utils/challengeValidation.ts(592,3): error TS2484: Export declaration conflicts with exported declaration of 'getAvailableMetrics'.
src/components/AdvancedGamification/utils/challengeValidation.ts(593,3): error TS2323: Cannot redeclare exported variable 'getMetricValidationRules'.
src/components/AdvancedGamification/utils/challengeValidation.ts(593,3): error TS2484: Export declaration conflicts with exported declaration of 'getMetricValidationRules'.
src/components/AdvancedGamification/utils/challengeValidation.ts(594,3): error TS2323: Cannot redeclare exported variable 'canModifyChallenge'.
src/components/AdvancedGamification/utils/challengeValidation.ts(594,3): error TS2484: Export declaration conflicts with exported declaration of 'canModifyChallenge'.
src/components/AdvancedGamification/utils/gamificationHelpers.ts(32,14): error TS2323: Cannot redeclare exported variable 'calculateXpForLevel'.
src/components/AdvancedGamification/utils/gamificationHelpers.ts(41,14): error TS2323: Cannot redeclare exported variable 'calculateLevelFromXp'.
src/components/AdvancedGamification/utils/gamificationHelpers.ts(58,14): error TS2323: Cannot redeclare exported variable 'calculateXpToNextLevel'.
src/components/AdvancedGamification/utils/gamificationHelpers.ts(67,14): error TS2323: Cannot redeclare exported variable 'calculateLevelProgress'.
src/components/AdvancedGamification/utils/gamificationHelpers.ts(85,14): error TS2323: Cannot redeclare exported variable 'calculateChallengeDifficulty'.
src/components/AdvancedGamification/utils/gamificationHelpers.ts(114,14): error TS2323: Cannot redeclare exported variable 'calculateChallengeCompletionRate'.
src/components/AdvancedGamification/utils/gamificationHelpers.ts(123,14): error TS2323: Cannot redeclare exported variable 'estimateChallengeDuration'.
src/components/AdvancedGamification/utils/gamificationHelpers.ts(145,14): error TS2323: Cannot redeclare exported variable 'calculateChallengeRewardValue'.
src/components/AdvancedGamification/utils/gamificationHelpers.ts(176,14): error TS2323: Cannot redeclare exported variable 'calculateAchievementRarity'.
src/components/AdvancedGamification/utils/gamificationHelpers.ts(189,14): error TS2323: Cannot redeclare exported variable 'calculateAchievementPoints'.
src/components/AdvancedGamification/utils/gamificationHelpers.ts(210,14): error TS2323: Cannot redeclare exported variable 'estimateAchievementUnlockTime'.
src/components/AdvancedGamification/utils/gamificationHelpers.ts(229,14): error TS2323: Cannot redeclare exported variable 'calculateRankChange'.
src/components/AdvancedGamification/utils/gamificationHelpers.ts(247,14): error TS2323: Cannot redeclare exported variable 'calculateActivityScore'.
src/components/AdvancedGamification/utils/gamificationHelpers.ts(268,14): error TS2323: Cannot redeclare exported variable 'formatNumber'.
src/components/AdvancedGamification/utils/gamificationHelpers.ts(278,14): error TS2323: Cannot redeclare exported variable 'formatDuration'.
src/components/AdvancedGamification/utils/gamificationHelpers.ts(292,14): error TS2323: Cannot redeclare exported variable 'formatPercentage'.
src/components/AdvancedGamification/utils/gamificationHelpers.ts(302,14): error TS2323: Cannot redeclare exported variable 'formatRelativeTime'.
src/components/AdvancedGamification/utils/gamificationHelpers.ts(326,14): error TS2323: Cannot redeclare exported variable 'canUserJoinChallenge'.
src/components/AdvancedGamification/utils/gamificationHelpers.ts(376,14): error TS2323: Cannot redeclare exported variable 'generateChallengeRecommendations'.
src/components/AdvancedGamification/utils/gamificationHelpers.ts(448,14): error TS2323: Cannot redeclare exported variable 'getTierColors'.
src/components/AdvancedGamification/utils/gamificationHelpers.ts(488,14): error TS2323: Cannot redeclare exported variable 'getDifficultyColors'.
src/components/AdvancedGamification/utils/gamificationHelpers.ts(502,14): error TS2323: Cannot redeclare exported variable 'getCategoryColors'.
src/components/AdvancedGamification/utils/gamificationHelpers.ts(523,14): error TS2323: Cannot redeclare exported variable 'getUnlockAnimation'.
src/components/AdvancedGamification/utils/gamificationHelpers.ts(538,3): error TS2323: Cannot redeclare exported variable 'calculateXpForLevel'.
src/components/AdvancedGamification/utils/gamificationHelpers.ts(538,3): error TS2484: Export declaration conflicts with exported declaration of 'calculateXpForLevel'.
src/components/AdvancedGamification/utils/gamificationHelpers.ts(539,3): error TS2323: Cannot redeclare exported variable 'calculateLevelFromXp'.
src/components/AdvancedGamification/utils/gamificationHelpers.ts(539,3): error TS2484: Export declaration conflicts with exported declaration of 'calculateLevelFromXp'.
src/components/AdvancedGamification/utils/gamificationHelpers.ts(540,3): error TS2323: Cannot redeclare exported variable 'calculateXpToNextLevel'.
src/components/AdvancedGamification/utils/gamificationHelpers.ts(540,3): error TS2484: Export declaration conflicts with exported declaration of 'calculateXpToNextLevel'.
src/components/AdvancedGamification/utils/gamificationHelpers.ts(541,3): error TS2323: Cannot redeclare exported variable 'calculateLevelProgress'.
src/components/AdvancedGamification/utils/gamificationHelpers.ts(541,3): error TS2484: Export declaration conflicts with exported declaration of 'calculateLevelProgress'.
src/components/AdvancedGamification/utils/gamificationHelpers.ts(542,3): error TS2323: Cannot redeclare exported variable 'calculateChallengeDifficulty'.
src/components/AdvancedGamification/utils/gamificationHelpers.ts(542,3): error TS2484: Export declaration conflicts with exported declaration of 'calculateChallengeDifficulty'.
src/components/AdvancedGamification/utils/gamificationHelpers.ts(543,3): error TS2323: Cannot redeclare exported variable 'calculateChallengeCompletionRate'.
src/components/AdvancedGamification/utils/gamificationHelpers.ts(543,3): error TS2484: Export declaration conflicts with exported declaration of 'calculateChallengeCompletionRate'.
src/components/AdvancedGamification/utils/gamificationHelpers.ts(544,3): error TS2323: Cannot redeclare exported variable 'estimateChallengeDuration'.
src/components/AdvancedGamification/utils/gamificationHelpers.ts(544,3): error TS2484: Export declaration conflicts with exported declaration of 'estimateChallengeDuration'.
src/components/AdvancedGamification/utils/gamificationHelpers.ts(545,3): error TS2323: Cannot redeclare exported variable 'calculateChallengeRewardValue'.
src/components/AdvancedGamification/utils/gamificationHelpers.ts(545,3): error TS2484: Export declaration conflicts with exported declaration of 'calculateChallengeRewardValue'.
src/components/AdvancedGamification/utils/gamificationHelpers.ts(546,3): error TS2323: Cannot redeclare exported variable 'calculateAchievementRarity'.
src/components/AdvancedGamification/utils/gamificationHelpers.ts(546,3): error TS2484: Export declaration conflicts with exported declaration of 'calculateAchievementRarity'.
src/components/AdvancedGamification/utils/gamificationHelpers.ts(547,3): error TS2323: Cannot redeclare exported variable 'calculateAchievementPoints'.
src/components/AdvancedGamification/utils/gamificationHelpers.ts(547,3): error TS2484: Export declaration conflicts with exported declaration of 'calculateAchievementPoints'.
src/components/AdvancedGamification/utils/gamificationHelpers.ts(548,3): error TS2323: Cannot redeclare exported variable 'estimateAchievementUnlockTime'.
src/components/AdvancedGamification/utils/gamificationHelpers.ts(548,3): error TS2484: Export declaration conflicts with exported declaration of 'estimateAchievementUnlockTime'.
src/components/AdvancedGamification/utils/gamificationHelpers.ts(549,3): error TS2323: Cannot redeclare exported variable 'calculateRankChange'.
src/components/AdvancedGamification/utils/gamificationHelpers.ts(549,3): error TS2484: Export declaration conflicts with exported declaration of 'calculateRankChange'.
src/components/AdvancedGamification/utils/gamificationHelpers.ts(550,3): error TS2323: Cannot redeclare exported variable 'calculateActivityScore'.
src/components/AdvancedGamification/utils/gamificationHelpers.ts(550,3): error TS2484: Export declaration conflicts with exported declaration of 'calculateActivityScore'.
src/components/AdvancedGamification/utils/gamificationHelpers.ts(551,3): error TS2323: Cannot redeclare exported variable 'formatNumber'.
src/components/AdvancedGamification/utils/gamificationHelpers.ts(551,3): error TS2484: Export declaration conflicts with exported declaration of 'formatNumber'.
src/components/AdvancedGamification/utils/gamificationHelpers.ts(552,3): error TS2323: Cannot redeclare exported variable 'formatDuration'.
src/components/AdvancedGamification/utils/gamificationHelpers.ts(552,3): error TS2484: Export declaration conflicts with exported declaration of 'formatDuration'.
src/components/AdvancedGamification/utils/gamificationHelpers.ts(553,3): error TS2323: Cannot redeclare exported variable 'formatPercentage'.
src/components/AdvancedGamification/utils/gamificationHelpers.ts(553,3): error TS2484: Export declaration conflicts with exported declaration of 'formatPercentage'.
src/components/AdvancedGamification/utils/gamificationHelpers.ts(554,3): error TS2323: Cannot redeclare exported variable 'formatRelativeTime'.
src/components/AdvancedGamification/utils/gamificationHelpers.ts(554,3): error TS2484: Export declaration conflicts with exported declaration of 'formatRelativeTime'.
src/components/AdvancedGamification/utils/gamificationHelpers.ts(555,3): error TS2323: Cannot redeclare exported variable 'canUserJoinChallenge'.
src/components/AdvancedGamification/utils/gamificationHelpers.ts(555,3): error TS2484: Export declaration conflicts with exported declaration of 'canUserJoinChallenge'.
src/components/AdvancedGamification/utils/gamificationHelpers.ts(556,3): error TS2323: Cannot redeclare exported variable 'generateChallengeRecommendations'.
src/components/AdvancedGamification/utils/gamificationHelpers.ts(556,3): error TS2484: Export declaration conflicts with exported declaration of 'generateChallengeRecommendations'.
src/components/AdvancedGamification/utils/gamificationHelpers.ts(557,3): error TS2323: Cannot redeclare exported variable 'getTierColors'.
src/components/AdvancedGamification/utils/gamificationHelpers.ts(557,3): error TS2484: Export declaration conflicts with exported declaration of 'getTierColors'.
src/components/AdvancedGamification/utils/gamificationHelpers.ts(558,3): error TS2323: Cannot redeclare exported variable 'getDifficultyColors'.
src/components/AdvancedGamification/utils/gamificationHelpers.ts(558,3): error TS2484: Export declaration conflicts with exported declaration of 'getDifficultyColors'.
src/components/AdvancedGamification/utils/gamificationHelpers.ts(559,3): error TS2323: Cannot redeclare exported variable 'getCategoryColors'.
src/components/AdvancedGamification/utils/gamificationHelpers.ts(559,3): error TS2484: Export declaration conflicts with exported declaration of 'getCategoryColors'.
src/components/AdvancedGamification/utils/gamificationHelpers.ts(560,3): error TS2323: Cannot redeclare exported variable 'getUnlockAnimation'.
src/components/AdvancedGamification/utils/gamificationHelpers.ts(560,3): error TS2484: Export declaration conflicts with exported declaration of 'getUnlockAnimation'.
src/components/AdvancedGamification/utils/mockData.ts(28,14): error TS2323: Cannot redeclare exported variable 'challengeTemplates'.
src/components/AdvancedGamification/utils/mockData.ts(50,7): error TS2739: Type '{ durationDays: number; isRecurring: false; }' is missing the following properties from type 'Omit<ChallengeDuration, "timezone">': startDate, endDate
src/components/AdvancedGamification/utils/mockData.ts(57,9): error TS2353: Object literal may only specify known properties, and 'celebrationMessage' does not exist in type 'Omit<ChallengeReward, "celebrationMessage">'.
src/components/AdvancedGamification/utils/mockData.ts(84,7): error TS2739: Type '{ durationDays: number; isRecurring: false; }' is missing the following properties from type 'Omit<ChallengeDuration, "timezone">': startDate, endDate
src/components/AdvancedGamification/utils/mockData.ts(91,9): error TS2353: Object literal may only specify known properties, and 'celebrationMessage' does not exist in type 'Omit<ChallengeReward, "celebrationMessage">'.
src/components/AdvancedGamification/utils/mockData.ts(119,7): error TS2739: Type '{ durationDays: number; isRecurring: false; }' is missing the following properties from type 'Omit<ChallengeDuration, "timezone">': startDate, endDate
src/components/AdvancedGamification/utils/mockData.ts(126,9): error TS2353: Object literal may only specify known properties, and 'celebrationMessage' does not exist in type 'Omit<ChallengeReward, "celebrationMessage">'.
src/components/AdvancedGamification/utils/mockData.ts(153,7): error TS2739: Type '{ durationDays: number; isRecurring: true; recurringPattern: "daily"; }' is missing the following properties from type 'Omit<ChallengeDuration, "timezone">': startDate, endDate
src/components/AdvancedGamification/utils/mockData.ts(161,9): error TS2353: Object literal may only specify known properties, and 'celebrationMessage' does not exist in type 'Omit<ChallengeReward, "celebrationMessage">'.
src/components/AdvancedGamification/utils/mockData.ts(173,14): error TS2323: Cannot redeclare exported variable 'sampleChallenges'.
src/components/AdvancedGamification/utils/mockData.ts(367,14): error TS2323: Cannot redeclare exported variable 'sampleAchievements'.
src/components/AdvancedGamification/utils/mockData.ts(525,14): error TS2323: Cannot redeclare exported variable 'sampleUsers'.
src/components/AdvancedGamification/utils/mockData.ts(627,14): error TS2323: Cannot redeclare exported variable 'sampleLeaderboard'.
src/components/AdvancedGamification/utils/mockData.ts(708,14): error TS2323: Cannot redeclare exported variable 'sampleUserStatistics'.
src/components/AdvancedGamification/utils/mockData.ts(763,3): error TS2323: Cannot redeclare exported variable 'challengeTemplates'.
src/components/AdvancedGamification/utils/mockData.ts(763,3): error TS2484: Export declaration conflicts with exported declaration of 'challengeTemplates'.
src/components/AdvancedGamification/utils/mockData.ts(764,3): error TS2323: Cannot redeclare exported variable 'sampleChallenges'.
src/components/AdvancedGamification/utils/mockData.ts(764,3): error TS2484: Export declaration conflicts with exported declaration of 'sampleChallenges'.
src/components/AdvancedGamification/utils/mockData.ts(765,3): error TS2323: Cannot redeclare exported variable 'sampleAchievements'.
src/components/AdvancedGamification/utils/mockData.ts(765,3): error TS2484: Export declaration conflicts with exported declaration of 'sampleAchievements'.
src/components/AdvancedGamification/utils/mockData.ts(766,3): error TS2323: Cannot redeclare exported variable 'sampleUsers'.
src/components/AdvancedGamification/utils/mockData.ts(766,3): error TS2484: Export declaration conflicts with exported declaration of 'sampleUsers'.
src/components/AdvancedGamification/utils/mockData.ts(767,3): error TS2323: Cannot redeclare exported variable 'sampleLeaderboard'.
src/components/AdvancedGamification/utils/mockData.ts(767,3): error TS2484: Export declaration conflicts with exported declaration of 'sampleLeaderboard'.
src/components/AdvancedGamification/utils/mockData.ts(768,3): error TS2323: Cannot redeclare exported variable 'sampleUserStatistics'.
src/components/AdvancedGamification/utils/mockData.ts(768,3): error TS2484: Export declaration conflicts with exported declaration of 'sampleUserStatistics'.
src/components/AIDashboard/AIDashboard.tsx(19,26): error TS7016: Could not find a declaration file for module '../../context/ToastContext'. 'C:/Users/BigotSmasher/Desktop/quick-pt/SS-PT/frontend/src/context/ToastContext.jsx' implicitly has an 'any' type.
src/components/AIDashboard/AIDashboard.tsx(34,10): error TS2614: Module '"../../services/api.service"' has no exported member 'api'. Did you mean to use 'import api from "../../services/api.service"' instead?
src/components/AIFeaturesDashboard/AIFeaturesDashboard.tsx(21,29): error TS2307: Cannot find module 'notistack' or its corresponding type declarations.
src/components/AIFeaturesDashboard/AIFeaturesDashboard.tsx(22,30): error TS7016: Could not find a declaration file for module '../WorkoutGenerator/WorkoutGenerator'. 'C:/Users/BigotSmasher/Desktop/quick-pt/SS-PT/frontend/src/components/WorkoutGenerator/WorkoutGenerator.jsx' implicitly has an 'any' type.
src/components/AIFeaturesDashboard/AIFeaturesDashboard.tsx(635,57): error TS18046: 'error' is of type 'unknown'.
src/components/AIFeaturesDashboard/AIFeaturesDashboard.tsx(636,62): error TS18046: 'error' is of type 'unknown'.
src/components/AIFeaturesDashboard/AIFeaturesDashboard.tsx(649,31): error TS7006: Parameter 'feature' implicitly has an 'any' type.
src/components/AIFeaturesDashboard/AIFeaturesDashboard.tsx(671,29): error TS2339: Property 'component' does not exist on type 'never'.
src/components/AIFeaturesDashboard/AIFeaturesDashboard.tsx(686,32): error TS2339: Property 'title' does not exist on type 'never'.
src/components/AIFeaturesDashboard/AIFeaturesDashboard.tsx(823,49): error TS2353: Object literal may only specify known properties, and 'title' does not exist in type '(prevState: null) => null'.
src/components/Checkout/OrderSummaryComponent.tsx(459,50): error TS2339: Property 'originalPrice' does not exist on type '{ name: string; description: string; imageUrl?: string | undefined; type: string; sessions?: number | undefined; totalSessions?: number | undefined; packageType?: string | undefined; }'.
src/components/Client/NASM/NASMClientDashboard.tsx(39,17): error TS2307: Cannot find module '../../../utils/api' or its corresponding type declarations.
src/components/Client/NASM/NASMClientDashboard.tsx(40,27): error TS2307: Cannot find module '../../Workout/WorkoutLogger' or its corresponding type declarations.
src/components/ClientDashboard/ClientLayout.tsx(89,23): error TS2345: Argument of type '({ theme }: ExecutionContext & FastOmit<DetailedHTMLProps<HTMLAttributes<HTMLDivElement>, HTMLDivElement>, never>) => unknown' is not assignable to parameter of type 'Interpolation<FastOmit<DetailedHTMLProps<HTMLAttributes<HTMLDivElement>, HTMLDivElement>, never>>'.
  Type '({ theme }: ExecutionContext & FastOmit<DetailedHTMLProps<HTMLAttributes<HTMLDivElement>, HTMLDivElement>, never>) => unknown' is not assignable to type 'StyleFunction<FastOmit<DetailedHTMLProps<HTMLAttributes<HTMLDivElement>, HTMLDivElement>, never>>'.
    Type 'unknown' is not assignable to type 'Interpolation<FastOmit<DetailedHTMLProps<HTMLAttributes<HTMLDivElement>, HTMLDivElement>, never>>'.
src/components/ClientDashboard/ClientLayout.tsx(89,38): error TS18048: 'theme.colors' is possibly 'undefined'.
src/components/ClientDashboard/ClientLayout.tsx(90,27): error TS18048: 'theme.colors' is possibly 'undefined'.
src/components/ClientDashboard/ClientLayout.tsx(91,33): error TS18046: 'theme.fonts' is of type 'unknown'.
src/components/ClientDashboard/ClientLayout.tsx(99,24): error TS2345: Argument of type '({ theme }: ExecutionContext & FastOmit<DetailedHTMLProps<HTMLAttributes<HTMLDivElement>, HTMLDivElement>, never>) => unknown' is not assignable to parameter of type 'Interpolation<FastOmit<DetailedHTMLProps<HTMLAttributes<HTMLDivElement>, HTMLDivElement>, never>>'.
  Type '({ theme }: ExecutionContext & FastOmit<DetailedHTMLProps<HTMLAttributes<HTMLDivElement>, HTMLDivElement>, never>) => unknown' is not assignable to type 'StyleFunction<FastOmit<DetailedHTMLProps<HTMLAttributes<HTMLDivElement>, HTMLDivElement>, never>>'.
    Type 'unknown' is not assignable to type 'Interpolation<FastOmit<DetailedHTMLProps<HTMLAttributes<HTMLDivElement>, HTMLDivElement>, never>>'.
src/components/ClientDashboard/ClientLayout.tsx(99,39): error TS18048: 'theme.breakpoints' is possibly 'undefined'.
src/components/ClientDashboard/ClientLayout.tsx(106,14): error TS2345: Argument of type '({ theme }: ExecutionContext & FastOmit<Omit<HTMLAttributesWithoutMotionProps<HTMLAttributes<HTMLElement>, HTMLElement> & MotionProps & RefAttributes<...>, "ref"> & { ...; }, never>) => unknown' is not assignable to parameter of type 'Interpolation<FastOmit<Omit<HTMLAttributesWithoutMotionProps<HTMLAttributes<HTMLElement>, HTMLElement> & MotionProps & RefAttributes<...>, "ref"> & { ...; }, never>>'.
  Type '({ theme }: ExecutionContext & FastOmit<Omit<HTMLAttributesWithoutMotionProps<HTMLAttributes<HTMLElement>, HTMLElement> & MotionProps & RefAttributes<...>, "ref"> & { ...; }, never>) => unknown' is not assignable to type 'StyleFunction<FastOmit<Omit<HTMLAttributesWithoutMotionProps<HTMLAttributes<HTMLElement>, HTMLElement> & MotionProps & RefAttributes<...>, "ref"> & { ...; }, never>>'.
    Type 'unknown' is not assignable to type 'Interpolation<FastOmit<Omit<HTMLAttributesWithoutMotionProps<HTMLAttributes<HTMLElement>, HTMLElement> & MotionProps & RefAttributes<...>, "ref"> & { ...; }, never>>'.
src/components/ClientDashboard/ClientLayout.tsx(106,29): error TS18048: 'theme.spacing' is possibly 'undefined'.
src/components/ClientDashboard/ClientLayout.tsx(108,38): error TS18048: 'theme.colors' is possibly 'undefined'.
src/components/ClientDashboard/ClientLayout.tsx(110,39): error TS18048: 'theme.breakpoints' is possibly 'undefined'.
src/components/ClientDashboard/ClientLayout.tsx(111,31): error TS18048: 'theme.spacing' is possibly 'undefined'.
src/components/ClientDashboard/ClientLayout.tsx(178,33): error TS2322: Type '{ data: {}; }' is not assignable to type 'IntrinsicAttributes'.
  Property 'data' does not exist on type 'IntrinsicAttributes'.
src/components/ClientDashboard/ClientLayout.tsx(213,17): error TS2322: Type '{ onMobileMenuToggle: () => void; }' is not assignable to type 'IntrinsicAttributes'.
  Property 'onMobileMenuToggle' does not exist on type 'IntrinsicAttributes'.
src/components/ClientDashboard/ClientMainContent.tsx(9,10): error TS2345: Argument of type '({ theme }: ExecutionContext & FastOmit<DetailedHTMLProps<HTMLAttributes<HTMLDivElement>, HTMLDivElement>, never>) => unknown' is not assignable to parameter of type 'Interpolation<FastOmit<DetailedHTMLProps<HTMLAttributes<HTMLDivElement>, HTMLDivElement>, never>>'.
  Type '({ theme }: ExecutionContext & FastOmit<DetailedHTMLProps<HTMLAttributes<HTMLDivElement>, HTMLDivElement>, never>) => unknown' is not assignable to type 'StyleFunction<FastOmit<DetailedHTMLProps<HTMLAttributes<HTMLDivElement>, HTMLDivElement>, never>>'.
    Type 'unknown' is not assignable to type 'Interpolation<FastOmit<DetailedHTMLProps<HTMLAttributes<HTMLDivElement>, HTMLDivElement>, never>>'.
src/components/ClientDashboard/ClientMainContent.tsx(9,25): error TS18048: 'theme.spacing' is possibly 'undefined'.
src/components/ClientDashboard/ClientMainContent.tsx(18,20): error TS2345: Argument of type '({ theme }: ExecutionContext & FastOmit<DetailedHTMLProps<HTMLAttributes<HTMLDivElement>, HTMLDivElement>, never>) => unknown' is not assignable to parameter of type 'Interpolation<FastOmit<DetailedHTMLProps<HTMLAttributes<HTMLDivElement>, HTMLDivElement>, never>>'.
  Type '({ theme }: ExecutionContext & FastOmit<DetailedHTMLProps<HTMLAttributes<HTMLDivElement>, HTMLDivElement>, never>) => unknown' is not assignable to type 'StyleFunction<FastOmit<DetailedHTMLProps<HTMLAttributes<HTMLDivElement>, HTMLDivElement>, never>>'.
    Type 'unknown' is not assignable to type 'Interpolation<FastOmit<DetailedHTMLProps<HTMLAttributes<HTMLDivElement>, HTMLDivElement>, never>>'.
src/components/ClientDashboard/ClientMainContent.tsx(18,35): error TS18048: 'theme.spacing' is possibly 'undefined'.
src/components/ClientDashboard/ClientMainContent.tsx(24,12): error TS2345: Argument of type '({ theme }: ExecutionContext & FastOmit<DetailedHTMLProps<HTMLAttributes<HTMLHeadingElement>, HTMLHeadingElement>, never>) => unknown' is not assignable to parameter of type 'Interpolation<FastOmit<DetailedHTMLProps<HTMLAttributes<HTMLHeadingElement>, HTMLHeadingElement>, never>>'.
  Type '({ theme }: ExecutionContext & FastOmit<DetailedHTMLProps<HTMLAttributes<HTMLHeadingElement>, HTMLHeadingElement>, never>) => unknown' is not assignable to type 'StyleFunction<FastOmit<DetailedHTMLProps<HTMLAttributes<HTMLHeadingElement>, HTMLHeadingElement>, never>>'.
    Type 'unknown' is not assignable to type 'Interpolation<FastOmit<DetailedHTMLProps<HTMLAttributes<HTMLHeadingElement>, HTMLHeadingElement>, never>>'.
src/components/ClientDashboard/ClientMainContent.tsx(24,27): error TS18048: 'theme.colors' is possibly 'undefined'.
src/components/ClientDashboard/ClientMainContent.tsx(27,39): error TS18048: 'theme.breakpoints' is possibly 'undefined'.
src/components/ClientDashboard/ClientMainContent.tsx(34,10): error TS2345: Argument of type '({ theme }: ExecutionContext & FastOmit<DetailedHTMLProps<HTMLAttributes<HTMLDivElement>, HTMLDivElement>, never>) => unknown' is not assignable to parameter of type 'Interpolation<FastOmit<DetailedHTMLProps<HTMLAttributes<HTMLDivElement>, HTMLDivElement>, never>>'.
  Type '({ theme }: ExecutionContext & FastOmit<DetailedHTMLProps<HTMLAttributes<HTMLDivElement>, HTMLDivElement>, never>) => unknown' is not assignable to type 'StyleFunction<FastOmit<DetailedHTMLProps<HTMLAttributes<HTMLDivElement>, HTMLDivElement>, never>>'.
    Type 'unknown' is not assignable to type 'Interpolation<FastOmit<DetailedHTMLProps<HTMLAttributes<HTMLDivElement>, HTMLDivElement>, never>>'.
src/components/ClientDashboard/ClientMainContent.tsx(34,25): error TS18048: 'theme.spacing' is possibly 'undefined'.
src/components/ClientDashboard/ClientMainContent.tsx(40,10): error TS2345: Argument of type '({ theme }: ExecutionContext & FastOmit<DetailedHTMLProps<HTMLAttributes<HTMLDivElement>, HTMLDivElement>, never>) => unknown' is not assignable to parameter of type 'Interpolation<FastOmit<DetailedHTMLProps<HTMLAttributes<HTMLDivElement>, HTMLDivElement>, never>>'.
  Type '({ theme }: ExecutionContext & FastOmit<DetailedHTMLProps<HTMLAttributes<HTMLDivElement>, HTMLDivElement>, never>) => unknown' is not assignable to type 'StyleFunction<FastOmit<DetailedHTMLProps<HTMLAttributes<HTMLDivElement>, HTMLDivElement>, never>>'.
    Type 'unknown' is not assignable to type 'Interpolation<FastOmit<DetailedHTMLProps<HTMLAttributes<HTMLDivElement>, HTMLDivElement>, never>>'.
src/components/ClientDashboard/ClientMainContent.tsx(40,25): error TS18048: 'theme.spacing' is possibly 'undefined'.
src/components/ClientDashboard/ClientMainContent.tsx(131,35): error TS18046: 'theme.borderRadius' is of type 'unknown'.
src/components/ClientDashboard/ClientMainContent.tsx(133,14): error TS2345: Argument of type '({ theme }: ExecutionContext & FastOmit<FastOmit<Substitute<Omit<HTMLAttributesWithoutMotionProps<HTMLAttributes<HTMLDivElement>, HTMLDivElement> & MotionProps & RefAttributes<...>, "ref"> & { ...; }, Omit<...> & { ...; }>, never>, never>) => unknown' is not assignable to parameter of type 'Interpolation<FastOmit<FastOmit<Substitute<Omit<HTMLAttributesWithoutMotionProps<HTMLAttributes<HTMLDivElement>, HTMLDivElement> & MotionProps & RefAttributes<...>, "ref"> & { ...; }, Omit<...> & { ...; }>, never>, never>>'.
  Type '({ theme }: ExecutionContext & FastOmit<FastOmit<Substitute<Omit<HTMLAttributesWithoutMotionProps<HTMLAttributes<HTMLDivElement>, HTMLDivElement> & MotionProps & RefAttributes<...>, "ref"> & { ...; }, Omit<...> & { ...; }>, never>, never>) => unknown' is not assignable to type 'StyleFunction<FastOmit<FastOmit<Substitute<Omit<HTMLAttributesWithoutMotionProps<HTMLAttributes<HTMLDivElement>, HTMLDivElement> & MotionProps & RefAttributes<...>, "ref"> & { ...; }, Omit<...> & { ...; }>, never>, never>>'.
    Type 'unknown' is not assignable to type 'Interpolation<FastOmit<FastOmit<Substitute<Omit<HTMLAttributesWithoutMotionProps<HTMLAttributes<HTMLDivElement>, HTMLDivElement> & MotionProps & RefAttributes<...>, "ref"> & { ...; }, Omit<...> & { ...; }>, never>, never>>'.
src/components/ClientDashboard/ClientMainContent.tsx(133,29): error TS18048: 'theme.spacing' is possibly 'undefined'.
src/components/ClientDashboard/ClientMainContent.tsx(134,32): error TS18046: 'theme.transitions' is of type 'unknown'.
src/components/ClientDashboard/ClientMainContent.tsx(136,35): error TS18048: 'theme.spacing' is possibly 'undefined'.
src/components/ClientDashboard/ClientMainContent.tsx(143,39): error TS18048: 'theme.breakpoints' is possibly 'undefined'.
src/components/ClientDashboard/ClientMainContent.tsx(144,31): error TS18048: 'theme.spacing' is possibly 'undefined'.
src/components/ClientDashboard/ClientMainContent.tsx(152,20): error TS2345: Argument of type '({ theme }: ExecutionContext & FastOmit<DetailedHTMLProps<HTMLAttributes<HTMLDivElement>, HTMLDivElement>, never>) => unknown' is not assignable to parameter of type 'Interpolation<FastOmit<DetailedHTMLProps<HTMLAttributes<HTMLDivElement>, HTMLDivElement>, never>>'.
  Type '({ theme }: ExecutionContext & FastOmit<DetailedHTMLProps<HTMLAttributes<HTMLDivElement>, HTMLDivElement>, never>) => unknown' is not assignable to type 'StyleFunction<FastOmit<DetailedHTMLProps<HTMLAttributes<HTMLDivElement>, HTMLDivElement>, never>>'.
    Type 'unknown' is not assignable to type 'Interpolation<FastOmit<DetailedHTMLProps<HTMLAttributes<HTMLDivElement>, HTMLDivElement>, never>>'.
src/components/ClientDashboard/ClientMainContent.tsx(152,35): error TS18048: 'theme.spacing' is possibly 'undefined'.
src/components/ClientDashboard/ClientMainContent.tsx(165,10): error TS2345: Argument of type '({ theme }: ExecutionContext & FastOmit<DetailedHTMLProps<HTMLAttributes<HTMLDivElement>, HTMLDivElement>, never>) => unknown' is not assignable to parameter of type 'Interpolation<FastOmit<DetailedHTMLProps<HTMLAttributes<HTMLDivElement>, HTMLDivElement>, never>>'.
  Type '({ theme }: ExecutionContext & FastOmit<DetailedHTMLProps<HTMLAttributes<HTMLDivElement>, HTMLDivElement>, never>) => unknown' is not assignable to type 'StyleFunction<FastOmit<DetailedHTMLProps<HTMLAttributes<HTMLDivElement>, HTMLDivElement>, never>>'.
    Type 'unknown' is not assignable to type 'Interpolation<FastOmit<DetailedHTMLProps<HTMLAttributes<HTMLDivElement>, HTMLDivElement>, never>>'.
src/components/ClientDashboard/ClientMainContent.tsx(165,25): error TS18048: 'theme.spacing' is possibly 'undefined'.
src/components/ClientDashboard/ClientMainContent.tsx(172,17): error TS2345: Argument of type '({ theme }: ExecutionContext & FastOmit<DetailedHTMLProps<HTMLAttributes<HTMLDivElement>, HTMLDivElement>, never>) => unknown' is not assignable to parameter of type 'Interpolation<FastOmit<DetailedHTMLProps<HTMLAttributes<HTMLDivElement>, HTMLDivElement>, never>>'.
  Type '({ theme }: ExecutionContext & FastOmit<DetailedHTMLProps<HTMLAttributes<HTMLDivElement>, HTMLDivElement>, never>) => unknown' is not assignable to type 'StyleFunction<FastOmit<DetailedHTMLProps<HTMLAttributes<HTMLDivElement>, HTMLDivElement>, never>>'.
    Type 'unknown' is not assignable to type 'Interpolation<FastOmit<DetailedHTMLProps<HTMLAttributes<HTMLDivElement>, HTMLDivElement>, never>>'.
src/components/ClientDashboard/ClientMainContent.tsx(172,32): error TS18048: 'theme.spacing' is possibly 'undefined'.
src/components/ClientDashboard/ClientMainContent.tsx(173,33): error TS18048: 'theme.spacing' is possibly 'undefined'.
src/components/ClientDashboard/ClientMainContent.tsx(180,10): error TS2345: Argument of type '({ theme }: ExecutionContext & FastOmit<DetailedHTMLProps<HTMLAttributes<HTMLDivElement>, HTMLDivElement>, "columns"> & { ...; }) => unknown' is not assignable to parameter of type 'Interpolation<Substitute<DetailedHTMLProps<HTMLAttributes<HTMLDivElement>, HTMLDivElement>, { columns?: number | undefined; }>>'.
  Type '({ theme }: ExecutionContext & FastOmit<DetailedHTMLProps<HTMLAttributes<HTMLDivElement>, HTMLDivElement>, "columns"> & { ...; }) => unknown' is not assignable to type 'StyleFunction<Substitute<DetailedHTMLProps<HTMLAttributes<HTMLDivElement>, HTMLDivElement>, { columns?: number | undefined; }>>'.
    Type 'unknown' is not assignable to type 'Interpolation<Substitute<DetailedHTMLProps<HTMLAttributes<HTMLDivElement>, HTMLDivElement>, { columns?: number | undefined; }>>'.
src/components/ClientDashboard/ClientMainContent.tsx(180,25): error TS18048: 'theme.spacing' is possibly 'undefined'.
src/components/ClientDashboard/ClientMainContent.tsx(182,39): error TS18048: 'theme.breakpoints' is possibly 'undefined'.
src/components/ClientDashboard/ClientMainContent.tsx(186,39): error TS18048: 'theme.breakpoints' is possibly 'undefined'.
src/components/ClientDashboard/ClientMainContent.tsx(194,10): error TS2345: Argument of type '({ gap, theme }: ExecutionContext & FastOmit<DetailedHTMLProps<HTMLAttributes<HTMLDivElement>, HTMLDivElement>, "direction" | ... 2 more ... | "justify"> & { ...; }) => unknown' is not assignable to parameter of type 'Interpolation<Substitute<DetailedHTMLProps<HTMLAttributes<HTMLDivElement>, HTMLDivElement>, { gap?: string | undefined; direction?: string | undefined; align?: string | undefined; justify?: string | undefined; }>>'.
  Type '({ gap, theme }: ExecutionContext & FastOmit<DetailedHTMLProps<HTMLAttributes<HTMLDivElement>, HTMLDivElement>, "direction" | ... 2 more ... | "justify"> & { ...; }) => unknown' is not assignable to type 'StyleFunction<Substitute<DetailedHTMLProps<HTMLAttributes<HTMLDivElement>, HTMLDivElement>, { gap?: string | undefined; direction?: string | undefined; align?: string | undefined; justify?: string | undefined; }>>'.
    Type 'unknown' is not assignable to type 'Interpolation<Substitute<DetailedHTMLProps<HTMLAttributes<HTMLDivElement>, HTMLDivElement>, { gap?: string | undefined; direction?: string | undefined; align?: string | undefined; justify?: string | undefined; }>>'.
src/components/ClientDashboard/ClientMainContent.tsx(194,37): error TS18048: 'theme.spacing' is possibly 'undefined'.
src/components/ClientDashboard/ClientMainContent.tsx(198,39): error TS18048: 'theme.breakpoints' is possibly 'undefined'.
src/components/ClientDashboard/ClientMainContent.tsx(226,32): error TS18048: 'theme.spacing' is possibly 'undefined'.
src/components/ClientDashboard/ClientMainContent.tsx(226,52): error TS18048: 'theme.spacing' is possibly 'undefined'.
src/components/ClientDashboard/ClientMainContent.tsx(229,35): error TS18046: 'theme.borderRadius' is of type 'unknown'.
src/components/ClientDashboard/ClientMainContent.tsx(238,10): error TS2345: Argument of type '({ theme }: ExecutionContext & FastOmit<DetailedHTMLProps<ButtonHTMLAttributes<HTMLButtonElement>, HTMLButtonElement>, "variant"> & { ...; }) => unknown' is not assignable to parameter of type 'Interpolation<Substitute<DetailedHTMLProps<ButtonHTMLAttributes<HTMLButtonElement>, HTMLButtonElement>, { ...; }>>'.
  Type '({ theme }: ExecutionContext & FastOmit<DetailedHTMLProps<ButtonHTMLAttributes<HTMLButtonElement>, HTMLButtonElement>, "variant"> & { ...; }) => unknown' is not assignable to type 'StyleFunction<Substitute<DetailedHTMLProps<ButtonHTMLAttributes<HTMLButtonElement>, HTMLButtonElement>, { ...; }>>'.
    Type 'unknown' is not assignable to type 'Interpolation<Substitute<DetailedHTMLProps<ButtonHTMLAttributes<HTMLButtonElement>, HTMLButtonElement>, { ...; }>>'.
src/components/ClientDashboard/ClientMainContent.tsx(238,25): error TS18048: 'theme.spacing' is possibly 'undefined'.
src/components/ClientDashboard/ClientMainContent.tsx(239,32): error TS18048: 'theme.spacing' is possibly 'undefined'.
src/components/ClientDashboard/ClientMainContent.tsx(239,52): error TS18048: 'theme.spacing' is possibly 'undefined'.
src/components/ClientDashboard/ClientMainContent.tsx(240,35): error TS18046: 'theme.borderRadius' is of type 'unknown'.
src/components/ClientDashboard/ClientMainContent.tsx(244,32): error TS18046: 'theme.transitions' is of type 'unknown'.
src/components/ClientDashboard/ClientMainContent.tsx(283,25): error TS7031: Binding element 'theme' implicitly has an 'any' type.
src/components/ClientDashboard/ClientSidebar.tsx(22,3): error TS2305: Module '"lucide-react"' has no exported member 'Dance'.
src/components/ClientDashboard/ClientSidebar.tsx(30,41): error TS2345: Argument of type '({ theme }: ExecutionContext & FastOmit<Omit<HTMLAttributesWithoutMotionProps<HTMLAttributes<HTMLElement>, HTMLElement> & MotionProps & RefAttributes<...>, "ref"> & { ...; }, "isMobileOpen"> & { ...; }) => unknown' is not assignable to parameter of type 'Interpolation<Substitute<Omit<HTMLAttributesWithoutMotionProps<HTMLAttributes<HTMLElement>, HTMLElement> & MotionProps & RefAttributes<...>, "ref"> & { ...; }, { ...; }>>'.
  Type '({ theme }: ExecutionContext & FastOmit<Omit<HTMLAttributesWithoutMotionProps<HTMLAttributes<HTMLElement>, HTMLElement> & MotionProps & RefAttributes<...>, "ref"> & { ...; }, "isMobileOpen"> & { ...; }) => unknown' is not assignable to type 'StyleFunction<Substitute<Omit<HTMLAttributesWithoutMotionProps<HTMLAttributes<HTMLElement>, HTMLElement> & MotionProps & RefAttributes<...>, "ref"> & { ...; }, { ...; }>>'.
    Type 'unknown' is not assignable to type 'Interpolation<Substitute<Omit<HTMLAttributesWithoutMotionProps<HTMLAttributes<HTMLElement>, HTMLElement> & MotionProps & RefAttributes<...>, "ref"> & { ...; }, { ...; }>>'.
src/components/ClientDashboard/ClientSidebar.tsx(30,56): error TS18048: 'theme.colors' is possibly 'undefined'.
src/components/ClientDashboard/ClientSidebar.tsx(30,101): error TS18048: 'theme.colors' is possibly 'undefined'.
src/components/ClientDashboard/ClientSidebar.tsx(31,32): error TS18048: 'theme.shadows' is possibly 'undefined'.
src/components/ClientDashboard/ClientSidebar.tsx(31,46): error TS2339: Property 'md' does not exist on type 'string[] | Record<string, unknown>'.
  Property 'md' does not exist on type 'string[]'.
src/components/ClientDashboard/ClientSidebar.tsx(38,27): error TS18048: 'theme.colors' is possibly 'undefined'.
src/components/ClientDashboard/ClientSidebar.tsx(39,32): error TS18046: 'theme.transitions' is of type 'unknown'.
src/components/ClientDashboard/ClientSidebar.tsx(41,39): error TS18048: 'theme.breakpoints' is possibly 'undefined'.
src/components/ClientDashboard/ClientSidebar.tsx(52,14): error TS2345: Argument of type '({ theme }: ExecutionContext & FastOmit<DetailedHTMLProps<HTMLAttributes<HTMLDivElement>, HTMLDivElement>, never>) => unknown' is not assignable to parameter of type 'Interpolation<FastOmit<DetailedHTMLProps<HTMLAttributes<HTMLDivElement>, HTMLDivElement>, never>>'.
  Type '({ theme }: ExecutionContext & FastOmit<DetailedHTMLProps<HTMLAttributes<HTMLDivElement>, HTMLDivElement>, never>) => unknown' is not assignable to type 'StyleFunction<FastOmit<DetailedHTMLProps<HTMLAttributes<HTMLDivElement>, HTMLDivElement>, never>>'.
    Type 'unknown' is not assignable to type 'Interpolation<FastOmit<DetailedHTMLProps<HTMLAttributes<HTMLDivElement>, HTMLDivElement>, never>>'.
src/components/ClientDashboard/ClientSidebar.tsx(52,29): error TS18048: 'theme.spacing' is possibly 'undefined'.
src/components/ClientDashboard/ClientSidebar.tsx(52,64): error TS18048: 'theme.spacing' is possibly 'undefined'.
src/components/ClientDashboard/ClientSidebar.tsx(62,10): error TS2345: Argument of type '({ theme }: ExecutionContext & FastOmit<DetailedHTMLProps<HTMLAttributes<HTMLDivElement>, HTMLDivElement>, never>) => unknown' is not assignable to parameter of type 'Interpolation<FastOmit<DetailedHTMLProps<HTMLAttributes<HTMLDivElement>, HTMLDivElement>, never>>'.
  Type '({ theme }: ExecutionContext & FastOmit<DetailedHTMLProps<HTMLAttributes<HTMLDivElement>, HTMLDivElement>, never>) => unknown' is not assignable to type 'StyleFunction<FastOmit<DetailedHTMLProps<HTMLAttributes<HTMLDivElement>, HTMLDivElement>, never>>'.
    Type 'unknown' is not assignable to type 'Interpolation<FastOmit<DetailedHTMLProps<HTMLAttributes<HTMLDivElement>, HTMLDivElement>, never>>'.
src/components/ClientDashboard/ClientSidebar.tsx(62,25): error TS18048: 'theme.spacing' is possibly 'undefined'.
src/components/ClientDashboard/ClientSidebar.tsx(68,12): error TS2345: Argument of type '({ theme }: ExecutionContext & FastOmit<DetailedHTMLProps<HTMLAttributes<HTMLHeadingElement>, HTMLHeadingElement>, never>) => unknown' is not assignable to parameter of type 'Interpolation<FastOmit<DetailedHTMLProps<HTMLAttributes<HTMLHeadingElement>, HTMLHeadingElement>, never>>'.
  Type '({ theme }: ExecutionContext & FastOmit<DetailedHTMLProps<HTMLAttributes<HTMLHeadingElement>, HTMLHeadingElement>, never>) => unknown' is not assignable to type 'StyleFunction<FastOmit<DetailedHTMLProps<HTMLAttributes<HTMLHeadingElement>, HTMLHeadingElement>, never>>'.
    Type 'unknown' is not assignable to type 'Interpolation<FastOmit<DetailedHTMLProps<HTMLAttributes<HTMLHeadingElement>, HTMLHeadingElement>, never>>'.
src/components/ClientDashboard/ClientSidebar.tsx(68,27): error TS18048: 'theme.colors' is possibly 'undefined'.
src/components/ClientDashboard/ClientSidebar.tsx(75,12): error TS2345: Argument of type '({ theme }: ExecutionContext & FastOmit<DetailedHTMLProps<ButtonHTMLAttributes<HTMLButtonElement>, HTMLButtonElement>, never>) => unknown' is not assignable to parameter of type 'Interpolation<FastOmit<DetailedHTMLProps<ButtonHTMLAttributes<HTMLButtonElement>, HTMLButtonElement>, never>>'.
  Type '({ theme }: ExecutionContext & FastOmit<DetailedHTMLProps<ButtonHTMLAttributes<HTMLButtonElement>, HTMLButtonElement>, never>) => unknown' is not assignable to type 'StyleFunction<FastOmit<DetailedHTMLProps<ButtonHTMLAttributes<HTMLButtonElement>, HTMLButtonElement>, never>>'.
    Type 'unknown' is not assignable to type 'Interpolation<FastOmit<DetailedHTMLProps<ButtonHTMLAttributes<HTMLButtonElement>, HTMLButtonElement>, never>>'.
src/components/ClientDashboard/ClientSidebar.tsx(75,27): error TS18048: 'theme.colors' is possibly 'undefined'.
src/components/ClientDashboard/ClientSidebar.tsx(77,29): error TS18048: 'theme.spacing' is possibly 'undefined'.
src/components/ClientDashboard/ClientSidebar.tsx(78,35): error TS18046: 'theme.borderRadius' is of type 'unknown'.
src/components/ClientDashboard/ClientSidebar.tsx(88,41): error TS18048: 'theme.colors' is possibly 'undefined'.
src/components/ClientDashboard/ClientSidebar.tsx(92,39): error TS18048: 'theme.breakpoints' is possibly 'undefined'.
src/components/ClientDashboard/ClientSidebar.tsx(98,14): error TS2345: Argument of type '({ theme }: ExecutionContext & FastOmit<DetailedHTMLProps<HTMLAttributes<HTMLDivElement>, HTMLDivElement>, never>) => unknown' is not assignable to parameter of type 'Interpolation<FastOmit<DetailedHTMLProps<HTMLAttributes<HTMLDivElement>, HTMLDivElement>, never>>'.
  Type '({ theme }: ExecutionContext & FastOmit<DetailedHTMLProps<HTMLAttributes<HTMLDivElement>, HTMLDivElement>, never>) => unknown' is not assignable to type 'StyleFunction<FastOmit<DetailedHTMLProps<HTMLAttributes<HTMLDivElement>, HTMLDivElement>, never>>'.
    Type 'unknown' is not assignable to type 'Interpolation<FastOmit<DetailedHTMLProps<HTMLAttributes<HTMLDivElement>, HTMLDivElement>, never>>'.
src/components/ClientDashboard/ClientSidebar.tsx(98,29): error TS18048: 'theme.spacing' is possibly 'undefined'.
src/components/ClientDashboard/ClientSidebar.tsx(101,25): error TS18048: 'theme.spacing' is possibly 'undefined'.
src/components/ClientDashboard/ClientSidebar.tsx(102,35): error TS18048: 'theme.spacing' is possibly 'undefined'.
src/components/ClientDashboard/ClientSidebar.tsx(108,35): error TS18046: 'theme.borderRadius' is of type 'unknown'.
src/components/ClientDashboard/ClientSidebar.tsx(109,17): error TS2345: Argument of type '({ theme }: ExecutionContext & FastOmit<DetailedHTMLProps<HTMLAttributes<HTMLDivElement>, HTMLDivElement>, never>) => unknown' is not assignable to parameter of type 'Interpolation<FastOmit<DetailedHTMLProps<HTMLAttributes<HTMLDivElement>, HTMLDivElement>, never>>'.
  Type '({ theme }: ExecutionContext & FastOmit<DetailedHTMLProps<HTMLAttributes<HTMLDivElement>, HTMLDivElement>, never>) => unknown' is not assignable to type 'StyleFunction<FastOmit<DetailedHTMLProps<HTMLAttributes<HTMLDivElement>, HTMLDivElement>, never>>'.
    Type 'unknown' is not assignable to type 'Interpolation<FastOmit<DetailedHTMLProps<HTMLAttributes<HTMLDivElement>, HTMLDivElement>, never>>'.
src/components/ClientDashboard/ClientSidebar.tsx(109,32): error TS18048: 'theme.colors' is possibly 'undefined'.
src/components/ClientDashboard/ClientSidebar.tsx(114,27): error TS18048: 'theme.colors' is possibly 'undefined'.
src/components/ClientDashboard/ClientSidebar.tsx(141,12): error TS2345: Argument of type '({ theme }: ExecutionContext & FastOmit<DetailedHTMLProps<HTMLAttributes<HTMLSpanElement>, HTMLSpanElement>, never>) => unknown' is not assignable to parameter of type 'Interpolation<FastOmit<DetailedHTMLProps<HTMLAttributes<HTMLSpanElement>, HTMLSpanElement>, never>>'.
  Type '({ theme }: ExecutionContext & FastOmit<DetailedHTMLProps<HTMLAttributes<HTMLSpanElement>, HTMLSpanElement>, never>) => unknown' is not assignable to type 'StyleFunction<FastOmit<DetailedHTMLProps<HTMLAttributes<HTMLSpanElement>, HTMLSpanElement>, never>>'.
    Type 'unknown' is not assignable to type 'Interpolation<FastOmit<DetailedHTMLProps<HTMLAttributes<HTMLSpanElement>, HTMLSpanElement>, never>>'.
src/components/ClientDashboard/ClientSidebar.tsx(141,27): error TS18048: 'theme.colors' is possibly 'undefined'.
src/components/ClientDashboard/ClientSidebar.tsx(143,29): error TS18048: 'theme.spacing' is possibly 'undefined'.
src/components/ClientDashboard/ClientSidebar.tsx(143,64): error TS18048: 'theme.spacing' is possibly 'undefined'.
src/components/ClientDashboard/ClientSidebar.tsx(144,35): error TS18046: 'theme.borderRadius' is of type 'unknown'.
src/components/ClientDashboard/ClientSidebar.tsx(146,32): error TS18048: 'theme.spacing' is possibly 'undefined'.
src/components/ClientDashboard/ClientSidebar.tsx(152,14): error TS2345: Argument of type '({ theme }: ExecutionContext & FastOmit<DetailedHTMLProps<HTMLAttributes<HTMLDivElement>, HTMLDivElement>, never>) => unknown' is not assignable to parameter of type 'Interpolation<FastOmit<DetailedHTMLProps<HTMLAttributes<HTMLDivElement>, HTMLDivElement>, never>>'.
  Type '({ theme }: ExecutionContext & FastOmit<DetailedHTMLProps<HTMLAttributes<HTMLDivElement>, HTMLDivElement>, never>) => unknown' is not assignable to type 'StyleFunction<FastOmit<DetailedHTMLProps<HTMLAttributes<HTMLDivElement>, HTMLDivElement>, never>>'.
    Type 'unknown' is not assignable to type 'Interpolation<FastOmit<DetailedHTMLProps<HTMLAttributes<HTMLDivElement>, HTMLDivElement>, never>>'.
src/components/ClientDashboard/ClientSidebar.tsx(152,29): error TS18048: 'theme.spacing' is possibly 'undefined'.
src/components/ClientDashboard/ClientSidebar.tsx(174,14): error TS2345: Argument of type '({ theme }: ExecutionContext & FastOmit<DetailedHTMLProps<HTMLAttributes<HTMLDivElement>, HTMLDivElement>, never>) => unknown' is not assignable to parameter of type 'Interpolation<FastOmit<DetailedHTMLProps<HTMLAttributes<HTMLDivElement>, HTMLDivElement>, never>>'.
  Type '({ theme }: ExecutionContext & FastOmit<DetailedHTMLProps<HTMLAttributes<HTMLDivElement>, HTMLDivElement>, never>) => unknown' is not assignable to type 'StyleFunction<FastOmit<DetailedHTMLProps<HTMLAttributes<HTMLDivElement>, HTMLDivElement>, never>>'.
    Type 'unknown' is not assignable to type 'Interpolation<FastOmit<DetailedHTMLProps<HTMLAttributes<HTMLDivElement>, HTMLDivElement>, never>>'.
src/components/ClientDashboard/ClientSidebar.tsx(174,29): error TS18048: 'theme.spacing' is possibly 'undefined'.
src/components/ClientDashboard/ClientSidebar.tsx(179,20): error TS2345: Argument of type '({ theme }: ExecutionContext & FastOmit<DetailedHTMLProps<HTMLAttributes<HTMLDivElement>, HTMLDivElement>, never>) => unknown' is not assignable to parameter of type 'Interpolation<FastOmit<DetailedHTMLProps<HTMLAttributes<HTMLDivElement>, HTMLDivElement>, never>>'.
  Type '({ theme }: ExecutionContext & FastOmit<DetailedHTMLProps<HTMLAttributes<HTMLDivElement>, HTMLDivElement>, never>) => unknown' is not assignable to type 'StyleFunction<FastOmit<DetailedHTMLProps<HTMLAttributes<HTMLDivElement>, HTMLDivElement>, never>>'.
    Type 'unknown' is not assignable to type 'Interpolation<FastOmit<DetailedHTMLProps<HTMLAttributes<HTMLDivElement>, HTMLDivElement>, never>>'.
src/components/ClientDashboard/ClientSidebar.tsx(179,35): error TS18048: 'theme.spacing' is possibly 'undefined'.
src/components/ClientDashboard/ClientSidebar.tsx(187,13): error TS2345: Argument of type '({ theme }: ExecutionContext & FastOmit<DetailedHTMLProps<HTMLAttributes<HTMLHeadingElement>, HTMLHeadingElement>, never>) => unknown' is not assignable to parameter of type 'Interpolation<FastOmit<DetailedHTMLProps<HTMLAttributes<HTMLHeadingElement>, HTMLHeadingElement>, never>>'.
  Type '({ theme }: ExecutionContext & FastOmit<DetailedHTMLProps<HTMLAttributes<HTMLHeadingElement>, HTMLHeadingElement>, never>) => unknown' is not assignable to type 'StyleFunction<FastOmit<DetailedHTMLProps<HTMLAttributes<HTMLHeadingElement>, HTMLHeadingElement>, never>>'.
    Type 'unknown' is not assignable to type 'Interpolation<FastOmit<DetailedHTMLProps<HTMLAttributes<HTMLHeadingElement>, HTMLHeadingElement>, never>>'.
src/components/ClientDashboard/ClientSidebar.tsx(187,28): error TS18048: 'theme.spacing' is possibly 'undefined'.
src/components/ClientDashboard/ClientSidebar.tsx(187,63): error TS18048: 'theme.spacing' is possibly 'undefined'.
src/components/ClientDashboard/ClientSidebar.tsx(194,14): error TS2345: Argument of type '({ theme }: ExecutionContext & FastOmit<DetailedHTMLProps<ButtonHTMLAttributes<HTMLButtonElement>, HTMLButtonElement>, "isActive"> & { ...; }) => unknown' is not assignable to parameter of type 'Interpolation<Substitute<DetailedHTMLProps<ButtonHTMLAttributes<HTMLButtonElement>, HTMLButtonElement>, { ...; }>>'.
  Type '({ theme }: ExecutionContext & FastOmit<DetailedHTMLProps<ButtonHTMLAttributes<HTMLButtonElement>, HTMLButtonElement>, "isActive"> & { ...; }) => unknown' is not assignable to type 'StyleFunction<Substitute<DetailedHTMLProps<ButtonHTMLAttributes<HTMLButtonElement>, HTMLButtonElement>, { ...; }>>'.
    Type 'unknown' is not assignable to type 'Interpolation<Substitute<DetailedHTMLProps<ButtonHTMLAttributes<HTMLButtonElement>, HTMLButtonElement>, { ...; }>>'.
src/components/ClientDashboard/ClientSidebar.tsx(194,29): error TS18048: 'theme.spacing' is possibly 'undefined'.
src/components/ClientDashboard/ClientSidebar.tsx(194,64): error TS18048: 'theme.spacing' is possibly 'undefined'.
src/components/ClientDashboard/ClientSidebar.tsx(196,42): error TS18048: 'theme.colors' is possibly 'undefined'.
src/components/ClientDashboard/ClientSidebar.tsx(199,16): error TS18048: 'theme.colors' is possibly 'undefined'.
src/components/ClientDashboard/ClientSidebar.tsx(201,16): error TS18048: 'theme.colors' is possibly 'undefined'.
src/components/ClientDashboard/ClientSidebar.tsx(201,39): error TS18048: 'theme.colors' is possibly 'undefined'.
src/components/ClientDashboard/ClientSidebar.tsx(204,32): error TS18046: 'theme.transitions' is of type 'unknown'.
src/components/ClientDashboard/ClientSidebar.tsx(212,41): error TS18048: 'theme.colors' is possibly 'undefined'.
src/components/ClientDashboard/ClientSidebar.tsx(221,19): error TS2345: Argument of type '({ theme }: ExecutionContext & FastOmit<DetailedHTMLProps<HTMLAttributes<HTMLDivElement>, HTMLDivElement>, "isActive"> & { ...; }) => unknown' is not assignable to parameter of type 'Interpolation<Substitute<DetailedHTMLProps<HTMLAttributes<HTMLDivElement>, HTMLDivElement>, { isActive: boolean; }>>'.
  Type '({ theme }: ExecutionContext & FastOmit<DetailedHTMLProps<HTMLAttributes<HTMLDivElement>, HTMLDivElement>, "isActive"> & { ...; }) => unknown' is not assignable to type 'StyleFunction<Substitute<DetailedHTMLProps<HTMLAttributes<HTMLDivElement>, HTMLDivElement>, { isActive: boolean; }>>'.
    Type 'unknown' is not assignable to type 'Interpolation<Substitute<DetailedHTMLProps<HTMLAttributes<HTMLDivElement>, HTMLDivElement>, { isActive: boolean; }>>'.
src/components/ClientDashboard/ClientSidebar.tsx(221,34): error TS18048: 'theme.spacing' is possibly 'undefined'.
src/components/ClientDashboard/ClientSidebar.tsx(223,16): error TS18048: 'theme.colors' is possibly 'undefined'.
src/components/ClientDashboard/ClientSidebar.tsx(223,39): error TS18048: 'theme.colors' is possibly 'undefined'.
src/components/ClientDashboard/ClientSidebar.tsx(245,24): error TS2345: Argument of type '({ theme }: ExecutionContext & FastOmit<Omit<FastOmit<DetailedHTMLProps<ButtonHTMLAttributes<HTMLButtonElement>, HTMLButtonElement>, "isActive"> & { ...; }, "ref"> & { ...; }, "isActive"> & { ...; }) => unknown' is not assignable to parameter of type 'Interpolation<Substitute<Omit<FastOmit<DetailedHTMLProps<ButtonHTMLAttributes<HTMLButtonElement>, HTMLButtonElement>, "isActive"> & { ...; }, "ref"> & { ...; }, { ...; }>>'.
  Type '({ theme }: ExecutionContext & FastOmit<Omit<FastOmit<DetailedHTMLProps<ButtonHTMLAttributes<HTMLButtonElement>, HTMLButtonElement>, "isActive"> & { ...; }, "ref"> & { ...; }, "isActive"> & { ...; }) => unknown' is not assignable to type 'StyleFunction<Substitute<Omit<FastOmit<DetailedHTMLProps<ButtonHTMLAttributes<HTMLButtonElement>, HTMLButtonElement>, "isActive"> & { ...; }, "ref"> & { ...; }, { ...; }>>'.
    Type 'unknown' is not assignable to type 'Interpolation<Substitute<Omit<FastOmit<DetailedHTMLProps<ButtonHTMLAttributes<HTMLButtonElement>, HTMLButtonElement>, "isActive"> & { ...; }, "ref"> & { ...; }, { ...; }>>'.
src/components/ClientDashboard/ClientSidebar.tsx(245,39): error TS18048: 'theme.spacing' is possibly 'undefined'.
src/components/ClientDashboard/ClientSidebar.tsx(340,24): error TS2345: Argument of type '({ theme }: ExecutionContext & FastOmit<Omit<HTMLAttributesWithoutMotionProps<HTMLAttributes<HTMLDivElement>, HTMLDivElement> & MotionProps & RefAttributes<...>, "ref"> & { ...; }, never>) => unknown' is not assignable to parameter of type 'Interpolation<FastOmit<Omit<HTMLAttributesWithoutMotionProps<HTMLAttributes<HTMLDivElement>, HTMLDivElement> & MotionProps & RefAttributes<...>, "ref"> & { ...; }, never>>'.
  Type '({ theme }: ExecutionContext & FastOmit<Omit<HTMLAttributesWithoutMotionProps<HTMLAttributes<HTMLDivElement>, HTMLDivElement> & MotionProps & RefAttributes<...>, "ref"> & { ...; }, never>) => unknown' is not assignable to type 'StyleFunction<FastOmit<Omit<HTMLAttributesWithoutMotionProps<HTMLAttributes<HTMLDivElement>, HTMLDivElement> & MotionProps & RefAttributes<...>, "ref"> & { ...; }, never>>'.
    Type 'unknown' is not assignable to type 'Interpolation<FastOmit<Omit<HTMLAttributesWithoutMotionProps<HTMLAttributes<HTMLDivElement>, HTMLDivElement> & MotionProps & RefAttributes<...>, "ref"> & { ...; }, never>>'.
src/components/ClientDashboard/ClientSidebar.tsx(340,39): error TS18048: 'theme.breakpoints' is possibly 'undefined'.
src/components/ClientDashboard/ClientSidebar.tsx(418,15): error TS2322: Type 'LucideIcon' is not assignable to type 'FC<{ size?: number | undefined; }>'.
  Types of property 'propTypes' are incompatible.
    Type 'WeakValidationMap<LucideProps> | undefined' is not assignable to type 'WeakValidationMap<{ size?: number | undefined; }> | undefined'.
      Type 'WeakValidationMap<LucideProps>' is not assignable to type 'WeakValidationMap<{ size?: number | undefined; }>'.
        Types of property 'size' are incompatible.
          Type 'Validator<string | number | null | undefined> | undefined' is not assignable to type 'Validator<number | null | undefined> | undefined'.
            Type 'Validator<string | number | null | undefined>' is not assignable to type 'Validator<number | null | undefined>'.
              Type 'string | number | null | undefined' is not assignable to type 'number | null | undefined'.
                Type 'string' is not assignable to type 'number'.
src/components/ClientDashboard/ClientSidebar.tsx(426,15): error TS2322: Type 'LucideIcon' is not assignable to type 'FC<{ size?: number | undefined; }>'.
  Types of property 'propTypes' are incompatible.
    Type 'WeakValidationMap<LucideProps> | undefined' is not assignable to type 'WeakValidationMap<{ size?: number | undefined; }> | undefined'.
      Type 'WeakValidationMap<LucideProps>' is not assignable to type 'WeakValidationMap<{ size?: number | undefined; }>'.
        Types of property 'size' are incompatible.
          Type 'Validator<string | number | null | undefined> | undefined' is not assignable to type 'Validator<number | null | undefined> | undefined'.
            Type 'Validator<string | number | null | undefined>' is not assignable to type 'Validator<number | null | undefined>'.
              Type 'string | number | null | undefined' is not assignable to type 'number | null | undefined'.
                Type 'string' is not assignable to type 'number'.
src/components/ClientDashboard/ClientSidebar.tsx(434,15): error TS2322: Type 'LucideIcon' is not assignable to type 'FC<{ size?: number | undefined; }>'.
  Types of property 'propTypes' are incompatible.
    Type 'WeakValidationMap<LucideProps> | undefined' is not assignable to type 'WeakValidationMap<{ size?: number | undefined; }> | undefined'.
      Type 'WeakValidationMap<LucideProps>' is not assignable to type 'WeakValidationMap<{ size?: number | undefined; }>'.
        Types of property 'size' are incompatible.
          Type 'Validator<string | number | null | undefined> | undefined' is not assignable to type 'Validator<number | null | undefined> | undefined'.
            Type 'Validator<string | number | null | undefined>' is not assignable to type 'Validator<number | null | undefined>'.
              Type 'string | number | null | undefined' is not assignable to type 'number | null | undefined'.
                Type 'string' is not assignable to type 'number'.
src/components/ClientDashboard/ClientSidebar.tsx(462,21): error TS2304: Cannot find name 'CalendarIcon'.
src/components/ClientDashboard/ClientSidebar.tsx(470,15): error TS2322: Type 'LucideIcon' is not assignable to type 'FC<{ size?: number | undefined; }>'.
  Types of property 'propTypes' are incompatible.
    Type 'WeakValidationMap<LucideProps> | undefined' is not assignable to type 'WeakValidationMap<{ size?: number | undefined; }> | undefined'.
      Type 'WeakValidationMap<LucideProps>' is not assignable to type 'WeakValidationMap<{ size?: number | undefined; }>'.
        Types of property 'size' are incompatible.
          Type 'Validator<string | number | null | undefined> | undefined' is not assignable to type 'Validator<number | null | undefined> | undefined'.
            Type 'Validator<string | number | null | undefined>' is not assignable to type 'Validator<number | null | undefined>'.
              Type 'string | number | null | undefined' is not assignable to type 'number | null | undefined'.
                Type 'string' is not assignable to type 'number'.
src/components/ClientDashboard/ClientSidebar.tsx(482,15): error TS2322: Type 'LucideIcon' is not assignable to type 'FC<{ size?: number | undefined; }>'.
  Types of property 'propTypes' are incompatible.
    Type 'WeakValidationMap<LucideProps> | undefined' is not assignable to type 'WeakValidationMap<{ size?: number | undefined; }> | undefined'.
      Type 'WeakValidationMap<LucideProps>' is not assignable to type 'WeakValidationMap<{ size?: number | undefined; }>'.
        Types of property 'size' are incompatible.
          Type 'Validator<string | number | null | undefined> | undefined' is not assignable to type 'Validator<number | null | undefined> | undefined'.
            Type 'Validator<string | number | null | undefined>' is not assignable to type 'Validator<number | null | undefined>'.
              Type 'string | number | null | undefined' is not assignable to type 'number | null | undefined'.
                Type 'string' is not assignable to type 'number'.
src/components/ClientDashboard/ClientSidebar.tsx(514,15): error TS2322: Type 'LucideIcon' is not assignable to type 'FC<{ size?: number | undefined; }>'.
  Types of property 'propTypes' are incompatible.
    Type 'WeakValidationMap<LucideProps> | undefined' is not assignable to type 'WeakValidationMap<{ size?: number | undefined; }> | undefined'.
      Type 'WeakValidationMap<LucideProps>' is not assignable to type 'WeakValidationMap<{ size?: number | undefined; }>'.
        Types of property 'size' are incompatible.
          Type 'Validator<string | number | null | undefined> | undefined' is not assignable to type 'Validator<number | null | undefined> | undefined'.
            Type 'Validator<string | number | null | undefined>' is not assignable to type 'Validator<number | null | undefined>'.
              Type 'string | number | null | undefined' is not assignable to type 'number | null | undefined'.
                Type 'string' is not assignable to type 'number'.
src/components/ClientDashboard/ClientSidebar.tsx(546,15): error TS2322: Type 'LucideIcon' is not assignable to type 'FC<{ size?: number | undefined; }>'.
  Types of property 'propTypes' are incompatible.
    Type 'WeakValidationMap<LucideProps> | undefined' is not assignable to type 'WeakValidationMap<{ size?: number | undefined; }> | undefined'.
      Type 'WeakValidationMap<LucideProps>' is not assignable to type 'WeakValidationMap<{ size?: number | undefined; }>'.
        Types of property 'size' are incompatible.
          Type 'Validator<string | number | null | undefined> | undefined' is not assignable to type 'Validator<number | null | undefined> | undefined'.
            Type 'Validator<string | number | null | undefined>' is not assignable to type 'Validator<number | null | undefined>'.
              Type 'string | number | null | undefined' is not assignable to type 'number | null | undefined'.
                Type 'string' is not assignable to type 'number'.
src/components/ClientDashboard/ClientSidebar.tsx(554,15): error TS2322: Type 'LucideIcon' is not assignable to type 'FC<{ size?: number | undefined; }>'.
  Types of property 'propTypes' are incompatible.
    Type 'WeakValidationMap<LucideProps> | undefined' is not assignable to type 'WeakValidationMap<{ size?: number | undefined; }> | undefined'.
      Type 'WeakValidationMap<LucideProps>' is not assignable to type 'WeakValidationMap<{ size?: number | undefined; }>'.
        Types of property 'size' are incompatible.
          Type 'Validator<string | number | null | undefined> | undefined' is not assignable to type 'Validator<number | null | undefined> | undefined'.
            Type 'Validator<string | number | null | undefined>' is not assignable to type 'Validator<number | null | undefined>'.
              Type 'string | number | null | undefined' is not assignable to type 'number | null | undefined'.
                Type 'string' is not assignable to type 'number'.
src/components/ClientDashboard/DataUploadSection.tsx(7,12): error TS2345: Argument of type '({ theme }: ExecutionContext & FastOmit<DetailedHTMLProps<HTMLAttributes<HTMLHeadingElement>, HTMLHeadingElement>, never>) => unknown' is not assignable to parameter of type 'Interpolation<FastOmit<DetailedHTMLProps<HTMLAttributes<HTMLHeadingElement>, HTMLHeadingElement>, never>>'.
  Type '({ theme }: ExecutionContext & FastOmit<DetailedHTMLProps<HTMLAttributes<HTMLHeadingElement>, HTMLHeadingElement>, never>) => unknown' is not assignable to type 'StyleFunction<FastOmit<DetailedHTMLProps<HTMLAttributes<HTMLHeadingElement>, HTMLHeadingElement>, never>>'.
    Type 'unknown' is not assignable to type 'Interpolation<FastOmit<DetailedHTMLProps<HTMLAttributes<HTMLHeadingElement>, HTMLHeadingElement>, never>>'.
src/components/ClientDashboard/DataUploadSection.tsx(7,27): error TS18048: 'theme.colors' is possibly 'undefined'.
src/components/ClientDashboard/DataUploadSection.tsx(13,24): error TS2345: Argument of type '({ theme }: ExecutionContext & FastOmit<DetailedHTMLProps<HTMLAttributes<HTMLDivElement>, HTMLDivElement>, never>) => unknown' is not assignable to parameter of type 'Interpolation<FastOmit<DetailedHTMLProps<HTMLAttributes<HTMLDivElement>, HTMLDivElement>, never>>'.
  Type '({ theme }: ExecutionContext & FastOmit<DetailedHTMLProps<HTMLAttributes<HTMLDivElement>, HTMLDivElement>, never>) => unknown' is not assignable to type 'StyleFunction<FastOmit<DetailedHTMLProps<HTMLAttributes<HTMLDivElement>, HTMLDivElement>, never>>'.
    Type 'unknown' is not assignable to type 'Interpolation<FastOmit<DetailedHTMLProps<HTMLAttributes<HTMLDivElement>, HTMLDivElement>, never>>'.
src/components/ClientDashboard/DataUploadSection.tsx(13,39): error TS18048: 'theme.colors' is possibly 'undefined'.
src/components/ClientDashboard/DataUploadSection.tsx(20,34): error TS18048: 'theme.colors' is possibly 'undefined'.
src/components/ClientDashboard/DataUploadSection.tsx(26,12): error TS2345: Argument of type '({ theme }: ExecutionContext & FastOmit<DetailedHTMLProps<HTMLAttributes<HTMLParagraphElement>, HTMLParagraphElement>, never>) => unknown' is not assignable to parameter of type 'Interpolation<FastOmit<DetailedHTMLProps<HTMLAttributes<HTMLParagraphElement>, HTMLParagraphElement>, never>>'.
  Type '({ theme }: ExecutionContext & FastOmit<DetailedHTMLProps<HTMLAttributes<HTMLParagraphElement>, HTMLParagraphElement>, never>) => unknown' is not assignable to type 'StyleFunction<FastOmit<DetailedHTMLProps<HTMLAttributes<HTMLParagraphElement>, HTMLParagraphElement>, never>>'.
    Type 'unknown' is not assignable to type 'Interpolation<FastOmit<DetailedHTMLProps<HTMLAttributes<HTMLParagraphElement>, HTMLParagraphElement>, never>>'.
src/components/ClientDashboard/DataUploadSection.tsx(26,27): error TS18048: 'theme.colors' is possibly 'undefined'.
src/components/ClientDashboard/DataUploadSection.tsx(36,17): error TS2345: Argument of type '({ theme }: ExecutionContext & FastOmit<DetailedHTMLProps<LiHTMLAttributes<HTMLLIElement>, HTMLLIElement>, never>) => unknown' is not assignable to parameter of type 'Interpolation<FastOmit<DetailedHTMLProps<LiHTMLAttributes<HTMLLIElement>, HTMLLIElement>, never>>'.
  Type '({ theme }: ExecutionContext & FastOmit<DetailedHTMLProps<LiHTMLAttributes<HTMLLIElement>, HTMLLIElement>, never>) => unknown' is not assignable to type 'StyleFunction<FastOmit<DetailedHTMLProps<LiHTMLAttributes<HTMLLIElement>, HTMLLIElement>, never>>'.
    Type 'unknown' is not assignable to type 'Interpolation<FastOmit<DetailedHTMLProps<LiHTMLAttributes<HTMLLIElement>, HTMLLIElement>, never>>'.
src/components/ClientDashboard/DataUploadSection.tsx(36,32): error TS18048: 'theme.colors' is possibly 'undefined'.
src/components/ClientDashboard/DataUploadSection.tsx(40,27): error TS18048: 'theme.colors' is possibly 'undefined'.
src/components/ClientDashboard/GalaxySections.tsx(510,11): error TS7006: Parameter 'part' implicitly has an 'any' type.
src/components/ClientDashboard/MessagesSection.tsx(11,12): error TS2345: Argument of type '({ theme }: ExecutionContext & FastOmit<DetailedHTMLProps<HTMLAttributes<HTMLHeadingElement>, HTMLHeadingElement>, never>) => unknown' is not assignable to parameter of type 'Interpolation<FastOmit<DetailedHTMLProps<HTMLAttributes<HTMLHeadingElement>, HTMLHeadingElement>, never>>'.
  Type '({ theme }: ExecutionContext & FastOmit<DetailedHTMLProps<HTMLAttributes<HTMLHeadingElement>, HTMLHeadingElement>, never>) => unknown' is not assignable to type 'StyleFunction<FastOmit<DetailedHTMLProps<HTMLAttributes<HTMLHeadingElement>, HTMLHeadingElement>, never>>'.
    Type 'unknown' is not assignable to type 'Interpolation<FastOmit<DetailedHTMLProps<HTMLAttributes<HTMLHeadingElement>, HTMLHeadingElement>, never>>'.
src/components/ClientDashboard/MessagesSection.tsx(11,27): error TS18048: 'theme.colors' is possibly 'undefined'.
src/components/ClientDashboard/MessagesSection.tsx(23,23): error TS2345: Argument of type '({ theme }: ExecutionContext & FastOmit<DetailedHTMLProps<HTMLAttributes<HTMLDivElement>, HTMLDivElement>, never>) => unknown' is not assignable to parameter of type 'Interpolation<FastOmit<DetailedHTMLProps<HTMLAttributes<HTMLDivElement>, HTMLDivElement>, never>>'.
  Type '({ theme }: ExecutionContext & FastOmit<DetailedHTMLProps<HTMLAttributes<HTMLDivElement>, HTMLDivElement>, never>) => unknown' is not assignable to type 'StyleFunction<FastOmit<DetailedHTMLProps<HTMLAttributes<HTMLDivElement>, HTMLDivElement>, never>>'.
    Type 'unknown' is not assignable to type 'Interpolation<FastOmit<DetailedHTMLProps<HTMLAttributes<HTMLDivElement>, HTMLDivElement>, never>>'.
src/components/ClientDashboard/MessagesSection.tsx(23,38): error TS18048: 'theme.colors' is possibly 'undefined'.
src/components/ClientDashboard/MessagesSection.tsx(24,38): error TS18048: 'theme.colors' is possibly 'undefined'.
src/components/ClientDashboard/MessagesSection.tsx(30,23): error TS2345: Argument of type '({ theme, sender }: ExecutionContext & FastOmit<Omit<HTMLAttributesWithoutMotionProps<HTMLAttributes<HTMLDivElement>, HTMLDivElement> & MotionProps & RefAttributes<...>, "ref"> & { ...; }, "sender"> & { ...; }) => unknown' is not assignable to parameter of type 'Interpolation<Substitute<Omit<HTMLAttributesWithoutMotionProps<HTMLAttributes<HTMLDivElement>, HTMLDivElement> & MotionProps & RefAttributes<...>, "ref"> & { ...; }, { ...; }>>'.
  Type '({ theme, sender }: ExecutionContext & FastOmit<Omit<HTMLAttributesWithoutMotionProps<HTMLAttributes<HTMLDivElement>, HTMLDivElement> & MotionProps & RefAttributes<...>, "ref"> & { ...; }, "sender"> & { ...; }) => unknown' is not assignable to type 'StyleFunction<Substitute<Omit<HTMLAttributesWithoutMotionProps<HTMLAttributes<HTMLDivElement>, HTMLDivElement> & MotionProps & RefAttributes<...>, "ref"> & { ...; }, { ...; }>>'.
    Type 'unknown' is not assignable to type 'Interpolation<Substitute<Omit<HTMLAttributesWithoutMotionProps<HTMLAttributes<HTMLDivElement>, HTMLDivElement> & MotionProps & RefAttributes<...>, "ref"> & { ...; }, { ...; }>>'.
src/components/ClientDashboard/MessagesSection.tsx(31,28): error TS18048: 'theme.colors' is possibly 'undefined'.
src/components/ClientDashboard/MessagesSection.tsx(31,55): error TS18048: 'theme.colors' is possibly 'undefined'.
src/components/ClientDashboard/MessagesSection.tsx(32,27): error TS18048: 'theme.colors' is possibly 'undefined'.
src/components/ClientDashboard/MessagesSection.tsx(55,23): error TS2345: Argument of type '({ theme }: ExecutionContext & FastOmit<DetailedHTMLProps<HTMLAttributes<HTMLSpanElement>, HTMLSpanElement>, never>) => unknown' is not assignable to parameter of type 'Interpolation<FastOmit<DetailedHTMLProps<HTMLAttributes<HTMLSpanElement>, HTMLSpanElement>, never>>'.
  Type '({ theme }: ExecutionContext & FastOmit<DetailedHTMLProps<HTMLAttributes<HTMLSpanElement>, HTMLSpanElement>, never>) => unknown' is not assignable to type 'StyleFunction<FastOmit<DetailedHTMLProps<HTMLAttributes<HTMLSpanElement>, HTMLSpanElement>, never>>'.
    Type 'unknown' is not assignable to type 'Interpolation<FastOmit<DetailedHTMLProps<HTMLAttributes<HTMLSpanElement>, HTMLSpanElement>, never>>'.
src/components/ClientDashboard/MessagesSection.tsx(55,38): error TS18048: 'theme.colors' is possibly 'undefined'.
src/components/ClientDashboard/MessagesSection.tsx(56,27): error TS18048: 'theme.colors' is possibly 'undefined'.
src/components/ClientDashboard/MessagesSection.tsx(77,23): error TS2345: Argument of type '({ theme }: ExecutionContext & FastOmit<DetailedHTMLProps<TextareaHTMLAttributes<HTMLTextAreaElement>, HTMLTextAreaElement>, never>) => unknown' is not assignable to parameter of type 'Interpolation<FastOmit<DetailedHTMLProps<TextareaHTMLAttributes<HTMLTextAreaElement>, HTMLTextAreaElement>, never>>'.
  Type '({ theme }: ExecutionContext & FastOmit<DetailedHTMLProps<TextareaHTMLAttributes<HTMLTextAreaElement>, HTMLTextAreaElement>, never>) => unknown' is not assignable to type 'StyleFunction<FastOmit<DetailedHTMLProps<TextareaHTMLAttributes<HTMLTextAreaElement>, HTMLTextAreaElement>, never>>'.
    Type 'unknown' is not assignable to type 'Interpolation<FastOmit<DetailedHTMLProps<TextareaHTMLAttributes<HTMLTextAreaElement>, HTMLTextAreaElement>, never>>'.
src/components/ClientDashboard/MessagesSection.tsx(77,38): error TS18048: 'theme.colors' is possibly 'undefined'.
src/components/ClientDashboard/MessagesSection.tsx(79,38): error TS18048: 'theme.colors' is possibly 'undefined'.
src/components/ClientDashboard/MessagesSection.tsx(80,27): error TS18048: 'theme.colors' is possibly 'undefined'.
src/components/ClientDashboard/MessagesSection.tsx(86,23): error TS2345: Argument of type '({ theme }: ExecutionContext & FastOmit<Omit<HTMLAttributesWithoutMotionProps<ButtonHTMLAttributes<HTMLButtonElement>, HTMLButtonElement> & MotionProps & RefAttributes<...>, "ref"> & { ...; }, never>) => unknown' is not assignable to parameter of type 'Interpolation<FastOmit<Omit<HTMLAttributesWithoutMotionProps<ButtonHTMLAttributes<HTMLButtonElement>, HTMLButtonElement> & MotionProps & RefAttributes<...>, "ref"> & { ...; }, never>>'.
  Type '({ theme }: ExecutionContext & FastOmit<Omit<HTMLAttributesWithoutMotionProps<ButtonHTMLAttributes<HTMLButtonElement>, HTMLButtonElement> & MotionProps & RefAttributes<...>, "ref"> & { ...; }, never>) => unknown' is not assignable to type 'StyleFunction<FastOmit<Omit<HTMLAttributesWithoutMotionProps<ButtonHTMLAttributes<HTMLButtonElement>, HTMLButtonElement> & MotionProps & RefAttributes<...>, "ref"> & { ...; }, never>>'.
    Type 'unknown' is not assignable to type 'Interpolation<FastOmit<Omit<HTMLAttributesWithoutMotionProps<ButtonHTMLAttributes<HTMLButtonElement>, HTMLButtonElement> & MotionProps & RefAttributes<...>, "ref"> & { ...; }, never>>'.
src/components/ClientDashboard/MessagesSection.tsx(86,38): error TS18048: 'theme.colors' is possibly 'undefined'.
src/components/ClientDashboard/MessagesSection.tsx(87,27): error TS18048: 'theme.colors' is possibly 'undefined'.
src/components/ClientDashboard/MessagesSection.tsx(95,40): error TS18048: 'theme.colors' is possibly 'undefined'.
src/components/ClientDashboard/MessagesSection.tsx(96,29): error TS18048: 'theme.colors' is possibly 'undefined'.
src/components/ClientDashboard/newLayout/ClientDashboardContent.tsx(181,58): error TS2322: Type '{ data: {}; }' is not assignable to type 'IntrinsicAttributes'.
  Property 'data' does not exist on type 'IntrinsicAttributes'.
src/components/ClientDashboard/newLayout/ClientDashboardLayout.tsx(65,23): error TS2345: Argument of type '(props: ExecutionContext & FastOmit<DetailedHTMLProps<HTMLAttributes<HTMLDivElement>, HTMLDivElement>, never>) => unknown' is not assignable to parameter of type 'Interpolation<FastOmit<DetailedHTMLProps<HTMLAttributes<HTMLDivElement>, HTMLDivElement>, never>>'.
  Type '(props: ExecutionContext & FastOmit<DetailedHTMLProps<HTMLAttributes<HTMLDivElement>, HTMLDivElement>, never>) => unknown' is not assignable to type 'StyleFunction<FastOmit<DetailedHTMLProps<HTMLAttributes<HTMLDivElement>, HTMLDivElement>, never>>'.
    Type 'unknown' is not assignable to type 'Interpolation<FastOmit<DetailedHTMLProps<HTMLAttributes<HTMLDivElement>, HTMLDivElement>, never>>'.
src/components/ClientDashboard/newLayout/ClientDashboardLayout.tsx(65,32): error TS18048: 'props.theme.colors' is possibly 'undefined'.
src/components/ClientDashboard/newLayout/ClientDashboardLayout.tsx(66,21): error TS18048: 'props.theme.colors' is possibly 'undefined'.
src/components/ClientDashboard/newLayout/ClientDashboardLayout.tsx(75,23): error TS2345: Argument of type '(props: ExecutionContext & FastOmit<DetailedHTMLProps<HTMLAttributes<HTMLElement>, HTMLElement>, "$drawerOpen"> & { ...; }) => unknown' is not assignable to parameter of type 'Interpolation<Substitute<DetailedHTMLProps<HTMLAttributes<HTMLElement>, HTMLElement>, { $drawerOpen: boolean; }>>'.
  Type '(props: ExecutionContext & FastOmit<DetailedHTMLProps<HTMLAttributes<HTMLElement>, HTMLElement>, "$drawerOpen"> & { ...; }) => unknown' is not assignable to type 'StyleFunction<Substitute<DetailedHTMLProps<HTMLAttributes<HTMLElement>, HTMLElement>, { $drawerOpen: boolean; }>>'.
    Type 'unknown' is not assignable to type 'Interpolation<Substitute<DetailedHTMLProps<HTMLAttributes<HTMLElement>, HTMLElement>, { $drawerOpen: boolean; }>>'.
src/components/ClientDashboard/newLayout/ClientDashboardLayout.tsx(75,32): error TS18048: 'props.theme.colors' is possibly 'undefined'.
src/components/ClientDashboard/newLayout/ClientDashboardLayout.tsx(82,31): error TS18046: 'props.theme.transitions' is of type 'unknown'.
src/components/ClientDashboard/newLayout/ClientDashboardLayout.tsx(82,76): error TS18046: 'props.theme.transitions' is of type 'unknown'.
src/components/ClientDashboard/newLayout/ClientDashboardLayout.tsx(107,12): error TS2345: Argument of type '(props: ExecutionContext & FastOmit<DetailedHTMLProps<ButtonHTMLAttributes<HTMLButtonElement>, HTMLButtonElement>, never>) => unknown' is not assignable to parameter of type 'Interpolation<FastOmit<DetailedHTMLProps<ButtonHTMLAttributes<HTMLButtonElement>, HTMLButtonElement>, never>>'.
  Type '(props: ExecutionContext & FastOmit<DetailedHTMLProps<ButtonHTMLAttributes<HTMLButtonElement>, HTMLButtonElement>, never>) => unknown' is not assignable to type 'StyleFunction<FastOmit<DetailedHTMLProps<ButtonHTMLAttributes<HTMLButtonElement>, HTMLButtonElement>, never>>'.
    Type 'unknown' is not assignable to type 'Interpolation<FastOmit<DetailedHTMLProps<ButtonHTMLAttributes<HTMLButtonElement>, HTMLButtonElement>, never>>'.
src/components/ClientDashboard/newLayout/ClientDashboardLayout.tsx(107,21): error TS18048: 'props.theme.colors' is possibly 'undefined'.
src/components/ClientDashboard/newLayout/ClientDashboardLayout.tsx(129,12): error TS2345: Argument of type '(props: ExecutionContext & FastOmit<DetailedHTMLProps<HTMLAttributes<HTMLHeadingElement>, HTMLHeadingElement>, never>) => unknown' is not assignable to parameter of type 'Interpolation<FastOmit<DetailedHTMLProps<HTMLAttributes<HTMLHeadingElement>, HTMLHeadingElement>, never>>'.
  Type '(props: ExecutionContext & FastOmit<DetailedHTMLProps<HTMLAttributes<HTMLHeadingElement>, HTMLHeadingElement>, never>) => unknown' is not assignable to type 'StyleFunction<FastOmit<DetailedHTMLProps<HTMLAttributes<HTMLHeadingElement>, HTMLHeadingElement>, never>>'.
    Type 'unknown' is not assignable to type 'Interpolation<FastOmit<DetailedHTMLProps<HTMLAttributes<HTMLHeadingElement>, HTMLHeadingElement>, never>>'.
src/components/ClientDashboard/newLayout/ClientDashboardLayout.tsx(129,21): error TS18048: 'props.theme.colors' is possibly 'undefined'.
src/components/ClientDashboard/newLayout/ClientDashboardLayout.tsx(145,41): error TS2345: Argument of type '(props: ExecutionContext & FastOmit<DetailedHTMLProps<HTMLAttributes<HTMLDivElement>, HTMLDivElement>, never>) => unknown' is not assignable to parameter of type 'Interpolation<FastOmit<DetailedHTMLProps<HTMLAttributes<HTMLDivElement>, HTMLDivElement>, never>>'.
  Type '(props: ExecutionContext & FastOmit<DetailedHTMLProps<HTMLAttributes<HTMLDivElement>, HTMLDivElement>, never>) => unknown' is not assignable to type 'StyleFunction<FastOmit<DetailedHTMLProps<HTMLAttributes<HTMLDivElement>, HTMLDivElement>, never>>'.
    Type 'unknown' is not assignable to type 'Interpolation<FastOmit<DetailedHTMLProps<HTMLAttributes<HTMLDivElement>, HTMLDivElement>, never>>'.
src/components/ClientDashboard/newLayout/ClientDashboardLayout.tsx(145,50): error TS18048: 'props.theme.colors' is possibly 'undefined'.
src/components/ClientDashboard/newLayout/ClientDashboardLayout.tsx(145,92): error TS18048: 'props.theme.colors' is possibly 'undefined'.
src/components/ClientDashboard/newLayout/ClientDashboardLayout.tsx(152,32): error TS18048: 'props.theme.colors' is possibly 'undefined'.
src/components/ClientDashboard/newLayout/ClientDashboardLayout.tsx(182,12): error TS2345: Argument of type '(props: ExecutionContext & FastOmit<DetailedHTMLProps<ButtonHTMLAttributes<HTMLButtonElement>, HTMLButtonElement>, never>) => unknown' is not assignable to parameter of type 'Interpolation<FastOmit<DetailedHTMLProps<ButtonHTMLAttributes<HTMLButtonElement>, HTMLButtonElement>, never>>'.
  Type '(props: ExecutionContext & FastOmit<DetailedHTMLProps<ButtonHTMLAttributes<HTMLButtonElement>, HTMLButtonElement>, never>) => unknown' is not assignable to type 'StyleFunction<FastOmit<DetailedHTMLProps<ButtonHTMLAttributes<HTMLButtonElement>, HTMLButtonElement>, never>>'.
    Type 'unknown' is not assignable to type 'Interpolation<FastOmit<DetailedHTMLProps<ButtonHTMLAttributes<HTMLButtonElement>, HTMLButtonElement>, never>>'.
src/components/ClientDashboard/newLayout/ClientDashboardLayout.tsx(182,21): error TS18048: 'props.theme.colors' is possibly 'undefined'.
src/components/ClientDashboard/newLayout/ClientDashboardLayout.tsx(206,23): error TS18048: 'props.theme.colors' is possibly 'undefined'.
src/components/ClientDashboard/newLayout/ClientDashboardLayout.tsx(216,23): error TS2345: Argument of type '(props: ExecutionContext & FastOmit<DetailedHTMLProps<HTMLAttributes<HTMLElement>, HTMLElement>, "$open"> & { ...; }) => unknown' is not assignable to parameter of type 'Interpolation<Substitute<DetailedHTMLProps<HTMLAttributes<HTMLElement>, HTMLElement>, { $open: boolean; }>>'.
  Type '(props: ExecutionContext & FastOmit<DetailedHTMLProps<HTMLAttributes<HTMLElement>, HTMLElement>, "$open"> & { ...; }) => unknown' is not assignable to type 'StyleFunction<Substitute<DetailedHTMLProps<HTMLAttributes<HTMLElement>, HTMLElement>, { $open: boolean; }>>'.
    Type 'unknown' is not assignable to type 'Interpolation<Substitute<DetailedHTMLProps<HTMLAttributes<HTMLElement>, HTMLElement>, { $open: boolean; }>>'.
src/components/ClientDashboard/newLayout/ClientDashboardLayout.tsx(216,32): error TS18048: 'props.theme.colors' is possibly 'undefined'.
src/components/ClientDashboard/newLayout/ClientDashboardLayout.tsx(222,32): error TS18046: 'props.theme.transitions' is of type 'unknown'.
src/components/ClientDashboard/newLayout/ClientDashboardLayout.tsx(222,77): error TS18046: 'props.theme.transitions' is of type 'unknown'.
src/components/ClientDashboard/newLayout/ClientDashboardLayout.tsx(267,12): error TS2345: Argument of type '(props: ExecutionContext & FastOmit<DetailedHTMLProps<HTMLAttributes<HTMLHeadingElement>, HTMLHeadingElement>, never>) => unknown' is not assignable to parameter of type 'Interpolation<FastOmit<DetailedHTMLProps<HTMLAttributes<HTMLHeadingElement>, HTMLHeadingElement>, never>>'.
  Type '(props: ExecutionContext & FastOmit<DetailedHTMLProps<HTMLAttributes<HTMLHeadingElement>, HTMLHeadingElement>, never>) => unknown' is not assignable to type 'StyleFunction<FastOmit<DetailedHTMLProps<HTMLAttributes<HTMLHeadingElement>, HTMLHeadingElement>, never>>'.
    Type 'unknown' is not assignable to type 'Interpolation<FastOmit<DetailedHTMLProps<HTMLAttributes<HTMLHeadingElement>, HTMLHeadingElement>, never>>'.
src/components/ClientDashboard/newLayout/ClientDashboardLayout.tsx(267,21): error TS18048: 'props.theme.colors' is possibly 'undefined'.
src/components/ClientDashboard/newLayout/ClientDashboardLayout.tsx(286,28): error TS2345: Argument of type '(props: ExecutionContext & FastOmit<DetailedHTMLProps<ButtonHTMLAttributes<HTMLButtonElement>, HTMLButtonElement>, "$active"> & { ...; }) => unknown' is not assignable to parameter of type 'Interpolation<Substitute<DetailedHTMLProps<ButtonHTMLAttributes<HTMLButtonElement>, HTMLButtonElement>, { ...; }>>'.
  Type '(props: ExecutionContext & FastOmit<DetailedHTMLProps<ButtonHTMLAttributes<HTMLButtonElement>, HTMLButtonElement>, "$active"> & { ...; }) => unknown' is not assignable to type 'StyleFunction<Substitute<DetailedHTMLProps<ButtonHTMLAttributes<HTMLButtonElement>, HTMLButtonElement>, { ...; }>>'.
    Type 'unknown' is not assignable to type 'Interpolation<Substitute<DetailedHTMLProps<ButtonHTMLAttributes<HTMLButtonElement>, HTMLButtonElement>, { ...; }>>'.
src/components/ClientDashboard/newLayout/ClientDashboardLayout.tsx(286,53): error TS18048: 'props.theme.colors' is possibly 'undefined'.
src/components/ClientDashboard/newLayout/ClientDashboardLayout.tsx(287,37): error TS18048: 'props.theme.colors' is possibly 'undefined'.
src/components/ClientDashboard/newLayout/ClientDashboardLayout.tsx(287,66): error TS18048: 'props.theme.colors' is possibly 'undefined'.
src/components/ClientDashboard/newLayout/ClientDashboardLayout.tsx(297,23): error TS18048: 'props.theme.colors' is possibly 'undefined'.
src/components/ClientDashboard/newLayout/ClientDashboardLayout.tsx(324,38): error TS18046: 'props.theme.transitions' is of type 'unknown'.
src/components/ClientDashboard/newLayout/ClientDashboardLayout.tsx(324,83): error TS18046: 'props.theme.transitions' is of type 'unknown'.
src/components/ClientDashboard/newLayout/ClientDashboardLayout.tsx(475,16): error TS2339: Property 'name' does not exist on type 'User'.
src/components/ClientDashboard/newLayout/ClientDashboardLayout.tsx(476,17): error TS2339: Property 'name' does not exist on type 'User'.
src/components/ClientDashboard/newLayout/ClientDashboardLayout.tsx(476,37): error TS7006: Parameter 'n' implicitly has an 'any' type.
src/components/ClientDashboard/newLayout/SocialProfileSection.tsx(758,19): error TS2322: Type '"success"' is not assignable to type 'GlowButtonColorScheme | undefined'.
src/components/ClientDashboard/newLayout/SocialProfileSection.tsx(896,29): error TS2322: Type '"secondary"' is not assignable to type 'GlowButtonColorScheme | undefined'.
src/components/ClientDashboard/newLayout/SocialProfileSection.tsx(909,23): error TS2322: Type '"secondary"' is not assignable to type 'GlowButtonColorScheme | undefined'.
src/components/ClientDashboard/OverviewSection.tsx(265,38): error TS2769: No overload matches this call.
  The last overload gave the following error.
    Argument of type 'LucideIcon | FC<{ size?: number | undefined; }>' is not assignable to parameter of type 'string | FunctionComponent<{ size?: number | undefined; }> | ComponentClass<{ size?: number | undefined; }, any>'.
      Type 'LucideIcon' is not assignable to type 'string | FunctionComponent<{ size?: number | undefined; }> | ComponentClass<{ size?: number | undefined; }, any>'.
        Type 'ForwardRefExoticComponent<LucideProps>' is not assignable to type 'FunctionComponent<{ size?: number | undefined; }>'.
          Types of property 'propTypes' are incompatible.
            Type 'WeakValidationMap<LucideProps> | undefined' is not assignable to type 'WeakValidationMap<{ size?: number | undefined; }> | undefined'.
              Type 'WeakValidationMap<LucideProps>' is not assignable to type 'WeakValidationMap<{ size?: number | undefined; }>'.
                Types of property 'size' are incompatible.
                  Type 'Validator<string | number | null | undefined> | undefined' is not assignable to type 'Validator<number | null | undefined> | undefined'.
                    Type 'Validator<string | number | null | undefined>' is not assignable to type 'Validator<number | null | undefined>'.
                      Type 'string | number | null | undefined' is not assignable to type 'number | null | undefined'.
                        Type 'string' is not assignable to type 'number'.
src/components/ClientDashboard/ProgressSection.tsx(67,17): error TS2769: No overload matches this call.
  Overload 1 of 2, '(props: PolymorphicComponentProps<"web", Substitute<DetailedHTMLProps<ButtonHTMLAttributes<HTMLButtonElement>, HTMLButtonElement>, { ...; }>, void, void, {}, {}>): Element', gave the following error.
    Type '{ children: string; variant: "primary"; onClick: () => Promise<void>; icon: Element; }' is not assignable to type 'IntrinsicAttributes & FastOmit<Substitute<Substitute<DetailedHTMLProps<ButtonHTMLAttributes<HTMLButtonElement>, HTMLButtonElement>, { ...; }>, FastOmit<...>>, keyof ExecutionProps> & FastOmit<...> & { ...; }'.
      Property 'icon' does not exist on type 'IntrinsicAttributes & FastOmit<Substitute<Substitute<DetailedHTMLProps<ButtonHTMLAttributes<HTMLButtonElement>, HTMLButtonElement>, { ...; }>, FastOmit<...>>, keyof ExecutionProps> & FastOmit<...> & { ...; }'.
  Overload 2 of 2, '(props: Substitute<DetailedHTMLProps<ButtonHTMLAttributes<HTMLButtonElement>, HTMLButtonElement>, { ...; }>): ReactNode', gave the following error.
    Type '{ children: string; variant: "primary"; onClick: () => Promise<void>; icon: Element; }' is not assignable to type 'IntrinsicAttributes & FastOmit<DetailedHTMLProps<ButtonHTMLAttributes<HTMLButtonElement>, HTMLButtonElement>, "variant"> & { ...; }'.
      Property 'icon' does not exist on type 'IntrinsicAttributes & FastOmit<DetailedHTMLProps<ButtonHTMLAttributes<HTMLButtonElement>, HTMLButtonElement>, "variant"> & { ...; }'.
src/components/ClientDashboard/RevolutionaryClientDashboard.tsx(86,17): error TS2345: Argument of type '(props: ExecutionContext & FastOmit<DetailedHTMLProps<HTMLAttributes<HTMLDivElement>, HTMLDivElement>, never>) => unknown' is not assignable to parameter of type 'Interpolation<FastOmit<DetailedHTMLProps<HTMLAttributes<HTMLDivElement>, HTMLDivElement>, never>>'.
  Type '(props: ExecutionContext & FastOmit<DetailedHTMLProps<HTMLAttributes<HTMLDivElement>, HTMLDivElement>, never>) => unknown' is not assignable to type 'StyleFunction<FastOmit<DetailedHTMLProps<HTMLAttributes<HTMLDivElement>, HTMLDivElement>, never>>'.
    Type 'unknown' is not assignable to type 'Interpolation<FastOmit<DetailedHTMLProps<HTMLAttributes<HTMLDivElement>, HTMLDivElement>, never>>'.
src/components/ClientDashboard/RevolutionaryClientDashboard.tsx(86,26): error TS18048: 'props.theme.gradients' is possibly 'undefined'.
src/components/ClientDashboard/RevolutionaryClientDashboard.tsx(87,21): error TS18048: 'props.theme.colors' is possibly 'undefined'.
src/components/ClientDashboard/RevolutionaryClientDashboard.tsx(99,56): error TS18048: 'props.theme.colors' is possibly 'undefined'.
src/components/ClientDashboard/RevolutionaryClientDashboard.tsx(100,56): error TS18048: 'props.theme.colors' is possibly 'undefined'.
src/components/ClientDashboard/RevolutionaryClientDashboard.tsx(101,56): error TS18048: 'props.theme.colors' is possibly 'undefined'.
src/components/ClientDashboard/RevolutionaryClientDashboard.tsx(102,57): error TS18048: 'props.theme.colors' is possibly 'undefined'.
src/components/ClientDashboard/RevolutionaryClientDashboard.tsx(103,57): error TS18048: 'props.theme.colors' is possibly 'undefined'.
src/components/ClientDashboard/RevolutionaryClientDashboard.tsx(138,19): error TS2345: Argument of type '(props: ExecutionContext & FastOmit<Omit<HTMLAttributesWithoutMotionProps<HTMLAttributes<HTMLDivElement>, HTMLDivElement> & MotionProps & RefAttributes<...>, "ref"> & { ...; }, never>) => unknown' is not assignable to parameter of type 'Interpolation<FastOmit<Omit<HTMLAttributesWithoutMotionProps<HTMLAttributes<HTMLDivElement>, HTMLDivElement> & MotionProps & RefAttributes<...>, "ref"> & { ...; }, never>>'.
  Type '(props: ExecutionContext & FastOmit<Omit<HTMLAttributesWithoutMotionProps<HTMLAttributes<HTMLDivElement>, HTMLDivElement> & MotionProps & RefAttributes<...>, "ref"> & { ...; }, never>) => unknown' is not assignable to type 'StyleFunction<FastOmit<Omit<HTMLAttributesWithoutMotionProps<HTMLAttributes<HTMLDivElement>, HTMLDivElement> & MotionProps & RefAttributes<...>, "ref"> & { ...; }, never>>'.
    Type 'unknown' is not assignable to type 'Interpolation<FastOmit<Omit<HTMLAttributesWithoutMotionProps<HTMLAttributes<HTMLDivElement>, HTMLDivElement> & MotionProps & RefAttributes<...>, "ref"> & { ...; }, never>>'.
src/components/ClientDashboard/RevolutionaryClientDashboard.tsx(138,28): error TS18048: 'props.theme.gradients' is possibly 'undefined'.
src/components/ClientDashboard/RevolutionaryClientDashboard.tsx(187,19): error TS2345: Argument of type '(props: ExecutionContext & FastOmit<Omit<HTMLAttributesWithoutMotionProps<HTMLAttributes<HTMLDivElement>, HTMLDivElement> & MotionProps & RefAttributes<...>, "ref"> & { ...; }, never>) => unknown' is not assignable to parameter of type 'Interpolation<FastOmit<Omit<HTMLAttributesWithoutMotionProps<HTMLAttributes<HTMLDivElement>, HTMLDivElement> & MotionProps & RefAttributes<...>, "ref"> & { ...; }, never>>'.
  Type '(props: ExecutionContext & FastOmit<Omit<HTMLAttributesWithoutMotionProps<HTMLAttributes<HTMLDivElement>, HTMLDivElement> & MotionProps & RefAttributes<...>, "ref"> & { ...; }, never>) => unknown' is not assignable to type 'StyleFunction<FastOmit<Omit<HTMLAttributesWithoutMotionProps<HTMLAttributes<HTMLDivElement>, HTMLDivElement> & MotionProps & RefAttributes<...>, "ref"> & { ...; }, never>>'.
    Type 'unknown' is not assignable to type 'Interpolation<FastOmit<Omit<HTMLAttributesWithoutMotionProps<HTMLAttributes<HTMLDivElement>, HTMLDivElement> & MotionProps & RefAttributes<...>, "ref"> & { ...; }, never>>'.
src/components/ClientDashboard/RevolutionaryClientDashboard.tsx(187,28): error TS18048: 'props.theme.colors' is possibly 'undefined'.
src/components/ClientDashboard/RevolutionaryClientDashboard.tsx(191,30): error TS18048: 'props.theme.colors' is possibly 'undefined'.
src/components/ClientDashboard/RevolutionaryClientDashboard.tsx(205,25): error TS2339: Property 'top' does not exist on type 'ExecutionContext & FastOmit<Omit<HTMLAttributesWithoutMotionProps<HTMLAttributes<HTMLDivElement>, HTMLDivElement> & MotionProps & RefAttributes<...>, "ref"> & { ...; }, never>'.
src/components/ClientDashboard/RevolutionaryClientDashboard.tsx(206,27): error TS2339: Property 'right' does not exist on type 'ExecutionContext & FastOmit<Omit<HTMLAttributesWithoutMotionProps<HTMLAttributes<HTMLDivElement>, HTMLDivElement> & MotionProps & RefAttributes<...>, "ref"> & { ...; }, never>'.
src/components/ClientDashboard/RevolutionaryClientDashboard.tsx(216,14): error TS2345: Argument of type '(props: ExecutionContext & FastOmit<Omit<HTMLAttributesWithoutMotionProps<HTMLAttributes<HTMLDivElement>, HTMLDivElement> & MotionProps & RefAttributes<...>, "ref"> & { ...; }, never>) => unknown' is not assignable to parameter of type 'Interpolation<FastOmit<Omit<HTMLAttributesWithoutMotionProps<HTMLAttributes<HTMLDivElement>, HTMLDivElement> & MotionProps & RefAttributes<...>, "ref"> & { ...; }, never>>'.
  Type '(props: ExecutionContext & FastOmit<Omit<HTMLAttributesWithoutMotionProps<HTMLAttributes<HTMLDivElement>, HTMLDivElement> & MotionProps & RefAttributes<...>, "ref"> & { ...; }, never>) => unknown' is not assignable to type 'StyleFunction<FastOmit<Omit<HTMLAttributesWithoutMotionProps<HTMLAttributes<HTMLDivElement>, HTMLDivElement> & MotionProps & RefAttributes<...>, "ref"> & { ...; }, never>>'.
    Type 'unknown' is not assignable to type 'Interpolation<FastOmit<Omit<HTMLAttributesWithoutMotionProps<HTMLAttributes<HTMLDivElement>, HTMLDivElement> & MotionProps & RefAttributes<...>, "ref"> & { ...; }, never>>'.
src/components/ClientDashboard/RevolutionaryClientDashboard.tsx(216,23): error TS18048: 'props.theme.colors' is possibly 'undefined'.
src/components/ClientDashboard/RevolutionaryClientDashboard.tsx(218,29): error TS18048: 'props.theme.shadows' is possibly 'undefined'.
src/components/ClientDashboard/RevolutionaryClientDashboard.tsx(218,49): error TS2339: Property 'glow' does not exist on type 'string[] | Record<string, unknown>'.
  Property 'glow' does not exist on type 'string[]'.
src/components/ClientDashboard/RevolutionaryClientDashboard.tsx(241,17): error TS2345: Argument of type '(props: ExecutionContext & FastOmit<Omit<HTMLAttributesWithoutMotionProps<HTMLAttributes<HTMLDivElement>, HTMLDivElement> & MotionProps & RefAttributes<...>, "ref"> & { ...; }, never>) => unknown' is not assignable to parameter of type 'Interpolation<FastOmit<Omit<HTMLAttributesWithoutMotionProps<HTMLAttributes<HTMLDivElement>, HTMLDivElement> & MotionProps & RefAttributes<...>, "ref"> & { ...; }, never>>'.
  Type '(props: ExecutionContext & FastOmit<Omit<HTMLAttributesWithoutMotionProps<HTMLAttributes<HTMLDivElement>, HTMLDivElement> & MotionProps & RefAttributes<...>, "ref"> & { ...; }, never>) => unknown' is not assignable to type 'StyleFunction<FastOmit<Omit<HTMLAttributesWithoutMotionProps<HTMLAttributes<HTMLDivElement>, HTMLDivElement> & MotionProps & RefAttributes<...>, "ref"> & { ...; }, never>>'.
    Type 'unknown' is not assignable to type 'Interpolation<FastOmit<Omit<HTMLAttributesWithoutMotionProps<HTMLAttributes<HTMLDivElement>, HTMLDivElement> & MotionProps & RefAttributes<...>, "ref"> & { ...; }, never>>'.
src/components/ClientDashboard/RevolutionaryClientDashboard.tsx(241,26): error TS18048: 'props.theme.colors' is possibly 'undefined'.
src/components/ClientDashboard/RevolutionaryClientDashboard.tsx(355,11): error TS2769: No overload matches this call.
  Overload 1 of 2, '(props: PolymorphicComponentProps<"web", FastOmit<Omit<HTMLAttributesWithoutMotionProps<HTMLAttributes<HTMLDivElement>, HTMLDivElement> & MotionProps & RefAttributes<...>, "ref"> & { ...; }, never>, void, void, {}, {}>): Element', gave the following error.
    Type '{ top: string; right: string; animate: { rotate: number; }; transition: { duration: number; repeat: number; ease: "linear"; }; }' is not assignable to type 'IntrinsicAttributes & FastOmit<Substitute<FastOmit<Omit<HTMLAttributesWithoutMotionProps<HTMLAttributes<HTMLDivElement>, HTMLDivElement> & MotionProps & RefAttributes<...>, "ref"> & { ...; }, never>, FastOmit<...>>, keyof ExecutionProps> & FastOmit<...> & { ...; }'.
      Property 'top' does not exist on type 'IntrinsicAttributes & FastOmit<Substitute<FastOmit<Omit<HTMLAttributesWithoutMotionProps<HTMLAttributes<HTMLDivElement>, HTMLDivElement> & MotionProps & RefAttributes<...>, "ref"> & { ...; }, never>, FastOmit<...>>, keyof ExecutionProps> & FastOmit<...> & { ...; }'.
  Overload 2 of 2, '(props: FastOmit<Omit<HTMLAttributesWithoutMotionProps<HTMLAttributes<HTMLDivElement>, HTMLDivElement> & MotionProps & RefAttributes<...>, "ref"> & { ...; }, never>): ReactNode', gave the following error.
    Type '{ top: string; right: string; animate: { rotate: number; }; transition: { duration: number; repeat: number; ease: "linear"; }; }' is not assignable to type 'IntrinsicAttributes & FastOmit<Omit<HTMLAttributesWithoutMotionProps<HTMLAttributes<HTMLDivElement>, HTMLDivElement> & MotionProps & RefAttributes<...>, "ref"> & { ...; }, never>'.
      Property 'top' does not exist on type 'IntrinsicAttributes & FastOmit<Omit<HTMLAttributesWithoutMotionProps<HTMLAttributes<HTMLDivElement>, HTMLDivElement> & MotionProps & RefAttributes<...>, "ref"> & { ...; }, never>'.
src/components/ClientDashboard/RevolutionaryClientDashboard.tsx(361,11): error TS2769: No overload matches this call.
  Overload 1 of 2, '(props: PolymorphicComponentProps<"web", FastOmit<Omit<HTMLAttributesWithoutMotionProps<HTMLAttributes<HTMLDivElement>, HTMLDivElement> & MotionProps & RefAttributes<...>, "ref"> & { ...; }, never>, void, void, {}, {}>): Element', gave the following error.
    Type '{ top: string; right: string; animate: { rotate: number; }; transition: { duration: number; repeat: number; ease: "linear"; }; }' is not assignable to type 'IntrinsicAttributes & FastOmit<Substitute<FastOmit<Omit<HTMLAttributesWithoutMotionProps<HTMLAttributes<HTMLDivElement>, HTMLDivElement> & MotionProps & RefAttributes<...>, "ref"> & { ...; }, never>, FastOmit<...>>, keyof ExecutionProps> & FastOmit<...> & { ...; }'.
      Property 'top' does not exist on type 'IntrinsicAttributes & FastOmit<Substitute<FastOmit<Omit<HTMLAttributesWithoutMotionProps<HTMLAttributes<HTMLDivElement>, HTMLDivElement> & MotionProps & RefAttributes<...>, "ref"> & { ...; }, never>, FastOmit<...>>, keyof ExecutionProps> & FastOmit<...> & { ...; }'.
  Overload 2 of 2, '(props: FastOmit<Omit<HTMLAttributesWithoutMotionProps<HTMLAttributes<HTMLDivElement>, HTMLDivElement> & MotionProps & RefAttributes<...>, "ref"> & { ...; }, never>): ReactNode', gave the following error.
    Type '{ top: string; right: string; animate: { rotate: number; }; transition: { duration: number; repeat: number; ease: "linear"; }; }' is not assignable to type 'IntrinsicAttributes & FastOmit<Omit<HTMLAttributesWithoutMotionProps<HTMLAttributes<HTMLDivElement>, HTMLDivElement> & MotionProps & RefAttributes<...>, "ref"> & { ...; }, never>'.
      Property 'top' does not exist on type 'IntrinsicAttributes & FastOmit<Omit<HTMLAttributesWithoutMotionProps<HTMLAttributes<HTMLDivElement>, HTMLDivElement> & MotionProps & RefAttributes<...>, "ref"> & { ...; }, never>'.
src/components/ClientDashboard/SafeMainContent.tsx(37,24): error TS7006: Parameter 'props' implicitly has an 'any' type.
src/components/ClientDashboard/SafeMainContent.tsx(37,31): error TS7006: Parameter 'path' implicitly has an 'any' type.
src/components/ClientDashboard/SafeMainContent.tsx(37,37): error TS7006: Parameter 'fallback' implicitly has an 'any' type.
src/components/ClientDashboard/SafeMainContent.tsx(59,34): error TS18046: 'error' is of type 'unknown'.
src/components/ClientDashboard/sections/CreativeHubSection.tsx(126,23): error TS2322: Type '"secondary"' is not assignable to type 'GlowButtonColorScheme | undefined'.
src/components/ClientDashboard/sections/CreativeHubSection.tsx(129,23): error TS2322: Type '"info"' is not assignable to type 'GlowButtonColorScheme | undefined'.
src/components/ClientDashboard/sections/CreativeHubSection.tsx(176,21): error TS2322: Type '"secondary"' is not assignable to type 'GlowButtonColorScheme | undefined'.
src/components/ClientDashboard/sections/EnhancedMyWorkoutsSection.tsx(20,25): error TS2307: Cannot find module '../../context/AuthContext' or its corresponding type declarations.
src/components/ClientDashboard/sections/EnhancedMyWorkoutsSection.tsx(21,89): error TS2307: Cannot find module '../../hooks/useWorkoutMcp' or its corresponding type declarations.
src/components/ClientDashboard/sections/EnhancedMyWorkoutsSection.tsx(957,50): error TS7006: Parameter 'ex' implicitly has an 'any' type.
src/components/ClientDashboard/sections/EnhancedMyWorkoutsSection.tsx(957,54): error TS7006: Parameter 'index' implicitly has an 'any' type.
src/components/ClientDashboard/sections/EnhancedMyWorkoutsSection.tsx(1052,35): error TS7006: Parameter 'day' implicitly has an 'any' type.
src/components/ClientDashboard/sections/EnhancedMyWorkoutsSection.tsx(1052,40): error TS7006: Parameter 'index' implicitly has an 'any' type.
src/components/ClientDashboard/sections/EnhancedMyWorkoutsSection.tsx(1073,40): error TS7006: Parameter 'ex' implicitly has an 'any' type.
src/components/ClientDashboard/sections/EnhancedMyWorkoutsSection.tsx(1073,44): error TS7006: Parameter 'exIndex' implicitly has an 'any' type.
src/components/ClientDashboard/sections/ProfileSection.tsx(231,21): error TS2322: Type '"success"' is not assignable to type 'GlowButtonColorScheme | undefined'.
src/components/ClientDashboard/sections/ProfileSection.tsx(238,21): error TS2322: Type '"warning"' is not assignable to type 'GlowButtonColorScheme | undefined'.
src/components/ClientDashboard/sections/ProfileSection.tsx(338,33): error TS2322: Type '"secondary"' is not assignable to type 'GlowButtonColorScheme | undefined'.
src/components/ClientDashboard/sections/ProfileSection.tsx(352,23): error TS2322: Type '"secondary"' is not assignable to type 'GlowButtonColorScheme | undefined'.
src/components/ClientDashboard/sections/ProfileSection.tsx(355,23): error TS2322: Type '"secondary"' is not assignable to type 'GlowButtonColorScheme | undefined'.
src/components/ClientDashboard/sections/ProfileSection.tsx(358,23): error TS2322: Type '"secondary"' is not assignable to type 'GlowButtonColorScheme | undefined'.
src/components/ClientDashboard/sections/ProfileSection.tsx(361,23): error TS2322: Type '"secondary"' is not assignable to type 'GlowButtonColorScheme | undefined'.
src/components/ClientDashboard/sections/SettingsSection.tsx(328,31): error TS7006: Parameter 'category' implicitly has an 'any' type.
src/components/ClientDashboard/sections/SettingsSection.tsx(328,41): error TS7006: Parameter 'setting' implicitly has an 'any' type.
src/components/ClientDashboard/sections/SettingsSection.tsx(328,54): error TS7006: Parameter 'event' implicitly has an 'any' type.
src/components/ClientDashboard/sections/SettingsSection.tsx(332,12): error TS7053: Element implicitly has an 'any' type because expression of type 'any' can't be used to index type '{ notifications: { email: boolean; push: boolean; sms: boolean; workout: boolean; achievement: boolean; community: boolean; marketing: boolean; }; privacy: { profileVisibility: string; showActivity: boolean; showProgress: boolean; allowMessages: boolean; }; appearance: { ...; }; accessibility: { ...; }; }'.
src/components/ClientDashboard/sections/SettingsSection.tsx(338,31): error TS7006: Parameter 'category' implicitly has an 'any' type.
src/components/ClientDashboard/sections/SettingsSection.tsx(338,41): error TS7006: Parameter 'setting' implicitly has an 'any' type.
src/components/ClientDashboard/sections/SettingsSection.tsx(338,54): error TS7006: Parameter 'event' implicitly has an 'any' type.
src/components/ClientDashboard/sections/SettingsSection.tsx(342,12): error TS7053: Element implicitly has an 'any' type because expression of type 'any' can't be used to index type '{ notifications: { email: boolean; push: boolean; sms: boolean; workout: boolean; achievement: boolean; community: boolean; marketing: boolean; }; privacy: { profileVisibility: string; showActivity: boolean; showProgress: boolean; allowMessages: boolean; }; appearance: { ...; }; accessibility: { ...; }; }'.
src/components/ClientDashboard/sections/SettingsSection.tsx(348,31): error TS7006: Parameter 'category' implicitly has an 'any' type.
src/components/ClientDashboard/sections/SettingsSection.tsx(348,41): error TS7006: Parameter 'setting' implicitly has an 'any' type.
src/components/ClientDashboard/sections/SettingsSection.tsx(348,54): error TS7006: Parameter 'event' implicitly has an 'any' type.
src/components/ClientDashboard/sections/SettingsSection.tsx(348,61): error TS7006: Parameter 'newValue' implicitly has an 'any' type.
src/components/ClientDashboard/sections/SettingsSection.tsx(352,12): error TS7053: Element implicitly has an 'any' type because expression of type 'any' can't be used to index type '{ notifications: { email: boolean; push: boolean; sms: boolean; workout: boolean; achievement: boolean; community: boolean; marketing: boolean; }; privacy: { profileVisibility: string; showActivity: boolean; showProgress: boolean; allowMessages: boolean; }; appearance: { ...; }; accessibility: { ...; }; }'.
src/components/ClientDashboard/sections/SettingsSection.tsx(538,11): error TS2322: Type '"warning"' is not assignable to type 'GlowButtonColorScheme | undefined'.
src/components/ClientDashboard/Sidebar.tsx(8,23): error TS2345: Argument of type '({ theme }: ExecutionContext & FastOmit<DetailedHTMLProps<HTMLAttributes<HTMLElement>, HTMLElement>, never>) => unknown' is not assignable to parameter of type 'Interpolation<FastOmit<DetailedHTMLProps<HTMLAttributes<HTMLElement>, HTMLElement>, never>>'.
  Type '({ theme }: ExecutionContext & FastOmit<DetailedHTMLProps<HTMLAttributes<HTMLElement>, HTMLElement>, never>) => unknown' is not assignable to type 'StyleFunction<FastOmit<DetailedHTMLProps<HTMLAttributes<HTMLElement>, HTMLElement>, never>>'.
    Type 'unknown' is not assignable to type 'Interpolation<FastOmit<DetailedHTMLProps<HTMLAttributes<HTMLElement>, HTMLElement>, never>>'.
src/components/ClientDashboard/Sidebar.tsx(8,38): error TS18048: 'theme.colors' is possibly 'undefined'.
src/components/ClientDashboard/Sidebar.tsx(31,17): error TS2345: Argument of type '({ theme }: ExecutionContext & FastOmit<DetailedHTMLProps<HTMLAttributes<HTMLDivElement>, HTMLDivElement>, never>) => unknown' is not assignable to parameter of type 'Interpolation<FastOmit<DetailedHTMLProps<HTMLAttributes<HTMLDivElement>, HTMLDivElement>, never>>'.
  Type '({ theme }: ExecutionContext & FastOmit<DetailedHTMLProps<HTMLAttributes<HTMLDivElement>, HTMLDivElement>, never>) => unknown' is not assignable to type 'StyleFunction<FastOmit<DetailedHTMLProps<HTMLAttributes<HTMLDivElement>, HTMLDivElement>, never>>'.
    Type 'unknown' is not assignable to type 'Interpolation<FastOmit<DetailedHTMLProps<HTMLAttributes<HTMLDivElement>, HTMLDivElement>, never>>'.
src/components/ClientDashboard/Sidebar.tsx(31,32): error TS18048: 'theme.colors' is possibly 'undefined'.
src/components/ClientDashboard/Sidebar.tsx(32,27): error TS18048: 'theme.colors' is possibly 'undefined'.
src/components/ClientDashboard/Sidebar.tsx(60,23): error TS2345: Argument of type '({ isActive, theme }: ExecutionContext & FastOmit<Omit<HTMLAttributesWithoutMotionProps<ButtonHTMLAttributes<HTMLButtonElement>, HTMLButtonElement> & MotionProps & RefAttributes<...>, "ref"> & { ...; }, "isActive"> & { ...; }) => unknown' is not assignable to parameter of type 'Interpolation<Substitute<Omit<HTMLAttributesWithoutMotionProps<ButtonHTMLAttributes<HTMLButtonElement>, HTMLButtonElement> & MotionProps & RefAttributes<...>, "ref"> & { ...; }, { ...; }>>'.
  Type '({ isActive, theme }: ExecutionContext & FastOmit<Omit<HTMLAttributesWithoutMotionProps<ButtonHTMLAttributes<HTMLButtonElement>, HTMLButtonElement> & MotionProps & RefAttributes<...>, "ref"> & { ...; }, "isActive"> & { ...; }) => unknown' is not assignable to type 'StyleFunction<Substitute<Omit<HTMLAttributesWithoutMotionProps<ButtonHTMLAttributes<HTMLButtonElement>, HTMLButtonElement> & MotionProps & RefAttributes<...>, "ref"> & { ...; }, { ...; }>>'.
    Type 'unknown' is not assignable to type 'Interpolation<Substitute<Omit<HTMLAttributesWithoutMotionProps<ButtonHTMLAttributes<HTMLButtonElement>, HTMLButtonElement> & MotionProps & RefAttributes<...>, "ref"> & { ...; }, { ...; }>>'.
src/components/ClientDashboard/Sidebar.tsx(61,16): error TS18048: 'theme.colors' is possibly 'undefined'.
src/components/ClientDashboard/Sidebar.tsx(63,16): error TS18048: 'theme.colors' is possibly 'undefined'.
src/components/ClientDashboard/Sidebar.tsx(63,43): error TS18048: 'theme.colors' is possibly 'undefined'.
src/components/ClientDashboard/Sidebar.tsx(71,40): error TS18048: 'theme.colors' is possibly 'undefined'.
src/components/ClientDashboard/Sidebar.tsx(72,29): error TS18048: 'theme.colors' is possibly 'undefined'.
src/components/ClientDashboard/StellarSidebar.config.ts(28,26): error TS2322: Type 'LucideIcon' is not assignable to type 'ComponentType<{ size?: number | undefined; }>'.
  Type 'ForwardRefExoticComponent<LucideProps>' is not assignable to type 'FunctionComponent<{ size?: number | undefined; }>'.
    Types of property 'propTypes' are incompatible.
      Type 'WeakValidationMap<LucideProps> | undefined' is not assignable to type 'WeakValidationMap<{ size?: number | undefined; }> | undefined'.
        Type 'WeakValidationMap<LucideProps>' is not assignable to type 'WeakValidationMap<{ size?: number | undefined; }>'.
          Types of property 'size' are incompatible.
            Type 'Validator<string | number | null | undefined> | undefined' is not assignable to type 'Validator<number | null | undefined> | undefined'.
              Type 'Validator<string | number | null | undefined>' is not assignable to type 'Validator<number | null | undefined>'.
                Type 'string | number | null | undefined' is not assignable to type 'number | null | undefined'.
                  Type 'string' is not assignable to type 'number'.
src/components/ClientDashboard/StellarSidebar.config.ts(29,26): error TS2322: Type 'LucideIcon' is not assignable to type 'ComponentType<{ size?: number | undefined; }>'.
  Type 'ForwardRefExoticComponent<LucideProps>' is not assignable to type 'FunctionComponent<{ size?: number | undefined; }>'.
    Types of property 'propTypes' are incompatible.
      Type 'WeakValidationMap<LucideProps> | undefined' is not assignable to type 'WeakValidationMap<{ size?: number | undefined; }> | undefined'.
        Type 'WeakValidationMap<LucideProps>' is not assignable to type 'WeakValidationMap<{ size?: number | undefined; }>'.
          Types of property 'size' are incompatible.
            Type 'Validator<string | number | null | undefined> | undefined' is not assignable to type 'Validator<number | null | undefined> | undefined'.
              Type 'Validator<string | number | null | undefined>' is not assignable to type 'Validator<number | null | undefined>'.
                Type 'string | number | null | undefined' is not assignable to type 'number | null | undefined'.
                  Type 'string' is not assignable to type 'number'.
src/components/ClientDashboard/StellarSidebar.config.ts(30,32): error TS2322: Type 'LucideIcon' is not assignable to type 'ComponentType<{ size?: number | undefined; }>'.
  Type 'ForwardRefExoticComponent<LucideProps>' is not assignable to type 'FunctionComponent<{ size?: number | undefined; }>'.
    Types of property 'propTypes' are incompatible.
      Type 'WeakValidationMap<LucideProps> | undefined' is not assignable to type 'WeakValidationMap<{ size?: number | undefined; }> | undefined'.
        Type 'WeakValidationMap<LucideProps>' is not assignable to type 'WeakValidationMap<{ size?: number | undefined; }>'.
          Types of property 'size' are incompatible.
            Type 'Validator<string | number | null | undefined> | undefined' is not assignable to type 'Validator<number | null | undefined> | undefined'.
              Type 'Validator<string | number | null | undefined>' is not assignable to type 'Validator<number | null | undefined>'.
                Type 'string | number | null | undefined' is not assignable to type 'number | null | undefined'.
                  Type 'string' is not assignable to type 'number'.
src/components/ClientDashboard/StellarSidebar.config.ts(31,29): error TS2322: Type 'LucideIcon' is not assignable to type 'ComponentType<{ size?: number | undefined; }>'.
  Type 'ForwardRefExoticComponent<LucideProps>' is not assignable to type 'FunctionComponent<{ size?: number | undefined; }>'.
    Types of property 'propTypes' are incompatible.
      Type 'WeakValidationMap<LucideProps> | undefined' is not assignable to type 'WeakValidationMap<{ size?: number | undefined; }> | undefined'.
        Type 'WeakValidationMap<LucideProps>' is not assignable to type 'WeakValidationMap<{ size?: number | undefined; }>'.
          Types of property 'size' are incompatible.
            Type 'Validator<string | number | null | undefined> | undefined' is not assignable to type 'Validator<number | null | undefined> | undefined'.
              Type 'Validator<string | number | null | undefined>' is not assignable to type 'Validator<number | null | undefined>'.
                Type 'string | number | null | undefined' is not assignable to type 'number | null | undefined'.
                  Type 'string' is not assignable to type 'number'.
src/components/ClientDashboard/StellarSidebar.config.ts(32,24): error TS2322: Type 'LucideIcon' is not assignable to type 'ComponentType<{ size?: number | undefined; }>'.
  Type 'ForwardRefExoticComponent<LucideProps>' is not assignable to type 'FunctionComponent<{ size?: number | undefined; }>'.
    Types of property 'propTypes' are incompatible.
      Type 'WeakValidationMap<LucideProps> | undefined' is not assignable to type 'WeakValidationMap<{ size?: number | undefined; }> | undefined'.
        Type 'WeakValidationMap<LucideProps>' is not assignable to type 'WeakValidationMap<{ size?: number | undefined; }>'.
          Types of property 'size' are incompatible.
            Type 'Validator<string | number | null | undefined> | undefined' is not assignable to type 'Validator<number | null | undefined> | undefined'.
              Type 'Validator<string | number | null | undefined>' is not assignable to type 'Validator<number | null | undefined>'.
                Type 'string | number | null | undefined' is not assignable to type 'number | null | undefined'.
                  Type 'string' is not assignable to type 'number'.
src/components/ClientDashboard/StellarSidebar.config.ts(33,24): error TS2322: Type 'LucideIcon' is not assignable to type 'ComponentType<{ size?: number | undefined; }>'.
  Type 'ForwardRefExoticComponent<LucideProps>' is not assignable to type 'FunctionComponent<{ size?: number | undefined; }>'.
    Types of property 'propTypes' are incompatible.
      Type 'WeakValidationMap<LucideProps> | undefined' is not assignable to type 'WeakValidationMap<{ size?: number | undefined; }> | undefined'.
        Type 'WeakValidationMap<LucideProps>' is not assignable to type 'WeakValidationMap<{ size?: number | undefined; }>'.
          Types of property 'size' are incompatible.
            Type 'Validator<string | number | null | undefined> | undefined' is not assignable to type 'Validator<number | null | undefined> | undefined'.
              Type 'Validator<string | number | null | undefined>' is not assignable to type 'Validator<number | null | undefined>'.
                Type 'string | number | null | undefined' is not assignable to type 'number | null | undefined'.
                  Type 'string' is not assignable to type 'number'.
src/components/ClientDashboard/StellarSidebar.config.ts(34,28): error TS2322: Type 'LucideIcon' is not assignable to type 'ComponentType<{ size?: number | undefined; }>'.
  Type 'ForwardRefExoticComponent<LucideProps>' is not assignable to type 'FunctionComponent<{ size?: number | undefined; }>'.
    Types of property 'propTypes' are incompatible.
      Type 'WeakValidationMap<LucideProps> | undefined' is not assignable to type 'WeakValidationMap<{ size?: number | undefined; }> | undefined'.
        Type 'WeakValidationMap<LucideProps>' is not assignable to type 'WeakValidationMap<{ size?: number | undefined; }>'.
          Types of property 'size' are incompatible.
            Type 'Validator<string | number | null | undefined> | undefined' is not assignable to type 'Validator<number | null | undefined> | undefined'.
              Type 'Validator<string | number | null | undefined>' is not assignable to type 'Validator<number | null | undefined>'.
                Type 'string | number | null | undefined' is not assignable to type 'number | null | undefined'.
                  Type 'string' is not assignable to type 'number'.
src/components/ClientDashboard/StellarSidebar.styles.ts(95,17): error TS2345: Argument of type '(props: ExecutionContext & FastOmit<Omit<HTMLAttributesWithoutMotionProps<HTMLAttributes<HTMLElement>, HTMLElement> & MotionProps & RefAttributes<...>, "ref"> & { ...; }, "isMobile" | "isCollapsed"> & { ...; }) => unknown' is not assignable to parameter of type 'Interpolation<Substitute<Omit<HTMLAttributesWithoutMotionProps<HTMLAttributes<HTMLElement>, HTMLElement> & MotionProps & RefAttributes<...>, "ref"> & { ...; }, { ...; }>>'.
  Type '(props: ExecutionContext & FastOmit<Omit<HTMLAttributesWithoutMotionProps<HTMLAttributes<HTMLElement>, HTMLElement> & MotionProps & RefAttributes<...>, "ref"> & { ...; }, "isMobile" | "isCollapsed"> & { ...; }) => unknown' is not assignable to type 'StyleFunction<Substitute<Omit<HTMLAttributesWithoutMotionProps<HTMLAttributes<HTMLElement>, HTMLElement> & MotionProps & RefAttributes<...>, "ref"> & { ...; }, { ...; }>>'.
    Type 'unknown' is not assignable to type 'Interpolation<Substitute<Omit<HTMLAttributesWithoutMotionProps<HTMLAttributes<HTMLElement>, HTMLElement> & MotionProps & RefAttributes<...>, "ref"> & { ...; }, { ...; }>>'.
src/components/ClientDashboard/StellarSidebar.styles.ts(95,26): error TS18048: 'props.theme.gradients' is possibly 'undefined'.
src/components/ClientDashboard/StellarSidebar.styles.ts(130,28): error TS18048: 'props.theme.gradients' is possibly 'undefined'.
src/components/ClientDashboard/StellarSidebar.styles.ts(142,28): error TS18048: 'props.theme.shadows' is possibly 'undefined'.
src/components/ClientDashboard/StellarSidebar.styles.ts(142,48): error TS2339: Property 'cosmic' does not exist on type 'string[] | Record<string, unknown>'.
  Property 'cosmic' does not exist on type 'string[]'.
src/components/ClientDashboard/StellarSidebar.styles.ts(155,28): error TS18048: 'props.theme.gradients' is possibly 'undefined'.
src/components/ClientDashboard/StellarSidebar.styles.ts(159,30): error TS18048: 'props.theme.colors' is possibly 'undefined'.
src/components/ClientDashboard/StellarSidebar.styles.ts(185,19): error TS2345: Argument of type '(props: ExecutionContext & FastOmit<Omit<HTMLAttributesWithoutMotionProps<HTMLAttributes<HTMLDivElement>, HTMLDivElement> & MotionProps & RefAttributes<...>, "ref"> & { ...; }, "isCollapsed"> & { ...; }) => unknown' is not assignable to parameter of type 'Interpolation<Substitute<Omit<HTMLAttributesWithoutMotionProps<HTMLAttributes<HTMLDivElement>, HTMLDivElement> & MotionProps & RefAttributes<...>, "ref"> & { ...; }, { ...; }>>'.
  Type '(props: ExecutionContext & FastOmit<Omit<HTMLAttributesWithoutMotionProps<HTMLAttributes<HTMLDivElement>, HTMLDivElement> & MotionProps & RefAttributes<...>, "ref"> & { ...; }, "isCollapsed"> & { ...; }) => unknown' is not assignable to type 'StyleFunction<Substitute<Omit<HTMLAttributesWithoutMotionProps<HTMLAttributes<HTMLDivElement>, HTMLDivElement> & MotionProps & RefAttributes<...>, "ref"> & { ...; }, { ...; }>>'.
    Type 'unknown' is not assignable to type 'Interpolation<Substitute<Omit<HTMLAttributesWithoutMotionProps<HTMLAttributes<HTMLDivElement>, HTMLDivElement> & MotionProps & RefAttributes<...>, "ref"> & { ...; }, { ...; }>>'.
src/components/ClientDashboard/StellarSidebar.styles.ts(185,28): error TS18048: 'props.theme.gradients' is possibly 'undefined'.
src/components/ClientDashboard/StellarSidebar.styles.ts(189,28): error TS18048: 'props.theme.shadows' is possibly 'undefined'.
src/components/ClientDashboard/StellarSidebar.styles.ts(189,48): error TS2339: Property 'stellar' does not exist on type 'string[] | Record<string, unknown>'.
  Property 'stellar' does not exist on type 'string[]'.
src/components/ClientDashboard/StellarSidebar.styles.ts(198,25): error TS18048: 'props.theme.colors' is possibly 'undefined'.
src/components/ClientDashboard/StellarSidebar.styles.ts(207,25): error TS18048: 'props.theme.colors' is possibly 'undefined'.
src/components/ClientDashboard/StellarSidebar.styles.ts(216,28): error TS18048: 'props.theme.gradients' is possibly 'undefined'.
src/components/ClientDashboard/StellarSidebar.styles.ts(232,12): error TS2345: Argument of type '(props: ExecutionContext & FastOmit<Omit<HTMLAttributesWithoutMotionProps<ButtonHTMLAttributes<HTMLButtonElement>, HTMLButtonElement> & MotionProps & RefAttributes<...>, "ref"> & { ...; }, "isCollapsed"> & { ...; }) => unknown' is not assignable to parameter of type 'Interpolation<Substitute<Omit<HTMLAttributesWithoutMotionProps<ButtonHTMLAttributes<HTMLButtonElement>, HTMLButtonElement> & MotionProps & RefAttributes<...>, "ref"> & { ...; }, { ...; }>>'.
  Type '(props: ExecutionContext & FastOmit<Omit<HTMLAttributesWithoutMotionProps<ButtonHTMLAttributes<HTMLButtonElement>, HTMLButtonElement> & MotionProps & RefAttributes<...>, "ref"> & { ...; }, "isCollapsed"> & { ...; }) => unknown' is not assignable to type 'StyleFunction<Substitute<Omit<HTMLAttributesWithoutMotionProps<ButtonHTMLAttributes<HTMLButtonElement>, HTMLButtonElement> & MotionProps & RefAttributes<...>, "ref"> & { ...; }, { ...; }>>'.
    Type 'unknown' is not assignable to type 'Interpolation<Substitute<Omit<HTMLAttributesWithoutMotionProps<ButtonHTMLAttributes<HTMLButtonElement>, HTMLButtonElement> & MotionProps & RefAttributes<...>, "ref"> & { ...; }, { ...; }>>'.
src/components/ClientDashboard/StellarSidebar.styles.ts(232,21): error TS18048: 'props.theme.colors' is possibly 'undefined'.
src/components/ClientDashboard/StellarSidebar.styles.ts(242,28): error TS18048: 'props.theme.shadows' is possibly 'undefined'.
src/components/ClientDashboard/StellarSidebar.styles.ts(242,48): error TS2339: Property 'glow' does not exist on type 'string[] | Record<string, unknown>'.
  Property 'glow' does not exist on type 'string[]'.
src/components/ClientDashboard/StellarSidebar.styles.ts(247,35): error TS18048: 'props.theme.colors' is possibly 'undefined'.
src/components/ClientDashboard/StellarSidebar.styles.ts(266,12): error TS2345: Argument of type '(props: ExecutionContext & FastOmit<Omit<HTMLAttributesWithoutMotionProps<HTMLAttributes<HTMLHeadingElement>, HTMLHeadingElement> & MotionProps & RefAttributes<...>, "ref"> & { ...; }, "isCollapsed"> & { ...; }) => unknown' is not assignable to parameter of type 'Interpolation<Substitute<Omit<HTMLAttributesWithoutMotionProps<HTMLAttributes<HTMLHeadingElement>, HTMLHeadingElement> & MotionProps & RefAttributes<...>, "ref"> & { ...; }, { ...; }>>'.
  Type '(props: ExecutionContext & FastOmit<Omit<HTMLAttributesWithoutMotionProps<HTMLAttributes<HTMLHeadingElement>, HTMLHeadingElement> & MotionProps & RefAttributes<...>, "ref"> & { ...; }, "isCollapsed"> & { ...; }) => unknown' is not assignable to type 'StyleFunction<Substitute<Omit<HTMLAttributesWithoutMotionProps<HTMLAttributes<HTMLHeadingElement>, HTMLHeadingElement> & MotionProps & RefAttributes<...>, "ref"> & { ...; }, { ...; }>>'.
    Type 'unknown' is not assignable to type 'Interpolation<Substitute<Omit<HTMLAttributesWithoutMotionProps<HTMLAttributes<HTMLHeadingElement>, HTMLHeadingElement> & MotionProps & RefAttributes<...>, "ref"> & { ...; }, { ...; }>>'.
src/components/ClientDashboard/StellarSidebar.styles.ts(266,21): error TS18048: 'props.theme.colors' is possibly 'undefined'.
src/components/ClientDashboard/StellarSidebar.styles.ts(279,23): error TS18048: 'props.theme.colors' is possibly 'undefined'.
src/components/ClientDashboard/StellarSidebar.styles.ts(323,28): error TS2345: Argument of type '(props: ExecutionContext & FastOmit<Omit<HTMLAttributesWithoutMotionProps<ButtonHTMLAttributes<HTMLButtonElement>, HTMLButtonElement> & MotionProps & RefAttributes<...>, "ref"> & { ...; }, "isActive" | "isCollapsed"> & { ...; }) => unknown' is not assignable to parameter of type 'Interpolation<Substitute<Omit<HTMLAttributesWithoutMotionProps<ButtonHTMLAttributes<HTMLButtonElement>, HTMLButtonElement> & MotionProps & RefAttributes<...>, "ref"> & { ...; }, { ...; }>>'.
  Type '(props: ExecutionContext & FastOmit<Omit<HTMLAttributesWithoutMotionProps<ButtonHTMLAttributes<HTMLButtonElement>, HTMLButtonElement> & MotionProps & RefAttributes<...>, "ref"> & { ...; }, "isActive" | "isCollapsed"> & { ...; }) => unknown' is not assignable to type 'StyleFunction<Substitute<Omit<HTMLAttributesWithoutMotionProps<ButtonHTMLAttributes<HTMLButtonElement>, HTMLButtonElement> & MotionProps & RefAttributes<...>, "ref"> & { ...; }, { ...; }>>'.
    Type 'unknown' is not assignable to type 'Interpolation<Substitute<Omit<HTMLAttributesWithoutMotionProps<ButtonHTMLAttributes<HTMLButtonElement>, HTMLButtonElement> & MotionProps & RefAttributes<...>, "ref"> & { ...; }, { ...; }>>'.
src/components/ClientDashboard/StellarSidebar.styles.ts(323,55): error TS18048: 'props.theme.colors' is possibly 'undefined'.
src/components/ClientDashboard/StellarSidebar.styles.ts(324,39): error TS18048: 'props.theme.colors' is possibly 'undefined'.
src/components/ClientDashboard/StellarSidebar.styles.ts(344,23): error TS2769: No overload matches this call.
  Overload 1 of 2, '(styles: Styles<object>, ...interpolations: Interpolation<object>[]): RuleSet<object>', gave the following error.
    Argument of type '(props: ExecutionContext & object) => unknown' is not assignable to parameter of type 'Interpolation<object>'.
      Type '(props: ExecutionContext & object) => unknown' is not assignable to type 'StyleFunction<object>'.
        Type 'unknown' is not assignable to type 'Interpolation<object>'.
  Overload 2 of 2, '(styles: Styles<object>, ...interpolations: Interpolation<object>[]): RuleSet<object>', gave the following error.
    Argument of type '(props: ExecutionContext & object) => unknown' is not assignable to parameter of type 'Interpolation<object>'.
      Type '(props: ExecutionContext & object) => unknown' is not assignable to type 'StyleFunction<object>'.
        Type 'unknown' is not assignable to type 'Interpolation<object>'.
src/components/ClientDashboard/StellarSidebar.styles.ts(344,32): error TS18048: 'props.theme.gradients' is possibly 'undefined'.
src/components/ClientDashboard/StellarSidebar.styles.ts(366,20): error TS2769: No overload matches this call.
  Overload 1 of 2, '(styles: Styles<object>, ...interpolations: Interpolation<object>[]): RuleSet<object>', gave the following error.
    Argument of type '(props: ExecutionContext & object) => unknown' is not assignable to parameter of type 'Interpolation<object>'.
      Type '(props: ExecutionContext & object) => unknown' is not assignable to type 'StyleFunction<object>'.
        Type 'unknown' is not assignable to type 'Interpolation<object>'.
  Overload 2 of 2, '(styles: Styles<object>, ...interpolations: Interpolation<object>[]): RuleSet<object>', gave the following error.
    Argument of type '(props: ExecutionContext & object) => unknown' is not assignable to parameter of type 'Interpolation<object>'.
      Type '(props: ExecutionContext & object) => unknown' is not assignable to type 'StyleFunction<object>'.
        Type 'unknown' is not assignable to type 'Interpolation<object>'.
src/components/ClientDashboard/StellarSidebar.styles.ts(366,29): error TS18048: 'props.theme.colors' is possibly 'undefined'.
src/components/ClientDashboard/StellarSidebar.styles.ts(394,23): error TS18048: 'props.theme.colors' is possibly 'undefined'.
src/components/ClientDashboard/StellarSidebar.styles.ts(403,28): error TS18048: 'props.theme.shadows' is possibly 'undefined'.
src/components/ClientDashboard/StellarSidebar.styles.ts(403,48): error TS2339: Property 'stellar' does not exist on type 'string[] | Record<string, unknown>'.
  Property 'stellar' does not exist on type 'string[]'.
src/components/ClientDashboard/StellarSidebar.styles.ts(437,35): error TS18048: 'props.theme.colors' is possibly 'undefined'.
src/components/ClientDashboard/StellarSidebar.styles.ts(460,14): error TS2345: Argument of type '(props: ExecutionContext & FastOmit<Omit<HTMLAttributesWithoutMotionProps<HTMLAttributes<HTMLDivElement>, HTMLDivElement> & MotionProps & RefAttributes<...>, "ref"> & { ...; }, "isCollapsed"> & { ...; }) => unknown' is not assignable to parameter of type 'Interpolation<Substitute<Omit<HTMLAttributesWithoutMotionProps<HTMLAttributes<HTMLDivElement>, HTMLDivElement> & MotionProps & RefAttributes<...>, "ref"> & { ...; }, { ...; }>>'.
  Type '(props: ExecutionContext & FastOmit<Omit<HTMLAttributesWithoutMotionProps<HTMLAttributes<HTMLDivElement>, HTMLDivElement> & MotionProps & RefAttributes<...>, "ref"> & { ...; }, "isCollapsed"> & { ...; }) => unknown' is not assignable to type 'StyleFunction<Substitute<Omit<HTMLAttributesWithoutMotionProps<HTMLAttributes<HTMLDivElement>, HTMLDivElement> & MotionProps & RefAttributes<...>, "ref"> & { ...; }, { ...; }>>'.
    Type 'unknown' is not assignable to type 'Interpolation<Substitute<Omit<HTMLAttributesWithoutMotionProps<HTMLAttributes<HTMLDivElement>, HTMLDivElement> & MotionProps & RefAttributes<...>, "ref"> & { ...; }, { ...; }>>'.
src/components/ClientDashboard/StellarSidebar.styles.ts(460,23): error TS18048: 'props.theme.colors' is possibly 'undefined'.
src/components/ClientDashboard/StellarSidebar.styles.ts(491,17): error TS2345: Argument of type '(props: ExecutionContext & FastOmit<Omit<HTMLAttributesWithoutMotionProps<ButtonHTMLAttributes<HTMLButtonElement>, HTMLButtonElement> & MotionProps & RefAttributes<...>, "ref"> & { ...; }, never>) => unknown' is not assignable to parameter of type 'Interpolation<FastOmit<Omit<HTMLAttributesWithoutMotionProps<ButtonHTMLAttributes<HTMLButtonElement>, HTMLButtonElement> & MotionProps & RefAttributes<...>, "ref"> & { ...; }, never>>'.
  Type '(props: ExecutionContext & FastOmit<Omit<HTMLAttributesWithoutMotionProps<ButtonHTMLAttributes<HTMLButtonElement>, HTMLButtonElement> & MotionProps & RefAttributes<...>, "ref"> & { ...; }, never>) => unknown' is not assignable to type 'StyleFunction<FastOmit<Omit<HTMLAttributesWithoutMotionProps<ButtonHTMLAttributes<HTMLButtonElement>, HTMLButtonElement> & MotionProps & RefAttributes<...>, "ref"> & { ...; }, never>>'.
    Type 'unknown' is not assignable to type 'Interpolation<FastOmit<Omit<HTMLAttributesWithoutMotionProps<ButtonHTMLAttributes<HTMLButtonElement>, HTMLButtonElement> & MotionProps & RefAttributes<...>, "ref"> & { ...; }, never>>'.
src/components/ClientDashboard/StellarSidebar.styles.ts(491,26): error TS18048: 'props.theme.gradients' is possibly 'undefined'.
src/components/ClientDashboard/StellarSidebar.styles.ts(493,21): error TS18048: 'props.theme.colors' is possibly 'undefined'.
src/components/ClientDashboard/StellarSidebar.styles.ts(499,26): error TS18048: 'props.theme.shadows' is possibly 'undefined'.
src/components/ClientDashboard/StellarSidebar.styles.ts(499,46): error TS2339: Property 'stellar' does not exist on type 'string[] | Record<string, unknown>'.
  Property 'stellar' does not exist on type 'string[]'.
src/components/ClientDashboard/StellarSidebar.styles.ts(511,35): error TS18048: 'props.theme.colors' is possibly 'undefined'.
src/components/ClientDashboard/TrainerDataSection.tsx(60,23): error TS2345: Argument of type '({ theme }: ExecutionContext & FastOmit<Omit<HTMLAttributesWithoutMotionProps<HTMLAttributes<HTMLDivElement>, HTMLDivElement> & MotionProps & RefAttributes<...>, "ref"> & { ...; }, never>) => unknown' is not assignable to parameter of type 'Interpolation<FastOmit<Omit<HTMLAttributesWithoutMotionProps<HTMLAttributes<HTMLDivElement>, HTMLDivElement> & MotionProps & RefAttributes<...>, "ref"> & { ...; }, never>>'.
  Type '({ theme }: ExecutionContext & FastOmit<Omit<HTMLAttributesWithoutMotionProps<HTMLAttributes<HTMLDivElement>, HTMLDivElement> & MotionProps & RefAttributes<...>, "ref"> & { ...; }, never>) => unknown' is not assignable to type 'StyleFunction<FastOmit<Omit<HTMLAttributesWithoutMotionProps<HTMLAttributes<HTMLDivElement>, HTMLDivElement> & MotionProps & RefAttributes<...>, "ref"> & { ...; }, never>>'.
    Type 'unknown' is not assignable to type 'Interpolation<FastOmit<Omit<HTMLAttributesWithoutMotionProps<HTMLAttributes<HTMLDivElement>, HTMLDivElement> & MotionProps & RefAttributes<...>, "ref"> & { ...; }, never>>'.
src/components/ClientDashboard/TrainerDataSection.tsx(60,38): error TS18048: 'theme.colors' is possibly 'undefined'.
src/components/ClientDashboard/TrainerDataSection.tsx(63,27): error TS18048: 'theme.colors' is possibly 'undefined'.
src/components/ClientDashboard/TrainerDataSection.tsx(70,12): error TS2345: Argument of type '({ theme }: ExecutionContext & FastOmit<DetailedHTMLProps<HTMLAttributes<HTMLHeadingElement>, HTMLHeadingElement>, never>) => unknown' is not assignable to parameter of type 'Interpolation<FastOmit<DetailedHTMLProps<HTMLAttributes<HTMLHeadingElement>, HTMLHeadingElement>, never>>'.
  Type '({ theme }: ExecutionContext & FastOmit<DetailedHTMLProps<HTMLAttributes<HTMLHeadingElement>, HTMLHeadingElement>, never>) => unknown' is not assignable to type 'StyleFunction<FastOmit<DetailedHTMLProps<HTMLAttributes<HTMLHeadingElement>, HTMLHeadingElement>, never>>'.
    Type 'unknown' is not assignable to type 'Interpolation<FastOmit<DetailedHTMLProps<HTMLAttributes<HTMLHeadingElement>, HTMLHeadingElement>, never>>'.
src/components/ClientDashboard/TrainerDataSection.tsx(70,27): error TS18048: 'theme.colors' is possibly 'undefined'.
src/components/ClientDashboard/TrainerDataSection.tsx(75,12): error TS2345: Argument of type '({ theme }: ExecutionContext & FastOmit<DetailedHTMLProps<HTMLAttributes<HTMLDivElement>, HTMLDivElement>, never>) => unknown' is not assignable to parameter of type 'Interpolation<FastOmit<DetailedHTMLProps<HTMLAttributes<HTMLDivElement>, HTMLDivElement>, never>>'.
  Type '({ theme }: ExecutionContext & FastOmit<DetailedHTMLProps<HTMLAttributes<HTMLDivElement>, HTMLDivElement>, never>) => unknown' is not assignable to type 'StyleFunction<FastOmit<DetailedHTMLProps<HTMLAttributes<HTMLDivElement>, HTMLDivElement>, never>>'.
    Type 'unknown' is not assignable to type 'Interpolation<FastOmit<DetailedHTMLProps<HTMLAttributes<HTMLDivElement>, HTMLDivElement>, never>>'.
src/components/ClientDashboard/TrainerDataSection.tsx(75,27): error TS18048: 'theme.colors' is possibly 'undefined'.
src/components/ClientProgressCharts/charts/FormQualityChart.tsx(293,10): error TS2304: Cannot find name 'ResponsiveContainer'.
src/components/ClientProgressCharts/charts/FormQualityChart.tsx(294,12): error TS2304: Cannot find name 'ComposedChart'.
src/components/ClientProgressCharts/charts/FormQualityChart.tsx(303,14): error TS2304: Cannot find name 'CartesianGrid'.
src/components/ClientProgressCharts/charts/FormQualityChart.tsx(309,14): error TS2304: Cannot find name 'XAxis'.
src/components/ClientProgressCharts/charts/FormQualityChart.tsx(317,14): error TS2304: Cannot find name 'YAxis'.
src/components/ClientProgressCharts/charts/FormQualityChart.tsx(323,31): error TS7006: Parameter 'value' implicitly has an 'any' type.
src/components/ClientProgressCharts/charts/FormQualityChart.tsx(327,16): error TS2304: Cannot find name 'Tooltip'.
src/components/ClientProgressCharts/charts/FormQualityChart.tsx(334,14): error TS2304: Cannot find name 'ReferenceArea'.
src/components/ClientProgressCharts/charts/FormQualityChart.tsx(335,14): error TS2304: Cannot find name 'ReferenceArea'.
src/components/ClientProgressCharts/charts/FormQualityChart.tsx(336,14): error TS2304: Cannot find name 'ReferenceArea'.
src/components/ClientProgressCharts/charts/FormQualityChart.tsx(337,14): error TS2304: Cannot find name 'ReferenceArea'.
src/components/ClientProgressCharts/charts/FormQualityChart.tsx(340,14): error TS2304: Cannot find name 'ReferenceLine'.
src/components/ClientProgressCharts/charts/FormQualityChart.tsx(355,16): error TS2304: Cannot find name 'ReferenceLine'.
src/components/ClientProgressCharts/charts/FormQualityChart.tsx(369,14): error TS2304: Cannot find name 'Area'.
src/components/ClientProgressCharts/charts/FormQualityChart.tsx(378,14): error TS2304: Cannot find name 'Line'.
src/components/ClientProgressCharts/charts/FormQualityChart.tsx(413,13): error TS2304: Cannot find name 'ComposedChart'.
src/components/ClientProgressCharts/charts/FormQualityChart.tsx(414,11): error TS2304: Cannot find name 'ResponsiveContainer'.
src/components/ClientProgressCharts/ClientProgressCharts.tsx(568,31): error TS2322: Type 'ChartDataPoint[]' is not assignable to type 'FormQualityDataPoint[]'.
  Type 'ChartDataPoint' is missing the following properties from type 'FormQualityDataPoint': averageForm, totalSets, sessionCount
src/components/common/ConstructionBanner.integration.tsx(12,10): error TS2300: Duplicate identifier 'ConstructionBanner'.
src/components/common/ConstructionBanner.integration.tsx(12,36): error TS2307: Cannot find module './components/common' or its corresponding type declarations.
src/components/common/ConstructionBanner.integration.tsx(17,7): error TS2451: Cannot redeclare block-scoped variable 'AppContent'.
src/components/common/ConstructionBanner.integration.tsx(21,63): error TS2686: 'React' refers to a UMD global, but the current file is a module. Consider adding an import instead.
src/components/common/ConstructionBanner.integration.tsx(24,3): error TS2686: 'React' refers to a UMD global, but the current file is a module. Consider adding an import instead.
src/components/common/ConstructionBanner.integration.tsx(40,8): error TS2304: Cannot find name 'CosmicEleganceGlobalStyle'.
src/components/common/ConstructionBanner.integration.tsx(40,52): error TS2304: Cannot find name 'deviceCapability'.
src/components/common/ConstructionBanner.integration.tsx(49,43): error TS2304: Cannot find name 'connection'.
src/components/common/ConstructionBanner.integration.tsx(50,8): error TS2304: Cannot find name 'RouterProvider'.
src/components/common/ConstructionBanner.integration.tsx(50,31): error TS2304: Cannot find name 'router'.
src/components/common/ConstructionBanner.integration.tsx(58,7): error TS2451: Cannot redeclare block-scoped variable 'AppContent'.
src/components/common/ConstructionBanner.integration.tsx(60,16): error TS2304: Cannot find name 'useSelector'.
src/components/common/ConstructionBanner.integration.tsx(60,36): error TS2304: Cannot find name 'RootState'.
src/components/common/ConstructionBanner.integration.tsx(61,27): error TS2304: Cannot find name 'useSelector'.
src/components/common/ConstructionBanner.integration.tsx(61,47): error TS2304: Cannot find name 'RootState'.
src/components/common/ConstructionBanner.integration.tsx(62,21): error TS2304: Cannot find name 'useSelector'.
src/components/common/ConstructionBanner.integration.tsx(62,41): error TS2304: Cannot find name 'RootState'.
src/components/common/ConstructionBanner.integration.tsx(63,22): error TS2304: Cannot find name 'useSelector'.
src/components/common/ConstructionBanner.integration.tsx(63,42): error TS2304: Cannot find name 'RootState'.
src/components/common/ConstructionBanner.integration.tsx(64,25): error TS2304: Cannot find name 'useSelector'.
src/components/common/ConstructionBanner.integration.tsx(64,45): error TS2304: Cannot find name 'RootState'.
src/components/common/ConstructionBanner.integration.tsx(70,20): error TS2304: Cannot find name 'useDispatch'.
src/components/common/ConstructionBanner.integration.tsx(73,30): error TS2686: 'React' refers to a UMD global, but the current file is a module. Consider adding an import instead.
src/components/common/ConstructionBanner.integration.tsx(73,51): error TS2304: Cannot find name 'detectDeviceCapability'.
src/components/common/ConstructionBanner.integration.tsx(76,63): error TS2686: 'React' refers to a UMD global, but the current file is a module. Consider adding an import instead.
src/components/common/ConstructionBanner.integration.tsx(79,3): error TS2686: 'React' refers to a UMD global, but the current file is a module. Consider adding an import instead.
src/components/common/ConstructionBanner.integration.tsx(95,8): error TS2304: Cannot find name 'CosmicEleganceGlobalStyle'.
src/components/common/ConstructionBanner.integration.tsx(107,8): error TS2304: Cannot find name 'RouterProvider'.
src/components/common/ConstructionBanner.integration.tsx(107,31): error TS2304: Cannot find name 'router'.
src/components/common/ConstructionBanner.integration.tsx(115,1): error TS1108: A 'return' statement can only be used within a function body.
src/components/common/ConstructionBanner.integration.tsx(128,30): error TS2307: Cannot find module './context/AuthContext' or its corresponding type declarations.
src/components/common/ConstructionBanner.integration.tsx(129,31): error TS2307: Cannot find module './context/ToastContext' or its corresponding type declarations.
src/components/common/ConstructionBanner.integration.tsx(130,30): error TS2307: Cannot find module './context/CartContext' or its corresponding type declarations.
src/components/common/ConstructionBanner.integration.tsx(131,32): error TS2307: Cannot find module './context/ConfigContext' or its corresponding type declarations.
src/components/common/ConstructionBanner.integration.tsx(132,40): error TS2307: Cannot find module './context/ThemeContext' or its corresponding type declarations.
src/components/common/ConstructionBanner.integration.tsx(133,31): error TS2307: Cannot find module './hooks/useMenuState' or its corresponding type declarations.
src/components/common/ConstructionBanner.integration.tsx(134,62): error TS2307: Cannot find module './hooks/useBackendConnection.jsx' or its corresponding type declarations.
src/components/common/ConstructionBanner.integration.tsx(137,10): error TS2300: Duplicate identifier 'ConstructionBanner'.
src/components/common/ConstructionBanner.integration.tsx(137,36): error TS2307: Cannot find module './components/common' or its corresponding type declarations.
src/components/common/ConstructionBanner.integration.tsx(140,34): error TS2307: Cannot find module './components/DevTools' or its corresponding type declarations.
src/components/DashBoard/AdminLayout.styles.ts(8,17): error TS2345: Argument of type '(props: ExecutionContext & FastOmit<DetailedHTMLProps<HTMLAttributes<HTMLDivElement>, HTMLDivElement>, never>) => unknown' is not assignable to parameter of type 'Interpolation<FastOmit<DetailedHTMLProps<HTMLAttributes<HTMLDivElement>, HTMLDivElement>, never>>'.
  Type '(props: ExecutionContext & FastOmit<DetailedHTMLProps<HTMLAttributes<HTMLDivElement>, HTMLDivElement>, never>) => unknown' is not assignable to type 'StyleFunction<FastOmit<DetailedHTMLProps<HTMLAttributes<HTMLDivElement>, HTMLDivElement>, never>>'.
    Type 'unknown' is not assignable to type 'Interpolation<FastOmit<DetailedHTMLProps<HTMLAttributes<HTMLDivElement>, HTMLDivElement>, never>>'.
src/components/DashBoard/AdminLayout.styles.ts(8,26): error TS18048: 'props.theme.gradients' is possibly 'undefined'.
src/components/DashBoard/AdminLayout.styles.ts(40,14): error TS2345: Argument of type '(props: ExecutionContext & FastOmit<Omit<HTMLAttributesWithoutMotionProps<HTMLAttributes<HTMLElement>, HTMLElement> & MotionProps & RefAttributes<...>, "ref"> & { ...; }, never>) => unknown' is not assignable to parameter of type 'Interpolation<FastOmit<Omit<HTMLAttributesWithoutMotionProps<HTMLAttributes<HTMLElement>, HTMLElement> & MotionProps & RefAttributes<...>, "ref"> & { ...; }, never>>'.
  Type '(props: ExecutionContext & FastOmit<Omit<HTMLAttributesWithoutMotionProps<HTMLAttributes<HTMLElement>, HTMLElement> & MotionProps & RefAttributes<...>, "ref"> & { ...; }, never>) => unknown' is not assignable to type 'StyleFunction<FastOmit<Omit<HTMLAttributesWithoutMotionProps<HTMLAttributes<HTMLElement>, HTMLElement> & MotionProps & RefAttributes<...>, "ref"> & { ...; }, never>>'.
    Type 'unknown' is not assignable to type 'Interpolation<FastOmit<Omit<HTMLAttributesWithoutMotionProps<HTMLAttributes<HTMLElement>, HTMLElement> & MotionProps & RefAttributes<...>, "ref"> & { ...; }, never>>'.
src/components/DashBoard/AdminLayout.styles.ts(40,23): error TS18048: 'props.theme.spacing' is possibly 'undefined'.
src/components/DashBoard/AdminLayout.styles.ts(53,25): error TS18048: 'props.theme.spacing' is possibly 'undefined'.
src/components/DashBoard/AdminLayout.styles.ts(78,28): error TS2345: Argument of type '(props: ExecutionContext & FastOmit<Omit<HTMLAttributesWithoutMotionProps<HTMLAttributes<HTMLDivElement>, HTMLDivElement> & MotionProps & RefAttributes<...>, "ref"> & { ...; }, never>) => unknown' is not assignable to parameter of type 'Interpolation<FastOmit<Omit<HTMLAttributesWithoutMotionProps<HTMLAttributes<HTMLDivElement>, HTMLDivElement> & MotionProps & RefAttributes<...>, "ref"> & { ...; }, never>>'.
  Type '(props: ExecutionContext & FastOmit<Omit<HTMLAttributesWithoutMotionProps<HTMLAttributes<HTMLDivElement>, HTMLDivElement> & MotionProps & RefAttributes<...>, "ref"> & { ...; }, never>) => unknown' is not assignable to type 'StyleFunction<FastOmit<Omit<HTMLAttributesWithoutMotionProps<HTMLAttributes<HTMLDivElement>, HTMLDivElement> & MotionProps & RefAttributes<...>, "ref"> & { ...; }, never>>'.
    Type 'unknown' is not assignable to type 'Interpolation<FastOmit<Omit<HTMLAttributesWithoutMotionProps<HTMLAttributes<HTMLDivElement>, HTMLDivElement> & MotionProps & RefAttributes<...>, "ref"> & { ...; }, never>>'.
src/components/DashBoard/AdminLayout.styles.ts(78,37): error TS18048: 'props.theme.colors' is possibly 'undefined'.
src/components/DashBoard/AdminLayout.styles.ts(80,29): error TS18048: 'props.theme.spacing' is possibly 'undefined'.
src/components/DashBoard/AdminLayout.styles.ts(90,14): error TS2345: Argument of type '(props: ExecutionContext & FastOmit<DetailedHTMLProps<HTMLAttributes<HTMLDivElement>, HTMLDivElement>, never>) => unknown' is not assignable to parameter of type 'Interpolation<FastOmit<DetailedHTMLProps<HTMLAttributes<HTMLDivElement>, HTMLDivElement>, never>>'.
  Type '(props: ExecutionContext & FastOmit<DetailedHTMLProps<HTMLAttributes<HTMLDivElement>, HTMLDivElement>, never>) => unknown' is not assignable to type 'StyleFunction<FastOmit<DetailedHTMLProps<HTMLAttributes<HTMLDivElement>, HTMLDivElement>, never>>'.
    Type 'unknown' is not assignable to type 'Interpolation<FastOmit<DetailedHTMLProps<HTMLAttributes<HTMLDivElement>, HTMLDivElement>, never>>'.
src/components/DashBoard/AdminLayout.styles.ts(90,23): error TS18048: 'props.theme.spacing' is possibly 'undefined'.
src/components/DashBoard/AdminLayout.styles.ts(93,23): error TS18048: 'props.theme.colors' is possibly 'undefined'.
src/components/DashBoard/AdminLayout.styles.ts(94,31): error TS18048: 'props.theme.spacing' is possibly 'undefined'.
src/components/DashBoard/AdminLayout.styles.ts(96,29): error TS18048: 'props.theme.typography' is possibly 'undefined'.
src/components/DashBoard/AdminLayout.styles.ts(96,29): error TS18046: 'props.theme.typography.weights' is of type 'unknown'.
src/components/DashBoard/AdminLayout.styles.ts(100,23): error TS18048: 'props.theme.colors' is possibly 'undefined'.
src/components/DashBoard/AdminLayout.styles.ts(101,31): error TS18048: 'props.theme.spacing' is possibly 'undefined'.
src/components/DashBoard/AdminLayout.styles.ts(108,17): error TS2345: Argument of type '(props: ExecutionContext & FastOmit<Omit<HTMLAttributesWithoutMotionProps<ButtonHTMLAttributes<HTMLButtonElement>, HTMLButtonElement> & MotionProps & RefAttributes<...>, "ref"> & { ...; }, never>) => unknown' is not assignable to parameter of type 'Interpolation<FastOmit<Omit<HTMLAttributesWithoutMotionProps<ButtonHTMLAttributes<HTMLButtonElement>, HTMLButtonElement> & MotionProps & RefAttributes<...>, "ref"> & { ...; }, never>>'.
  Type '(props: ExecutionContext & FastOmit<Omit<HTMLAttributesWithoutMotionProps<ButtonHTMLAttributes<HTMLButtonElement>, HTMLButtonElement> & MotionProps & RefAttributes<...>, "ref"> & { ...; }, never>) => unknown' is not assignable to type 'StyleFunction<FastOmit<Omit<HTMLAttributesWithoutMotionProps<ButtonHTMLAttributes<HTMLButtonElement>, HTMLButtonElement> & MotionProps & RefAttributes<...>, "ref"> & { ...; }, never>>'.
    Type 'unknown' is not assignable to type 'Interpolation<FastOmit<Omit<HTMLAttributesWithoutMotionProps<ButtonHTMLAttributes<HTMLButtonElement>, HTMLButtonElement> & MotionProps & RefAttributes<...>, "ref"> & { ...; }, never>>'.
src/components/DashBoard/AdminLayout.styles.ts(108,26): error TS18048: 'props.theme.gradients' is possibly 'undefined'.
src/components/DashBoard/AdminLayout.styles.ts(110,29): error TS18046: 'props.theme.borderRadius' is of type 'unknown'.
src/components/DashBoard/AdminLayout.styles.ts(111,21): error TS18048: 'props.theme.colors' is possibly 'undefined'.
src/components/DashBoard/AdminLayout.styles.ts(112,23): error TS18048: 'props.theme.spacing' is possibly 'undefined'.
src/components/DashBoard/AdminLayout.styles.ts(112,58): error TS18048: 'props.theme.spacing' is possibly 'undefined'.
src/components/DashBoard/AdminLayout.styles.ts(113,27): error TS18048: 'props.theme.typography' is possibly 'undefined'.
src/components/DashBoard/AdminLayout.styles.ts(113,27): error TS18046: 'props.theme.typography.weights' is of type 'unknown'.
src/components/DashBoard/AdminLayout.styles.ts(118,28): error TS18048: 'props.theme.shadows' is possibly 'undefined'.
src/components/DashBoard/AdminLayout.styles.ts(118,48): error TS2339: Property 'commandGlow' does not exist on type 'string[] | Record<string, unknown>'.
  Property 'commandGlow' does not exist on type 'string[]'.
src/components/DashBoard/AdminLayout.styles.ts(123,35): error TS18048: 'props.theme.colors' is possibly 'undefined'.
src/components/DashBoard/AdminLayoutTheme.ts(72,20): error TS2345: Argument of type '(props: ExecutionContext & object) => unknown' is not assignable to parameter of type 'Interpolation<object>'.
  Type '(props: ExecutionContext & object) => unknown' is not assignable to type 'StyleFunction<object>'.
    Type 'unknown' is not assignable to type 'Interpolation<object>'.
src/components/DashBoard/AdminLayoutTheme.ts(72,29): error TS18048: 'props.theme.typography' is possibly 'undefined'.
src/components/DashBoard/AdminLayoutTheme.ts(73,23): error TS18048: 'props.theme.colors' is possibly 'undefined'.
src/components/DashBoard/AdminLayoutTheme.ts(74,28): error TS18048: 'props.theme.gradients' is possibly 'undefined'.
src/components/DashBoard/AdminLayoutTheme.ts(90,28): error TS18048: 'props.theme.gradients' is possibly 'undefined'.
src/components/DashBoard/AdminLayoutTheme.ts(94,30): error TS18048: 'props.theme.colors' is possibly 'undefined'.
src/components/DashBoard/AdminLayoutTheme.ts(100,33): error TS18048: 'props.theme.colors' is possibly 'undefined'.
src/components/DashBoard/AdminLayoutTheme.ts(104,35): error TS18048: 'props.theme.colors' is possibly 'undefined'.
src/components/DashBoard/bajaj-area-chart-card.tsx(7,24): error TS2307: Cannot find module 'apexcharts' or its corresponding type declarations.
src/components/DashBoard/bajaj-area-chart-card.tsx(8,19): error TS2307: Cannot find module 'react-apexcharts' or its corresponding type declarations.
src/components/DashBoard/chart-data/bajaj-area-chart.ts(1,29): error TS2307: Cannot find module 'apexcharts' or its corresponding type declarations.
src/components/DashBoard/chart-data/total-growth-bar-chart.ts(1,29): error TS2307: Cannot find module 'apexcharts' or its corresponding type declarations.
src/components/DashBoard/chart-data/total-order-month-line-chart.ts(1,29): error TS2307: Cannot find module 'apexcharts' or its corresponding type declarations.
src/components/DashBoard/chart-data/total-order-year-line-chart.ts(1,29): error TS2307: Cannot find module 'apexcharts' or its corresponding type declarations.
src/components/DashBoard/Customization/CustomizationPanel.tsx(8,30): error TS2307: Cannot find module 'react-perfect-scrollbar' or its corresponding type declarations.
src/components/DashBoard/Customization/CustomizationPanel.tsx(16,30): error TS2307: Cannot find module '@tabler/icons-react' or its corresponding type declarations.
src/components/DashBoard/Customization/FontFamily.tsx(28,23): error TS2345: Argument of type '(props: ExecutionContext & FastOmit<Omit<MainCardProps & RefAttributes<HTMLDivElement>, "ref"> & { ref?: ((instance: HTMLDivElement | null) => void) | ... 2 more ... | undefined; }, "isActive"> & { ...; }) => unknown' is not assignable to parameter of type 'Interpolation<Substitute<Omit<MainCardProps & RefAttributes<HTMLDivElement>, "ref"> & { ref?: ((instance: HTMLDivElement | null) => void) | RefObject<...> | null | undefined; }, { ...; }>>'.
  Type '(props: ExecutionContext & FastOmit<Omit<MainCardProps & RefAttributes<HTMLDivElement>, "ref"> & { ref?: ((instance: HTMLDivElement | null) => void) | ... 2 more ... | undefined; }, "isActive"> & { ...; }) => unknown' is not assignable to type 'StyleFunction<Substitute<Omit<MainCardProps & RefAttributes<HTMLDivElement>, "ref"> & { ref?: ((instance: HTMLDivElement | null) => void) | RefObject<...> | null | undefined; }, { ...; }>>'.
    Type 'unknown' is not assignable to type 'Interpolation<Substitute<Omit<MainCardProps & RefAttributes<HTMLDivElement>, "ref"> & { ref?: ((instance: HTMLDivElement | null) => void) | RefObject<...> | null | undefined; }, { ...; }>>'.
src/components/DashBoard/Customization/FontFamily.tsx(34,19): error TS2345: Argument of type '(props: ExecutionContext & FastOmit<Omit<MainCardProps & RefAttributes<HTMLDivElement>, "ref"> & { ref?: ((instance: HTMLDivElement | null) => void) | ... 2 more ... | undefined; }, "isActive"> & { ...; }) => unknown' is not assignable to parameter of type 'Interpolation<Substitute<Omit<MainCardProps & RefAttributes<HTMLDivElement>, "ref"> & { ref?: ((instance: HTMLDivElement | null) => void) | RefObject<...> | null | undefined; }, { ...; }>>'.
  Type '(props: ExecutionContext & FastOmit<Omit<MainCardProps & RefAttributes<HTMLDivElement>, "ref"> & { ref?: ((instance: HTMLDivElement | null) => void) | ... 2 more ... | undefined; }, "isActive"> & { ...; }) => unknown' is not assignable to type 'StyleFunction<Substitute<Omit<MainCardProps & RefAttributes<HTMLDivElement>, "ref"> & { ref?: ((instance: HTMLDivElement | null) => void) | RefObject<...> | null | undefined; }, { ...; }>>'.
    Type 'unknown' is not assignable to type 'Interpolation<Substitute<Omit<MainCardProps & RefAttributes<HTMLDivElement>, "ref"> & { ref?: ((instance: HTMLDivElement | null) => void) | RefObject<...> | null | undefined; }, { ...; }>>'.
src/components/DashBoard/index.ts(140,3): error TS18004: No value exists in scope for the shorthand property 'UnifiedAdminDashboardLayout'. Either declare one or provide an initializer.
src/components/DashBoard/index.ts(141,3): error TS18004: No value exists in scope for the shorthand property 'AdminStellarSidebar'. Either declare one or provide an initializer.
src/components/DashBoard/index.ts(142,3): error TS18004: No value exists in scope for the shorthand property 'TheAestheticCodex'. Either declare one or provide an initializer.
src/components/DashBoard/MainLayout/main-layout.tsx(13,10): error TS2305: Module '"../../common"' has no exported member 'ScrollToTop'.
src/components/DashBoard/MainLayout/SideBar/MenuCard/menu-card.tsx(196,17): error TS2339: Property 'name' does not exist on type 'User'.
src/components/DashBoard/MainLayout/SideBar/MenuCard/menu-card.tsx(197,19): error TS2339: Property 'avatar' does not exist on type 'User'.
src/components/DashBoard/MainLayout/SideBar/MenuCard/menu-card.tsx(232,19): error TS2322: Type '{ children: Element[]; disablePadding: true; style: { alignItems: "flex-start"; }; }' is not assignable to type 'IntrinsicAttributes & ListItemProps & RefAttributes<HTMLLIElement>'.
  Property 'disablePadding' does not exist on type 'IntrinsicAttributes & ListItemProps & RefAttributes<HTMLLIElement>'.
src/components/DashBoard/MainLayout/SideBar/sidebar-drawer.tsx(10,30): error TS2307: Cannot find module 'react-perfect-scrollbar' or its corresponding type declarations.
src/components/DashBoard/MainLayout/SideBar/sidebar.tsx(260,24): error TS2339: Property 'photoURL' does not exist on type 'User'.
src/components/DashBoard/Menu-Items/dashboard.ts(5,173): error TS2307: Cannot find module '@tabler/icons-react' or its corresponding type declarations.
src/components/DashBoard/Menu-Items/other.ts(5,43): error TS2307: Cannot find module '@tabler/icons-react' or its corresponding type declarations.
src/components/DashBoard/Menu-Items/pages.ts(5,25): error TS2307: Cannot find module '@tabler/icons-react' or its corresponding type declarations.
src/components/DashBoard/Menu-Items/pages.ts(12,3): error TS2353: Object literal may only specify known properties, and 'caption' does not exist in type 'MenuGroup'.
src/components/DashBoard/Menu-Items/utilities.ts(5,71): error TS2307: Cannot find module '@tabler/icons-react' or its corresponding type declarations.
src/components/DashBoard/MenuList/menu-list.tsx(72,7): error TS7034: Variable 'lastItemId' implicitly has type 'any' in some locations where its type cannot be determined.
src/components/DashBoard/MenuList/menu-list.tsx(82,7): error TS2698: Spread types may only be created from object types.
src/components/DashBoard/MenuList/menu-list.tsx(93,54): error TS7005: Variable 'lastItemId' implicitly has an 'any' type.
src/components/DashBoard/MenuList/menu-list.tsx(109,25): error TS7005: Variable 'lastItemId' implicitly has an 'any' type.
src/components/DashBoard/MenuList/NavCollapse/nav-collapse.tsx(28,66): error TS2307: Cannot find module '@tabler/icons-react' or its corresponding type declarations.
src/components/DashBoard/MenuList/NavCollapse/nav-collapse.tsx(193,14): error TS2345: Argument of type 'boolean | null' is not assignable to parameter of type 'SetStateAction<boolean>'.
  Type 'null' is not assignable to type 'SetStateAction<boolean>'.
src/components/DashBoard/MenuList/NavCollapse/nav-collapse.tsx(324,28): error TS2783: 'in' is specified more than once, so this usage will be overwritten.
src/components/DashBoard/MenuList/NavItem/nav-item.tsx(109,48): error TS2339: Property 'setIsDashboardDrawerOpened' does not exist on type 'MenuStateContextType'.
src/components/DashBoard/MenuList/NavItem/nav-item.tsx(116,14): error TS2345: Argument of type 'boolean | null' is not assignable to parameter of type 'SetStateAction<boolean>'.
  Type 'null' is not assignable to type 'SetStateAction<boolean>'.
src/components/DashBoard/MinimalLayout.tsx/MinimalLayout.tsx(9,10): error TS2305: Module '"../../common"' has no exported member 'ScrollToTop'.
src/components/DashBoard/Pages/admin-client-progress/admin-client-progress-view.tsx(1045,52): error TS2561: Object literal may only specify known properties, but 'bgcolor' does not exist in type 'Properties<string | number, string & {}>'. Did you mean to write 'color'?
src/components/DashBoard/Pages/admin-client-progress/admin-client-progress-view.tsx(1084,49): error TS2561: Object literal may only specify known properties, but 'bgcolor' does not exist in type 'Properties<string | number, string & {}>'. Did you mean to write 'color'?
src/components/DashBoard/Pages/admin-clients/AdminClientManagementView.tsx(15,3): error TS2614: Module '"../../../../services/adminClientService"' has no exported member 'AdminClient'. Did you mean to use 'import AdminClient from "../../../../services/adminClientService"' instead?
src/components/DashBoard/Pages/admin-clients/AdminClientManagementView.tsx(16,3): error TS2614: Module '"../../../../services/adminClientService"' has no exported member 'AdminClientFilters'. Did you mean to use 'import AdminClientFilters from "../../../../services/adminClientService"' instead?
src/components/DashBoard/Pages/admin-clients/AdminClientManagementView.tsx(17,3): error TS2614: Module '"../../../../services/adminClientService"' has no exported member 'CreateClientRequest'. Did you mean to use 'import CreateClientRequest from "../../../../services/adminClientService"' instead?
src/components/DashBoard/Pages/admin-clients/AdminClientManagementView.tsx(18,3): error TS2614: Module '"../../../../services/adminClientService"' has no exported member 'UpdateClientRequest'. Did you mean to use 'import UpdateClientRequest from "../../../../services/adminClientService"' instead?
src/components/DashBoard/Pages/admin-clients/AdminClientManagementView.tsx(649,23): error TS2339: Property 'type' does not exist on type 'never'.
src/components/DashBoard/Pages/admin-clients/AdminClientManagementView.tsx(650,24): error TS2339: Property 'type' does not exist on type 'never'.
src/components/DashBoard/Pages/admin-clients/AdminClientManagementView.tsx(650,67): error TS2339: Property 'data' does not exist on type 'never'.
src/components/DashBoard/Pages/admin-clients/AdminClientManagementView.tsx(655,39): error TS2339: Property 'data' does not exist on type 'never'.
src/components/DashBoard/Pages/admin-clients/AdminClientManagementView.tsx(655,78): error TS2339: Property 'data' does not exist on type 'never'.
src/components/DashBoard/Pages/admin-clients/AdminClientManagementView.tsx(660,27): error TS2448: Block-scoped variable 'fetchClients' used before its declaration.
src/components/DashBoard/Pages/admin-clients/AdminClientManagementView.tsx(660,27): error TS2454: Variable 'fetchClients' is used before being assigned.
src/components/DashBoard/Pages/admin-clients/AdminClientManagementView.tsx(861,75): error TS2554: Expected 1 arguments, but got 2.
src/components/DashBoard/Pages/admin-clients/AdminClientManagementView.tsx(862,22): error TS2339: Property 'success' does not exist on type 'boolean'.
src/components/DashBoard/Pages/admin-clients/AdminClientManagementView.tsx(891,82): error TS2554: Expected 1 arguments, but got 2.
src/components/DashBoard/Pages/admin-clients/ClientManagementDashboard.tsx(173,11): error TS2322: Type '{ embedded: true; onComplete: () => void; onCancel: () => void; }' is not assignable to type 'IntrinsicAttributes & ClientOnboardingWizardProps'.
  Property 'embedded' does not exist on type 'IntrinsicAttributes & ClientOnboardingWizardProps'.
src/components/DashBoard/Pages/admin-clients/components/AIInsightsPanel.tsx(1057,57): error TS2769: No overload matches this call.
  Overload 1 of 2, '(props: PolymorphicComponentProps<"web", Substitute<DetailedHTMLProps<HTMLAttributes<HTMLDivElement>, HTMLDivElement>, { $justify?: string | undefined; $align?: string | undefined; $gap?: number | undefined; $wrap?: boolean | undefined; $mb?: number | undefined; }>, void, void, {}, {}>): Element', gave the following error.
    Type '{ children: (false | Element | undefined)[]; $justify: string; $align: string; $mt: number; style: { marginTop: number; }; }' is not assignable to type 'IntrinsicAttributes & FastOmit<Substitute<Substitute<DetailedHTMLProps<HTMLAttributes<HTMLDivElement>, HTMLDivElement>, { ...; }>, FastOmit<...>>, keyof ExecutionProps> & FastOmit<...> & { ...; }'.
      Property '$mt' does not exist on type 'IntrinsicAttributes & FastOmit<Substitute<Substitute<DetailedHTMLProps<HTMLAttributes<HTMLDivElement>, HTMLDivElement>, { ...; }>, FastOmit<...>>, keyof ExecutionProps> & FastOmit<...> & { ...; }'.
  Overload 2 of 2, '(props: Substitute<DetailedHTMLProps<HTMLAttributes<HTMLDivElement>, HTMLDivElement>, { $justify?: string | undefined; $align?: string | undefined; $gap?: number | undefined; $wrap?: boolean | undefined; $mb?: number | undefined; }>): ReactNode', gave the following error.
    Type '{ children: (false | Element | undefined)[]; $justify: string; $align: string; $mt: number; style: { marginTop: number; }; }' is not assignable to type 'IntrinsicAttributes & FastOmit<DetailedHTMLProps<HTMLAttributes<HTMLDivElement>, HTMLDivElement>, "$align" | ... 3 more ... | "$mb"> & { ...; }'.
      Property '$mt' does not exist on type 'IntrinsicAttributes & FastOmit<DetailedHTMLProps<HTMLAttributes<HTMLDivElement>, HTMLDivElement>, "$align" | ... 3 more ... | "$mb"> & { ...; }'.
src/components/DashBoard/Pages/admin-clients/components/BulkActionDialog.tsx(200,48): error TS2345: Argument of type 'string' is not assignable to parameter of type 'SetStateAction<"" | "email" | "phone" | "message" | "assign_trainer" | "assign_program" | "create_sessions" | "update_status" | "export_data" | "send_assessment" | "bulk_notification" | "progress_report" | "deactivate" | "reset_password">'.
src/components/DashBoard/Pages/admin-clients/components/ClientDetailsModal.tsx(4,10): error TS2614: Module '"../EnhancedAdminClientManagementView"' has no exported member 'EnhancedAdminClient'. Did you mean to use 'import EnhancedAdminClient from "../EnhancedAdminClientManagementView"' instead?
src/components/DashBoard/Pages/admin-clients/components/ClientDetailsModal.tsx(73,7): error TS2322: Type '"large"' is not assignable to type '"sm" | "md" | "lg" | "xl" | undefined'.
src/components/DashBoard/Pages/admin-clients/components/ClientDetailsPanel.tsx(52,36): error TS2307: Cannot find module '../../../../services/adminClientService' or its corresponding type declarations.
src/components/DashBoard/Pages/admin-clients/components/ClientDetailsPanel.tsx(53,26): error TS2307: Cannot find module '../../../../hooks/use-toast' or its corresponding type declarations.
src/components/DashBoard/Pages/admin-clients/CreateClientModal.tsx(14,10): error TS2614: Module '"../../../../services/adminClientService"' has no exported member 'CreateClientRequest'. Did you mean to use 'import CreateClientRequest from "../../../../services/adminClientService"' instead?
src/components/DashBoard/Pages/admin-clients/CreateClientModal.tsx(471,17): error TS7006: Parameter 'prev' implicitly has an 'any' type.
src/components/DashBoard/Pages/admin-clients/CreateClientModal.tsx(473,21): error TS2538: Type 'symbol' cannot be used as an index type.
src/components/DashBoard/Pages/admin-clients/EnhancedAdminClientManagementView.tsx(2094,9): error TS2322: Type '(data: CreateClientRequest) => void' is not assignable to type '(data: CreateClientRequest) => Promise<void>'.
  Type 'void' is not assignable to type 'Promise<void>'.
src/components/DashBoard/Pages/admin-dashboard/AdminDebugPanel.tsx(669,17): error TS2322: Type '"secondary"' is not assignable to type 'GlowButtonColorScheme | undefined'.
src/components/DashBoard/Pages/admin-dashboard/AdminStellarSidebar.tsx(153,25): error TS2305: Module '"lucide-react"' has no exported member 'Tool'.
src/components/DashBoard/Pages/admin-dashboard/AdminStellarSidebar.tsx(232,17): error TS2345: Argument of type '(props: ExecutionContext & FastOmit<Omit<HTMLAttributesWithoutMotionProps<HTMLAttributes<HTMLDivElement>, HTMLDivElement> & MotionProps & RefAttributes<...>, "ref"> & { ...; }, "isMobile" | ... 2 more ... | "deviceType"> & { ...; }) => unknown' is not assignable to parameter of type 'Interpolation<Substitute<Omit<HTMLAttributesWithoutMotionProps<HTMLAttributes<HTMLDivElement>, HTMLDivElement> & MotionProps & RefAttributes<...>, "ref"> & { ...; }, { ...; }>>'.
  Type '(props: ExecutionContext & FastOmit<Omit<HTMLAttributesWithoutMotionProps<HTMLAttributes<HTMLDivElement>, HTMLDivElement> & MotionProps & RefAttributes<...>, "ref"> & { ...; }, "isMobile" | ... 2 more ... | "deviceType"> & { ...; }) => unknown' is not assignable to type 'StyleFunction<Substitute<Omit<HTMLAttributesWithoutMotionProps<HTMLAttributes<HTMLDivElement>, HTMLDivElement> & MotionProps & RefAttributes<...>, "ref"> & { ...; }, { ...; }>>'.
    Type 'unknown' is not assignable to type 'Interpolation<Substitute<Omit<HTMLAttributesWithoutMotionProps<HTMLAttributes<HTMLDivElement>, HTMLDivElement> & MotionProps & RefAttributes<...>, "ref"> & { ...; }, { ...; }>>'.
src/components/DashBoard/Pages/admin-dashboard/AdminStellarSidebar.tsx(232,26): error TS18048: 'props.theme.gradients' is possibly 'undefined'.
src/components/DashBoard/Pages/admin-dashboard/AdminStellarSidebar.tsx(323,19): error TS2345: Argument of type '(props: ExecutionContext & FastOmit<DetailedHTMLProps<HTMLAttributes<HTMLDivElement>, HTMLDivElement>, "isCollapsed"> & { ...; }) => unknown' is not assignable to parameter of type 'Interpolation<Substitute<DetailedHTMLProps<HTMLAttributes<HTMLDivElement>, HTMLDivElement>, { isCollapsed: boolean; }>>'.
  Type '(props: ExecutionContext & FastOmit<DetailedHTMLProps<HTMLAttributes<HTMLDivElement>, HTMLDivElement>, "isCollapsed"> & { ...; }) => unknown' is not assignable to type 'StyleFunction<Substitute<DetailedHTMLProps<HTMLAttributes<HTMLDivElement>, HTMLDivElement>, { isCollapsed: boolean; }>>'.
    Type 'unknown' is not assignable to type 'Interpolation<Substitute<DetailedHTMLProps<HTMLAttributes<HTMLDivElement>, HTMLDivElement>, { isCollapsed: boolean; }>>'.
src/components/DashBoard/Pages/admin-dashboard/AdminStellarSidebar.tsx(323,28): error TS18048: 'props.theme.gradients' is possibly 'undefined'.
src/components/DashBoard/Pages/admin-dashboard/AdminStellarSidebar.tsx(340,17): error TS2345: Argument of type '(props: ExecutionContext & FastOmit<Omit<HTMLAttributesWithoutMotionProps<HTMLAttributes<HTMLDivElement>, HTMLDivElement> & MotionProps & RefAttributes<...>, "ref"> & { ...; }, never>) => unknown' is not assignable to parameter of type 'Interpolation<FastOmit<Omit<HTMLAttributesWithoutMotionProps<HTMLAttributes<HTMLDivElement>, HTMLDivElement> & MotionProps & RefAttributes<...>, "ref"> & { ...; }, never>>'.
  Type '(props: ExecutionContext & FastOmit<Omit<HTMLAttributesWithoutMotionProps<HTMLAttributes<HTMLDivElement>, HTMLDivElement> & MotionProps & RefAttributes<...>, "ref"> & { ...; }, never>) => unknown' is not assignable to type 'StyleFunction<FastOmit<Omit<HTMLAttributesWithoutMotionProps<HTMLAttributes<HTMLDivElement>, HTMLDivElement> & MotionProps & RefAttributes<...>, "ref"> & { ...; }, never>>'.
    Type 'unknown' is not assignable to type 'Interpolation<FastOmit<Omit<HTMLAttributesWithoutMotionProps<HTMLAttributes<HTMLDivElement>, HTMLDivElement> & MotionProps & RefAttributes<...>, "ref"> & { ...; }, never>>'.
src/components/DashBoard/Pages/admin-dashboard/AdminStellarSidebar.tsx(340,26): error TS18048: 'props.theme.gradients' is possibly 'undefined'.
src/components/DashBoard/Pages/admin-dashboard/AdminStellarSidebar.tsx(344,21): error TS18048: 'props.theme.colors' is possibly 'undefined'.
src/components/DashBoard/Pages/admin-dashboard/AdminStellarSidebar.tsx(347,26): error TS18048: 'props.theme.shadows' is possibly 'undefined'.
src/components/DashBoard/Pages/admin-dashboard/AdminStellarSidebar.tsx(347,46): error TS2339: Property 'commandGlow' does not exist on type 'string[] | Record<string, unknown>'.
  Property 'commandGlow' does not exist on type 'string[]'.
src/components/DashBoard/Pages/admin-dashboard/AdminStellarSidebar.tsx(355,28): error TS18048: 'props.theme.gradients' is possibly 'undefined'.
src/components/DashBoard/Pages/admin-dashboard/AdminStellarSidebar.tsx(369,12): error TS2345: Argument of type '(props: ExecutionContext & FastOmit<Omit<HTMLAttributesWithoutMotionProps<HTMLAttributes<HTMLDivElement>, HTMLDivElement> & MotionProps & RefAttributes<...>, "ref"> & { ...; }, "isCollapsed"> & { ...; }) => unknown' is not assignable to parameter of type 'Interpolation<Substitute<Omit<HTMLAttributesWithoutMotionProps<HTMLAttributes<HTMLDivElement>, HTMLDivElement> & MotionProps & RefAttributes<...>, "ref"> & { ...; }, { ...; }>>'.
  Type '(props: ExecutionContext & FastOmit<Omit<HTMLAttributesWithoutMotionProps<HTMLAttributes<HTMLDivElement>, HTMLDivElement> & MotionProps & RefAttributes<...>, "ref"> & { ...; }, "isCollapsed"> & { ...; }) => unknown' is not assignable to type 'StyleFunction<Substitute<Omit<HTMLAttributesWithoutMotionProps<HTMLAttributes<HTMLDivElement>, HTMLDivElement> & MotionProps & RefAttributes<...>, "ref"> & { ...; }, { ...; }>>'.
    Type 'unknown' is not assignable to type 'Interpolation<Substitute<Omit<HTMLAttributesWithoutMotionProps<HTMLAttributes<HTMLDivElement>, HTMLDivElement> & MotionProps & RefAttributes<...>, "ref"> & { ...; }, { ...; }>>'.
src/components/DashBoard/Pages/admin-dashboard/AdminStellarSidebar.tsx(369,21): error TS18048: 'props.theme.colors' is possibly 'undefined'.
src/components/DashBoard/Pages/admin-dashboard/AdminStellarSidebar.tsx(371,26): error TS18048: 'props.theme.gradients' is possibly 'undefined'.
src/components/DashBoard/Pages/admin-dashboard/AdminStellarSidebar.tsx(386,12): error TS2345: Argument of type '(props: ExecutionContext & FastOmit<Omit<HTMLAttributesWithoutMotionProps<ButtonHTMLAttributes<HTMLButtonElement>, HTMLButtonElement> & MotionProps & RefAttributes<...>, "ref"> & { ...; }, "isCollapsed"> & { ...; }) => unknown' is not assignable to parameter of type 'Interpolation<Substitute<Omit<HTMLAttributesWithoutMotionProps<ButtonHTMLAttributes<HTMLButtonElement>, HTMLButtonElement> & MotionProps & RefAttributes<...>, "ref"> & { ...; }, { ...; }>>'.
  Type '(props: ExecutionContext & FastOmit<Omit<HTMLAttributesWithoutMotionProps<ButtonHTMLAttributes<HTMLButtonElement>, HTMLButtonElement> & MotionProps & RefAttributes<...>, "ref"> & { ...; }, "isCollapsed"> & { ...; }) => unknown' is not assignable to type 'StyleFunction<Substitute<Omit<HTMLAttributesWithoutMotionProps<ButtonHTMLAttributes<HTMLButtonElement>, HTMLButtonElement> & MotionProps & RefAttributes<...>, "ref"> & { ...; }, { ...; }>>'.
    Type 'unknown' is not assignable to type 'Interpolation<Substitute<Omit<HTMLAttributesWithoutMotionProps<ButtonHTMLAttributes<HTMLButtonElement>, HTMLButtonElement> & MotionProps & RefAttributes<...>, "ref"> & { ...; }, { ...; }>>'.
src/components/DashBoard/Pages/admin-dashboard/AdminStellarSidebar.tsx(386,21): error TS18048: 'props.theme.colors' is possibly 'undefined'.
src/components/DashBoard/Pages/admin-dashboard/AdminStellarSidebar.tsx(399,28): error TS18048: 'props.theme.shadows' is possibly 'undefined'.
src/components/DashBoard/Pages/admin-dashboard/AdminStellarSidebar.tsx(399,48): error TS2339: Property 'commandGlow' does not exist on type 'string[] | Record<string, unknown>'.
  Property 'commandGlow' does not exist on type 'string[]'.
src/components/DashBoard/Pages/admin-dashboard/AdminStellarSidebar.tsx(403,35): error TS18048: 'props.theme.colors' is possibly 'undefined'.
src/components/DashBoard/Pages/admin-dashboard/AdminStellarSidebar.tsx(410,14): error TS2345: Argument of type '(props: ExecutionContext & FastOmit<DetailedHTMLProps<HTMLAttributes<HTMLElement>, HTMLElement>, never>) => unknown' is not assignable to parameter of type 'Interpolation<FastOmit<DetailedHTMLProps<HTMLAttributes<HTMLElement>, HTMLElement>, never>>'.
  Type '(props: ExecutionContext & FastOmit<DetailedHTMLProps<HTMLAttributes<HTMLElement>, HTMLElement>, never>) => unknown' is not assignable to type 'StyleFunction<FastOmit<DetailedHTMLProps<HTMLAttributes<HTMLElement>, HTMLElement>, never>>'.
    Type 'unknown' is not assignable to type 'Interpolation<FastOmit<DetailedHTMLProps<HTMLAttributes<HTMLElement>, HTMLElement>, never>>'.
src/components/DashBoard/Pages/admin-dashboard/AdminStellarSidebar.tsx(410,23): error TS18048: 'props.theme.spacing' is possibly 'undefined'.
src/components/DashBoard/Pages/admin-dashboard/AdminStellarSidebar.tsx(424,28): error TS18048: 'props.theme.gradients' is possibly 'undefined'.
src/components/DashBoard/Pages/admin-dashboard/AdminStellarSidebar.tsx(428,30): error TS18048: 'props.theme.colors' is possibly 'undefined'.
src/components/DashBoard/Pages/admin-dashboard/AdminStellarSidebar.tsx(434,20): error TS2345: Argument of type '(props: ExecutionContext & FastOmit<DetailedHTMLProps<HTMLAttributes<HTMLDivElement>, HTMLDivElement>, never>) => unknown' is not assignable to parameter of type 'Interpolation<FastOmit<DetailedHTMLProps<HTMLAttributes<HTMLDivElement>, HTMLDivElement>, never>>'.
  Type '(props: ExecutionContext & FastOmit<DetailedHTMLProps<HTMLAttributes<HTMLDivElement>, HTMLDivElement>, never>) => unknown' is not assignable to type 'StyleFunction<FastOmit<DetailedHTMLProps<HTMLAttributes<HTMLDivElement>, HTMLDivElement>, never>>'.
    Type 'unknown' is not assignable to type 'Interpolation<FastOmit<DetailedHTMLProps<HTMLAttributes<HTMLDivElement>, HTMLDivElement>, never>>'.
src/components/DashBoard/Pages/admin-dashboard/AdminStellarSidebar.tsx(434,29): error TS18048: 'props.theme.spacing' is possibly 'undefined'.
src/components/DashBoard/Pages/admin-dashboard/AdminStellarSidebar.tsx(443,13): error TS2345: Argument of type '(props: ExecutionContext & FastOmit<DetailedHTMLProps<HTMLAttributes<HTMLHeadingElement>, HTMLHeadingElement>, "isCollapsed"> & { ...; }) => unknown' is not assignable to parameter of type 'Interpolation<Substitute<DetailedHTMLProps<HTMLAttributes<HTMLHeadingElement>, HTMLHeadingElement>, { isCollapsed: boolean; }>>'.
  Type '(props: ExecutionContext & FastOmit<DetailedHTMLProps<HTMLAttributes<HTMLHeadingElement>, HTMLHeadingElement>, "isCollapsed"> & { ...; }) => unknown' is not assignable to type 'StyleFunction<Substitute<DetailedHTMLProps<HTMLAttributes<HTMLHeadingElement>, HTMLHeadingElement>, { isCollapsed: boolean; }>>'.
    Type 'unknown' is not assignable to type 'Interpolation<Substitute<DetailedHTMLProps<HTMLAttributes<HTMLHeadingElement>, HTMLHeadingElement>, { isCollapsed: boolean; }>>'.
src/components/DashBoard/Pages/admin-dashboard/AdminStellarSidebar.tsx(443,22): error TS18048: 'props.theme.spacing' is possibly 'undefined'.
src/components/DashBoard/Pages/admin-dashboard/AdminStellarSidebar.tsx(443,57): error TS18048: 'props.theme.spacing' is possibly 'undefined'.
src/components/DashBoard/Pages/admin-dashboard/AdminStellarSidebar.tsx(443,92): error TS18048: 'props.theme.spacing' is possibly 'undefined'.
src/components/DashBoard/Pages/admin-dashboard/AdminStellarSidebar.tsx(446,19): error TS18048: 'props.theme.spacing' is possibly 'undefined'.
src/components/DashBoard/Pages/admin-dashboard/AdminStellarSidebar.tsx(468,14): error TS2345: Argument of type '(props: ExecutionContext & FastOmit<Omit<HTMLAttributesWithoutMotionProps<ButtonHTMLAttributes<HTMLButtonElement>, HTMLButtonElement> & MotionProps & RefAttributes<...>, "ref"> & { ...; }, "isActive" | ... 3 more ... | "isDisabled"> & { ...; }) => unknown' is not assignable to parameter of type 'Interpolation<Substitute<Omit<HTMLAttributesWithoutMotionProps<ButtonHTMLAttributes<HTMLButtonElement>, HTMLButtonElement> & MotionProps & RefAttributes<...>, "ref"> & { ...; }, { ...; }>>'.
  Type '(props: ExecutionContext & FastOmit<Omit<HTMLAttributesWithoutMotionProps<ButtonHTMLAttributes<HTMLButtonElement>, HTMLButtonElement> & MotionProps & RefAttributes<...>, "ref"> & { ...; }, "isActive" | ... 3 more ... | "isDisabled"> & { ...; }) => unknown' is not assignable to type 'StyleFunction<Substitute<Omit<HTMLAttributesWithoutMotionProps<ButtonHTMLAttributes<HTMLButtonElement>, HTMLButtonElement> & MotionProps & RefAttributes<...>, "ref"> & { ...; }, { ...; }>>'.
    Type 'unknown' is not assignable to type 'Interpolation<Substitute<Omit<HTMLAttributesWithoutMotionProps<ButtonHTMLAttributes<HTMLButtonElement>, HTMLButtonElement> & MotionProps & RefAttributes<...>, "ref"> & { ...; }, { ...; }>>'.
src/components/DashBoard/Pages/admin-dashboard/AdminStellarSidebar.tsx(472,32): error TS18048: 'props.theme.spacing' is possibly 'undefined'.
src/components/DashBoard/Pages/admin-dashboard/AdminStellarSidebar.tsx(472,60): error TS18048: 'props.theme.spacing' is possibly 'undefined'.
src/components/DashBoard/Pages/admin-dashboard/AdminStellarSidebar.tsx(472,86): error TS18048: 'props.theme.spacing' is possibly 'undefined'.
src/components/DashBoard/Pages/admin-dashboard/AdminStellarSidebar.tsx(476,60): error TS18048: 'props.theme.spacing' is possibly 'undefined'.
src/components/DashBoard/Pages/admin-dashboard/AdminStellarSidebar.tsx(482,108): error TS18048: 'props.theme.colors' is possibly 'undefined'.
src/components/DashBoard/Pages/admin-dashboard/AdminStellarSidebar.tsx(484,7): error TS18048: 'props.theme.colors' is possibly 'undefined'.
src/components/DashBoard/Pages/admin-dashboard/AdminStellarSidebar.tsx(512,23): error TS18048: 'props.theme.colors' is possibly 'undefined'.
src/components/DashBoard/Pages/admin-dashboard/AdminStellarSidebar.tsx(515,9): error TS18048: 'props.theme.colors' is possibly 'undefined'.
src/components/DashBoard/Pages/admin-dashboard/AdminStellarSidebar.tsx(521,35): error TS18048: 'props.theme.colors' is possibly 'undefined'.
src/components/DashBoard/Pages/admin-dashboard/AdminStellarSidebar.tsx(534,21): error TS18048: 'props.theme.colors' is possibly 'undefined'.
src/components/DashBoard/Pages/admin-dashboard/AdminStellarSidebar.tsx(572,17): error TS2345: Argument of type '(props: ExecutionContext & FastOmit<Omit<HTMLAttributesWithoutMotionProps<HTMLAttributes<HTMLSpanElement>, HTMLSpanElement> & MotionProps & RefAttributes<...>, "ref"> & { ...; }, "isCollapsed"> & { ...; }) => unknown' is not assignable to parameter of type 'Interpolation<Substitute<Omit<HTMLAttributesWithoutMotionProps<HTMLAttributes<HTMLSpanElement>, HTMLSpanElement> & MotionProps & RefAttributes<...>, "ref"> & { ...; }, { ...; }>>'.
  Type '(props: ExecutionContext & FastOmit<Omit<HTMLAttributesWithoutMotionProps<HTMLAttributes<HTMLSpanElement>, HTMLSpanElement> & MotionProps & RefAttributes<...>, "ref"> & { ...; }, "isCollapsed"> & { ...; }) => unknown' is not assignable to type 'StyleFunction<Substitute<Omit<HTMLAttributesWithoutMotionProps<HTMLAttributes<HTMLSpanElement>, HTMLSpanElement> & MotionProps & RefAttributes<...>, "ref"> & { ...; }, { ...; }>>'.
    Type 'unknown' is not assignable to type 'Interpolation<Substitute<Omit<HTMLAttributesWithoutMotionProps<HTMLAttributes<HTMLSpanElement>, HTMLSpanElement> & MotionProps & RefAttributes<...>, "ref"> & { ...; }, { ...; }>>'.
src/components/DashBoard/Pages/admin-dashboard/AdminStellarSidebar.tsx(572,26): error TS18048: 'props.theme.colors' is possibly 'undefined'.
src/components/DashBoard/Pages/admin-dashboard/AdminStellarSidebar.tsx(573,21): error TS18048: 'props.theme.colors' is possibly 'undefined'.
src/components/DashBoard/Pages/admin-dashboard/AdminStellarSidebar.tsx(593,10): error TS2345: Argument of type '(props: ExecutionContext & FastOmit<DetailedHTMLProps<HTMLAttributes<HTMLDivElement>, HTMLDivElement>, "isCollapsed"> & { ...; }) => unknown' is not assignable to parameter of type 'Interpolation<Substitute<DetailedHTMLProps<HTMLAttributes<HTMLDivElement>, HTMLDivElement>, { isCollapsed: boolean; }>>'.
  Type '(props: ExecutionContext & FastOmit<DetailedHTMLProps<HTMLAttributes<HTMLDivElement>, HTMLDivElement>, "isCollapsed"> & { ...; }) => unknown' is not assignable to type 'StyleFunction<Substitute<DetailedHTMLProps<HTMLAttributes<HTMLDivElement>, HTMLDivElement>, { isCollapsed: boolean; }>>'.
    Type 'unknown' is not assignable to type 'Interpolation<Substitute<DetailedHTMLProps<HTMLAttributes<HTMLDivElement>, HTMLDivElement>, { isCollapsed: boolean; }>>'.
src/components/DashBoard/Pages/admin-dashboard/AdminStellarSidebar.tsx(593,19): error TS18048: 'props.theme.spacing' is possibly 'undefined'.
src/components/DashBoard/Pages/admin-dashboard/AdminStellarSidebar.tsx(609,26): error TS2322: Type 'LucideIcon' is not assignable to type 'ComponentType<{ size?: number | undefined; }>'.
  Type 'ForwardRefExoticComponent<LucideProps>' is not assignable to type 'FunctionComponent<{ size?: number | undefined; }>'.
    Types of property 'propTypes' are incompatible.
      Type 'WeakValidationMap<LucideProps> | undefined' is not assignable to type 'WeakValidationMap<{ size?: number | undefined; }> | undefined'.
        Type 'WeakValidationMap<LucideProps>' is not assignable to type 'WeakValidationMap<{ size?: number | undefined; }>'.
          Types of property 'size' are incompatible.
            Type 'Validator<string | number | null | undefined> | undefined' is not assignable to type 'Validator<number | null | undefined> | undefined'.
              Type 'Validator<string | number | null | undefined>' is not assignable to type 'Validator<number | null | undefined>'.
                Type 'string | number | null | undefined' is not assignable to type 'number | null | undefined'.
                  Type 'string' is not assignable to type 'number'.
src/components/DashBoard/Pages/admin-dashboard/AdminStellarSidebar.tsx(610,26): error TS2322: Type 'LucideIcon' is not assignable to type 'ComponentType<{ size?: number | undefined; }>'.
  Type 'ForwardRefExoticComponent<LucideProps>' is not assignable to type 'FunctionComponent<{ size?: number | undefined; }>'.
    Types of property 'propTypes' are incompatible.
      Type 'WeakValidationMap<LucideProps> | undefined' is not assignable to type 'WeakValidationMap<{ size?: number | undefined; }> | undefined'.
        Type 'WeakValidationMap<LucideProps>' is not assignable to type 'WeakValidationMap<{ size?: number | undefined; }>'.
          Types of property 'size' are incompatible.
            Type 'Validator<string | number | null | undefined> | undefined' is not assignable to type 'Validator<number | null | undefined> | undefined'.
              Type 'Validator<string | number | null | undefined>' is not assignable to type 'Validator<number | null | undefined>'.
                Type 'string | number | null | undefined' is not assignable to type 'number | null | undefined'.
                  Type 'string' is not assignable to type 'number'.
src/components/DashBoard/Pages/admin-dashboard/AdminStellarSidebar.tsx(611,32): error TS2322: Type 'LucideIcon' is not assignable to type 'ComponentType<{ size?: number | undefined; }>'.
  Type 'ForwardRefExoticComponent<LucideProps>' is not assignable to type 'FunctionComponent<{ size?: number | undefined; }>'.
    Types of property 'propTypes' are incompatible.
      Type 'WeakValidationMap<LucideProps> | undefined' is not assignable to type 'WeakValidationMap<{ size?: number | undefined; }> | undefined'.
        Type 'WeakValidationMap<LucideProps>' is not assignable to type 'WeakValidationMap<{ size?: number | undefined; }>'.
          Types of property 'size' are incompatible.
            Type 'Validator<string | number | null | undefined> | undefined' is not assignable to type 'Validator<number | null | undefined> | undefined'.
              Type 'Validator<string | number | null | undefined>' is not assignable to type 'Validator<number | null | undefined>'.
                Type 'string | number | null | undefined' is not assignable to type 'number | null | undefined'.
                  Type 'string' is not assignable to type 'number'.
src/components/DashBoard/Pages/admin-dashboard/AdminStellarSidebar.tsx(612,29): error TS2322: Type 'LucideIcon' is not assignable to type 'ComponentType<{ size?: number | undefined; }>'.
  Type 'ForwardRefExoticComponent<LucideProps>' is not assignable to type 'FunctionComponent<{ size?: number | undefined; }>'.
    Types of property 'propTypes' are incompatible.
      Type 'WeakValidationMap<LucideProps> | undefined' is not assignable to type 'WeakValidationMap<{ size?: number | undefined; }> | undefined'.
        Type 'WeakValidationMap<LucideProps>' is not assignable to type 'WeakValidationMap<{ size?: number | undefined; }>'.
          Types of property 'size' are incompatible.
            Type 'Validator<string | number | null | undefined> | undefined' is not assignable to type 'Validator<number | null | undefined> | undefined'.
              Type 'Validator<string | number | null | undefined>' is not assignable to type 'Validator<number | null | undefined>'.
                Type 'string | number | null | undefined' is not assignable to type 'number | null | undefined'.
                  Type 'string' is not assignable to type 'number'.
src/components/DashBoard/Pages/admin-dashboard/AdminStellarSidebar.tsx(613,24): error TS2322: Type 'LucideIcon' is not assignable to type 'ComponentType<{ size?: number | undefined; }>'.
  Type 'ForwardRefExoticComponent<LucideProps>' is not assignable to type 'FunctionComponent<{ size?: number | undefined; }>'.
    Types of property 'propTypes' are incompatible.
      Type 'WeakValidationMap<LucideProps> | undefined' is not assignable to type 'WeakValidationMap<{ size?: number | undefined; }> | undefined'.
        Type 'WeakValidationMap<LucideProps>' is not assignable to type 'WeakValidationMap<{ size?: number | undefined; }>'.
          Types of property 'size' are incompatible.
            Type 'Validator<string | number | null | undefined> | undefined' is not assignable to type 'Validator<number | null | undefined> | undefined'.
              Type 'Validator<string | number | null | undefined>' is not assignable to type 'Validator<number | null | undefined>'.
                Type 'string | number | null | undefined' is not assignable to type 'number | null | undefined'.
                  Type 'string' is not assignable to type 'number'.
src/components/DashBoard/Pages/admin-dashboard/AdminStellarSidebar.tsx(614,24): error TS2322: Type 'LucideIcon' is not assignable to type 'ComponentType<{ size?: number | undefined; }>'.
  Type 'ForwardRefExoticComponent<LucideProps>' is not assignable to type 'FunctionComponent<{ size?: number | undefined; }>'.
    Types of property 'propTypes' are incompatible.
      Type 'WeakValidationMap<LucideProps> | undefined' is not assignable to type 'WeakValidationMap<{ size?: number | undefined; }> | undefined'.
        Type 'WeakValidationMap<LucideProps>' is not assignable to type 'WeakValidationMap<{ size?: number | undefined; }>'.
          Types of property 'size' are incompatible.
            Type 'Validator<string | number | null | undefined> | undefined' is not assignable to type 'Validator<number | null | undefined> | undefined'.
              Type 'Validator<string | number | null | undefined>' is not assignable to type 'Validator<number | null | undefined>'.
                Type 'string | number | null | undefined' is not assignable to type 'number | null | undefined'.
                  Type 'string' is not assignable to type 'number'.
src/components/DashBoard/Pages/admin-dashboard/AdminStellarSidebar.tsx(615,28): error TS2322: Type 'LucideIcon' is not assignable to type 'ComponentType<{ size?: number | undefined; }>'.
  Type 'ForwardRefExoticComponent<LucideProps>' is not assignable to type 'FunctionComponent<{ size?: number | undefined; }>'.
    Types of property 'propTypes' are incompatible.
      Type 'WeakValidationMap<LucideProps> | undefined' is not assignable to type 'WeakValidationMap<{ size?: number | undefined; }> | undefined'.
        Type 'WeakValidationMap<LucideProps>' is not assignable to type 'WeakValidationMap<{ size?: number | undefined; }>'.
          Types of property 'size' are incompatible.
            Type 'Validator<string | number | null | undefined> | undefined' is not assignable to type 'Validator<number | null | undefined> | undefined'.
              Type 'Validator<string | number | null | undefined>' is not assignable to type 'Validator<number | null | undefined>'.
                Type 'string | number | null | undefined' is not assignable to type 'number | null | undefined'.
                  Type 'string' is not assignable to type 'number'.
src/components/DashBoard/Pages/admin-dashboard/AdminStellarSidebar.tsx(637,23): error TS2345: Argument of type '(props: ExecutionContext & FastOmit<DetailedHTMLProps<HTMLAttributes<HTMLDivElement>, HTMLDivElement>, "status"> & { ...; }) => unknown' is not assignable to parameter of type 'Interpolation<Substitute<DetailedHTMLProps<HTMLAttributes<HTMLDivElement>, HTMLDivElement>, { status: "error" | "warning" | "healthy"; }>>'.
  Type '(props: ExecutionContext & FastOmit<DetailedHTMLProps<HTMLAttributes<HTMLDivElement>, HTMLDivElement>, "status"> & { ...; }) => unknown' is not assignable to type 'StyleFunction<Substitute<DetailedHTMLProps<HTMLAttributes<HTMLDivElement>, HTMLDivElement>, { status: "error" | "warning" | "healthy"; }>>'.
    Type 'unknown' is not assignable to type 'Interpolation<Substitute<DetailedHTMLProps<HTMLAttributes<HTMLDivElement>, HTMLDivElement>, { status: "error" | "warning" | "healthy"; }>>'.
src/components/DashBoard/Pages/admin-dashboard/AdminStellarSidebar.tsx(639,30): error TS18048: 'props.theme.colors' is possibly 'undefined'.
src/components/DashBoard/Pages/admin-dashboard/AdminStellarSidebar.tsx(640,30): error TS18048: 'props.theme.colors' is possibly 'undefined'.
src/components/DashBoard/Pages/admin-dashboard/AdminStellarSidebar.tsx(641,28): error TS18048: 'props.theme.colors' is possibly 'undefined'.
src/components/DashBoard/Pages/admin-dashboard/AdminStellarSidebar.tsx(656,14): error TS2345: Argument of type '(props: ExecutionContext & FastOmit<DetailedHTMLProps<HTMLAttributes<HTMLDivElement>, HTMLDivElement>, "isCollapsed"> & { ...; }) => unknown' is not assignable to parameter of type 'Interpolation<Substitute<DetailedHTMLProps<HTMLAttributes<HTMLDivElement>, HTMLDivElement>, { isCollapsed: boolean; }>>'.
  Type '(props: ExecutionContext & FastOmit<DetailedHTMLProps<HTMLAttributes<HTMLDivElement>, HTMLDivElement>, "isCollapsed"> & { ...; }) => unknown' is not assignable to type 'StyleFunction<Substitute<DetailedHTMLProps<HTMLAttributes<HTMLDivElement>, HTMLDivElement>, { isCollapsed: boolean; }>>'.
    Type 'unknown' is not assignable to type 'Interpolation<Substitute<DetailedHTMLProps<HTMLAttributes<HTMLDivElement>, HTMLDivElement>, { isCollapsed: boolean; }>>'.
src/components/DashBoard/Pages/admin-dashboard/AdminStellarSidebar.tsx(656,23): error TS18048: 'props.theme.spacing' is possibly 'undefined'.
src/components/DashBoard/Pages/admin-dashboard/AdminStellarSidebar.tsx(663,19): error TS18048: 'props.theme.spacing' is possibly 'undefined'.
src/components/DashBoard/Pages/admin-dashboard/AdminStellarSidebar.tsx(684,10): error TS2345: Argument of type '(props: ExecutionContext & FastOmit<DetailedHTMLProps<HTMLAttributes<HTMLDivElement>, HTMLDivElement>, never>) => unknown' is not assignable to parameter of type 'Interpolation<FastOmit<DetailedHTMLProps<HTMLAttributes<HTMLDivElement>, HTMLDivElement>, never>>'.
  Type '(props: ExecutionContext & FastOmit<DetailedHTMLProps<HTMLAttributes<HTMLDivElement>, HTMLDivElement>, never>) => unknown' is not assignable to type 'StyleFunction<FastOmit<DetailedHTMLProps<HTMLAttributes<HTMLDivElement>, HTMLDivElement>, never>>'.
    Type 'unknown' is not assignable to type 'Interpolation<FastOmit<DetailedHTMLProps<HTMLAttributes<HTMLDivElement>, HTMLDivElement>, never>>'.
src/components/DashBoard/Pages/admin-dashboard/AdminStellarSidebar.tsx(684,19): error TS18048: 'props.theme.spacing' is possibly 'undefined'.
src/components/DashBoard/Pages/admin-dashboard/AdminStellarSidebar.tsx(736,17): error TS2345: Argument of type '(props: ExecutionContext & FastOmit<Omit<HTMLAttributesWithoutMotionProps<ButtonHTMLAttributes<HTMLButtonElement>, HTMLButtonElement> & MotionProps & RefAttributes<...>, "ref"> & { ...; }, never>) => unknown' is not assignable to parameter of type 'Interpolation<FastOmit<Omit<HTMLAttributesWithoutMotionProps<ButtonHTMLAttributes<HTMLButtonElement>, HTMLButtonElement> & MotionProps & RefAttributes<...>, "ref"> & { ...; }, never>>'.
  Type '(props: ExecutionContext & FastOmit<Omit<HTMLAttributesWithoutMotionProps<ButtonHTMLAttributes<HTMLButtonElement>, HTMLButtonElement> & MotionProps & RefAttributes<...>, "ref"> & { ...; }, never>) => unknown' is not assignable to type 'StyleFunction<FastOmit<Omit<HTMLAttributesWithoutMotionProps<ButtonHTMLAttributes<HTMLButtonElement>, HTMLButtonElement> & MotionProps & RefAttributes<...>, "ref"> & { ...; }, never>>'.
    Type 'unknown' is not assignable to type 'Interpolation<FastOmit<Omit<HTMLAttributesWithoutMotionProps<ButtonHTMLAttributes<HTMLButtonElement>, HTMLButtonElement> & MotionProps & RefAttributes<...>, "ref"> & { ...; }, never>>'.
src/components/DashBoard/Pages/admin-dashboard/AdminStellarSidebar.tsx(736,26): error TS18048: 'props.theme.gradients' is possibly 'undefined'.
src/components/DashBoard/Pages/admin-dashboard/AdminStellarSidebar.tsx(738,21): error TS18048: 'props.theme.colors' is possibly 'undefined'.
src/components/DashBoard/Pages/admin-dashboard/AdminStellarSidebar.tsx(744,26): error TS18048: 'props.theme.shadows' is possibly 'undefined'.
src/components/DashBoard/Pages/admin-dashboard/AdminStellarSidebar.tsx(744,46): error TS2339: Property 'commandGlow' does not exist on type 'string[] | Record<string, unknown>'.
  Property 'commandGlow' does not exist on type 'string[]'.
src/components/DashBoard/Pages/admin-dashboard/AdminStellarSidebar.tsx(776,12): error TS2345: Argument of type '(props: ExecutionContext & FastOmit<DetailedHTMLProps<HTMLAttributes<HTMLDivElement>, HTMLDivElement>, never>) => unknown' is not assignable to parameter of type 'Interpolation<FastOmit<DetailedHTMLProps<HTMLAttributes<HTMLDivElement>, HTMLDivElement>, never>>'.
  Type '(props: ExecutionContext & FastOmit<DetailedHTMLProps<HTMLAttributes<HTMLDivElement>, HTMLDivElement>, never>) => unknown' is not assignable to type 'StyleFunction<FastOmit<DetailedHTMLProps<HTMLAttributes<HTMLDivElement>, HTMLDivElement>, never>>'.
    Type 'unknown' is not assignable to type 'Interpolation<FastOmit<DetailedHTMLProps<HTMLAttributes<HTMLDivElement>, HTMLDivElement>, never>>'.
src/components/DashBoard/Pages/admin-dashboard/AdminStellarSidebar.tsx(776,21): error TS18048: 'props.theme.colors' is possibly 'undefined'.
src/components/DashBoard/Pages/admin-dashboard/AdminStellarSidebar.tsx(777,23): error TS18048: 'props.theme.spacing' is possibly 'undefined'.
src/components/DashBoard/Pages/admin-dashboard/AdminStellarSidebar.tsx(777,58): error TS18048: 'props.theme.spacing' is possibly 'undefined'.
src/components/DashBoard/Pages/admin-dashboard/AdminStellarSidebar.tsx(778,29): error TS18046: 'props.theme.borderRadius' is of type 'unknown'.
src/components/DashBoard/Pages/admin-dashboard/AdminStellarSidebar.tsx(787,26): error TS18048: 'props.theme.shadows' is possibly 'undefined'.
src/components/DashBoard/Pages/admin-dashboard/AdminStellarSidebar.tsx(787,46): error TS2339: Property 'intelligenceCard' does not exist on type 'string[] | Record<string, unknown>'.
  Property 'intelligenceCard' does not exist on type 'string[]'.
src/components/DashBoard/Pages/admin-dashboard/AdminStellarSidebar.tsx(817,3): error TS2322: Type 'LucideIcon' is not assignable to type 'ComponentType<{ size?: number | undefined; }>'.
  Type 'ForwardRefExoticComponent<LucideProps>' is not assignable to type 'FunctionComponent<{ size?: number | undefined; }>'.
    Types of property 'propTypes' are incompatible.
      Type 'WeakValidationMap<LucideProps> | undefined' is not assignable to type 'WeakValidationMap<{ size?: number | undefined; }> | undefined'.
        Type 'WeakValidationMap<LucideProps>' is not assignable to type 'WeakValidationMap<{ size?: number | undefined; }>'.
          Types of property 'size' are incompatible.
            Type 'Validator<string | number | null | undefined> | undefined' is not assignable to type 'Validator<number | null | undefined> | undefined'.
              Type 'Validator<string | number | null | undefined>' is not assignable to type 'Validator<number | null | undefined>'.
                Type 'string | number | null | undefined' is not assignable to type 'number | null | undefined'.
                  Type 'string' is not assignable to type 'number'.
src/components/DashBoard/Pages/admin-dashboard/AdminStellarSidebar.tsx(818,3): error TS2322: Type 'LucideIcon' is not assignable to type 'ComponentType<{ size?: number | undefined; }>'.
  Type 'ForwardRefExoticComponent<LucideProps>' is not assignable to type 'FunctionComponent<{ size?: number | undefined; }>'.
    Types of property 'propTypes' are incompatible.
      Type 'WeakValidationMap<LucideProps> | undefined' is not assignable to type 'WeakValidationMap<{ size?: number | undefined; }> | undefined'.
        Type 'WeakValidationMap<LucideProps>' is not assignable to type 'WeakValidationMap<{ size?: number | undefined; }>'.
          Types of property 'size' are incompatible.
            Type 'Validator<string | number | null | undefined> | undefined' is not assignable to type 'Validator<number | null | undefined> | undefined'.
              Type 'Validator<string | number | null | undefined>' is not assignable to type 'Validator<number | null | undefined>'.
                Type 'string | number | null | undefined' is not assignable to type 'number | null | undefined'.
                  Type 'string' is not assignable to type 'number'.
src/components/DashBoard/Pages/admin-dashboard/AdminStellarSidebar.tsx(819,3): error TS2322: Type 'LucideIcon' is not assignable to type 'ComponentType<{ size?: number | undefined; }>'.
  Type 'ForwardRefExoticComponent<LucideProps>' is not assignable to type 'FunctionComponent<{ size?: number | undefined; }>'.
    Types of property 'propTypes' are incompatible.
      Type 'WeakValidationMap<LucideProps> | undefined' is not assignable to type 'WeakValidationMap<{ size?: number | undefined; }> | undefined'.
        Type 'WeakValidationMap<LucideProps>' is not assignable to type 'WeakValidationMap<{ size?: number | undefined; }>'.
          Types of property 'size' are incompatible.
            Type 'Validator<string | number | null | undefined> | undefined' is not assignable to type 'Validator<number | null | undefined> | undefined'.
              Type 'Validator<string | number | null | undefined>' is not assignable to type 'Validator<number | null | undefined>'.
                Type 'string | number | null | undefined' is not assignable to type 'number | null | undefined'.
                  Type 'string' is not assignable to type 'number'.
src/components/DashBoard/Pages/admin-dashboard/AdminStellarSidebar.tsx(820,3): error TS2322: Type 'LucideIcon' is not assignable to type 'ComponentType<{ size?: number | undefined; }>'.
  Type 'ForwardRefExoticComponent<LucideProps>' is not assignable to type 'FunctionComponent<{ size?: number | undefined; }>'.
    Types of property 'propTypes' are incompatible.
      Type 'WeakValidationMap<LucideProps> | undefined' is not assignable to type 'WeakValidationMap<{ size?: number | undefined; }> | undefined'.
        Type 'WeakValidationMap<LucideProps>' is not assignable to type 'WeakValidationMap<{ size?: number | undefined; }>'.
          Types of property 'size' are incompatible.
            Type 'Validator<string | number | null | undefined> | undefined' is not assignable to type 'Validator<number | null | undefined> | undefined'.
              Type 'Validator<string | number | null | undefined>' is not assignable to type 'Validator<number | null | undefined>'.
                Type 'string | number | null | undefined' is not assignable to type 'number | null | undefined'.
                  Type 'string' is not assignable to type 'number'.
src/components/DashBoard/Pages/admin-dashboard/AdminStellarSidebar.tsx(821,3): error TS2322: Type 'LucideIcon' is not assignable to type 'ComponentType<{ size?: number | undefined; }>'.
  Type 'ForwardRefExoticComponent<LucideProps>' is not assignable to type 'FunctionComponent<{ size?: number | undefined; }>'.
    Types of property 'propTypes' are incompatible.
      Type 'WeakValidationMap<LucideProps> | undefined' is not assignable to type 'WeakValidationMap<{ size?: number | undefined; }> | undefined'.
        Type 'WeakValidationMap<LucideProps>' is not assignable to type 'WeakValidationMap<{ size?: number | undefined; }>'.
          Types of property 'size' are incompatible.
            Type 'Validator<string | number | null | undefined> | undefined' is not assignable to type 'Validator<number | null | undefined> | undefined'.
              Type 'Validator<string | number | null | undefined>' is not assignable to type 'Validator<number | null | undefined>'.
                Type 'string | number | null | undefined' is not assignable to type 'number | null | undefined'.
                  Type 'string' is not assignable to type 'number'.
src/components/DashBoard/Pages/admin-dashboard/AdminStellarSidebar.tsx(822,3): error TS2322: Type 'LucideIcon' is not assignable to type 'ComponentType<{ size?: number | undefined; }>'.
  Type 'ForwardRefExoticComponent<LucideProps>' is not assignable to type 'FunctionComponent<{ size?: number | undefined; }>'.
    Types of property 'propTypes' are incompatible.
      Type 'WeakValidationMap<LucideProps> | undefined' is not assignable to type 'WeakValidationMap<{ size?: number | undefined; }> | undefined'.
        Type 'WeakValidationMap<LucideProps>' is not assignable to type 'WeakValidationMap<{ size?: number | undefined; }>'.
          Types of property 'size' are incompatible.
            Type 'Validator<string | number | null | undefined> | undefined' is not assignable to type 'Validator<number | null | undefined> | undefined'.
              Type 'Validator<string | number | null | undefined>' is not assignable to type 'Validator<number | null | undefined>'.
                Type 'string | number | null | undefined' is not assignable to type 'number | null | undefined'.
                  Type 'string' is not assignable to type 'number'.
src/components/DashBoard/Pages/admin-dashboard/AdminStellarSidebar.tsx(823,3): error TS2322: Type 'LucideIcon' is not assignable to type 'ComponentType<{ size?: number | undefined; }>'.
  Type 'ForwardRefExoticComponent<LucideProps>' is not assignable to type 'FunctionComponent<{ size?: number | undefined; }>'.
    Types of property 'propTypes' are incompatible.
      Type 'WeakValidationMap<LucideProps> | undefined' is not assignable to type 'WeakValidationMap<{ size?: number | undefined; }> | undefined'.
        Type 'WeakValidationMap<LucideProps>' is not assignable to type 'WeakValidationMap<{ size?: number | undefined; }>'.
          Types of property 'size' are incompatible.
            Type 'Validator<string | number | null | undefined> | undefined' is not assignable to type 'Validator<number | null | undefined> | undefined'.
              Type 'Validator<string | number | null | undefined>' is not assignable to type 'Validator<number | null | undefined>'.
                Type 'string | number | null | undefined' is not assignable to type 'number | null | undefined'.
                  Type 'string' is not assignable to type 'number'.
src/components/DashBoard/Pages/admin-dashboard/AdminStellarSidebar.tsx(824,3): error TS2322: Type 'LucideIcon' is not assignable to type 'ComponentType<{ size?: number | undefined; }>'.
  Type 'ForwardRefExoticComponent<LucideProps>' is not assignable to type 'FunctionComponent<{ size?: number | undefined; }>'.
    Types of property 'propTypes' are incompatible.
      Type 'WeakValidationMap<LucideProps> | undefined' is not assignable to type 'WeakValidationMap<{ size?: number | undefined; }> | undefined'.
        Type 'WeakValidationMap<LucideProps>' is not assignable to type 'WeakValidationMap<{ size?: number | undefined; }>'.
          Types of property 'size' are incompatible.
            Type 'Validator<string | number | null | undefined> | undefined' is not assignable to type 'Validator<number | null | undefined> | undefined'.
              Type 'Validator<string | number | null | undefined>' is not assignable to type 'Validator<number | null | undefined>'.
                Type 'string | number | null | undefined' is not assignable to type 'number | null | undefined'.
                  Type 'string' is not assignable to type 'number'.
src/components/DashBoard/Pages/admin-dashboard/AdminStellarSidebar.tsx(825,3): error TS2322: Type 'LucideIcon' is not assignable to type 'ComponentType<{ size?: number | undefined; }>'.
  Type 'ForwardRefExoticComponent<LucideProps>' is not assignable to type 'FunctionComponent<{ size?: number | undefined; }>'.
    Types of property 'propTypes' are incompatible.
      Type 'WeakValidationMap<LucideProps> | undefined' is not assignable to type 'WeakValidationMap<{ size?: number | undefined; }> | undefined'.
        Type 'WeakValidationMap<LucideProps>' is not assignable to type 'WeakValidationMap<{ size?: number | undefined; }>'.
          Types of property 'size' are incompatible.
            Type 'Validator<string | number | null | undefined> | undefined' is not assignable to type 'Validator<number | null | undefined> | undefined'.
              Type 'Validator<string | number | null | undefined>' is not assignable to type 'Validator<number | null | undefined>'.
                Type 'string | number | null | undefined' is not assignable to type 'number | null | undefined'.
                  Type 'string' is not assignable to type 'number'.
src/components/DashBoard/Pages/admin-dashboard/AdminStellarSidebar.tsx(826,3): error TS2322: Type 'LucideIcon' is not assignable to type 'ComponentType<{ size?: number | undefined; }>'.
  Type 'ForwardRefExoticComponent<LucideProps>' is not assignable to type 'FunctionComponent<{ size?: number | undefined; }>'.
    Types of property 'propTypes' are incompatible.
      Type 'WeakValidationMap<LucideProps> | undefined' is not assignable to type 'WeakValidationMap<{ size?: number | undefined; }> | undefined'.
        Type 'WeakValidationMap<LucideProps>' is not assignable to type 'WeakValidationMap<{ size?: number | undefined; }>'.
          Types of property 'size' are incompatible.
            Type 'Validator<string | number | null | undefined> | undefined' is not assignable to type 'Validator<number | null | undefined> | undefined'.
              Type 'Validator<string | number | null | undefined>' is not assignable to type 'Validator<number | null | undefined>'.
                Type 'string | number | null | undefined' is not assignable to type 'number | null | undefined'.
                  Type 'string' is not assignable to type 'number'.
src/components/DashBoard/Pages/admin-dashboard/AdminStellarSidebar.tsx(827,3): error TS2322: Type 'LucideIcon' is not assignable to type 'ComponentType<{ size?: number | undefined; }>'.
  Type 'ForwardRefExoticComponent<LucideProps>' is not assignable to type 'FunctionComponent<{ size?: number | undefined; }>'.
    Types of property 'propTypes' are incompatible.
      Type 'WeakValidationMap<LucideProps> | undefined' is not assignable to type 'WeakValidationMap<{ size?: number | undefined; }> | undefined'.
        Type 'WeakValidationMap<LucideProps>' is not assignable to type 'WeakValidationMap<{ size?: number | undefined; }>'.
          Types of property 'size' are incompatible.
            Type 'Validator<string | number | null | undefined> | undefined' is not assignable to type 'Validator<number | null | undefined> | undefined'.
              Type 'Validator<string | number | null | undefined>' is not assignable to type 'Validator<number | null | undefined>'.
                Type 'string | number | null | undefined' is not assignable to type 'number | null | undefined'.
                  Type 'string' is not assignable to type 'number'.
src/components/DashBoard/Pages/admin-dashboard/AdminStellarSidebar.tsx(828,3): error TS2322: Type 'LucideIcon' is not assignable to type 'ComponentType<{ size?: number | undefined; }>'.
  Type 'ForwardRefExoticComponent<LucideProps>' is not assignable to type 'FunctionComponent<{ size?: number | undefined; }>'.
    Types of property 'propTypes' are incompatible.
      Type 'WeakValidationMap<LucideProps> | undefined' is not assignable to type 'WeakValidationMap<{ size?: number | undefined; }> | undefined'.
        Type 'WeakValidationMap<LucideProps>' is not assignable to type 'WeakValidationMap<{ size?: number | undefined; }>'.
          Types of property 'size' are incompatible.
            Type 'Validator<string | number | null | undefined> | undefined' is not assignable to type 'Validator<number | null | undefined> | undefined'.
              Type 'Validator<string | number | null | undefined>' is not assignable to type 'Validator<number | null | undefined>'.
                Type 'string | number | null | undefined' is not assignable to type 'number | null | undefined'.
                  Type 'string' is not assignable to type 'number'.
src/components/DashBoard/Pages/admin-dashboard/AdminStellarSidebar.tsx(829,3): error TS2322: Type 'LucideIcon' is not assignable to type 'ComponentType<{ size?: number | undefined; }>'.
  Type 'ForwardRefExoticComponent<LucideProps>' is not assignable to type 'FunctionComponent<{ size?: number | undefined; }>'.
    Types of property 'propTypes' are incompatible.
      Type 'WeakValidationMap<LucideProps> | undefined' is not assignable to type 'WeakValidationMap<{ size?: number | undefined; }> | undefined'.
        Type 'WeakValidationMap<LucideProps>' is not assignable to type 'WeakValidationMap<{ size?: number | undefined; }>'.
          Types of property 'size' are incompatible.
            Type 'Validator<string | number | null | undefined> | undefined' is not assignable to type 'Validator<number | null | undefined> | undefined'.
              Type 'Validator<string | number | null | undefined>' is not assignable to type 'Validator<number | null | undefined>'.
                Type 'string | number | null | undefined' is not assignable to type 'number | null | undefined'.
                  Type 'string' is not assignable to type 'number'.
src/components/DashBoard/Pages/admin-dashboard/AdminStellarSidebar.tsx(830,3): error TS2322: Type 'LucideIcon' is not assignable to type 'ComponentType<{ size?: number | undefined; }>'.
  Type 'ForwardRefExoticComponent<LucideProps>' is not assignable to type 'FunctionComponent<{ size?: number | undefined; }>'.
    Types of property 'propTypes' are incompatible.
      Type 'WeakValidationMap<LucideProps> | undefined' is not assignable to type 'WeakValidationMap<{ size?: number | undefined; }> | undefined'.
        Type 'WeakValidationMap<LucideProps>' is not assignable to type 'WeakValidationMap<{ size?: number | undefined; }>'.
          Types of property 'size' are incompatible.
            Type 'Validator<string | number | null | undefined> | undefined' is not assignable to type 'Validator<number | null | undefined> | undefined'.
              Type 'Validator<string | number | null | undefined>' is not assignable to type 'Validator<number | null | undefined>'.
                Type 'string | number | null | undefined' is not assignable to type 'number | null | undefined'.
                  Type 'string' is not assignable to type 'number'.
src/components/DashBoard/Pages/admin-dashboard/AdminStellarSidebar.tsx(831,3): error TS2322: Type 'LucideIcon' is not assignable to type 'ComponentType<{ size?: number | undefined; }>'.
  Type 'ForwardRefExoticComponent<LucideProps>' is not assignable to type 'FunctionComponent<{ size?: number | undefined; }>'.
    Types of property 'propTypes' are incompatible.
      Type 'WeakValidationMap<LucideProps> | undefined' is not assignable to type 'WeakValidationMap<{ size?: number | undefined; }> | undefined'.
        Type 'WeakValidationMap<LucideProps>' is not assignable to type 'WeakValidationMap<{ size?: number | undefined; }>'.
          Types of property 'size' are incompatible.
            Type 'Validator<string | number | null | undefined> | undefined' is not assignable to type 'Validator<number | null | undefined> | undefined'.
              Type 'Validator<string | number | null | undefined>' is not assignable to type 'Validator<number | null | undefined>'.
                Type 'string | number | null | undefined' is not assignable to type 'number | null | undefined'.
                  Type 'string' is not assignable to type 'number'.
src/components/DashBoard/Pages/admin-dashboard/AdminStellarSidebar.tsx(832,3): error TS2322: Type 'LucideIcon' is not assignable to type 'ComponentType<{ size?: number | undefined; }>'.
  Type 'ForwardRefExoticComponent<LucideProps>' is not assignable to type 'FunctionComponent<{ size?: number | undefined; }>'.
    Types of property 'propTypes' are incompatible.
      Type 'WeakValidationMap<LucideProps> | undefined' is not assignable to type 'WeakValidationMap<{ size?: number | undefined; }> | undefined'.
        Type 'WeakValidationMap<LucideProps>' is not assignable to type 'WeakValidationMap<{ size?: number | undefined; }>'.
          Types of property 'size' are incompatible.
            Type 'Validator<string | number | null | undefined> | undefined' is not assignable to type 'Validator<number | null | undefined> | undefined'.
              Type 'Validator<string | number | null | undefined>' is not assignable to type 'Validator<number | null | undefined>'.
                Type 'string | number | null | undefined' is not assignable to type 'number | null | undefined'.
                  Type 'string' is not assignable to type 'number'.
src/components/DashBoard/Pages/admin-dashboard/AdminStellarSidebar.tsx(833,3): error TS2322: Type 'LucideIcon' is not assignable to type 'ComponentType<{ size?: number | undefined; }>'.
  Type 'ForwardRefExoticComponent<LucideProps>' is not assignable to type 'FunctionComponent<{ size?: number | undefined; }>'.
    Types of property 'propTypes' are incompatible.
      Type 'WeakValidationMap<LucideProps> | undefined' is not assignable to type 'WeakValidationMap<{ size?: number | undefined; }> | undefined'.
        Type 'WeakValidationMap<LucideProps>' is not assignable to type 'WeakValidationMap<{ size?: number | undefined; }>'.
          Types of property 'size' are incompatible.
            Type 'Validator<string | number | null | undefined> | undefined' is not assignable to type 'Validator<number | null | undefined> | undefined'.
              Type 'Validator<string | number | null | undefined>' is not assignable to type 'Validator<number | null | undefined>'.
                Type 'string | number | null | undefined' is not assignable to type 'number | null | undefined'.
                  Type 'string' is not assignable to type 'number'.
src/components/DashBoard/Pages/admin-dashboard/AdminStellarSidebar.tsx(834,3): error TS2322: Type 'LucideIcon' is not assignable to type 'ComponentType<{ size?: number | undefined; }>'.
  Type 'ForwardRefExoticComponent<LucideProps>' is not assignable to type 'FunctionComponent<{ size?: number | undefined; }>'.
    Types of property 'propTypes' are incompatible.
      Type 'WeakValidationMap<LucideProps> | undefined' is not assignable to type 'WeakValidationMap<{ size?: number | undefined; }> | undefined'.
        Type 'WeakValidationMap<LucideProps>' is not assignable to type 'WeakValidationMap<{ size?: number | undefined; }>'.
          Types of property 'size' are incompatible.
            Type 'Validator<string | number | null | undefined> | undefined' is not assignable to type 'Validator<number | null | undefined> | undefined'.
              Type 'Validator<string | number | null | undefined>' is not assignable to type 'Validator<number | null | undefined>'.
                Type 'string | number | null | undefined' is not assignable to type 'number | null | undefined'.
                  Type 'string' is not assignable to type 'number'.
src/components/DashBoard/Pages/admin-dashboard/AdminStellarSidebar.tsx(835,3): error TS2322: Type 'LucideIcon' is not assignable to type 'ComponentType<{ size?: number | undefined; }>'.
  Type 'ForwardRefExoticComponent<LucideProps>' is not assignable to type 'FunctionComponent<{ size?: number | undefined; }>'.
    Types of property 'propTypes' are incompatible.
      Type 'WeakValidationMap<LucideProps> | undefined' is not assignable to type 'WeakValidationMap<{ size?: number | undefined; }> | undefined'.
        Type 'WeakValidationMap<LucideProps>' is not assignable to type 'WeakValidationMap<{ size?: number | undefined; }>'.
          Types of property 'size' are incompatible.
            Type 'Validator<string | number | null | undefined> | undefined' is not assignable to type 'Validator<number | null | undefined> | undefined'.
              Type 'Validator<string | number | null | undefined>' is not assignable to type 'Validator<number | null | undefined>'.
                Type 'string | number | null | undefined' is not assignable to type 'number | null | undefined'.
                  Type 'string' is not assignable to type 'number'.
src/components/DashBoard/Pages/admin-dashboard/AdminStellarSidebar.tsx(836,3): error TS2322: Type 'LucideIcon' is not assignable to type 'ComponentType<{ size?: number | undefined; }>'.
  Type 'ForwardRefExoticComponent<LucideProps>' is not assignable to type 'FunctionComponent<{ size?: number | undefined; }>'.
    Types of property 'propTypes' are incompatible.
      Type 'WeakValidationMap<LucideProps> | undefined' is not assignable to type 'WeakValidationMap<{ size?: number | undefined; }> | undefined'.
        Type 'WeakValidationMap<LucideProps>' is not assignable to type 'WeakValidationMap<{ size?: number | undefined; }>'.
          Types of property 'size' are incompatible.
            Type 'Validator<string | number | null | undefined> | undefined' is not assignable to type 'Validator<number | null | undefined> | undefined'.
              Type 'Validator<string | number | null | undefined>' is not assignable to type 'Validator<number | null | undefined>'.
                Type 'string | number | null | undefined' is not assignable to type 'number | null | undefined'.
                  Type 'string' is not assignable to type 'number'.
src/components/DashBoard/Pages/admin-dashboard/AdminStellarSidebar.tsx(837,3): error TS2322: Type 'LucideIcon' is not assignable to type 'ComponentType<{ size?: number | undefined; }>'.
  Type 'ForwardRefExoticComponent<LucideProps>' is not assignable to type 'FunctionComponent<{ size?: number | undefined; }>'.
    Types of property 'propTypes' are incompatible.
      Type 'WeakValidationMap<LucideProps> | undefined' is not assignable to type 'WeakValidationMap<{ size?: number | undefined; }> | undefined'.
        Type 'WeakValidationMap<LucideProps>' is not assignable to type 'WeakValidationMap<{ size?: number | undefined; }>'.
          Types of property 'size' are incompatible.
            Type 'Validator<string | number | null | undefined> | undefined' is not assignable to type 'Validator<number | null | undefined> | undefined'.
              Type 'Validator<string | number | null | undefined>' is not assignable to type 'Validator<number | null | undefined>'.
                Type 'string | number | null | undefined' is not assignable to type 'number | null | undefined'.
                  Type 'string' is not assignable to type 'number'.
src/components/DashBoard/Pages/admin-dashboard/AdminStellarSidebar.tsx(838,3): error TS2322: Type 'LucideIcon' is not assignable to type 'ComponentType<{ size?: number | undefined; }>'.
  Type 'ForwardRefExoticComponent<LucideProps>' is not assignable to type 'FunctionComponent<{ size?: number | undefined; }>'.
    Types of property 'propTypes' are incompatible.
      Type 'WeakValidationMap<LucideProps> | undefined' is not assignable to type 'WeakValidationMap<{ size?: number | undefined; }> | undefined'.
        Type 'WeakValidationMap<LucideProps>' is not assignable to type 'WeakValidationMap<{ size?: number | undefined; }>'.
          Types of property 'size' are incompatible.
            Type 'Validator<string | number | null | undefined> | undefined' is not assignable to type 'Validator<number | null | undefined> | undefined'.
              Type 'Validator<string | number | null | undefined>' is not assignable to type 'Validator<number | null | undefined>'.
                Type 'string | number | null | undefined' is not assignable to type 'number | null | undefined'.
                  Type 'string' is not assignable to type 'number'.
src/components/DashBoard/Pages/admin-dashboard/AdminStellarSidebar.tsx(839,3): error TS2322: Type 'LucideIcon' is not assignable to type 'ComponentType<{ size?: number | undefined; }>'.
  Type 'ForwardRefExoticComponent<LucideProps>' is not assignable to type 'FunctionComponent<{ size?: number | undefined; }>'.
    Types of property 'propTypes' are incompatible.
      Type 'WeakValidationMap<LucideProps> | undefined' is not assignable to type 'WeakValidationMap<{ size?: number | undefined; }> | undefined'.
        Type 'WeakValidationMap<LucideProps>' is not assignable to type 'WeakValidationMap<{ size?: number | undefined; }>'.
          Types of property 'size' are incompatible.
            Type 'Validator<string | number | null | undefined> | undefined' is not assignable to type 'Validator<number | null | undefined> | undefined'.
              Type 'Validator<string | number | null | undefined>' is not assignable to type 'Validator<number | null | undefined>'.
                Type 'string | number | null | undefined' is not assignable to type 'number | null | undefined'.
                  Type 'string' is not assignable to type 'number'.
src/components/DashBoard/Pages/admin-dashboard/AdminStellarSidebar.tsx(840,3): error TS2322: Type 'LucideIcon' is not assignable to type 'ComponentType<{ size?: number | undefined; }>'.
  Type 'ForwardRefExoticComponent<LucideProps>' is not assignable to type 'FunctionComponent<{ size?: number | undefined; }>'.
    Types of property 'propTypes' are incompatible.
      Type 'WeakValidationMap<LucideProps> | undefined' is not assignable to type 'WeakValidationMap<{ size?: number | undefined; }> | undefined'.
        Type 'WeakValidationMap<LucideProps>' is not assignable to type 'WeakValidationMap<{ size?: number | undefined; }>'.
          Types of property 'size' are incompatible.
            Type 'Validator<string | number | null | undefined> | undefined' is not assignable to type 'Validator<number | null | undefined> | undefined'.
              Type 'Validator<string | number | null | undefined>' is not assignable to type 'Validator<number | null | undefined>'.
                Type 'string | number | null | undefined' is not assignable to type 'number | null | undefined'.
                  Type 'string' is not assignable to type 'number'.
src/components/DashBoard/Pages/admin-dashboard/AdminStellarSidebar.tsx(841,3): error TS2322: Type 'LucideIcon' is not assignable to type 'ComponentType<{ size?: number | undefined; }>'.
  Type 'ForwardRefExoticComponent<LucideProps>' is not assignable to type 'FunctionComponent<{ size?: number | undefined; }>'.
    Types of property 'propTypes' are incompatible.
      Type 'WeakValidationMap<LucideProps> | undefined' is not assignable to type 'WeakValidationMap<{ size?: number | undefined; }> | undefined'.
        Type 'WeakValidationMap<LucideProps>' is not assignable to type 'WeakValidationMap<{ size?: number | undefined; }>'.
          Types of property 'size' are incompatible.
            Type 'Validator<string | number | null | undefined> | undefined' is not assignable to type 'Validator<number | null | undefined> | undefined'.
              Type 'Validator<string | number | null | undefined>' is not assignable to type 'Validator<number | null | undefined>'.
                Type 'string | number | null | undefined' is not assignable to type 'number | null | undefined'.
                  Type 'string' is not assignable to type 'number'.
src/components/DashBoard/Pages/admin-dashboard/AdminStellarSidebar.tsx(842,3): error TS2322: Type 'LucideIcon' is not assignable to type 'ComponentType<{ size?: number | undefined; }>'.
  Type 'ForwardRefExoticComponent<LucideProps>' is not assignable to type 'FunctionComponent<{ size?: number | undefined; }>'.
    Types of property 'propTypes' are incompatible.
      Type 'WeakValidationMap<LucideProps> | undefined' is not assignable to type 'WeakValidationMap<{ size?: number | undefined; }> | undefined'.
        Type 'WeakValidationMap<LucideProps>' is not assignable to type 'WeakValidationMap<{ size?: number | undefined; }>'.
          Types of property 'size' are incompatible.
            Type 'Validator<string | number | null | undefined> | undefined' is not assignable to type 'Validator<number | null | undefined> | undefined'.
              Type 'Validator<string | number | null | undefined>' is not assignable to type 'Validator<number | null | undefined>'.
                Type 'string | number | null | undefined' is not assignable to type 'number | null | undefined'.
                  Type 'string' is not assignable to type 'number'.
src/components/DashBoard/Pages/admin-dashboard/components/AIMonitoringPanel.tsx(9,25): error TS2307: Cannot find module '../../../../context/AuthContext' or its corresponding type declarations.
src/components/DashBoard/Pages/admin-dashboard/components/BulkModerationPanel.tsx(186,32): error TS2339: Property 'checked' does not exist on type 'ExecutionContext & FastOmit<Omit<HTMLAttributesWithoutMotionProps<ButtonHTMLAttributes<HTMLButtonElement>, HTMLButtonElement> & MotionProps & RefAttributes<...>, "ref"> & { ...; }, never>'.
src/components/DashBoard/Pages/admin-dashboard/components/BulkModerationPanel.tsx(499,7): error TS2769: No overload matches this call.
  Overload 1 of 2, '(props: PolymorphicComponentProps<"web", FastOmit<Omit<HTMLAttributesWithoutMotionProps<ButtonHTMLAttributes<HTMLButtonElement>, HTMLButtonElement> & MotionProps & RefAttributes<...>, "ref"> & { ...; }, never>, void, void, {}, {}>): Element', gave the following error.
    Type '{ children: Element; checked: boolean; onClick: () => void; whileHover: { scale: number; }; whileTap: { scale: number; }; "data-content-id": string; }' is not assignable to type 'IntrinsicAttributes & FastOmit<Substitute<FastOmit<Omit<HTMLAttributesWithoutMotionProps<ButtonHTMLAttributes<HTMLButtonElement>, HTMLButtonElement> & MotionProps & RefAttributes<...>, "ref"> & { ...; }, never>, FastOmit<...>>, keyof ExecutionProps> & FastOmit<...> & { ...; }'.
      Property 'checked' does not exist on type 'IntrinsicAttributes & FastOmit<Substitute<FastOmit<Omit<HTMLAttributesWithoutMotionProps<ButtonHTMLAttributes<HTMLButtonElement>, HTMLButtonElement> & MotionProps & RefAttributes<...>, "ref"> & { ...; }, never>, FastOmit<...>>, keyof ExecutionProps> & FastOmit<...> & { ...; }'.
  Overload 2 of 2, '(props: FastOmit<Omit<HTMLAttributesWithoutMotionProps<ButtonHTMLAttributes<HTMLButtonElement>, HTMLButtonElement> & MotionProps & RefAttributes<...>, "ref"> & { ...; }, never>): ReactNode', gave the following error.
    Type '{ children: Element; checked: boolean; onClick: () => void; whileHover: { scale: number; }; whileTap: { scale: number; }; "data-content-id": string; }' is not assignable to type 'IntrinsicAttributes & FastOmit<Omit<HTMLAttributesWithoutMotionProps<ButtonHTMLAttributes<HTMLButtonElement>, HTMLButtonElement> & MotionProps & RefAttributes<...>, "ref"> & { ...; }, never>'.
      Property 'checked' does not exist on type 'IntrinsicAttributes & FastOmit<Omit<HTMLAttributesWithoutMotionProps<ButtonHTMLAttributes<HTMLButtonElement>, HTMLButtonElement> & MotionProps & RefAttributes<...>, "ref"> & { ...; }, never>'.
src/components/DashBoard/Pages/admin-dashboard/components/BusinessIntelligence/EnterpriseBusinessIntelligenceSuite.tsx(174,19): error TS2345: Argument of type '(props: ExecutionContext & FastOmit<DetailedHTMLProps<HTMLAttributes<HTMLDivElement>, HTMLDivElement>, never>) => unknown' is not assignable to parameter of type 'Interpolation<FastOmit<DetailedHTMLProps<HTMLAttributes<HTMLDivElement>, HTMLDivElement>, never>>'.
  Type '(props: ExecutionContext & FastOmit<DetailedHTMLProps<HTMLAttributes<HTMLDivElement>, HTMLDivElement>, never>) => unknown' is not assignable to type 'StyleFunction<FastOmit<DetailedHTMLProps<HTMLAttributes<HTMLDivElement>, HTMLDivElement>, never>>'.
    Type 'unknown' is not assignable to type 'Interpolation<FastOmit<DetailedHTMLProps<HTMLAttributes<HTMLDivElement>, HTMLDivElement>, never>>'.
src/components/DashBoard/Pages/admin-dashboard/components/BusinessIntelligence/EnterpriseBusinessIntelligenceSuite.tsx(174,28): error TS18048: 'props.theme.gradients' is possibly 'undefined'.
src/components/DashBoard/Pages/admin-dashboard/components/BusinessIntelligence/EnterpriseBusinessIntelligenceSuite.tsx(190,19): error TS2345: Argument of type '(props: ExecutionContext & FastOmit<DetailedHTMLProps<HTMLAttributes<HTMLDivElement>, HTMLDivElement>, never>) => unknown' is not assignable to parameter of type 'Interpolation<FastOmit<DetailedHTMLProps<HTMLAttributes<HTMLDivElement>, HTMLDivElement>, never>>'.
  Type '(props: ExecutionContext & FastOmit<DetailedHTMLProps<HTMLAttributes<HTMLDivElement>, HTMLDivElement>, never>) => unknown' is not assignable to type 'StyleFunction<FastOmit<DetailedHTMLProps<HTMLAttributes<HTMLDivElement>, HTMLDivElement>, never>>'.
    Type 'unknown' is not assignable to type 'Interpolation<FastOmit<DetailedHTMLProps<HTMLAttributes<HTMLDivElement>, HTMLDivElement>, never>>'.
src/components/DashBoard/Pages/admin-dashboard/components/BusinessIntelligence/EnterpriseBusinessIntelligenceSuite.tsx(190,28): error TS18048: 'props.theme.gradients' is possibly 'undefined'.
src/components/DashBoard/Pages/admin-dashboard/components/BusinessIntelligence/EnterpriseBusinessIntelligenceSuite.tsx(221,17): error TS2345: Argument of type '(props: ExecutionContext & FastOmit<Omit<HTMLAttributesWithoutMotionProps<ButtonHTMLAttributes<HTMLButtonElement>, HTMLButtonElement> & MotionProps & RefAttributes<...>, "ref"> & { ...; }, "variant"> & { ...; }) => unknown' is not assignable to parameter of type 'Interpolation<Substitute<Omit<HTMLAttributesWithoutMotionProps<ButtonHTMLAttributes<HTMLButtonElement>, HTMLButtonElement> & MotionProps & RefAttributes<...>, "ref"> & { ...; }, { ...; }>>'.
  Type '(props: ExecutionContext & FastOmit<Omit<HTMLAttributesWithoutMotionProps<ButtonHTMLAttributes<HTMLButtonElement>, HTMLButtonElement> & MotionProps & RefAttributes<...>, "ref"> & { ...; }, "variant"> & { ...; }) => unknown' is not assignable to type 'StyleFunction<Substitute<Omit<HTMLAttributesWithoutMotionProps<ButtonHTMLAttributes<HTMLButtonElement>, HTMLButtonElement> & MotionProps & RefAttributes<...>, "ref"> & { ...; }, { ...; }>>'.
    Type 'unknown' is not assignable to type 'Interpolation<Substitute<Omit<HTMLAttributesWithoutMotionProps<ButtonHTMLAttributes<HTMLButtonElement>, HTMLButtonElement> & MotionProps & RefAttributes<...>, "ref"> & { ...; }, { ...; }>>'.
src/components/DashBoard/Pages/admin-dashboard/components/BusinessIntelligence/EnterpriseBusinessIntelligenceSuite.tsx(223,30): error TS18048: 'props.theme.colors' is possibly 'undefined'.
src/components/DashBoard/Pages/admin-dashboard/components/BusinessIntelligence/EnterpriseBusinessIntelligenceSuite.tsx(224,30): error TS18048: 'props.theme.colors' is possibly 'undefined'.
src/components/DashBoard/Pages/admin-dashboard/components/BusinessIntelligence/EnterpriseBusinessIntelligenceSuite.tsx(226,23): error TS18048: 'props.theme.gradients' is possibly 'undefined'.
src/components/DashBoard/Pages/admin-dashboard/components/BusinessIntelligence/EnterpriseBusinessIntelligenceSuite.tsx(268,23): error TS2345: Argument of type '(props: ExecutionContext & FastOmit<Omit<HTMLAttributesWithoutMotionProps<HTMLAttributes<HTMLDivElement>, HTMLDivElement> & MotionProps & RefAttributes<...>, "ref"> & { ...; }, "trend"> & { ...; }) => unknown' is not assignable to parameter of type 'Interpolation<Substitute<Omit<HTMLAttributesWithoutMotionProps<HTMLAttributes<HTMLDivElement>, HTMLDivElement> & MotionProps & RefAttributes<...>, "ref"> & { ...; }, { ...; }>>'.
  Type '(props: ExecutionContext & FastOmit<Omit<HTMLAttributesWithoutMotionProps<HTMLAttributes<HTMLDivElement>, HTMLDivElement> & MotionProps & RefAttributes<...>, "ref"> & { ...; }, "trend"> & { ...; }) => unknown' is not assignable to type 'StyleFunction<Substitute<Omit<HTMLAttributesWithoutMotionProps<HTMLAttributes<HTMLDivElement>, HTMLDivElement> & MotionProps & RefAttributes<...>, "ref"> & { ...; }, { ...; }>>'.
    Type 'unknown' is not assignable to type 'Interpolation<Substitute<Omit<HTMLAttributesWithoutMotionProps<HTMLAttributes<HTMLDivElement>, HTMLDivElement> & MotionProps & RefAttributes<...>, "ref"> & { ...; }, { ...; }>>'.
src/components/DashBoard/Pages/admin-dashboard/components/BusinessIntelligence/EnterpriseBusinessIntelligenceSuite.tsx(270,25): error TS18048: 'props.theme.colors' is possibly 'undefined'.
src/components/DashBoard/Pages/admin-dashboard/components/BusinessIntelligence/EnterpriseBusinessIntelligenceSuite.tsx(271,27): error TS18048: 'props.theme.colors' is possibly 'undefined'.
src/components/DashBoard/Pages/admin-dashboard/components/BusinessIntelligence/EnterpriseBusinessIntelligenceSuite.tsx(283,30): error TS18048: 'props.theme.colors' is possibly 'undefined'.
src/components/DashBoard/Pages/admin-dashboard/components/BusinessIntelligence/EnterpriseBusinessIntelligenceSuite.tsx(295,27): error TS18048: 'props.theme.gradients' is possibly 'undefined'.
src/components/DashBoard/Pages/admin-dashboard/components/BusinessIntelligence/EnterpriseBusinessIntelligenceSuite.tsx(297,25): error TS18048: 'props.theme.gradients' is possibly 'undefined'.
src/components/DashBoard/Pages/admin-dashboard/components/BusinessIntelligence/EnterpriseBusinessIntelligenceSuite.tsx(314,19): error TS2345: Argument of type '(props: ExecutionContext & FastOmit<DetailedHTMLProps<HTMLAttributes<HTMLDivElement>, HTMLDivElement>, never>) => unknown' is not assignable to parameter of type 'Interpolation<FastOmit<DetailedHTMLProps<HTMLAttributes<HTMLDivElement>, HTMLDivElement>, never>>'.
  Type '(props: ExecutionContext & FastOmit<DetailedHTMLProps<HTMLAttributes<HTMLDivElement>, HTMLDivElement>, never>) => unknown' is not assignable to type 'StyleFunction<FastOmit<DetailedHTMLProps<HTMLAttributes<HTMLDivElement>, HTMLDivElement>, never>>'.
    Type 'unknown' is not assignable to type 'Interpolation<FastOmit<DetailedHTMLProps<HTMLAttributes<HTMLDivElement>, HTMLDivElement>, never>>'.
src/components/DashBoard/Pages/admin-dashboard/components/BusinessIntelligence/EnterpriseBusinessIntelligenceSuite.tsx(314,28): error TS18048: 'props.theme.gradients' is possibly 'undefined'.
src/components/DashBoard/Pages/admin-dashboard/components/BusinessIntelligence/EnterpriseBusinessIntelligenceSuite.tsx(352,28): error TS2345: Argument of type '(props: ExecutionContext & FastOmit<DetailedHTMLProps<HTMLAttributes<HTMLDivElement>, HTMLDivElement>, never>) => unknown' is not assignable to parameter of type 'Interpolation<FastOmit<DetailedHTMLProps<HTMLAttributes<HTMLDivElement>, HTMLDivElement>, never>>'.
  Type '(props: ExecutionContext & FastOmit<DetailedHTMLProps<HTMLAttributes<HTMLDivElement>, HTMLDivElement>, never>) => unknown' is not assignable to type 'StyleFunction<FastOmit<DetailedHTMLProps<HTMLAttributes<HTMLDivElement>, HTMLDivElement>, never>>'.
    Type 'unknown' is not assignable to type 'Interpolation<FastOmit<DetailedHTMLProps<HTMLAttributes<HTMLDivElement>, HTMLDivElement>, never>>'.
src/components/DashBoard/Pages/admin-dashboard/components/BusinessIntelligence/EnterpriseBusinessIntelligenceSuite.tsx(352,37): error TS18048: 'props.theme.colors' is possibly 'undefined'.
src/components/DashBoard/Pages/admin-dashboard/components/BusinessIntelligence/EnterpriseBusinessIntelligenceSuite.tsx(360,14): error TS2345: Argument of type '(props: ExecutionContext & FastOmit<DetailedHTMLProps<HTMLAttributes<HTMLDivElement>, HTMLDivElement>, never>) => unknown' is not assignable to parameter of type 'Interpolation<FastOmit<DetailedHTMLProps<HTMLAttributes<HTMLDivElement>, HTMLDivElement>, never>>'.
  Type '(props: ExecutionContext & FastOmit<DetailedHTMLProps<HTMLAttributes<HTMLDivElement>, HTMLDivElement>, never>) => unknown' is not assignable to type 'StyleFunction<FastOmit<DetailedHTMLProps<HTMLAttributes<HTMLDivElement>, HTMLDivElement>, never>>'.
    Type 'unknown' is not assignable to type 'Interpolation<FastOmit<DetailedHTMLProps<HTMLAttributes<HTMLDivElement>, HTMLDivElement>, never>>'.
src/components/DashBoard/Pages/admin-dashboard/components/BusinessIntelligence/EnterpriseBusinessIntelligenceSuite.tsx(360,23): error TS18048: 'props.theme.colors' is possibly 'undefined'.
src/components/DashBoard/Pages/admin-dashboard/components/BusinessIntelligence/EnterpriseBusinessIntelligenceSuite.tsx(403,14): error TS2345: Argument of type '(props: ExecutionContext & FastOmit<DetailedHTMLProps<HTMLAttributes<HTMLDivElement>, HTMLDivElement>, never>) => unknown' is not assignable to parameter of type 'Interpolation<FastOmit<DetailedHTMLProps<HTMLAttributes<HTMLDivElement>, HTMLDivElement>, never>>'.
  Type '(props: ExecutionContext & FastOmit<DetailedHTMLProps<HTMLAttributes<HTMLDivElement>, HTMLDivElement>, never>) => unknown' is not assignable to type 'StyleFunction<FastOmit<DetailedHTMLProps<HTMLAttributes<HTMLDivElement>, HTMLDivElement>, never>>'.
    Type 'unknown' is not assignable to type 'Interpolation<FastOmit<DetailedHTMLProps<HTMLAttributes<HTMLDivElement>, HTMLDivElement>, never>>'.
src/components/DashBoard/Pages/admin-dashboard/components/BusinessIntelligence/EnterpriseBusinessIntelligenceSuite.tsx(403,23): error TS18048: 'props.theme.colors' is possibly 'undefined'.
src/components/DashBoard/Pages/admin-dashboard/components/BusinessIntelligence/EnterpriseBusinessIntelligenceSuite.tsx(418,28): error TS2345: Argument of type '(props: ExecutionContext & FastOmit<Omit<HTMLAttributesWithoutMotionProps<HTMLAttributes<HTMLDivElement>, HTMLDivElement> & MotionProps & RefAttributes<...>, "ref"> & { ...; }, "priority"> & { ...; }) => unknown' is not assignable to parameter of type 'Interpolation<Substitute<Omit<HTMLAttributesWithoutMotionProps<HTMLAttributes<HTMLDivElement>, HTMLDivElement> & MotionProps & RefAttributes<...>, "ref"> & { ...; }, { ...; }>>'.
  Type '(props: ExecutionContext & FastOmit<Omit<HTMLAttributesWithoutMotionProps<HTMLAttributes<HTMLDivElement>, HTMLDivElement> & MotionProps & RefAttributes<...>, "ref"> & { ...; }, "priority"> & { ...; }) => unknown' is not assignable to type 'StyleFunction<Substitute<Omit<HTMLAttributesWithoutMotionProps<HTMLAttributes<HTMLDivElement>, HTMLDivElement> & MotionProps & RefAttributes<...>, "ref"> & { ...; }, { ...; }>>'.
    Type 'unknown' is not assignable to type 'Interpolation<Substitute<Omit<HTMLAttributesWithoutMotionProps<HTMLAttributes<HTMLDivElement>, HTMLDivElement> & MotionProps & RefAttributes<...>, "ref"> & { ...; }, { ...; }>>'.
src/components/DashBoard/Pages/admin-dashboard/components/BusinessIntelligence/EnterpriseBusinessIntelligenceSuite.tsx(420,27): error TS18048: 'props.theme.colors' is possibly 'undefined'.
src/components/DashBoard/Pages/admin-dashboard/components/BusinessIntelligence/EnterpriseBusinessIntelligenceSuite.tsx(421,29): error TS18048: 'props.theme.colors' is possibly 'undefined'.
src/components/DashBoard/Pages/admin-dashboard/components/BusinessIntelligence/EnterpriseBusinessIntelligenceSuite.tsx(422,23): error TS18048: 'props.theme.colors' is possibly 'undefined'.
src/components/DashBoard/Pages/admin-dashboard/components/BusinessIntelligence/EnterpriseBusinessIntelligenceSuite.tsx(442,29): error TS18048: 'props.theme.colors' is possibly 'undefined'.
src/components/DashBoard/Pages/admin-dashboard/components/BusinessIntelligence/EnterpriseBusinessIntelligenceSuite.tsx(443,31): error TS18048: 'props.theme.colors' is possibly 'undefined'.
src/components/DashBoard/Pages/admin-dashboard/components/BusinessIntelligence/EnterpriseBusinessIntelligenceSuite.tsx(444,25): error TS18048: 'props.theme.colors' is possibly 'undefined'.
src/components/DashBoard/Pages/admin-dashboard/components/BusinessIntelligence/EnterpriseBusinessIntelligenceSuite.tsx(469,25): error TS18048: 'props.theme.colors' is possibly 'undefined'.
src/components/DashBoard/Pages/admin-dashboard/components/ClientDashboardPage.tsx(2,33): error TS2307: Cannot find module '../../components/DashBoard/Pages/client-dashboard/client-dashboard-view' or its corresponding type declarations.
src/components/DashBoard/Pages/admin-dashboard/components/ContactNotifications.tsx(173,43): error TS2339: Property 'priorityColor' does not exist on type 'ExecutionContext & FastOmit<Omit<HTMLAttributesWithoutMotionProps<HTMLAttributes<HTMLDivElement>, HTMLDivElement> & MotionProps & RefAttributes<...>, "ref"> & { ...; }, never>'.
src/components/DashBoard/Pages/admin-dashboard/components/ContactNotifications.tsx(182,36): error TS2339: Property 'priorityColor' does not exist on type 'ExecutionContext & FastOmit<Omit<HTMLAttributesWithoutMotionProps<HTMLAttributes<HTMLDivElement>, HTMLDivElement> & MotionProps & RefAttributes<...>, "ref"> & { ...; }, never>'.
src/components/DashBoard/Pages/admin-dashboard/components/ContactNotifications.tsx(304,10): error TS7053: Element implicitly has an 'any' type because expression of type 'string' can't be used to index type '{ low: string; medium: string; high: string; critical: string; }'.
  No index signature with a parameter of type 'string' was found on type '{ low: string; medium: string; high: string; critical: string; }'.
src/components/DashBoard/Pages/admin-dashboard/components/ContactNotifications.tsx(567,17): error TS2769: No overload matches this call.
  Overload 1 of 2, '(props: PolymorphicComponentProps<"web", FastOmit<Omit<HTMLAttributesWithoutMotionProps<HTMLAttributes<HTMLDivElement>, HTMLDivElement> & MotionProps & RefAttributes<...>, "ref"> & { ...; }, never>, void, void, {}, {}>): Element', gave the following error.
    Type '{ children: Element; key: string; priorityColor: any; className: string; onClick: () => void; initial: { opacity: number; x: number; }; animate: { opacity: number; x: number; }; exit: { opacity: number; x: number; }; transition: { ...; }; whileHover: { ...; }; }' is not assignable to type 'IntrinsicAttributes & FastOmit<Substitute<FastOmit<Omit<HTMLAttributesWithoutMotionProps<HTMLAttributes<HTMLDivElement>, HTMLDivElement> & MotionProps & RefAttributes<...>, "ref"> & { ...; }, never>, FastOmit<...>>, keyof ExecutionProps> & FastOmit<...> & { ...; }'.
      Property 'priorityColor' does not exist on type 'IntrinsicAttributes & FastOmit<Substitute<FastOmit<Omit<HTMLAttributesWithoutMotionProps<HTMLAttributes<HTMLDivElement>, HTMLDivElement> & MotionProps & RefAttributes<...>, "ref"> & { ...; }, never>, FastOmit<...>>, keyof ExecutionProps> & FastOmit<...> & { ...; }'.
  Overload 2 of 2, '(props: FastOmit<Omit<HTMLAttributesWithoutMotionProps<HTMLAttributes<HTMLDivElement>, HTMLDivElement> & MotionProps & RefAttributes<...>, "ref"> & { ...; }, never>): ReactNode', gave the following error.
    Type '{ children: Element; key: string; priorityColor: any; className: string; onClick: () => void; initial: { opacity: number; x: number; }; animate: { opacity: number; x: number; }; exit: { opacity: number; x: number; }; transition: { ...; }; whileHover: { ...; }; }' is not assignable to type 'IntrinsicAttributes & FastOmit<Omit<HTMLAttributesWithoutMotionProps<HTMLAttributes<HTMLDivElement>, HTMLDivElement> & MotionProps & RefAttributes<...>, "ref"> & { ...; }, never>'.
      Property 'priorityColor' does not exist on type 'IntrinsicAttributes & FastOmit<Omit<HTMLAttributesWithoutMotionProps<HTMLAttributes<HTMLDivElement>, HTMLDivElement> & MotionProps & RefAttributes<...>, "ref"> & { ...; }, never>'.
src/components/DashBoard/Pages/admin-dashboard/components/DataVerificationPanel.tsx(97,27): error TS2339: Property 'iconColor' does not exist on type 'ExecutionContext & FastOmit<DetailedHTMLProps<HTMLAttributes<HTMLDivElement>, HTMLDivElement>, never>'.
src/components/DashBoard/Pages/admin-dashboard/components/DataVerificationPanel.tsx(159,19): error TS2339: Property 'status' does not exist on type 'ExecutionContext & FastOmit<DetailedHTMLProps<HTMLAttributes<HTMLDivElement>, HTMLDivElement>, never>'.
src/components/DashBoard/Pages/admin-dashboard/components/DataVerificationPanel.tsx(167,19): error TS2339: Property 'status' does not exist on type 'ExecutionContext & FastOmit<DetailedHTMLProps<HTMLAttributes<HTMLDivElement>, HTMLDivElement>, never>'.
src/components/DashBoard/Pages/admin-dashboard/components/DataVerificationPanel.tsx(175,19): error TS2339: Property 'status' does not exist on type 'ExecutionContext & FastOmit<DetailedHTMLProps<HTMLAttributes<HTMLDivElement>, HTMLDivElement>, never>'.
src/components/DashBoard/Pages/admin-dashboard/components/DataVerificationPanel.tsx(311,24): error TS2769: No overload matches this call.
  Overload 1 of 2, '(props: PolymorphicComponentProps<"web", FastOmit<DetailedHTMLProps<HTMLAttributes<HTMLDivElement>, HTMLDivElement>, never>, void, void, {}, {}>): Element', gave the following error.
    Type '{ children: (string | Element)[]; status: string; }' is not assignable to type 'IntrinsicAttributes & FastOmit<Substitute<FastOmit<DetailedHTMLProps<HTMLAttributes<HTMLDivElement>, HTMLDivElement>, never>, FastOmit<...>>, keyof ExecutionProps> & FastOmit<...> & { ...; }'.
      Property 'status' does not exist on type 'IntrinsicAttributes & FastOmit<Substitute<FastOmit<DetailedHTMLProps<HTMLAttributes<HTMLDivElement>, HTMLDivElement>, never>, FastOmit<...>>, keyof ExecutionProps> & FastOmit<...> & { ...; }'.
  Overload 2 of 2, '(props: FastOmit<DetailedHTMLProps<HTMLAttributes<HTMLDivElement>, HTMLDivElement>, never>): ReactNode', gave the following error.
    Type '{ children: (string | Element)[]; status: string; }' is not assignable to type 'IntrinsicAttributes & FastOmit<DetailedHTMLProps<HTMLAttributes<HTMLDivElement>, HTMLDivElement>, never>'.
      Property 'status' does not exist on type 'IntrinsicAttributes & FastOmit<DetailedHTMLProps<HTMLAttributes<HTMLDivElement>, HTMLDivElement>, never>'.
src/components/DashBoard/Pages/admin-dashboard/components/DataVerificationPanel.tsx(325,42): error TS2769: No overload matches this call.
  Overload 1 of 2, '(props: PolymorphicComponentProps<"web", FastOmit<DetailedHTMLProps<HTMLAttributes<HTMLDivElement>, HTMLDivElement>, never>, void, void, {}, {}>): Element', gave the following error.
    Type '{ children: Element; color: string; iconColor: string; }' is not assignable to type 'IntrinsicAttributes & FastOmit<Substitute<FastOmit<DetailedHTMLProps<HTMLAttributes<HTMLDivElement>, HTMLDivElement>, never>, FastOmit<...>>, keyof ExecutionProps> & FastOmit<...> & { ...; }'.
      Property 'iconColor' does not exist on type 'IntrinsicAttributes & FastOmit<Substitute<FastOmit<DetailedHTMLProps<HTMLAttributes<HTMLDivElement>, HTMLDivElement>, never>, FastOmit<...>>, keyof ExecutionProps> & FastOmit<...> & { ...; }'.
  Overload 2 of 2, '(props: FastOmit<DetailedHTMLProps<HTMLAttributes<HTMLDivElement>, HTMLDivElement>, never>): ReactNode', gave the following error.
    Type '{ children: Element; color: string; iconColor: string; }' is not assignable to type 'IntrinsicAttributes & FastOmit<DetailedHTMLProps<HTMLAttributes<HTMLDivElement>, HTMLDivElement>, never>'.
      Property 'iconColor' does not exist on type 'IntrinsicAttributes & FastOmit<DetailedHTMLProps<HTMLAttributes<HTMLDivElement>, HTMLDivElement>, never>'.
src/components/DashBoard/Pages/admin-dashboard/components/DataVerificationPanel.tsx(357,34): error TS2769: No overload matches this call.
  Overload 1 of 2, '(props: PolymorphicComponentProps<"web", FastOmit<DetailedHTMLProps<HTMLAttributes<HTMLDivElement>, HTMLDivElement>, never>, void, void, {}, {}>): Element', gave the following error.
    Type '{ children: (string | Element | undefined)[]; status: string; }' is not assignable to type 'IntrinsicAttributes & FastOmit<Substitute<FastOmit<DetailedHTMLProps<HTMLAttributes<HTMLDivElement>, HTMLDivElement>, never>, FastOmit<...>>, keyof ExecutionProps> & FastOmit<...> & { ...; }'.
      Property 'status' does not exist on type 'IntrinsicAttributes & FastOmit<Substitute<FastOmit<DetailedHTMLProps<HTMLAttributes<HTMLDivElement>, HTMLDivElement>, never>, FastOmit<...>>, keyof ExecutionProps> & FastOmit<...> & { ...; }'.
  Overload 2 of 2, '(props: FastOmit<DetailedHTMLProps<HTMLAttributes<HTMLDivElement>, HTMLDivElement>, never>): ReactNode', gave the following error.
    Type '{ children: (string | Element | undefined)[]; status: string; }' is not assignable to type 'IntrinsicAttributes & FastOmit<DetailedHTMLProps<HTMLAttributes<HTMLDivElement>, HTMLDivElement>, never>'.
      Property 'status' does not exist on type 'IntrinsicAttributes & FastOmit<DetailedHTMLProps<HTMLAttributes<HTMLDivElement>, HTMLDivElement>, never>'.
src/components/DashBoard/Pages/admin-dashboard/components/DataVerificationPanel.tsx(383,24): error TS2769: No overload matches this call.
  Overload 1 of 2, '(props: PolymorphicComponentProps<"web", FastOmit<DetailedHTMLProps<HTMLAttributes<HTMLDivElement>, HTMLDivElement>, never>, void, void, {}, {}>): Element', gave the following error.
    Type '{ children: Element[]; status: string; }' is not assignable to type 'IntrinsicAttributes & FastOmit<Substitute<FastOmit<DetailedHTMLProps<HTMLAttributes<HTMLDivElement>, HTMLDivElement>, never>, FastOmit<...>>, keyof ExecutionProps> & FastOmit<...> & { ...; }'.
      Property 'status' does not exist on type 'IntrinsicAttributes & FastOmit<Substitute<FastOmit<DetailedHTMLProps<HTMLAttributes<HTMLDivElement>, HTMLDivElement>, never>, FastOmit<...>>, keyof ExecutionProps> & FastOmit<...> & { ...; }'.
  Overload 2 of 2, '(props: FastOmit<DetailedHTMLProps<HTMLAttributes<HTMLDivElement>, HTMLDivElement>, never>): ReactNode', gave the following error.
    Type '{ children: Element[]; status: string; }' is not assignable to type 'IntrinsicAttributes & FastOmit<DetailedHTMLProps<HTMLAttributes<HTMLDivElement>, HTMLDivElement>, never>'.
      Property 'status' does not exist on type 'IntrinsicAttributes & FastOmit<DetailedHTMLProps<HTMLAttributes<HTMLDivElement>, HTMLDivElement>, never>'.
src/components/DashBoard/Pages/admin-dashboard/components/NASMCompliancePanel.tsx(50,3): error TS2305: Module '"lucide-react"' has no exported member 'Certificate'.
src/components/DashBoard/Pages/admin-dashboard/components/OrientationList.tsx(574,35): error TS2345: Argument of type 'AsyncThunkAction<any, void, AsyncThunkConfig>' is not assignable to parameter of type 'UnknownAction'.
src/components/DashBoard/Pages/admin-dashboard/components/PendingOrdersAdminPanel.tsx(176,21): error TS2339: Property 'priority' does not exist on type 'ExecutionContext & FastOmit<Omit<HTMLAttributesWithoutMotionProps<HTMLAttributes<HTMLDivElement>, HTMLDivElement> & MotionProps & RefAttributes<...>, "ref"> & { ...; }, never>'.
src/components/DashBoard/Pages/admin-dashboard/components/PendingOrdersAdminPanel.tsx(273,19): error TS2339: Property 'status' does not exist on type 'ExecutionContext & FastOmit<DetailedHTMLProps<HTMLAttributes<HTMLSpanElement>, HTMLSpanElement>, never>'.
src/components/DashBoard/Pages/admin-dashboard/components/PendingOrdersAdminPanel.tsx(281,19): error TS2339: Property 'status' does not exist on type 'ExecutionContext & FastOmit<DetailedHTMLProps<HTMLAttributes<HTMLSpanElement>, HTMLSpanElement>, never>'.
src/components/DashBoard/Pages/admin-dashboard/components/PendingOrdersAdminPanel.tsx(289,19): error TS2339: Property 'status' does not exist on type 'ExecutionContext & FastOmit<DetailedHTMLProps<HTMLAttributes<HTMLSpanElement>, HTMLSpanElement>, never>'.
src/components/DashBoard/Pages/admin-dashboard/components/PendingOrdersAdminPanel.tsx(398,56): error TS7006: Parameter 'order' implicitly has an 'any' type.
src/components/DashBoard/Pages/admin-dashboard/components/PendingOrdersAdminPanel.tsx(413,39): error TS7006: Parameter 'item' implicitly has an 'any' type.
src/components/DashBoard/Pages/admin-dashboard/components/PendingOrdersAdminPanel.tsx(619,17): error TS2769: No overload matches this call.
  Overload 1 of 2, '(props: PolymorphicComponentProps<"web", FastOmit<Omit<HTMLAttributesWithoutMotionProps<HTMLAttributes<HTMLDivElement>, HTMLDivElement> & MotionProps & RefAttributes<...>, "ref"> & { ...; }, never>, void, void, {}, {}>): Element', gave the following error.
    Type '{ children: (false | Element)[]; key: string; priority: "high" | "low" | "medium"; initial: { opacity: number; y: number; }; animate: { opacity: number; y: number; }; exit: { opacity: number; y: number; }; transition: { ...; }; whileHover: { ...; }; }' is not assignable to type 'IntrinsicAttributes & FastOmit<Substitute<FastOmit<Omit<HTMLAttributesWithoutMotionProps<HTMLAttributes<HTMLDivElement>, HTMLDivElement> & MotionProps & RefAttributes<...>, "ref"> & { ...; }, never>, FastOmit<...>>, keyof ExecutionProps> & FastOmit<...> & { ...; }'.
      Property 'priority' does not exist on type 'IntrinsicAttributes & FastOmit<Substitute<FastOmit<Omit<HTMLAttributesWithoutMotionProps<HTMLAttributes<HTMLDivElement>, HTMLDivElement> & MotionProps & RefAttributes<...>, "ref"> & { ...; }, never>, FastOmit<...>>, keyof ExecutionProps> & FastOmit<...> & { ...; }'.
  Overload 2 of 2, '(props: FastOmit<Omit<HTMLAttributesWithoutMotionProps<HTMLAttributes<HTMLDivElement>, HTMLDivElement> & MotionProps & RefAttributes<...>, "ref"> & { ...; }, never>): ReactNode', gave the following error.
    Type '{ children: (false | Element)[]; key: string; priority: "high" | "low" | "medium"; initial: { opacity: number; y: number; }; animate: { opacity: number; y: number; }; exit: { opacity: number; y: number; }; transition: { ...; }; whileHover: { ...; }; }' is not assignable to type 'IntrinsicAttributes & FastOmit<Omit<HTMLAttributesWithoutMotionProps<HTMLAttributes<HTMLDivElement>, HTMLDivElement> & MotionProps & RefAttributes<...>, "ref"> & { ...; }, never>'.
      Property 'priority' does not exist on type 'IntrinsicAttributes & FastOmit<Omit<HTMLAttributesWithoutMotionProps<HTMLAttributes<HTMLDivElement>, HTMLDivElement> & MotionProps & RefAttributes<...>, "ref"> & { ...; }, never>'.
src/components/DashBoard/Pages/admin-dashboard/components/PendingOrdersAdminPanel.tsx(630,36): error TS2769: No overload matches this call.
  Overload 1 of 2, '(props: PolymorphicComponentProps<"web", FastOmit<DetailedHTMLProps<HTMLAttributes<HTMLSpanElement>, HTMLSpanElement>, never>, void, void, {}, {}>): Element', gave the following error.
    Type '{ children: string; status: "expired" | "cancelled" | "pending_manual_payment" | "paid"; }' is not assignable to type 'IntrinsicAttributes & FastOmit<Substitute<FastOmit<DetailedHTMLProps<HTMLAttributes<HTMLSpanElement>, HTMLSpanElement>, never>, FastOmit<...>>, keyof ExecutionProps> & FastOmit<...> & { ...; }'.
      Property 'status' does not exist on type 'IntrinsicAttributes & FastOmit<Substitute<FastOmit<DetailedHTMLProps<HTMLAttributes<HTMLSpanElement>, HTMLSpanElement>, never>, FastOmit<...>>, keyof ExecutionProps> & FastOmit<...> & { ...; }'.
  Overload 2 of 2, '(props: FastOmit<DetailedHTMLProps<HTMLAttributes<HTMLSpanElement>, HTMLSpanElement>, never>): ReactNode', gave the following error.
    Type '{ children: string; status: "expired" | "cancelled" | "pending_manual_payment" | "paid"; }' is not assignable to type 'IntrinsicAttributes & FastOmit<DetailedHTMLProps<HTMLAttributes<HTMLSpanElement>, HTMLSpanElement>, never>'.
      Property 'status' does not exist on type 'IntrinsicAttributes & FastOmit<DetailedHTMLProps<HTMLAttributes<HTMLSpanElement>, HTMLSpanElement>, never>'.
src/components/DashBoard/Pages/admin-dashboard/components/PerformanceReportsPanel.tsx(505,20): error TS2367: This comparison appears to be unintentional because the types '"stable"' and '"down"' have no overlap.
src/components/DashBoard/Pages/admin-dashboard/components/PerformanceReportsPanel.tsx(630,20): error TS2367: This comparison appears to be unintentional because the types '"active" | "completed" | "scheduled"' and '"failed"' have no overlap.
src/components/DashBoard/Pages/admin-dashboard/components/RevenueAnalyticsPanel.tsx(842,19): error TS2322: Type '(value: any, name: string) => [any, "Revenue" | "Transactions"]' is not assignable to type 'Formatter<any, string>'.
  Types of parameters 'name' and 'name' are incompatible.
    Type 'string | undefined' is not assignable to type 'string'.
      Type 'undefined' is not assignable to type 'string'.
src/components/DashBoard/Pages/admin-dashboard/components/SocialMediaCommand/SocialMediaCommandCenter.tsx(93,19): error TS2345: Argument of type '(props: ExecutionContext & FastOmit<DetailedHTMLProps<HTMLAttributes<HTMLDivElement>, HTMLDivElement>, never>) => unknown' is not assignable to parameter of type 'Interpolation<FastOmit<DetailedHTMLProps<HTMLAttributes<HTMLDivElement>, HTMLDivElement>, never>>'.
  Type '(props: ExecutionContext & FastOmit<DetailedHTMLProps<HTMLAttributes<HTMLDivElement>, HTMLDivElement>, never>) => unknown' is not assignable to type 'StyleFunction<FastOmit<DetailedHTMLProps<HTMLAttributes<HTMLDivElement>, HTMLDivElement>, never>>'.
    Type 'unknown' is not assignable to type 'Interpolation<FastOmit<DetailedHTMLProps<HTMLAttributes<HTMLDivElement>, HTMLDivElement>, never>>'.
src/components/DashBoard/Pages/admin-dashboard/components/SocialMediaCommand/SocialMediaCommandCenter.tsx(93,28): error TS18048: 'props.theme.gradients' is possibly 'undefined'.
src/components/DashBoard/Pages/admin-dashboard/components/SocialMediaCommand/SocialMediaCommandCenter.tsx(107,19): error TS2345: Argument of type '(props: ExecutionContext & FastOmit<DetailedHTMLProps<HTMLAttributes<HTMLDivElement>, HTMLDivElement>, never>) => unknown' is not assignable to parameter of type 'Interpolation<FastOmit<DetailedHTMLProps<HTMLAttributes<HTMLDivElement>, HTMLDivElement>, never>>'.
  Type '(props: ExecutionContext & FastOmit<DetailedHTMLProps<HTMLAttributes<HTMLDivElement>, HTMLDivElement>, never>) => unknown' is not assignable to type 'StyleFunction<FastOmit<DetailedHTMLProps<HTMLAttributes<HTMLDivElement>, HTMLDivElement>, never>>'.
    Type 'unknown' is not assignable to type 'Interpolation<FastOmit<DetailedHTMLProps<HTMLAttributes<HTMLDivElement>, HTMLDivElement>, never>>'.
src/components/DashBoard/Pages/admin-dashboard/components/SocialMediaCommand/SocialMediaCommandCenter.tsx(107,28): error TS18048: 'props.theme.gradients' is possibly 'undefined'.
src/components/DashBoard/Pages/admin-dashboard/components/SocialMediaCommand/SocialMediaCommandCenter.tsx(139,19): error TS2345: Argument of type '(props: ExecutionContext & FastOmit<Omit<HTMLAttributesWithoutMotionProps<HTMLAttributes<HTMLDivElement>, HTMLDivElement> & MotionProps & RefAttributes<...>, "ref"> & { ...; }, never>) => unknown' is not assignable to parameter of type 'Interpolation<FastOmit<Omit<HTMLAttributesWithoutMotionProps<HTMLAttributes<HTMLDivElement>, HTMLDivElement> & MotionProps & RefAttributes<...>, "ref"> & { ...; }, never>>'.
  Type '(props: ExecutionContext & FastOmit<Omit<HTMLAttributesWithoutMotionProps<HTMLAttributes<HTMLDivElement>, HTMLDivElement> & MotionProps & RefAttributes<...>, "ref"> & { ...; }, never>) => unknown' is not assignable to type 'StyleFunction<FastOmit<Omit<HTMLAttributesWithoutMotionProps<HTMLAttributes<HTMLDivElement>, HTMLDivElement> & MotionProps & RefAttributes<...>, "ref"> & { ...; }, never>>'.
    Type 'unknown' is not assignable to type 'Interpolation<FastOmit<Omit<HTMLAttributesWithoutMotionProps<HTMLAttributes<HTMLDivElement>, HTMLDivElement> & MotionProps & RefAttributes<...>, "ref"> & { ...; }, never>>'.
src/components/DashBoard/Pages/admin-dashboard/components/SocialMediaCommand/SocialMediaCommandCenter.tsx(139,28): error TS18048: 'props.theme.gradients' is possibly 'undefined'.
src/components/DashBoard/Pages/admin-dashboard/components/SocialMediaCommand/SocialMediaCommandCenter.tsx(146,23): error TS18048: 'props.theme.colors' is possibly 'undefined'.
src/components/DashBoard/Pages/admin-dashboard/components/SocialMediaCommand/SocialMediaCommandCenter.tsx(189,23): error TS2345: Argument of type '(props: ExecutionContext & FastOmit<Omit<HTMLAttributesWithoutMotionProps<HTMLAttributes<HTMLDivElement>, HTMLDivElement> & MotionProps & RefAttributes<...>, "ref"> & { ...; }, "status" | "platform"> & { ...; }) => unknown' is not assignable to parameter of type 'Interpolation<Substitute<Omit<HTMLAttributesWithoutMotionProps<HTMLAttributes<HTMLDivElement>, HTMLDivElement> & MotionProps & RefAttributes<...>, "ref"> & { ...; }, { ...; }>>'.
  Type '(props: ExecutionContext & FastOmit<Omit<HTMLAttributesWithoutMotionProps<HTMLAttributes<HTMLDivElement>, HTMLDivElement> & MotionProps & RefAttributes<...>, "ref"> & { ...; }, "status" | "platform"> & { ...; }) => unknown' is not assignable to type 'StyleFunction<Substitute<Omit<HTMLAttributesWithoutMotionProps<HTMLAttributes<HTMLDivElement>, HTMLDivElement> & MotionProps & RefAttributes<...>, "ref"> & { ...; }, { ...; }>>'.
    Type 'unknown' is not assignable to type 'Interpolation<Substitute<Omit<HTMLAttributesWithoutMotionProps<HTMLAttributes<HTMLDivElement>, HTMLDivElement> & MotionProps & RefAttributes<...>, "ref"> & { ...; }, { ...; }>>'.
src/components/DashBoard/Pages/admin-dashboard/components/SocialMediaCommand/SocialMediaCommandCenter.tsx(191,31): error TS18048: 'props.theme.colors' is possibly 'undefined'.
src/components/DashBoard/Pages/admin-dashboard/components/SocialMediaCommand/SocialMediaCommandCenter.tsx(192,30): error TS18048: 'props.theme.colors' is possibly 'undefined'.
src/components/DashBoard/Pages/admin-dashboard/components/SocialMediaCommand/SocialMediaCommandCenter.tsx(193,30): error TS18048: 'props.theme.colors' is possibly 'undefined'.
src/components/DashBoard/Pages/admin-dashboard/components/SocialMediaCommand/SocialMediaCommandCenter.tsx(236,14): error TS2345: Argument of type '(props: ExecutionContext & FastOmit<DetailedHTMLProps<HTMLAttributes<HTMLDivElement>, HTMLDivElement>, never>) => unknown' is not assignable to parameter of type 'Interpolation<FastOmit<DetailedHTMLProps<HTMLAttributes<HTMLDivElement>, HTMLDivElement>, never>>'.
  Type '(props: ExecutionContext & FastOmit<DetailedHTMLProps<HTMLAttributes<HTMLDivElement>, HTMLDivElement>, never>) => unknown' is not assignable to type 'StyleFunction<FastOmit<DetailedHTMLProps<HTMLAttributes<HTMLDivElement>, HTMLDivElement>, never>>'.
    Type 'unknown' is not assignable to type 'Interpolation<FastOmit<DetailedHTMLProps<HTMLAttributes<HTMLDivElement>, HTMLDivElement>, never>>'.
src/components/DashBoard/Pages/admin-dashboard/components/SocialMediaCommand/SocialMediaCommandCenter.tsx(236,23): error TS18048: 'props.theme.colors' is possibly 'undefined'.
src/components/DashBoard/Pages/admin-dashboard/components/SocialMediaCommand/SocialMediaCommandCenter.tsx(255,17): error TS2345: Argument of type '(props: ExecutionContext & FastOmit<Omit<HTMLAttributesWithoutMotionProps<ButtonHTMLAttributes<HTMLButtonElement>, HTMLButtonElement> & MotionProps & RefAttributes<...>, "ref"> & { ...; }, "variant"> & { ...; }) => unknown' is not assignable to parameter of type 'Interpolation<Substitute<Omit<HTMLAttributesWithoutMotionProps<ButtonHTMLAttributes<HTMLButtonElement>, HTMLButtonElement> & MotionProps & RefAttributes<...>, "ref"> & { ...; }, { ...; }>>'.
  Type '(props: ExecutionContext & FastOmit<Omit<HTMLAttributesWithoutMotionProps<ButtonHTMLAttributes<HTMLButtonElement>, HTMLButtonElement> & MotionProps & RefAttributes<...>, "ref"> & { ...; }, "variant"> & { ...; }) => unknown' is not assignable to type 'StyleFunction<Substitute<Omit<HTMLAttributesWithoutMotionProps<ButtonHTMLAttributes<HTMLButtonElement>, HTMLButtonElement> & MotionProps & RefAttributes<...>, "ref"> & { ...; }, { ...; }>>'.
    Type 'unknown' is not assignable to type 'Interpolation<Substitute<Omit<HTMLAttributesWithoutMotionProps<ButtonHTMLAttributes<HTMLButtonElement>, HTMLButtonElement> & MotionProps & RefAttributes<...>, "ref"> & { ...; }, { ...; }>>'.
src/components/DashBoard/Pages/admin-dashboard/components/SocialMediaCommand/SocialMediaCommandCenter.tsx(257,30): error TS18048: 'props.theme.colors' is possibly 'undefined'.
src/components/DashBoard/Pages/admin-dashboard/components/SocialMediaCommand/SocialMediaCommandCenter.tsx(258,29): error TS18048: 'props.theme.colors' is possibly 'undefined'.
src/components/DashBoard/Pages/admin-dashboard/components/SocialMediaCommand/SocialMediaCommandCenter.tsx(259,27): error TS18048: 'props.theme.colors' is possibly 'undefined'.
src/components/DashBoard/Pages/admin-dashboard/components/SocialMediaCommand/SocialMediaCommandCenter.tsx(260,23): error TS18048: 'props.theme.colors' is possibly 'undefined'.
src/components/DashBoard/Pages/admin-dashboard/components/SocialMediaCommand/SocialMediaCommandCenter.tsx(264,48): error TS18048: 'props.theme.colors' is possibly 'undefined'.
src/components/DashBoard/Pages/admin-dashboard/components/SocialMediaCommand/SocialMediaCommandCenter.tsx(293,23): error TS2345: Argument of type '(props: ExecutionContext & FastOmit<DetailedHTMLProps<HTMLAttributes<HTMLDivElement>, HTMLDivElement>, never>) => unknown' is not assignable to parameter of type 'Interpolation<FastOmit<DetailedHTMLProps<HTMLAttributes<HTMLDivElement>, HTMLDivElement>, never>>'.
  Type '(props: ExecutionContext & FastOmit<DetailedHTMLProps<HTMLAttributes<HTMLDivElement>, HTMLDivElement>, never>) => unknown' is not assignable to type 'StyleFunction<FastOmit<DetailedHTMLProps<HTMLAttributes<HTMLDivElement>, HTMLDivElement>, never>>'.
    Type 'unknown' is not assignable to type 'Interpolation<FastOmit<DetailedHTMLProps<HTMLAttributes<HTMLDivElement>, HTMLDivElement>, never>>'.
src/components/DashBoard/Pages/admin-dashboard/components/SocialMediaCommand/SocialMediaCommandCenter.tsx(293,32): error TS18048: 'props.theme.colors' is possibly 'undefined'.
src/components/DashBoard/Pages/admin-dashboard/components/SocialMediaCommand/SocialMediaCommandCenter.tsx(412,16): error TS2345: Argument of type '(prev: SocialMediaPost[]) => (SocialMediaPost | { moderation: { status: "flag" | "approve" | "reject"; flagReasons: string[]; reviewedBy?: string | undefined; reviewedAt?: string | undefined; aiConfidenceScore: number; sentimentScore: number; }; ... 6 more ...; updatedAt: string; })[]' is not assignable to parameter of type 'SetStateAction<SocialMediaPost[]>'.
  Type '(prev: SocialMediaPost[]) => (SocialMediaPost | { moderation: { status: "flag" | "approve" | "reject"; flagReasons: string[]; reviewedBy?: string | undefined; reviewedAt?: string | undefined; aiConfidenceScore: number; sentimentScore: number; }; ... 6 more ...; updatedAt: string; })[]' is not assignable to type '(prevState: SocialMediaPost[]) => SocialMediaPost[]'.
    Type '(SocialMediaPost | { moderation: { status: "flag" | "approve" | "reject"; flagReasons: string[]; reviewedBy?: string | undefined; reviewedAt?: string | undefined; aiConfidenceScore: number; sentimentScore: number; }; ... 6 more ...; updatedAt: string; })[]' is not assignable to type 'SocialMediaPost[]'.
      Type 'SocialMediaPost | { moderation: { status: "flag" | "approve" | "reject"; flagReasons: string[]; reviewedBy?: string | undefined; reviewedAt?: string | undefined; aiConfidenceScore: number; sentimentScore: number; }; ... 6 more ...; updatedAt: string; }' is not assignable to type 'SocialMediaPost'.
        Type '{ moderation: { status: "flag" | "approve" | "reject"; flagReasons: string[]; reviewedBy?: string; reviewedAt?: string; aiConfidenceScore: number; sentimentScore: number; }; id: string; ... 5 more ...; updatedAt: string; }' is not assignable to type 'SocialMediaPost'.
          The types of 'moderation.status' are incompatible between these types.
            Type '"flag" | "approve" | "reject"' is not assignable to type '"pending" | "rejected" | "approved" | "flagged"'.
              Type '"flag"' is not assignable to type '"pending" | "rejected" | "approved" | "flagged"'.
src/components/DashBoard/Pages/admin-dashboard/components/SocialMediaCommand/SocialMediaCommandCenter.tsx(459,63): error TS7006: Parameter 'item' implicitly has an 'any' type.
src/components/DashBoard/Pages/admin-dashboard/components/SocialMediaCommand/SocialMediaCommandCenter.tsx(754,34): error TS7006: Parameter 'entry' implicitly has an 'any' type.
src/components/DashBoard/Pages/admin-dashboard/components/SocialMediaCommand/SocialMediaCommandCenter.tsx(754,41): error TS7006: Parameter 'index' implicitly has an 'any' type.
src/components/DashBoard/Pages/admin-dashboard/EnterpriseAdminSidebar.tsx(45,3): error TS2305: Module '"lucide-react"' has no exported member 'Tool'.
src/components/DashBoard/Pages/admin-dashboard/EnterpriseAdminSidebar.tsx(49,42): error TS2724: '"lucide-react"' has no exported member named 'Trending'. Did you mean 'TrendingUp'?
src/components/DashBoard/Pages/admin-dashboard/EnterpriseAdminSidebar.tsx(56,3): error TS2305: Module '"lucide-react"' has no exported member 'Analytics'.
src/components/DashBoard/Pages/admin-dashboard/EnterpriseAdminSidebar.tsx(66,30): error TS2307: Cannot find module '../../../hooks/useWebSocket' or its corresponding type declarations.
src/components/DashBoard/Pages/admin-dashboard/EnterpriseAdminSidebar.tsx(67,33): error TS2307: Cannot find module '../../../hooks/useSystemHealth' or its corresponding type declarations.
src/components/DashBoard/Pages/admin-dashboard/EnterpriseAdminSidebar.tsx(68,36): error TS2307: Cannot find module '../../../hooks/useMCPServerStatus' or its corresponding type declarations.
src/components/DashBoard/Pages/admin-dashboard/EnterpriseAdminSidebar.tsx(69,36): error TS2307: Cannot find module '../../../hooks/useBusinessMetrics' or its corresponding type declarations.
src/components/DashBoard/Pages/admin-dashboard/EnterpriseAdminSidebar.tsx(602,17): error TS2345: Argument of type '(props: ExecutionContext & FastOmit<Omit<HTMLAttributesWithoutMotionProps<HTMLAttributes<HTMLElement>, HTMLElement> & MotionProps & RefAttributes<...>, "ref"> & { ...; }, "isMobile" | "isCollapsed"> & { ...; }) => unknown' is not assignable to parameter of type 'Interpolation<Substitute<Omit<HTMLAttributesWithoutMotionProps<HTMLAttributes<HTMLElement>, HTMLElement> & MotionProps & RefAttributes<...>, "ref"> & { ...; }, { ...; }>>'.
  Type '(props: ExecutionContext & FastOmit<Omit<HTMLAttributesWithoutMotionProps<HTMLAttributes<HTMLElement>, HTMLElement> & MotionProps & RefAttributes<...>, "ref"> & { ...; }, "isMobile" | "isCollapsed"> & { ...; }) => unknown' is not assignable to type 'StyleFunction<Substitute<Omit<HTMLAttributesWithoutMotionProps<HTMLAttributes<HTMLElement>, HTMLElement> & MotionProps & RefAttributes<...>, "ref"> & { ...; }, { ...; }>>'.
    Type 'unknown' is not assignable to type 'Interpolation<Substitute<Omit<HTMLAttributesWithoutMotionProps<HTMLAttributes<HTMLElement>, HTMLElement> & MotionProps & RefAttributes<...>, "ref"> & { ...; }, { ...; }>>'.
src/components/DashBoard/Pages/admin-dashboard/EnterpriseAdminSidebar.tsx(602,26): error TS18048: 'props.theme.gradients' is possibly 'undefined'.
src/components/DashBoard/Pages/admin-dashboard/EnterpriseAdminSidebar.tsx(640,28): error TS18048: 'props.theme.gradients' is possibly 'undefined'.
src/components/DashBoard/Pages/admin-dashboard/EnterpriseAdminSidebar.tsx(666,28): error TS18048: 'props.theme.gradients' is possibly 'undefined'.
src/components/DashBoard/Pages/admin-dashboard/EnterpriseAdminSidebar.tsx(670,30): error TS18048: 'props.theme.colors' is possibly 'undefined'.
src/components/DashBoard/Pages/admin-dashboard/EnterpriseAdminSidebar.tsx(696,19): error TS2345: Argument of type '(props: ExecutionContext & FastOmit<Omit<HTMLAttributesWithoutMotionProps<HTMLAttributes<HTMLDivElement>, HTMLDivElement> & MotionProps & RefAttributes<...>, "ref"> & { ...; }, "isCollapsed"> & { ...; }) => unknown' is not assignable to parameter of type 'Interpolation<Substitute<Omit<HTMLAttributesWithoutMotionProps<HTMLAttributes<HTMLDivElement>, HTMLDivElement> & MotionProps & RefAttributes<...>, "ref"> & { ...; }, { ...; }>>'.
  Type '(props: ExecutionContext & FastOmit<Omit<HTMLAttributesWithoutMotionProps<HTMLAttributes<HTMLDivElement>, HTMLDivElement> & MotionProps & RefAttributes<...>, "ref"> & { ...; }, "isCollapsed"> & { ...; }) => unknown' is not assignable to type 'StyleFunction<Substitute<Omit<HTMLAttributesWithoutMotionProps<HTMLAttributes<HTMLDivElement>, HTMLDivElement> & MotionProps & RefAttributes<...>, "ref"> & { ...; }, { ...; }>>'.
    Type 'unknown' is not assignable to type 'Interpolation<Substitute<Omit<HTMLAttributesWithoutMotionProps<HTMLAttributes<HTMLDivElement>, HTMLDivElement> & MotionProps & RefAttributes<...>, "ref"> & { ...; }, { ...; }>>'.
src/components/DashBoard/Pages/admin-dashboard/EnterpriseAdminSidebar.tsx(696,28): error TS18048: 'props.theme.gradients' is possibly 'undefined'.
src/components/DashBoard/Pages/admin-dashboard/EnterpriseAdminSidebar.tsx(700,28): error TS18048: 'props.theme.shadows' is possibly 'undefined'.
src/components/DashBoard/Pages/admin-dashboard/EnterpriseAdminSidebar.tsx(700,48): error TS2339: Property 'commandGlow' does not exist on type 'string[] | Record<string, unknown>'.
  Property 'commandGlow' does not exist on type 'string[]'.
src/components/DashBoard/Pages/admin-dashboard/EnterpriseAdminSidebar.tsx(710,25): error TS18048: 'props.theme.colors' is possibly 'undefined'.
src/components/DashBoard/Pages/admin-dashboard/EnterpriseAdminSidebar.tsx(720,25): error TS18048: 'props.theme.colors' is possibly 'undefined'.
src/components/DashBoard/Pages/admin-dashboard/EnterpriseAdminSidebar.tsx(730,28): error TS18048: 'props.theme.gradients' is possibly 'undefined'.
src/components/DashBoard/Pages/admin-dashboard/EnterpriseAdminSidebar.tsx(747,12): error TS2345: Argument of type '(props: ExecutionContext & FastOmit<Omit<HTMLAttributesWithoutMotionProps<ButtonHTMLAttributes<HTMLButtonElement>, HTMLButtonElement> & MotionProps & RefAttributes<...>, "ref"> & { ...; }, "isCollapsed"> & { ...; }) => unknown' is not assignable to parameter of type 'Interpolation<Substitute<Omit<HTMLAttributesWithoutMotionProps<ButtonHTMLAttributes<HTMLButtonElement>, HTMLButtonElement> & MotionProps & RefAttributes<...>, "ref"> & { ...; }, { ...; }>>'.
  Type '(props: ExecutionContext & FastOmit<Omit<HTMLAttributesWithoutMotionProps<ButtonHTMLAttributes<HTMLButtonElement>, HTMLButtonElement> & MotionProps & RefAttributes<...>, "ref"> & { ...; }, "isCollapsed"> & { ...; }) => unknown' is not assignable to type 'StyleFunction<Substitute<Omit<HTMLAttributesWithoutMotionProps<ButtonHTMLAttributes<HTMLButtonElement>, HTMLButtonElement> & MotionProps & RefAttributes<...>, "ref"> & { ...; }, { ...; }>>'.
    Type 'unknown' is not assignable to type 'Interpolation<Substitute<Omit<HTMLAttributesWithoutMotionProps<ButtonHTMLAttributes<HTMLButtonElement>, HTMLButtonElement> & MotionProps & RefAttributes<...>, "ref"> & { ...; }, { ...; }>>'.
src/components/DashBoard/Pages/admin-dashboard/EnterpriseAdminSidebar.tsx(747,21): error TS18048: 'props.theme.colors' is possibly 'undefined'.
src/components/DashBoard/Pages/admin-dashboard/EnterpriseAdminSidebar.tsx(757,28): error TS18048: 'props.theme.shadows' is possibly 'undefined'.
src/components/DashBoard/Pages/admin-dashboard/EnterpriseAdminSidebar.tsx(757,48): error TS2339: Property 'stellarGlow' does not exist on type 'string[] | Record<string, unknown>'.
  Property 'stellarGlow' does not exist on type 'string[]'.
src/components/DashBoard/Pages/admin-dashboard/EnterpriseAdminSidebar.tsx(762,35): error TS18048: 'props.theme.colors' is possibly 'undefined'.
src/components/DashBoard/Pages/admin-dashboard/EnterpriseAdminSidebar.tsx(785,12): error TS2345: Argument of type '(props: ExecutionContext & FastOmit<Omit<HTMLAttributesWithoutMotionProps<HTMLAttributes<HTMLHeadingElement>, HTMLHeadingElement> & MotionProps & RefAttributes<...>, "ref"> & { ...; }, "isCollapsed" | "sectionColor"> & { ...; }) => unknown' is not assignable to parameter of type 'Interpolation<Substitute<Omit<HTMLAttributesWithoutMotionProps<HTMLAttributes<HTMLHeadingElement>, HTMLHeadingElement> & MotionProps & RefAttributes<...>, "ref"> & { ...; }, { ...; }>>'.
  Type '(props: ExecutionContext & FastOmit<Omit<HTMLAttributesWithoutMotionProps<HTMLAttributes<HTMLHeadingElement>, HTMLHeadingElement> & MotionProps & RefAttributes<...>, "ref"> & { ...; }, "isCollapsed" | "sectionColor"> & { ...; }) => unknown' is not assignable to type 'StyleFunction<Substitute<Omit<HTMLAttributesWithoutMotionProps<HTMLAttributes<HTMLHeadingElement>, HTMLHeadingElement> & MotionProps & RefAttributes<...>, "ref"> & { ...; }, { ...; }>>'.
    Type 'unknown' is not assignable to type 'Interpolation<Substitute<Omit<HTMLAttributesWithoutMotionProps<HTMLAttributes<HTMLHeadingElement>, HTMLHeadingElement> & MotionProps & RefAttributes<...>, "ref"> & { ...; }, { ...; }>>'.
src/components/DashBoard/Pages/admin-dashboard/EnterpriseAdminSidebar.tsx(785,21): error TS18048: 'props.theme.colors' is possibly 'undefined'.
src/components/DashBoard/Pages/admin-dashboard/EnterpriseAdminSidebar.tsx(798,28): error TS18048: 'props.theme.gradients' is possibly 'undefined'.
src/components/DashBoard/Pages/admin-dashboard/EnterpriseAdminSidebar.tsx(798,73): error TS18048: 'props.theme.gradients' is possibly 'undefined'.
src/components/DashBoard/Pages/admin-dashboard/EnterpriseAdminSidebar.tsx(827,24): error TS18048: 'props.theme.colors' is possibly 'undefined'.
src/components/DashBoard/Pages/admin-dashboard/EnterpriseAdminSidebar.tsx(827,24): error TS18046: 'props.theme.colors.stellarBlue' is of type 'unknown'.
src/components/DashBoard/Pages/admin-dashboard/EnterpriseAdminSidebar.tsx(834,24): error TS18048: 'props.theme.colors' is possibly 'undefined'.
src/components/DashBoard/Pages/admin-dashboard/EnterpriseAdminSidebar.tsx(834,24): error TS18046: 'props.theme.colors.stellarBlue' is of type 'unknown'.
src/components/DashBoard/Pages/admin-dashboard/EnterpriseAdminSidebar.tsx(840,21): error TS2345: Argument of type '(props: ExecutionContext & FastOmit<Omit<HTMLAttributesWithoutMotionProps<HTMLAttributes<HTMLDivElement>, HTMLDivElement> & MotionProps & RefAttributes<...>, "ref"> & { ...; }, "isActive" | ... 3 more ... | "hasSubItems"> & { ...; }) => unknown' is not assignable to parameter of type 'Interpolation<Substitute<Omit<HTMLAttributesWithoutMotionProps<HTMLAttributes<HTMLDivElement>, HTMLDivElement> & MotionProps & RefAttributes<...>, "ref"> & { ...; }, { ...; }>>'.
  Type '(props: ExecutionContext & FastOmit<Omit<HTMLAttributesWithoutMotionProps<HTMLAttributes<HTMLDivElement>, HTMLDivElement> & MotionProps & RefAttributes<...>, "ref"> & { ...; }, "isActive" | ... 3 more ... | "hasSubItems"> & { ...; }) => unknown' is not assignable to type 'StyleFunction<Substitute<Omit<HTMLAttributesWithoutMotionProps<HTMLAttributes<HTMLDivElement>, HTMLDivElement> & MotionProps & RefAttributes<...>, "ref"> & { ...; }, { ...; }>>'.
    Type 'unknown' is not assignable to type 'Interpolation<Substitute<Omit<HTMLAttributesWithoutMotionProps<HTMLAttributes<HTMLDivElement>, HTMLDivElement> & MotionProps & RefAttributes<...>, "ref"> & { ...; }, { ...; }>>'.
src/components/DashBoard/Pages/admin-dashboard/EnterpriseAdminSidebar.tsx(840,30): error TS18048: 'props.theme.gradients' is possibly 'undefined'.
src/components/DashBoard/Pages/admin-dashboard/EnterpriseAdminSidebar.tsx(840,75): error TS18048: 'props.theme.gradients' is possibly 'undefined'.
src/components/DashBoard/Pages/admin-dashboard/EnterpriseAdminSidebar.tsx(844,30): error TS18048: 'props.theme.shadows' is possibly 'undefined'.
src/components/DashBoard/Pages/admin-dashboard/EnterpriseAdminSidebar.tsx(844,30): error TS7053: Element implicitly has an 'any' type because expression of type 'string' can't be used to index type 'string[] | Record<string, unknown>'.
  No index signature with a parameter of type 'string' was found on type 'string[] | Record<string, unknown>'.
src/components/DashBoard/Pages/admin-dashboard/EnterpriseAdminSidebar.tsx(844,82): error TS18048: 'props.theme.shadows' is possibly 'undefined'.
src/components/DashBoard/Pages/admin-dashboard/EnterpriseAdminSidebar.tsx(844,102): error TS2339: Property 'commandGlow' does not exist on type 'string[] | Record<string, unknown>'.
  Property 'commandGlow' does not exist on type 'string[]'.
src/components/DashBoard/Pages/admin-dashboard/EnterpriseAdminSidebar.tsx(855,40): error TS18048: 'props.theme.colors' is possibly 'undefined'.
src/components/DashBoard/Pages/admin-dashboard/EnterpriseAdminSidebar.tsx(855,74): error TS18048: 'props.theme.colors' is possibly 'undefined'.
src/components/DashBoard/Pages/admin-dashboard/EnterpriseAdminSidebar.tsx(867,40): error TS18048: 'props.theme.colors' is possibly 'undefined'.
src/components/DashBoard/Pages/admin-dashboard/EnterpriseAdminSidebar.tsx(876,28): error TS18048: 'props.theme.gradients' is possibly 'undefined'.
src/components/DashBoard/Pages/admin-dashboard/EnterpriseAdminSidebar.tsx(877,23): error TS18048: 'props.theme.colors' is possibly 'undefined'.
src/components/DashBoard/Pages/admin-dashboard/EnterpriseAdminSidebar.tsx(900,30): error TS18048: 'props.theme.colors' is possibly 'undefined'.
src/components/DashBoard/Pages/admin-dashboard/EnterpriseAdminSidebar.tsx(901,38): error TS18048: 'props.theme.colors' is possibly 'undefined'.
src/components/DashBoard/Pages/admin-dashboard/EnterpriseAdminSidebar.tsx(906,30): error TS18048: 'props.theme.colors' is possibly 'undefined'.
src/components/DashBoard/Pages/admin-dashboard/EnterpriseAdminSidebar.tsx(907,38): error TS18048: 'props.theme.colors' is possibly 'undefined'.
src/components/DashBoard/Pages/admin-dashboard/EnterpriseAdminSidebar.tsx(912,30): error TS18048: 'props.theme.colors' is possibly 'undefined'.
src/components/DashBoard/Pages/admin-dashboard/EnterpriseAdminSidebar.tsx(913,38): error TS18048: 'props.theme.colors' is possibly 'undefined'.
src/components/DashBoard/Pages/admin-dashboard/EnterpriseAdminSidebar.tsx(950,14): error TS2345: Argument of type '(props: ExecutionContext & FastOmit<Omit<HTMLAttributesWithoutMotionProps<HTMLAttributes<HTMLDivElement>, HTMLDivElement> & MotionProps & RefAttributes<...>, "ref"> & { ...; }, "isCollapsed"> & { ...; }) => unknown' is not assignable to parameter of type 'Interpolation<Substitute<Omit<HTMLAttributesWithoutMotionProps<HTMLAttributes<HTMLDivElement>, HTMLDivElement> & MotionProps & RefAttributes<...>, "ref"> & { ...; }, { ...; }>>'.
  Type '(props: ExecutionContext & FastOmit<Omit<HTMLAttributesWithoutMotionProps<HTMLAttributes<HTMLDivElement>, HTMLDivElement> & MotionProps & RefAttributes<...>, "ref"> & { ...; }, "isCollapsed"> & { ...; }) => unknown' is not assignable to type 'StyleFunction<Substitute<Omit<HTMLAttributesWithoutMotionProps<HTMLAttributes<HTMLDivElement>, HTMLDivElement> & MotionProps & RefAttributes<...>, "ref"> & { ...; }, { ...; }>>'.
    Type 'unknown' is not assignable to type 'Interpolation<Substitute<Omit<HTMLAttributesWithoutMotionProps<HTMLAttributes<HTMLDivElement>, HTMLDivElement> & MotionProps & RefAttributes<...>, "ref"> & { ...; }, { ...; }>>'.
src/components/DashBoard/Pages/admin-dashboard/EnterpriseAdminSidebar.tsx(950,23): error TS18048: 'props.theme.colors' is possibly 'undefined'.
src/components/DashBoard/Pages/admin-dashboard/EnterpriseAdminSidebar.tsx(979,25): error TS18048: 'props.theme.colors' is possibly 'undefined'.
src/components/DashBoard/Pages/admin-dashboard/EnterpriseAdminSidebar.tsx(1090,11): error TS2769: No overload matches this call.
  Overload 1 of 2, '(props: PolymorphicComponentProps<"web", Substitute<Omit<HTMLAttributesWithoutMotionProps<HTMLAttributes<HTMLDivElement>, HTMLDivElement> & MotionProps & RefAttributes<...>, "ref"> & { ...; }, { ...; }>, void, void, {}, {}>): Element', gave the following error.
    Type 'boolean | undefined' is not assignable to type 'boolean'.
      Type 'undefined' is not assignable to type 'boolean'.
  Overload 2 of 2, '(props: Substitute<Omit<HTMLAttributesWithoutMotionProps<HTMLAttributes<HTMLDivElement>, HTMLDivElement> & MotionProps & RefAttributes<...>, "ref"> & { ...; }, { ...; }>): ReactNode', gave the following error.
    Type 'boolean | undefined' is not assignable to type 'boolean'.
      Type 'undefined' is not assignable to type 'boolean'.
src/components/DashBoard/Pages/admin-dashboard/index.ts(8,10): error TS2300: Duplicate identifier 'RevolutionaryAdminDashboard'.
src/components/DashBoard/Pages/admin-dashboard/index.ts(9,21): error TS2300: Duplicate identifier 'RevolutionaryAdminDashboard'.
src/components/DashBoard/Pages/admin-dashboard/overview/AdminOverview.styles.ts(16,19): error TS2345: Argument of type '(props: ExecutionContext & FastOmit<FastOmit<Omit<HTMLAttributesWithoutMotionProps<HTMLAttributes<HTMLDivElement>, HTMLDivElement> & MotionProps & RefAttributes<...>, "ref"> & { ...; }, never>, "accentColor"> & { ...; }) => unknown' is not assignable to parameter of type 'Interpolation<Substitute<FastOmit<Omit<HTMLAttributesWithoutMotionProps<HTMLAttributes<HTMLDivElement>, HTMLDivElement> & MotionProps & RefAttributes<...>, "ref"> & { ...; }, never>, { ...; }>>'.
  Type '(props: ExecutionContext & FastOmit<FastOmit<Omit<HTMLAttributesWithoutMotionProps<HTMLAttributes<HTMLDivElement>, HTMLDivElement> & MotionProps & RefAttributes<...>, "ref"> & { ...; }, never>, "accentColor"> & { ...; }) => unknown' is not assignable to type 'StyleFunction<Substitute<FastOmit<Omit<HTMLAttributesWithoutMotionProps<HTMLAttributes<HTMLDivElement>, HTMLDivElement> & MotionProps & RefAttributes<...>, "ref"> & { ...; }, never>, { ...; }>>'.
    Type 'unknown' is not assignable to type 'Interpolation<Substitute<FastOmit<Omit<HTMLAttributesWithoutMotionProps<HTMLAttributes<HTMLDivElement>, HTMLDivElement> & MotionProps & RefAttributes<...>, "ref"> & { ...; }, never>, { ...; }>>'.
src/components/DashBoard/Pages/admin-dashboard/overview/AdminOverview.styles.ts(16,49): error TS18048: 'props.theme.gradients' is possibly 'undefined'.
src/components/DashBoard/Pages/admin-dashboard/overview/AdminOverview.styles.ts(58,23): error TS2345: Argument of type '(props: ExecutionContext & FastOmit<DetailedHTMLProps<HTMLAttributes<HTMLDivElement>, HTMLDivElement>, "status"> & { ...; }) => unknown' is not assignable to parameter of type 'Interpolation<Substitute<DetailedHTMLProps<HTMLAttributes<HTMLDivElement>, HTMLDivElement>, { status: "error" | "warning" | "offline" | "healthy"; }>>'.
  Type '(props: ExecutionContext & FastOmit<DetailedHTMLProps<HTMLAttributes<HTMLDivElement>, HTMLDivElement>, "status"> & { ...; }) => unknown' is not assignable to type 'StyleFunction<Substitute<DetailedHTMLProps<HTMLAttributes<HTMLDivElement>, HTMLDivElement>, { status: "error" | "warning" | "offline" | "healthy"; }>>'.
    Type 'unknown' is not assignable to type 'Interpolation<Substitute<DetailedHTMLProps<HTMLAttributes<HTMLDivElement>, HTMLDivElement>, { status: "error" | "warning" | "offline" | "healthy"; }>>'.
src/components/DashBoard/Pages/admin-dashboard/overview/AdminOverview.styles.ts(61,16): error TS18048: 'props.theme.colors' is possibly 'undefined'.
src/components/DashBoard/Pages/admin-dashboard/overview/AdminOverview.styles.ts(63,16): error TS18048: 'props.theme.colors' is possibly 'undefined'.
src/components/DashBoard/Pages/admin-dashboard/overview/AdminOverview.styles.ts(66,16): error TS18048: 'props.theme.colors' is possibly 'undefined'.
src/components/DashBoard/Pages/admin-dashboard/overview/AdminOverview.styles.ts(103,19): error TS2345: Argument of type '(props: ExecutionContext & FastOmit<Omit<HTMLAttributesWithoutMotionProps<ButtonHTMLAttributes<HTMLButtonElement>, HTMLButtonElement> & MotionProps & RefAttributes<...>, "ref"> & { ...; }, never>) => unknown' is not assignable to parameter of type 'Interpolation<FastOmit<Omit<HTMLAttributesWithoutMotionProps<ButtonHTMLAttributes<HTMLButtonElement>, HTMLButtonElement> & MotionProps & RefAttributes<...>, "ref"> & { ...; }, never>>'.
  Type '(props: ExecutionContext & FastOmit<Omit<HTMLAttributesWithoutMotionProps<ButtonHTMLAttributes<HTMLButtonElement>, HTMLButtonElement> & MotionProps & RefAttributes<...>, "ref"> & { ...; }, never>) => unknown' is not assignable to type 'StyleFunction<FastOmit<Omit<HTMLAttributesWithoutMotionProps<ButtonHTMLAttributes<HTMLButtonElement>, HTMLButtonElement> & MotionProps & RefAttributes<...>, "ref"> & { ...; }, never>>'.
    Type 'unknown' is not assignable to type 'Interpolation<FastOmit<Omit<HTMLAttributesWithoutMotionProps<ButtonHTMLAttributes<HTMLButtonElement>, HTMLButtonElement> & MotionProps & RefAttributes<...>, "ref"> & { ...; }, never>>'.
src/components/DashBoard/Pages/admin-dashboard/overview/AdminOverview.styles.ts(103,28): error TS18048: 'props.theme.gradients' is possibly 'undefined'.
src/components/DashBoard/Pages/admin-dashboard/overview/AdminOverview.styles.ts(105,28): error TS18048: 'props.theme.shadows' is possibly 'undefined'.
src/components/DashBoard/Pages/admin-dashboard/overview/AdminOverview.styles.ts(105,48): error TS2339: Property 'commandGlow' does not exist on type 'string[] | Record<string, unknown>'.
  Property 'commandGlow' does not exist on type 'string[]'.
src/components/DashBoard/Pages/admin-dashboard/overview/AdminOverview.styles.ts(110,35): error TS18048: 'props.theme.colors' is possibly 'undefined'.
src/components/DashBoard/Pages/admin-dashboard/sections/AdminSettingsSection.tsx(130,32): error TS2339: Property 'active' does not exist on type 'ExecutionContext & FastOmit<Omit<HTMLAttributesWithoutMotionProps<ButtonHTMLAttributes<HTMLButtonElement>, HTMLButtonElement> & MotionProps & RefAttributes<...>, "ref"> & { ...; }, never>'.
src/components/DashBoard/Pages/admin-dashboard/sections/AdminSettingsSection.tsx(136,27): error TS2339: Property 'active' does not exist on type 'ExecutionContext & FastOmit<Omit<HTMLAttributesWithoutMotionProps<ButtonHTMLAttributes<HTMLButtonElement>, HTMLButtonElement> & MotionProps & RefAttributes<...>, "ref"> & { ...; }, never>'.
src/components/DashBoard/Pages/admin-dashboard/sections/AdminSettingsSection.tsx(137,33): error TS2339: Property 'active' does not exist on type 'ExecutionContext & FastOmit<Omit<HTMLAttributesWithoutMotionProps<ButtonHTMLAttributes<HTMLButtonElement>, HTMLButtonElement> & MotionProps & RefAttributes<...>, "ref"> & { ...; }, never>'.
src/components/DashBoard/Pages/admin-dashboard/sections/AdminSettingsSection.tsx(147,34): error TS2339: Property 'active' does not exist on type 'ExecutionContext & FastOmit<Omit<HTMLAttributesWithoutMotionProps<ButtonHTMLAttributes<HTMLButtonElement>, HTMLButtonElement> & MotionProps & RefAttributes<...>, "ref"> & { ...; }, never>'.
src/components/DashBoard/Pages/admin-dashboard/sections/AdminSettingsSection.tsx(796,11): error TS2769: No overload matches this call.
  Overload 1 of 2, '(props: PolymorphicComponentProps<"web", FastOmit<Omit<HTMLAttributesWithoutMotionProps<ButtonHTMLAttributes<HTMLButtonElement>, HTMLButtonElement> & MotionProps & RefAttributes<...>, "ref"> & { ...; }, never>, void, void, {}, {}>): Element', gave the following error.
    Type '{ children: (string | Element)[]; active: boolean; onClick: () => void; whileHover: { scale: number; }; whileTap: { scale: number; }; }' is not assignable to type 'IntrinsicAttributes & FastOmit<Substitute<FastOmit<Omit<HTMLAttributesWithoutMotionProps<ButtonHTMLAttributes<HTMLButtonElement>, HTMLButtonElement> & MotionProps & RefAttributes<...>, "ref"> & { ...; }, never>, FastOmit<...>>, keyof ExecutionProps> & FastOmit<...> & { ...; }'.
      Property 'active' does not exist on type 'IntrinsicAttributes & FastOmit<Substitute<FastOmit<Omit<HTMLAttributesWithoutMotionProps<ButtonHTMLAttributes<HTMLButtonElement>, HTMLButtonElement> & MotionProps & RefAttributes<...>, "ref"> & { ...; }, never>, FastOmit<...>>, keyof ExecutionProps> & FastOmit<...> & { ...; }'.
  Overload 2 of 2, '(props: FastOmit<Omit<HTMLAttributesWithoutMotionProps<ButtonHTMLAttributes<HTMLButtonElement>, HTMLButtonElement> & MotionProps & RefAttributes<...>, "ref"> & { ...; }, never>): ReactNode', gave the following error.
    Type '{ children: (string | Element)[]; active: boolean; onClick: () => void; whileHover: { scale: number; }; whileTap: { scale: number; }; }' is not assignable to type 'IntrinsicAttributes & FastOmit<Omit<HTMLAttributesWithoutMotionProps<ButtonHTMLAttributes<HTMLButtonElement>, HTMLButtonElement> & MotionProps & RefAttributes<...>, "ref"> & { ...; }, never>'.
      Property 'active' does not exist on type 'IntrinsicAttributes & FastOmit<Omit<HTMLAttributesWithoutMotionProps<ButtonHTMLAttributes<HTMLButtonElement>, HTMLButtonElement> & MotionProps & RefAttributes<...>, "ref"> & { ...; }, never>'.
src/components/DashBoard/Pages/admin-dashboard/sections/AdminSettingsSection.tsx(805,11): error TS2769: No overload matches this call.
  Overload 1 of 2, '(props: PolymorphicComponentProps<"web", FastOmit<Omit<HTMLAttributesWithoutMotionProps<ButtonHTMLAttributes<HTMLButtonElement>, HTMLButtonElement> & MotionProps & RefAttributes<...>, "ref"> & { ...; }, never>, void, void, {}, {}>): Element', gave the following error.
    Type '{ children: (string | Element)[]; active: boolean; onClick: () => void; whileHover: { scale: number; }; whileTap: { scale: number; }; }' is not assignable to type 'IntrinsicAttributes & FastOmit<Substitute<FastOmit<Omit<HTMLAttributesWithoutMotionProps<ButtonHTMLAttributes<HTMLButtonElement>, HTMLButtonElement> & MotionProps & RefAttributes<...>, "ref"> & { ...; }, never>, FastOmit<...>>, keyof ExecutionProps> & FastOmit<...> & { ...; }'.
      Property 'active' does not exist on type 'IntrinsicAttributes & FastOmit<Substitute<FastOmit<Omit<HTMLAttributesWithoutMotionProps<ButtonHTMLAttributes<HTMLButtonElement>, HTMLButtonElement> & MotionProps & RefAttributes<...>, "ref"> & { ...; }, never>, FastOmit<...>>, keyof ExecutionProps> & FastOmit<...> & { ...; }'.
  Overload 2 of 2, '(props: FastOmit<Omit<HTMLAttributesWithoutMotionProps<ButtonHTMLAttributes<HTMLButtonElement>, HTMLButtonElement> & MotionProps & RefAttributes<...>, "ref"> & { ...; }, never>): ReactNode', gave the following error.
    Type '{ children: (string | Element)[]; active: boolean; onClick: () => void; whileHover: { scale: number; }; whileTap: { scale: number; }; }' is not assignable to type 'IntrinsicAttributes & FastOmit<Omit<HTMLAttributesWithoutMotionProps<ButtonHTMLAttributes<HTMLButtonElement>, HTMLButtonElement> & MotionProps & RefAttributes<...>, "ref"> & { ...; }, never>'.
      Property 'active' does not exist on type 'IntrinsicAttributes & FastOmit<Omit<HTMLAttributesWithoutMotionProps<ButtonHTMLAttributes<HTMLButtonElement>, HTMLButtonElement> & MotionProps & RefAttributes<...>, "ref"> & { ...; }, never>'.
src/components/DashBoard/Pages/admin-dashboard/sections/AdminSettingsSection.tsx(814,11): error TS2769: No overload matches this call.
  Overload 1 of 2, '(props: PolymorphicComponentProps<"web", FastOmit<Omit<HTMLAttributesWithoutMotionProps<ButtonHTMLAttributes<HTMLButtonElement>, HTMLButtonElement> & MotionProps & RefAttributes<...>, "ref"> & { ...; }, never>, void, void, {}, {}>): Element', gave the following error.
    Type '{ children: (string | Element)[]; active: boolean; onClick: () => void; whileHover: { scale: number; }; whileTap: { scale: number; }; }' is not assignable to type 'IntrinsicAttributes & FastOmit<Substitute<FastOmit<Omit<HTMLAttributesWithoutMotionProps<ButtonHTMLAttributes<HTMLButtonElement>, HTMLButtonElement> & MotionProps & RefAttributes<...>, "ref"> & { ...; }, never>, FastOmit<...>>, keyof ExecutionProps> & FastOmit<...> & { ...; }'.
      Property 'active' does not exist on type 'IntrinsicAttributes & FastOmit<Substitute<FastOmit<Omit<HTMLAttributesWithoutMotionProps<ButtonHTMLAttributes<HTMLButtonElement>, HTMLButtonElement> & MotionProps & RefAttributes<...>, "ref"> & { ...; }, never>, FastOmit<...>>, keyof ExecutionProps> & FastOmit<...> & { ...; }'.
  Overload 2 of 2, '(props: FastOmit<Omit<HTMLAttributesWithoutMotionProps<ButtonHTMLAttributes<HTMLButtonElement>, HTMLButtonElement> & MotionProps & RefAttributes<...>, "ref"> & { ...; }, never>): ReactNode', gave the following error.
    Type '{ children: (string | Element)[]; active: boolean; onClick: () => void; whileHover: { scale: number; }; whileTap: { scale: number; }; }' is not assignable to type 'IntrinsicAttributes & FastOmit<Omit<HTMLAttributesWithoutMotionProps<ButtonHTMLAttributes<HTMLButtonElement>, HTMLButtonElement> & MotionProps & RefAttributes<...>, "ref"> & { ...; }, never>'.
      Property 'active' does not exist on type 'IntrinsicAttributes & FastOmit<Omit<HTMLAttributesWithoutMotionProps<ButtonHTMLAttributes<HTMLButtonElement>, HTMLButtonElement> & MotionProps & RefAttributes<...>, "ref"> & { ...; }, never>'.
src/components/DashBoard/Pages/admin-dashboard/sections/AdminSettingsSection.tsx(823,11): error TS2769: No overload matches this call.
  Overload 1 of 2, '(props: PolymorphicComponentProps<"web", FastOmit<Omit<HTMLAttributesWithoutMotionProps<ButtonHTMLAttributes<HTMLButtonElement>, HTMLButtonElement> & MotionProps & RefAttributes<...>, "ref"> & { ...; }, never>, void, void, {}, {}>): Element', gave the following error.
    Type '{ children: (string | Element)[]; active: boolean; onClick: () => void; whileHover: { scale: number; }; whileTap: { scale: number; }; }' is not assignable to type 'IntrinsicAttributes & FastOmit<Substitute<FastOmit<Omit<HTMLAttributesWithoutMotionProps<ButtonHTMLAttributes<HTMLButtonElement>, HTMLButtonElement> & MotionProps & RefAttributes<...>, "ref"> & { ...; }, never>, FastOmit<...>>, keyof ExecutionProps> & FastOmit<...> & { ...; }'.
      Property 'active' does not exist on type 'IntrinsicAttributes & FastOmit<Substitute<FastOmit<Omit<HTMLAttributesWithoutMotionProps<ButtonHTMLAttributes<HTMLButtonElement>, HTMLButtonElement> & MotionProps & RefAttributes<...>, "ref"> & { ...; }, never>, FastOmit<...>>, keyof ExecutionProps> & FastOmit<...> & { ...; }'.
  Overload 2 of 2, '(props: FastOmit<Omit<HTMLAttributesWithoutMotionProps<ButtonHTMLAttributes<HTMLButtonElement>, HTMLButtonElement> & MotionProps & RefAttributes<...>, "ref"> & { ...; }, never>): ReactNode', gave the following error.
    Type '{ children: (string | Element)[]; active: boolean; onClick: () => void; whileHover: { scale: number; }; whileTap: { scale: number; }; }' is not assignable to type 'IntrinsicAttributes & FastOmit<Omit<HTMLAttributesWithoutMotionProps<ButtonHTMLAttributes<HTMLButtonElement>, HTMLButtonElement> & MotionProps & RefAttributes<...>, "ref"> & { ...; }, never>'.
      Property 'active' does not exist on type 'IntrinsicAttributes & FastOmit<Omit<HTMLAttributesWithoutMotionProps<ButtonHTMLAttributes<HTMLButtonElement>, HTMLButtonElement> & MotionProps & RefAttributes<...>, "ref"> & { ...; }, never>'.
src/components/DashBoard/Pages/admin-dashboard/sections/AdminSettingsSection.tsx(832,11): error TS2769: No overload matches this call.
  Overload 1 of 2, '(props: PolymorphicComponentProps<"web", FastOmit<Omit<HTMLAttributesWithoutMotionProps<ButtonHTMLAttributes<HTMLButtonElement>, HTMLButtonElement> & MotionProps & RefAttributes<...>, "ref"> & { ...; }, never>, void, void, {}, {}>): Element', gave the following error.
    Type '{ children: (string | Element)[]; active: boolean; onClick: () => void; whileHover: { scale: number; }; whileTap: { scale: number; }; }' is not assignable to type 'IntrinsicAttributes & FastOmit<Substitute<FastOmit<Omit<HTMLAttributesWithoutMotionProps<ButtonHTMLAttributes<HTMLButtonElement>, HTMLButtonElement> & MotionProps & RefAttributes<...>, "ref"> & { ...; }, never>, FastOmit<...>>, keyof ExecutionProps> & FastOmit<...> & { ...; }'.
      Property 'active' does not exist on type 'IntrinsicAttributes & FastOmit<Substitute<FastOmit<Omit<HTMLAttributesWithoutMotionProps<ButtonHTMLAttributes<HTMLButtonElement>, HTMLButtonElement> & MotionProps & RefAttributes<...>, "ref"> & { ...; }, never>, FastOmit<...>>, keyof ExecutionProps> & FastOmit<...> & { ...; }'.
  Overload 2 of 2, '(props: FastOmit<Omit<HTMLAttributesWithoutMotionProps<ButtonHTMLAttributes<HTMLButtonElement>, HTMLButtonElement> & MotionProps & RefAttributes<...>, "ref"> & { ...; }, never>): ReactNode', gave the following error.
    Type '{ children: (string | Element)[]; active: boolean; onClick: () => void; whileHover: { scale: number; }; whileTap: { scale: number; }; }' is not assignable to type 'IntrinsicAttributes & FastOmit<Omit<HTMLAttributesWithoutMotionProps<ButtonHTMLAttributes<HTMLButtonElement>, HTMLButtonElement> & MotionProps & RefAttributes<...>, "ref"> & { ...; }, never>'.
      Property 'active' does not exist on type 'IntrinsicAttributes & FastOmit<Omit<HTMLAttributesWithoutMotionProps<ButtonHTMLAttributes<HTMLButtonElement>, HTMLButtonElement> & MotionProps & RefAttributes<...>, "ref"> & { ...; }, never>'.
src/components/DashBoard/Pages/admin-dashboard/sections/AdminSettingsSection.tsx(841,11): error TS2769: No overload matches this call.
  Overload 1 of 2, '(props: PolymorphicComponentProps<"web", FastOmit<Omit<HTMLAttributesWithoutMotionProps<ButtonHTMLAttributes<HTMLButtonElement>, HTMLButtonElement> & MotionProps & RefAttributes<...>, "ref"> & { ...; }, never>, void, void, {}, {}>): Element', gave the following error.
    Type '{ children: (string | Element)[]; active: boolean; onClick: () => void; whileHover: { scale: number; }; whileTap: { scale: number; }; }' is not assignable to type 'IntrinsicAttributes & FastOmit<Substitute<FastOmit<Omit<HTMLAttributesWithoutMotionProps<ButtonHTMLAttributes<HTMLButtonElement>, HTMLButtonElement> & MotionProps & RefAttributes<...>, "ref"> & { ...; }, never>, FastOmit<...>>, keyof ExecutionProps> & FastOmit<...> & { ...; }'.
      Property 'active' does not exist on type 'IntrinsicAttributes & FastOmit<Substitute<FastOmit<Omit<HTMLAttributesWithoutMotionProps<ButtonHTMLAttributes<HTMLButtonElement>, HTMLButtonElement> & MotionProps & RefAttributes<...>, "ref"> & { ...; }, never>, FastOmit<...>>, keyof ExecutionProps> & FastOmit<...> & { ...; }'.
  Overload 2 of 2, '(props: FastOmit<Omit<HTMLAttributesWithoutMotionProps<ButtonHTMLAttributes<HTMLButtonElement>, HTMLButtonElement> & MotionProps & RefAttributes<...>, "ref"> & { ...; }, never>): ReactNode', gave the following error.
    Type '{ children: (string | Element)[]; active: boolean; onClick: () => void; whileHover: { scale: number; }; whileTap: { scale: number; }; }' is not assignable to type 'IntrinsicAttributes & FastOmit<Omit<HTMLAttributesWithoutMotionProps<ButtonHTMLAttributes<HTMLButtonElement>, HTMLButtonElement> & MotionProps & RefAttributes<...>, "ref"> & { ...; }, never>'.
      Property 'active' does not exist on type 'IntrinsicAttributes & FastOmit<Omit<HTMLAttributesWithoutMotionProps<ButtonHTMLAttributes<HTMLButtonElement>, HTMLButtonElement> & MotionProps & RefAttributes<...>, "ref"> & { ...; }, never>'.
src/components/DashBoard/Pages/admin-dashboard/sections/AdminSettingsSection.tsx(1314,23): error TS2769: No overload matches this call.
  Overload 1 of 2, '(props: PolymorphicComponentProps<"web", FastOmit<Omit<HTMLAttributesWithoutMotionProps<ButtonHTMLAttributes<HTMLButtonElement>, HTMLButtonElement> & MotionProps & RefAttributes<...>, "ref"> & { ...; }, never>, void, void, {}, {}>): Element', gave the following error.
    Type '{ children: (string | Element)[]; className: string; size: string; whileHover: { scale: number; }; whileTap: { scale: number; }; onClick: () => Promise<void>; }' is not assignable to type 'IntrinsicAttributes & FastOmit<Substitute<FastOmit<Omit<HTMLAttributesWithoutMotionProps<ButtonHTMLAttributes<HTMLButtonElement>, HTMLButtonElement> & MotionProps & RefAttributes<...>, "ref"> & { ...; }, never>, FastOmit<...>>, keyof ExecutionProps> & FastOmit<...> & { ...; }'.
      Property 'size' does not exist on type 'IntrinsicAttributes & FastOmit<Substitute<FastOmit<Omit<HTMLAttributesWithoutMotionProps<ButtonHTMLAttributes<HTMLButtonElement>, HTMLButtonElement> & MotionProps & RefAttributes<...>, "ref"> & { ...; }, never>, FastOmit<...>>, keyof ExecutionProps> & FastOmit<...> & { ...; }'.
  Overload 2 of 2, '(props: FastOmit<Omit<HTMLAttributesWithoutMotionProps<ButtonHTMLAttributes<HTMLButtonElement>, HTMLButtonElement> & MotionProps & RefAttributes<...>, "ref"> & { ...; }, never>): ReactNode', gave the following error.
    Type '{ children: (string | Element)[]; className: string; size: string; whileHover: { scale: number; }; whileTap: { scale: number; }; onClick: () => Promise<void>; }' is not assignable to type 'IntrinsicAttributes & FastOmit<Omit<HTMLAttributesWithoutMotionProps<ButtonHTMLAttributes<HTMLButtonElement>, HTMLButtonElement> & MotionProps & RefAttributes<...>, "ref"> & { ...; }, never>'.
      Property 'size' does not exist on type 'IntrinsicAttributes & FastOmit<Omit<HTMLAttributesWithoutMotionProps<ButtonHTMLAttributes<HTMLButtonElement>, HTMLButtonElement> & MotionProps & RefAttributes<...>, "ref"> & { ...; }, never>'.
src/components/DashBoard/Pages/admin-dashboard/sections/ContentModerationSection.tsx(186,21): error TS2339: Property 'status' does not exist on type 'ExecutionContext & FastOmit<Omit<HTMLAttributesWithoutMotionProps<HTMLAttributes<HTMLDivElement>, HTMLDivElement> & MotionProps & RefAttributes<...>, "ref"> & { ...; }, never>'.
src/components/DashBoard/Pages/admin-dashboard/sections/ContentModerationSection.tsx(929,15): error TS2769: No overload matches this call.
  Overload 1 of 2, '(props: PolymorphicComponentProps<"web", FastOmit<Omit<HTMLAttributesWithoutMotionProps<HTMLAttributes<HTMLDivElement>, HTMLDivElement> & MotionProps & RefAttributes<...>, "ref"> & { ...; }, never>, void, void, {}, {}>): Element', gave the following error.
    Type '{ children: (false | Element | null)[]; key: string; status: "pending" | "hidden" | "approved" | "flagged"; initial: { opacity: number; y: number; }; animate: { opacity: number; y: number; }; exit: { ...; }; transition: { ...; }; whileHover: { ...; }; }' is not assignable to type 'IntrinsicAttributes & FastOmit<Substitute<FastOmit<Omit<HTMLAttributesWithoutMotionProps<HTMLAttributes<HTMLDivElement>, HTMLDivElement> & MotionProps & RefAttributes<...>, "ref"> & { ...; }, never>, FastOmit<...>>, keyof ExecutionProps> & FastOmit<...> & { ...; }'.
      Property 'status' does not exist on type 'IntrinsicAttributes & FastOmit<Substitute<FastOmit<Omit<HTMLAttributesWithoutMotionProps<HTMLAttributes<HTMLDivElement>, HTMLDivElement> & MotionProps & RefAttributes<...>, "ref"> & { ...; }, never>, FastOmit<...>>, keyof ExecutionProps> & FastOmit<...> & { ...; }'.
  Overload 2 of 2, '(props: FastOmit<Omit<HTMLAttributesWithoutMotionProps<HTMLAttributes<HTMLDivElement>, HTMLDivElement> & MotionProps & RefAttributes<...>, "ref"> & { ...; }, never>): ReactNode', gave the following error.
    Type '{ children: (false | Element | null)[]; key: string; status: "pending" | "hidden" | "approved" | "flagged"; initial: { opacity: number; y: number; }; animate: { opacity: number; y: number; }; exit: { ...; }; transition: { ...; }; whileHover: { ...; }; }' is not assignable to type 'IntrinsicAttributes & FastOmit<Omit<HTMLAttributesWithoutMotionProps<HTMLAttributes<HTMLDivElement>, HTMLDivElement> & MotionProps & RefAttributes<...>, "ref"> & { ...; }, never>'.
      Property 'status' does not exist on type 'IntrinsicAttributes & FastOmit<Omit<HTMLAttributesWithoutMotionProps<HTMLAttributes<HTMLDivElement>, HTMLDivElement> & MotionProps & RefAttributes<...>, "ref"> & { ...; }, never>'.
src/components/DashBoard/Pages/admin-dashboard/sections/index.ts(24,3): error TS2614: Module '"./PackagesManagementSection"' has no exported member 'Package'. Did you mean to use 'import Package from "./PackagesManagementSection"' instead?
src/components/DashBoard/Pages/admin-dashboard/sections/index.ts(25,3): error TS2614: Module '"./PackagesManagementSection"' has no exported member 'PackageStats'. Did you mean to use 'import PackageStats from "./PackagesManagementSection"' instead?
src/components/DashBoard/Pages/admin-dashboard/sections/index.ts(29,3): error TS2614: Module '"./ContentModerationSection"' has no exported member 'ContentItem'. Did you mean to use 'import ContentItem from "./ContentModerationSection"' instead?
src/components/DashBoard/Pages/admin-dashboard/sections/index.ts(30,3): error TS2614: Module '"./ContentModerationSection"' has no exported member 'ContentStats'. Did you mean to use 'import ContentStats from "./ContentModerationSection"' instead?
src/components/DashBoard/Pages/admin-dashboard/sections/index.ts(34,3): error TS2614: Module '"./NotificationsSection"' has no exported member 'Notification'. Did you mean to use 'import Notification from "./NotificationsSection"' instead?
src/components/DashBoard/Pages/admin-dashboard/sections/index.ts(35,3): error TS2614: Module '"./NotificationsSection"' has no exported member 'NotificationStats'. Did you mean to use 'import NotificationStats from "./NotificationsSection"' instead?
src/components/DashBoard/Pages/admin-dashboard/sections/index.ts(44,3): error TS2614: Module '"./AdminSettingsSection"' has no exported member 'SystemSettings'. Did you mean to use 'import SystemSettings from "./AdminSettingsSection"' instead?
src/components/DashBoard/Pages/admin-dashboard/sections/index.ts(45,3): error TS2614: Module '"./AdminSettingsSection"' has no exported member 'SecuritySettings'. Did you mean to use 'import SecuritySettings from "./AdminSettingsSection"' instead?
src/components/DashBoard/Pages/admin-dashboard/sections/index.ts(46,3): error TS2614: Module '"./AdminSettingsSection"' has no exported member 'NotificationSettings'. Did you mean to use 'import NotificationSettings from "./AdminSettingsSection"' instead?
src/components/DashBoard/Pages/admin-dashboard/sections/index.ts(47,3): error TS2614: Module '"./AdminSettingsSection"' has no exported member 'APIKey'. Did you mean to use 'import APIKey from "./AdminSettingsSection"' instead?
src/components/DashBoard/Pages/admin-dashboard/sections/MCPServersSection.tsx(35,21): error TS2305: Module '"lucide-react"' has no exported member 'Memory'.
src/components/DashBoard/Pages/admin-dashboard/sections/MCPServersSection.tsx(189,21): error TS2339: Property 'status' does not exist on type 'ExecutionContext & FastOmit<Omit<HTMLAttributesWithoutMotionProps<HTMLAttributes<HTMLDivElement>, HTMLDivElement> & MotionProps & RefAttributes<...>, "ref"> & { ...; }, never>'.
src/components/DashBoard/Pages/admin-dashboard/sections/MCPServersSection.tsx(212,19): error TS2339: Property 'status' does not exist on type 'ExecutionContext & FastOmit<DetailedHTMLProps<HTMLAttributes<HTMLDivElement>, HTMLDivElement>, never>'.
src/components/DashBoard/Pages/admin-dashboard/sections/MCPServersSection.tsx(228,20): error TS2339: Property 'status' does not exist on type 'ExecutionContext & FastOmit<DetailedHTMLProps<HTMLAttributes<HTMLDivElement>, HTMLDivElement>, never>'.
src/components/DashBoard/Pages/admin-dashboard/sections/MCPServersSection.tsx(307,32): error TS2339: Property 'connected' does not exist on type 'ExecutionContext & FastOmit<DetailedHTMLProps<HTMLAttributes<HTMLDivElement>, HTMLDivElement>, never>'.
src/components/DashBoard/Pages/admin-dashboard/sections/MCPServersSection.tsx(308,31): error TS2339: Property 'connected' does not exist on type 'ExecutionContext & FastOmit<DetailedHTMLProps<HTMLAttributes<HTMLDivElement>, HTMLDivElement>, never>'.
src/components/DashBoard/Pages/admin-dashboard/sections/MCPServersSection.tsx(360,15): error TS2339: Property 'value' does not exist on type 'ExecutionContext & FastOmit<DetailedHTMLProps<HTMLAttributes<HTMLDivElement>, HTMLDivElement>, never>'.
src/components/DashBoard/Pages/admin-dashboard/sections/MCPServersSection.tsx(361,15): error TS2339: Property 'value' does not exist on type 'ExecutionContext & FastOmit<DetailedHTMLProps<HTMLAttributes<HTMLDivElement>, HTMLDivElement>, never>'.
src/components/DashBoard/Pages/admin-dashboard/sections/MCPServersSection.tsx(366,27): error TS2339: Property 'value' does not exist on type 'ExecutionContext & FastOmit<DetailedHTMLProps<HTMLAttributes<HTMLDivElement>, HTMLDivElement>, never>'.
src/components/DashBoard/Pages/admin-dashboard/sections/MCPServersSection.tsx(1251,15): error TS2769: No overload matches this call.
  Overload 1 of 2, '(props: PolymorphicComponentProps<"web", FastOmit<Omit<HTMLAttributesWithoutMotionProps<HTMLAttributes<HTMLDivElement>, HTMLDivElement> & MotionProps & RefAttributes<...>, "ref"> & { ...; }, never>, void, void, {}, {}>): Element', gave the following error.
    Type '{ children: Element[]; key: string; status: "error" | "warning" | "offline" | "healthy"; initial: { opacity: number; y: number; }; animate: { opacity: number; y: number; }; exit: { opacity: number; y: number; }; transition: { ...; }; whileHover: { ...; }; }' is not assignable to type 'IntrinsicAttributes & FastOmit<Substitute<FastOmit<Omit<HTMLAttributesWithoutMotionProps<HTMLAttributes<HTMLDivElement>, HTMLDivElement> & MotionProps & RefAttributes<...>, "ref"> & { ...; }, never>, FastOmit<...>>, keyof ExecutionProps> & FastOmit<...> & { ...; }'.
      Property 'status' does not exist on type 'IntrinsicAttributes & FastOmit<Substitute<FastOmit<Omit<HTMLAttributesWithoutMotionProps<HTMLAttributes<HTMLDivElement>, HTMLDivElement> & MotionProps & RefAttributes<...>, "ref"> & { ...; }, never>, FastOmit<...>>, keyof ExecutionProps> & FastOmit<...> & { ...; }'.
  Overload 2 of 2, '(props: FastOmit<Omit<HTMLAttributesWithoutMotionProps<HTMLAttributes<HTMLDivElement>, HTMLDivElement> & MotionProps & RefAttributes<...>, "ref"> & { ...; }, never>): ReactNode', gave the following error.
    Type '{ children: Element[]; key: string; status: "error" | "warning" | "offline" | "healthy"; initial: { opacity: number; y: number; }; animate: { opacity: number; y: number; }; exit: { opacity: number; y: number; }; transition: { ...; }; whileHover: { ...; }; }' is not assignable to type 'IntrinsicAttributes & FastOmit<Omit<HTMLAttributesWithoutMotionProps<HTMLAttributes<HTMLDivElement>, HTMLDivElement> & MotionProps & RefAttributes<...>, "ref"> & { ...; }, never>'.
      Property 'status' does not exist on type 'IntrinsicAttributes & FastOmit<Omit<HTMLAttributesWithoutMotionProps<HTMLAttributes<HTMLDivElement>, HTMLDivElement> & MotionProps & RefAttributes<...>, "ref"> & { ...; }, never>'.
src/components/DashBoard/Pages/admin-dashboard/sections/MCPServersSection.tsx(1260,31): error TS2769: No overload matches this call.
  Overload 1 of 2, '(props: PolymorphicComponentProps<"web", FastOmit<DetailedHTMLProps<HTMLAttributes<HTMLDivElement>, HTMLDivElement>, never>, void, void, {}, {}>): Element', gave the following error.
    Type '{ children: Element; status: "error" | "warning" | "offline" | "healthy"; }' is not assignable to type 'IntrinsicAttributes & FastOmit<Substitute<FastOmit<DetailedHTMLProps<HTMLAttributes<HTMLDivElement>, HTMLDivElement>, never>, FastOmit<...>>, keyof ExecutionProps> & FastOmit<...> & { ...; }'.
      Property 'status' does not exist on type 'IntrinsicAttributes & FastOmit<Substitute<FastOmit<DetailedHTMLProps<HTMLAttributes<HTMLDivElement>, HTMLDivElement>, never>, FastOmit<...>>, keyof ExecutionProps> & FastOmit<...> & { ...; }'.
  Overload 2 of 2, '(props: FastOmit<DetailedHTMLProps<HTMLAttributes<HTMLDivElement>, HTMLDivElement>, never>): ReactNode', gave the following error.
    Type '{ children: Element; status: "error" | "warning" | "offline" | "healthy"; }' is not assignable to type 'IntrinsicAttributes & FastOmit<DetailedHTMLProps<HTMLAttributes<HTMLDivElement>, HTMLDivElement>, never>'.
      Property 'status' does not exist on type 'IntrinsicAttributes & FastOmit<DetailedHTMLProps<HTMLAttributes<HTMLDivElement>, HTMLDivElement>, never>'.
src/components/DashBoard/Pages/admin-dashboard/sections/MCPServersSection.tsx(1306,31): error TS2769: No overload matches this call.
  Overload 1 of 2, '(props: PolymorphicComponentProps<"web", FastOmit<Omit<HTMLAttributesWithoutMotionProps<ButtonHTMLAttributes<HTMLButtonElement>, HTMLButtonElement> & MotionProps & RefAttributes<...>, "ref"> & { ...; }, never>, void, void, {}, {}>): Element', gave the following error.
    Type 'string' is not assignable to type 'boolean | undefined'.
  Overload 2 of 2, '(props: FastOmit<Omit<HTMLAttributesWithoutMotionProps<ButtonHTMLAttributes<HTMLButtonElement>, HTMLButtonElement> & MotionProps & RefAttributes<...>, "ref"> & { ...; }, never>): ReactNode', gave the following error.
    Type 'string' is not assignable to type 'boolean | undefined'.
src/components/DashBoard/Pages/admin-dashboard/sections/MCPServersSection.tsx(1320,31): error TS2769: No overload matches this call.
  Overload 1 of 2, '(props: PolymorphicComponentProps<"web", FastOmit<Omit<HTMLAttributesWithoutMotionProps<ButtonHTMLAttributes<HTMLButtonElement>, HTMLButtonElement> & MotionProps & RefAttributes<...>, "ref"> & { ...; }, never>, void, void, {}, {}>): Element', gave the following error.
    Type 'string' is not assignable to type 'boolean | undefined'.
  Overload 2 of 2, '(props: FastOmit<Omit<HTMLAttributesWithoutMotionProps<ButtonHTMLAttributes<HTMLButtonElement>, HTMLButtonElement> & MotionProps & RefAttributes<...>, "ref"> & { ...; }, never>): ReactNode', gave the following error.
    Type 'string' is not assignable to type 'boolean | undefined'.
src/components/DashBoard/Pages/admin-dashboard/sections/MCPServersSection.tsx(1333,29): error TS2769: No overload matches this call.
  Overload 1 of 2, '(props: PolymorphicComponentProps<"web", FastOmit<Omit<HTMLAttributesWithoutMotionProps<ButtonHTMLAttributes<HTMLButtonElement>, HTMLButtonElement> & MotionProps & RefAttributes<...>, "ref"> & { ...; }, never>, void, void, {}, {}>): Element', gave the following error.
    Type 'string' is not assignable to type 'boolean | undefined'.
  Overload 2 of 2, '(props: FastOmit<Omit<HTMLAttributesWithoutMotionProps<ButtonHTMLAttributes<HTMLButtonElement>, HTMLButtonElement> & MotionProps & RefAttributes<...>, "ref"> & { ...; }, never>): ReactNode', gave the following error.
    Type 'string' is not assignable to type 'boolean | undefined'.
src/components/DashBoard/Pages/admin-dashboard/sections/MCPServersSection.tsx(1345,29): error TS2769: No overload matches this call.
  Overload 1 of 2, '(props: PolymorphicComponentProps<"web", FastOmit<Omit<HTMLAttributesWithoutMotionProps<ButtonHTMLAttributes<HTMLButtonElement>, HTMLButtonElement> & MotionProps & RefAttributes<...>, "ref"> & { ...; }, never>, void, void, {}, {}>): Element', gave the following error.
    Type 'string' is not assignable to type 'boolean | undefined'.
  Overload 2 of 2, '(props: FastOmit<Omit<HTMLAttributesWithoutMotionProps<ButtonHTMLAttributes<HTMLButtonElement>, HTMLButtonElement> & MotionProps & RefAttributes<...>, "ref"> & { ...; }, never>): ReactNode', gave the following error.
    Type 'string' is not assignable to type 'boolean | undefined'.
src/components/DashBoard/Pages/admin-dashboard/sections/MCPServersSection.tsx(1353,29): error TS2769: No overload matches this call.
  Overload 1 of 2, '(props: PolymorphicComponentProps<"web", FastOmit<Omit<HTMLAttributesWithoutMotionProps<ButtonHTMLAttributes<HTMLButtonElement>, HTMLButtonElement> & MotionProps & RefAttributes<...>, "ref"> & { ...; }, never>, void, void, {}, {}>): Element', gave the following error.
    Type 'string' is not assignable to type 'boolean | undefined'.
  Overload 2 of 2, '(props: FastOmit<Omit<HTMLAttributesWithoutMotionProps<ButtonHTMLAttributes<HTMLButtonElement>, HTMLButtonElement> & MotionProps & RefAttributes<...>, "ref"> & { ...; }, never>): ReactNode', gave the following error.
    Type 'string' is not assignable to type 'boolean | undefined'.
src/components/DashBoard/Pages/admin-dashboard/sections/MCPServersSection.tsx(1366,29): error TS2769: No overload matches this call.
  Overload 1 of 2, '(props: PolymorphicComponentProps<"web", FastOmit<DetailedHTMLProps<HTMLAttributes<HTMLDivElement>, HTMLDivElement>, never>, void, void, {}, {}>): Element', gave the following error.
    Type '{ connected: boolean; }' is not assignable to type 'IntrinsicAttributes & FastOmit<Substitute<FastOmit<DetailedHTMLProps<HTMLAttributes<HTMLDivElement>, HTMLDivElement>, never>, FastOmit<...>>, keyof ExecutionProps> & FastOmit<...> & { ...; }'.
      Property 'connected' does not exist on type 'IntrinsicAttributes & FastOmit<Substitute<FastOmit<DetailedHTMLProps<HTMLAttributes<HTMLDivElement>, HTMLDivElement>, never>, FastOmit<...>>, keyof ExecutionProps> & FastOmit<...> & { ...; }'.
  Overload 2 of 2, '(props: FastOmit<DetailedHTMLProps<HTMLAttributes<HTMLDivElement>, HTMLDivElement>, never>): ReactNode', gave the following error.
    Type '{ connected: boolean; }' is not assignable to type 'IntrinsicAttributes & FastOmit<DetailedHTMLProps<HTMLAttributes<HTMLDivElement>, HTMLDivElement>, never>'.
      Property 'connected' does not exist on type 'IntrinsicAttributes & FastOmit<DetailedHTMLProps<HTMLAttributes<HTMLDivElement>, HTMLDivElement>, never>'.
src/components/DashBoard/Pages/admin-dashboard/sections/MCPServersSection.tsx(1389,38): error TS2769: No overload matches this call.
  Overload 1 of 2, '(props: PolymorphicComponentProps<"web", FastOmit<DetailedHTMLProps<HTMLAttributes<HTMLDivElement>, HTMLDivElement>, never>, void, void, {}, {}>): Element', gave the following error.
    Type '{ value: number; }' is not assignable to type 'IntrinsicAttributes & FastOmit<Substitute<FastOmit<DetailedHTMLProps<HTMLAttributes<HTMLDivElement>, HTMLDivElement>, never>, FastOmit<...>>, keyof ExecutionProps> & FastOmit<...> & { ...; }'.
      Property 'value' does not exist on type 'IntrinsicAttributes & FastOmit<Substitute<FastOmit<DetailedHTMLProps<HTMLAttributes<HTMLDivElement>, HTMLDivElement>, never>, FastOmit<...>>, keyof ExecutionProps> & FastOmit<...> & { ...; }'.
  Overload 2 of 2, '(props: FastOmit<DetailedHTMLProps<HTMLAttributes<HTMLDivElement>, HTMLDivElement>, never>): ReactNode', gave the following error.
    Type '{ value: number; }' is not assignable to type 'IntrinsicAttributes & FastOmit<DetailedHTMLProps<HTMLAttributes<HTMLDivElement>, HTMLDivElement>, never>'.
      Property 'value' does not exist on type 'IntrinsicAttributes & FastOmit<DetailedHTMLProps<HTMLAttributes<HTMLDivElement>, HTMLDivElement>, never>'.
src/components/DashBoard/Pages/admin-dashboard/sections/MCPServersSection.tsx(1396,38): error TS2769: No overload matches this call.
  Overload 1 of 2, '(props: PolymorphicComponentProps<"web", FastOmit<DetailedHTMLProps<HTMLAttributes<HTMLDivElement>, HTMLDivElement>, never>, void, void, {}, {}>): Element', gave the following error.
    Type '{ value: number; }' is not assignable to type 'IntrinsicAttributes & FastOmit<Substitute<FastOmit<DetailedHTMLProps<HTMLAttributes<HTMLDivElement>, HTMLDivElement>, never>, FastOmit<...>>, keyof ExecutionProps> & FastOmit<...> & { ...; }'.
      Property 'value' does not exist on type 'IntrinsicAttributes & FastOmit<Substitute<FastOmit<DetailedHTMLProps<HTMLAttributes<HTMLDivElement>, HTMLDivElement>, never>, FastOmit<...>>, keyof ExecutionProps> & FastOmit<...> & { ...; }'.
  Overload 2 of 2, '(props: FastOmit<DetailedHTMLProps<HTMLAttributes<HTMLDivElement>, HTMLDivElement>, never>): ReactNode', gave the following error.
    Type '{ value: number; }' is not assignable to type 'IntrinsicAttributes & FastOmit<DetailedHTMLProps<HTMLAttributes<HTMLDivElement>, HTMLDivElement>, never>'.
      Property 'value' does not exist on type 'IntrinsicAttributes & FastOmit<DetailedHTMLProps<HTMLAttributes<HTMLDivElement>, HTMLDivElement>, never>'.
src/components/DashBoard/Pages/admin-dashboard/sections/NotificationsSection.tsx(167,32): error TS2339: Property 'active' does not exist on type 'ExecutionContext & FastOmit<Omit<HTMLAttributesWithoutMotionProps<ButtonHTMLAttributes<HTMLButtonElement>, HTMLButtonElement> & MotionProps & RefAttributes<...>, "ref"> & { ...; }, never>'.
src/components/DashBoard/Pages/admin-dashboard/sections/NotificationsSection.tsx(173,27): error TS2339: Property 'active' does not exist on type 'ExecutionContext & FastOmit<Omit<HTMLAttributesWithoutMotionProps<ButtonHTMLAttributes<HTMLButtonElement>, HTMLButtonElement> & MotionProps & RefAttributes<...>, "ref"> & { ...; }, never>'.
src/components/DashBoard/Pages/admin-dashboard/sections/NotificationsSection.tsx(174,33): error TS2339: Property 'active' does not exist on type 'ExecutionContext & FastOmit<Omit<HTMLAttributesWithoutMotionProps<ButtonHTMLAttributes<HTMLButtonElement>, HTMLButtonElement> & MotionProps & RefAttributes<...>, "ref"> & { ...; }, never>'.
src/components/DashBoard/Pages/admin-dashboard/sections/NotificationsSection.tsx(183,34): error TS2339: Property 'active' does not exist on type 'ExecutionContext & FastOmit<Omit<HTMLAttributesWithoutMotionProps<ButtonHTMLAttributes<HTMLButtonElement>, HTMLButtonElement> & MotionProps & RefAttributes<...>, "ref"> & { ...; }, never>'.
src/components/DashBoard/Pages/admin-dashboard/sections/NotificationsSection.tsx(223,21): error TS2339: Property 'type' does not exist on type 'ExecutionContext & FastOmit<Omit<HTMLAttributesWithoutMotionProps<HTMLAttributes<HTMLDivElement>, HTMLDivElement> & MotionProps & RefAttributes<...>, "ref"> & { ...; }, never>'.
src/components/DashBoard/Pages/admin-dashboard/sections/NotificationsSection.tsx(946,11): error TS2769: No overload matches this call.
  Overload 1 of 2, '(props: PolymorphicComponentProps<"web", FastOmit<Omit<HTMLAttributesWithoutMotionProps<ButtonHTMLAttributes<HTMLButtonElement>, HTMLButtonElement> & MotionProps & RefAttributes<...>, "ref"> & { ...; }, never>, void, void, {}, {}>): Element', gave the following error.
    Type '{ children: (string | Element)[]; active: boolean; onClick: () => void; whileHover: { scale: number; }; whileTap: { scale: number; }; }' is not assignable to type 'IntrinsicAttributes & FastOmit<Substitute<FastOmit<Omit<HTMLAttributesWithoutMotionProps<ButtonHTMLAttributes<HTMLButtonElement>, HTMLButtonElement> & MotionProps & RefAttributes<...>, "ref"> & { ...; }, never>, FastOmit<...>>, keyof ExecutionProps> & FastOmit<...> & { ...; }'.
      Property 'active' does not exist on type 'IntrinsicAttributes & FastOmit<Substitute<FastOmit<Omit<HTMLAttributesWithoutMotionProps<ButtonHTMLAttributes<HTMLButtonElement>, HTMLButtonElement> & MotionProps & RefAttributes<...>, "ref"> & { ...; }, never>, FastOmit<...>>, keyof ExecutionProps> & FastOmit<...> & { ...; }'.
  Overload 2 of 2, '(props: FastOmit<Omit<HTMLAttributesWithoutMotionProps<ButtonHTMLAttributes<HTMLButtonElement>, HTMLButtonElement> & MotionProps & RefAttributes<...>, "ref"> & { ...; }, never>): ReactNode', gave the following error.
    Type '{ children: (string | Element)[]; active: boolean; onClick: () => void; whileHover: { scale: number; }; whileTap: { scale: number; }; }' is not assignable to type 'IntrinsicAttributes & FastOmit<Omit<HTMLAttributesWithoutMotionProps<ButtonHTMLAttributes<HTMLButtonElement>, HTMLButtonElement> & MotionProps & RefAttributes<...>, "ref"> & { ...; }, never>'.
      Property 'active' does not exist on type 'IntrinsicAttributes & FastOmit<Omit<HTMLAttributesWithoutMotionProps<ButtonHTMLAttributes<HTMLButtonElement>, HTMLButtonElement> & MotionProps & RefAttributes<...>, "ref"> & { ...; }, never>'.
src/components/DashBoard/Pages/admin-dashboard/sections/NotificationsSection.tsx(955,11): error TS2769: No overload matches this call.
  Overload 1 of 2, '(props: PolymorphicComponentProps<"web", FastOmit<Omit<HTMLAttributesWithoutMotionProps<ButtonHTMLAttributes<HTMLButtonElement>, HTMLButtonElement> & MotionProps & RefAttributes<...>, "ref"> & { ...; }, never>, void, void, {}, {}>): Element', gave the following error.
    Type '{ children: (string | Element)[]; active: boolean; onClick: () => void; whileHover: { scale: number; }; whileTap: { scale: number; }; }' is not assignable to type 'IntrinsicAttributes & FastOmit<Substitute<FastOmit<Omit<HTMLAttributesWithoutMotionProps<ButtonHTMLAttributes<HTMLButtonElement>, HTMLButtonElement> & MotionProps & RefAttributes<...>, "ref"> & { ...; }, never>, FastOmit<...>>, keyof ExecutionProps> & FastOmit<...> & { ...; }'.
      Property 'active' does not exist on type 'IntrinsicAttributes & FastOmit<Substitute<FastOmit<Omit<HTMLAttributesWithoutMotionProps<ButtonHTMLAttributes<HTMLButtonElement>, HTMLButtonElement> & MotionProps & RefAttributes<...>, "ref"> & { ...; }, never>, FastOmit<...>>, keyof ExecutionProps> & FastOmit<...> & { ...; }'.
  Overload 2 of 2, '(props: FastOmit<Omit<HTMLAttributesWithoutMotionProps<ButtonHTMLAttributes<HTMLButtonElement>, HTMLButtonElement> & MotionProps & RefAttributes<...>, "ref"> & { ...; }, never>): ReactNode', gave the following error.
    Type '{ children: (string | Element)[]; active: boolean; onClick: () => void; whileHover: { scale: number; }; whileTap: { scale: number; }; }' is not assignable to type 'IntrinsicAttributes & FastOmit<Omit<HTMLAttributesWithoutMotionProps<ButtonHTMLAttributes<HTMLButtonElement>, HTMLButtonElement> & MotionProps & RefAttributes<...>, "ref"> & { ...; }, never>'.
      Property 'active' does not exist on type 'IntrinsicAttributes & FastOmit<Omit<HTMLAttributesWithoutMotionProps<ButtonHTMLAttributes<HTMLButtonElement>, HTMLButtonElement> & MotionProps & RefAttributes<...>, "ref"> & { ...; }, never>'.
src/components/DashBoard/Pages/admin-dashboard/sections/NotificationsSection.tsx(964,11): error TS2769: No overload matches this call.
  Overload 1 of 2, '(props: PolymorphicComponentProps<"web", FastOmit<Omit<HTMLAttributesWithoutMotionProps<ButtonHTMLAttributes<HTMLButtonElement>, HTMLButtonElement> & MotionProps & RefAttributes<...>, "ref"> & { ...; }, never>, void, void, {}, {}>): Element', gave the following error.
    Type '{ children: (string | Element)[]; active: boolean; onClick: () => void; whileHover: { scale: number; }; whileTap: { scale: number; }; }' is not assignable to type 'IntrinsicAttributes & FastOmit<Substitute<FastOmit<Omit<HTMLAttributesWithoutMotionProps<ButtonHTMLAttributes<HTMLButtonElement>, HTMLButtonElement> & MotionProps & RefAttributes<...>, "ref"> & { ...; }, never>, FastOmit<...>>, keyof ExecutionProps> & FastOmit<...> & { ...; }'.
      Property 'active' does not exist on type 'IntrinsicAttributes & FastOmit<Substitute<FastOmit<Omit<HTMLAttributesWithoutMotionProps<ButtonHTMLAttributes<HTMLButtonElement>, HTMLButtonElement> & MotionProps & RefAttributes<...>, "ref"> & { ...; }, never>, FastOmit<...>>, keyof ExecutionProps> & FastOmit<...> & { ...; }'.
  Overload 2 of 2, '(props: FastOmit<Omit<HTMLAttributesWithoutMotionProps<ButtonHTMLAttributes<HTMLButtonElement>, HTMLButtonElement> & MotionProps & RefAttributes<...>, "ref"> & { ...; }, never>): ReactNode', gave the following error.
    Type '{ children: (string | Element)[]; active: boolean; onClick: () => void; whileHover: { scale: number; }; whileTap: { scale: number; }; }' is not assignable to type 'IntrinsicAttributes & FastOmit<Omit<HTMLAttributesWithoutMotionProps<ButtonHTMLAttributes<HTMLButtonElement>, HTMLButtonElement> & MotionProps & RefAttributes<...>, "ref"> & { ...; }, never>'.
      Property 'active' does not exist on type 'IntrinsicAttributes & FastOmit<Omit<HTMLAttributesWithoutMotionProps<ButtonHTMLAttributes<HTMLButtonElement>, HTMLButtonElement> & MotionProps & RefAttributes<...>, "ref"> & { ...; }, never>'.
src/components/DashBoard/Pages/admin-dashboard/sections/NotificationsSection.tsx(973,11): error TS2769: No overload matches this call.
  Overload 1 of 2, '(props: PolymorphicComponentProps<"web", FastOmit<Omit<HTMLAttributesWithoutMotionProps<ButtonHTMLAttributes<HTMLButtonElement>, HTMLButtonElement> & MotionProps & RefAttributes<...>, "ref"> & { ...; }, never>, void, void, {}, {}>): Element', gave the following error.
    Type '{ children: (string | Element)[]; active: boolean; onClick: () => void; whileHover: { scale: number; }; whileTap: { scale: number; }; }' is not assignable to type 'IntrinsicAttributes & FastOmit<Substitute<FastOmit<Omit<HTMLAttributesWithoutMotionProps<ButtonHTMLAttributes<HTMLButtonElement>, HTMLButtonElement> & MotionProps & RefAttributes<...>, "ref"> & { ...; }, never>, FastOmit<...>>, keyof ExecutionProps> & FastOmit<...> & { ...; }'.
      Property 'active' does not exist on type 'IntrinsicAttributes & FastOmit<Substitute<FastOmit<Omit<HTMLAttributesWithoutMotionProps<ButtonHTMLAttributes<HTMLButtonElement>, HTMLButtonElement> & MotionProps & RefAttributes<...>, "ref"> & { ...; }, never>, FastOmit<...>>, keyof ExecutionProps> & FastOmit<...> & { ...; }'.
  Overload 2 of 2, '(props: FastOmit<Omit<HTMLAttributesWithoutMotionProps<ButtonHTMLAttributes<HTMLButtonElement>, HTMLButtonElement> & MotionProps & RefAttributes<...>, "ref"> & { ...; }, never>): ReactNode', gave the following error.
    Type '{ children: (string | Element)[]; active: boolean; onClick: () => void; whileHover: { scale: number; }; whileTap: { scale: number; }; }' is not assignable to type 'IntrinsicAttributes & FastOmit<Omit<HTMLAttributesWithoutMotionProps<ButtonHTMLAttributes<HTMLButtonElement>, HTMLButtonElement> & MotionProps & RefAttributes<...>, "ref"> & { ...; }, never>'.
      Property 'active' does not exist on type 'IntrinsicAttributes & FastOmit<Omit<HTMLAttributesWithoutMotionProps<ButtonHTMLAttributes<HTMLButtonElement>, HTMLButtonElement> & MotionProps & RefAttributes<...>, "ref"> & { ...; }, never>'.
src/components/DashBoard/Pages/admin-dashboard/sections/NotificationsSection.tsx(1180,19): error TS2769: No overload matches this call.
  Overload 1 of 2, '(props: PolymorphicComponentProps<"web", FastOmit<Omit<HTMLAttributesWithoutMotionProps<HTMLAttributes<HTMLDivElement>, HTMLDivElement> & MotionProps & RefAttributes<...>, "ref"> & { ...; }, never>, void, void, {}, {}>): Element', gave the following error.
    Type '{ children: (false | Element)[]; key: string; type: "user" | "alert" | "system" | "marketing"; initial: { opacity: number; y: number; }; animate: { opacity: number; y: number; }; exit: { opacity: number; y: number; }; transition: { ...; }; whileHover: { ...; }; }' is not assignable to type 'IntrinsicAttributes & FastOmit<Substitute<FastOmit<Omit<HTMLAttributesWithoutMotionProps<HTMLAttributes<HTMLDivElement>, HTMLDivElement> & MotionProps & RefAttributes<...>, "ref"> & { ...; }, never>, FastOmit<...>>, keyof ExecutionProps> & FastOmit<...> & { ...; }'.
      Property 'type' does not exist on type 'IntrinsicAttributes & FastOmit<Substitute<FastOmit<Omit<HTMLAttributesWithoutMotionProps<HTMLAttributes<HTMLDivElement>, HTMLDivElement> & MotionProps & RefAttributes<...>, "ref"> & { ...; }, never>, FastOmit<...>>, keyof ExecutionProps> & FastOmit<...> & { ...; }'.
  Overload 2 of 2, '(props: FastOmit<Omit<HTMLAttributesWithoutMotionProps<HTMLAttributes<HTMLDivElement>, HTMLDivElement> & MotionProps & RefAttributes<...>, "ref"> & { ...; }, never>): ReactNode', gave the following error.
    Type '{ children: (false | Element)[]; key: string; type: "user" | "alert" | "system" | "marketing"; initial: { opacity: number; y: number; }; animate: { opacity: number; y: number; }; exit: { opacity: number; y: number; }; transition: { ...; }; whileHover: { ...; }; }' is not assignable to type 'IntrinsicAttributes & FastOmit<Omit<HTMLAttributesWithoutMotionProps<HTMLAttributes<HTMLDivElement>, HTMLDivElement> & MotionProps & RefAttributes<...>, "ref"> & { ...; }, never>'.
      Property 'type' does not exist on type 'IntrinsicAttributes & FastOmit<Omit<HTMLAttributesWithoutMotionProps<HTMLAttributes<HTMLDivElement>, HTMLDivElement> & MotionProps & RefAttributes<...>, "ref"> & { ...; }, never>'.
src/components/DashBoard/Pages/admin-dashboard/sections/PackagesManagementSection.tsx(189,21): error TS2339: Property 'tier' does not exist on type 'ExecutionContext & FastOmit<Omit<HTMLAttributesWithoutMotionProps<HTMLAttributes<HTMLDivElement>, HTMLDivElement> & MotionProps & RefAttributes<...>, "ref"> & { ...; }, never>'.
src/components/DashBoard/Pages/admin-dashboard/sections/PackagesManagementSection.tsx(211,19): error TS2339: Property 'tier' does not exist on type 'ExecutionContext & FastOmit<DetailedHTMLProps<HTMLAttributes<HTMLDivElement>, HTMLDivElement>, never>'.
src/components/DashBoard/Pages/admin-dashboard/sections/PackagesManagementSection.tsx(884,15): error TS2769: No overload matches this call.
  Overload 1 of 2, '(props: PolymorphicComponentProps<"web", FastOmit<Omit<HTMLAttributesWithoutMotionProps<HTMLAttributes<HTMLDivElement>, HTMLDivElement> & MotionProps & RefAttributes<...>, "ref"> & { ...; }, never>, void, void, {}, {}>): Element', gave the following error.
    Type '{ children: (false | Element)[]; key: string; tier: "premium" | "elite" | "starter"; initial: { opacity: number; y: number; }; animate: { opacity: number; y: number; }; exit: { opacity: number; y: number; }; transition: { ...; }; whileHover: { ...; }; }' is not assignable to type 'IntrinsicAttributes & FastOmit<Substitute<FastOmit<Omit<HTMLAttributesWithoutMotionProps<HTMLAttributes<HTMLDivElement>, HTMLDivElement> & MotionProps & RefAttributes<...>, "ref"> & { ...; }, never>, FastOmit<...>>, keyof ExecutionProps> & FastOmit<...> & { ...; }'.
      Property 'tier' does not exist on type 'IntrinsicAttributes & FastOmit<Substitute<FastOmit<Omit<HTMLAttributesWithoutMotionProps<HTMLAttributes<HTMLDivElement>, HTMLDivElement> & MotionProps & RefAttributes<...>, "ref"> & { ...; }, never>, FastOmit<...>>, keyof ExecutionProps> & FastOmit<...> & { ...; }'.
  Overload 2 of 2, '(props: FastOmit<Omit<HTMLAttributesWithoutMotionProps<HTMLAttributes<HTMLDivElement>, HTMLDivElement> & MotionProps & RefAttributes<...>, "ref"> & { ...; }, never>): ReactNode', gave the following error.
    Type '{ children: (false | Element)[]; key: string; tier: "premium" | "elite" | "starter"; initial: { opacity: number; y: number; }; animate: { opacity: number; y: number; }; exit: { opacity: number; y: number; }; transition: { ...; }; whileHover: { ...; }; }' is not assignable to type 'IntrinsicAttributes & FastOmit<Omit<HTMLAttributesWithoutMotionProps<HTMLAttributes<HTMLDivElement>, HTMLDivElement> & MotionProps & RefAttributes<...>, "ref"> & { ...; }, never>'.
      Property 'tier' does not exist on type 'IntrinsicAttributes & FastOmit<Omit<HTMLAttributesWithoutMotionProps<HTMLAttributes<HTMLDivElement>, HTMLDivElement> & MotionProps & RefAttributes<...>, "ref"> & { ...; }, never>'.
src/components/DashBoard/Pages/admin-dashboard/sections/PackagesManagementSection.tsx(900,32): error TS2769: No overload matches this call.
  Overload 1 of 2, '(props: PolymorphicComponentProps<"web", FastOmit<DetailedHTMLProps<HTMLAttributes<HTMLDivElement>, HTMLDivElement>, never>, void, void, {}, {}>): Element', gave the following error.
    Type '{ children: Element; tier: "premium" | "elite" | "starter"; }' is not assignable to type 'IntrinsicAttributes & FastOmit<Substitute<FastOmit<DetailedHTMLProps<HTMLAttributes<HTMLDivElement>, HTMLDivElement>, never>, FastOmit<...>>, keyof ExecutionProps> & FastOmit<...> & { ...; }'.
      Property 'tier' does not exist on type 'IntrinsicAttributes & FastOmit<Substitute<FastOmit<DetailedHTMLProps<HTMLAttributes<HTMLDivElement>, HTMLDivElement>, never>, FastOmit<...>>, keyof ExecutionProps> & FastOmit<...> & { ...; }'.
  Overload 2 of 2, '(props: FastOmit<DetailedHTMLProps<HTMLAttributes<HTMLDivElement>, HTMLDivElement>, never>): ReactNode', gave the following error.
    Type '{ children: Element; tier: "premium" | "elite" | "starter"; }' is not assignable to type 'IntrinsicAttributes & FastOmit<DetailedHTMLProps<HTMLAttributes<HTMLDivElement>, HTMLDivElement>, never>'.
      Property 'tier' does not exist on type 'IntrinsicAttributes & FastOmit<DetailedHTMLProps<HTMLAttributes<HTMLDivElement>, HTMLDivElement>, never>'.
src/components/DashBoard/Pages/admin-dashboard/TrainersManagementSection.tsx(209,31): error TS2339: Property 'verified' does not exist on type 'ExecutionContext & FastOmit<DetailedHTMLProps<HTMLAttributes<HTMLDivElement>, HTMLDivElement>, never>'.
src/components/DashBoard/Pages/admin-dashboard/TrainersManagementSection.tsx(833,34): error TS2769: No overload matches this call.
  Overload 1 of 2, '(props: PolymorphicComponentProps<"web", FastOmit<DetailedHTMLProps<HTMLAttributes<HTMLDivElement>, HTMLDivElement>, never>, void, void, {}, {}>): Element', gave the following error.
    Type '{ children: string; verified: boolean; }' is not assignable to type 'IntrinsicAttributes & FastOmit<Substitute<FastOmit<DetailedHTMLProps<HTMLAttributes<HTMLDivElement>, HTMLDivElement>, never>, FastOmit<...>>, keyof ExecutionProps> & FastOmit<...> & { ...; }'.
      Property 'verified' does not exist on type 'IntrinsicAttributes & FastOmit<Substitute<FastOmit<DetailedHTMLProps<HTMLAttributes<HTMLDivElement>, HTMLDivElement>, never>, FastOmit<...>>, keyof ExecutionProps> & FastOmit<...> & { ...; }'.
  Overload 2 of 2, '(props: FastOmit<DetailedHTMLProps<HTMLAttributes<HTMLDivElement>, HTMLDivElement>, never>): ReactNode', gave the following error.
    Type '{ children: string; verified: boolean; }' is not assignable to type 'IntrinsicAttributes & FastOmit<DetailedHTMLProps<HTMLAttributes<HTMLDivElement>, HTMLDivElement>, never>'.
      Property 'verified' does not exist on type 'IntrinsicAttributes & FastOmit<DetailedHTMLProps<HTMLAttributes<HTMLDivElement>, HTMLDivElement>, never>'.
src/components/DashBoard/Pages/admin-exercises/AdminExerciseCommandCenter.tsx(770,27): error TS2345: Argument of type 'AdminAchievement' is not assignable to parameter of type 'SetStateAction<null>'.
  Type 'AdminAchievement' provides no match for the signature '(prevState: null): null'.
src/components/DashBoard/Pages/admin-exercises/AdminExerciseCommandCenter.tsx(842,9): error TS2769: No overload matches this call.
  Overload 1 of 2, '(props: PolymorphicComponentProps<"web", FastOmit<Omit<HTMLAttributesWithoutMotionProps<HTMLAttributes<HTMLDivElement>, HTMLDivElement> & MotionProps & RefAttributes<...>, "ref"> & { ...; }, never>, void, void, {}, {}>): Element', gave the following error.
    Type '{ initial: { opacity: number; y: number; }; animate: { opacity: number; y: number; }; exit: { opacity: number; y: number; }; transition: { duration: number; ease: number[]; }; }' is not assignable to type 'Variants'.
      Property 'transition' is incompatible with index signature.
        Type '{ duration: number; ease: number[]; }' is not assignable to type 'Variant'.
  Overload 2 of 2, '(props: FastOmit<Omit<HTMLAttributesWithoutMotionProps<HTMLAttributes<HTMLDivElement>, HTMLDivElement> & MotionProps & RefAttributes<...>, "ref"> & { ...; }, never>): ReactNode', gave the following error.
    Type '{ initial: { opacity: number; y: number; }; animate: { opacity: number; y: number; }; exit: { opacity: number; y: number; }; transition: { duration: number; ease: number[]; }; }' is not assignable to type 'Variants'.
      Property 'transition' is incompatible with index signature.
        Type '{ duration: number; ease: number[]; }' is not assignable to type 'Variant'.
src/components/DashBoard/Pages/admin-exercises/AdminExerciseCommandCenter.tsx(852,29): error TS2769: No overload matches this call.
  Overload 1 of 2, '(props: PolymorphicComponentProps<"web", FastOmit<Omit<HTMLAttributesWithoutMotionProps<HTMLAttributes<HTMLHeadingElement>, HTMLHeadingElement> & MotionProps & RefAttributes<...>, "ref"> & { ...; }, never>, void, void, {}, {}>): Element', gave the following error.
    Type '{ initial: { opacity: number; y: number; scale: number; }; animate: { opacity: number; y: number; scale: number; }; exit: { opacity: number; y: number; scale: number; }; transition: { duration: number; ease: number[]; }; }' is not assignable to type 'Variants'.
      Property 'transition' is incompatible with index signature.
        Type '{ duration: number; ease: number[]; }' is not assignable to type 'Variant'.
  Overload 2 of 2, '(props: FastOmit<Omit<HTMLAttributesWithoutMotionProps<HTMLAttributes<HTMLHeadingElement>, HTMLHeadingElement> & MotionProps & RefAttributes<...>, "ref"> & { ...; }, never>): ReactNode', gave the following error.
    Type '{ initial: { opacity: number; y: number; scale: number; }; animate: { opacity: number; y: number; scale: number; }; exit: { opacity: number; y: number; scale: number; }; transition: { duration: number; ease: number[]; }; }' is not assignable to type 'Variants'.
      Property 'transition' is incompatible with index signature.
        Type '{ duration: number; ease: number[]; }' is not assignable to type 'Variant'.
src/components/DashBoard/Pages/admin-exercises/AdminExerciseCommandCenter.tsx(858,32): error TS2769: No overload matches this call.
  Overload 1 of 2, '(props: PolymorphicComponentProps<"web", FastOmit<Omit<HTMLAttributesWithoutMotionProps<HTMLAttributes<HTMLParagraphElement>, HTMLParagraphElement> & MotionProps & RefAttributes<...>, "ref"> & { ...; }, never>, void, void, {}, {}>): Element', gave the following error.
    Type '{ initial: { opacity: number; y: number; scale: number; }; animate: { opacity: number; y: number; scale: number; }; exit: { opacity: number; y: number; scale: number; }; transition: { duration: number; ease: number[]; }; }' is not assignable to type 'Variants'.
      Property 'transition' is incompatible with index signature.
        Type '{ duration: number; ease: number[]; }' is not assignable to type 'Variant'.
  Overload 2 of 2, '(props: FastOmit<Omit<HTMLAttributesWithoutMotionProps<HTMLAttributes<HTMLParagraphElement>, HTMLParagraphElement> & MotionProps & RefAttributes<...>, "ref"> & { ...; }, never>): ReactNode', gave the following error.
    Type '{ initial: { opacity: number; y: number; scale: number; }; animate: { opacity: number; y: number; scale: number; }; exit: { opacity: number; y: number; scale: number; }; transition: { duration: number; ease: number[]; }; }' is not assignable to type 'Variants'.
      Property 'transition' is incompatible with index signature.
        Type '{ duration: number; ease: number[]; }' is not assignable to type 'Variant'.
src/components/DashBoard/Pages/admin-exercises/AdminExerciseCommandCenter.tsx(870,19): error TS2769: No overload matches this call.
  Overload 1 of 2, '(props: PolymorphicComponentProps<"web", Substitute<Omit<HTMLAttributesWithoutMotionProps<HTMLAttributes<HTMLDivElement>, HTMLDivElement> & MotionProps & RefAttributes<...>, "ref"> & { ...; }, { ...; }>, void, void, {}, {}>): Element', gave the following error.
    Type '{ initial: { opacity: number; y: number; scale: number; }; animate: { opacity: number; y: number; scale: number; }; exit: { opacity: number; y: number; scale: number; }; transition: { duration: number; ease: number[]; }; }' is not assignable to type 'Variants'.
      Property 'transition' is incompatible with index signature.
        Type '{ duration: number; ease: number[]; }' is not assignable to type 'Variant'.
  Overload 2 of 2, '(props: Substitute<Omit<HTMLAttributesWithoutMotionProps<HTMLAttributes<HTMLDivElement>, HTMLDivElement> & MotionProps & RefAttributes<...>, "ref"> & { ...; }, { ...; }>): ReactNode', gave the following error.
    Type '{ initial: { opacity: number; y: number; scale: number; }; animate: { opacity: number; y: number; scale: number; }; exit: { opacity: number; y: number; scale: number; }; transition: { duration: number; ease: number[]; }; }' is not assignable to type 'Variants'.
      Property 'transition' is incompatible with index signature.
        Type '{ duration: number; ease: number[]; }' is not assignable to type 'Variant'.
src/components/DashBoard/Pages/admin-exercises/AdminExerciseCommandCenter.tsx(882,19): error TS2769: No overload matches this call.
  Overload 1 of 2, '(props: PolymorphicComponentProps<"web", Substitute<Omit<HTMLAttributesWithoutMotionProps<HTMLAttributes<HTMLDivElement>, HTMLDivElement> & MotionProps & RefAttributes<...>, "ref"> & { ...; }, { ...; }>, void, void, {}, {}>): Element', gave the following error.
    Type '{ initial: { opacity: number; y: number; scale: number; }; animate: { opacity: number; y: number; scale: number; }; exit: { opacity: number; y: number; scale: number; }; transition: { duration: number; ease: number[]; }; }' is not assignable to type 'Variants'.
      Property 'transition' is incompatible with index signature.
        Type '{ duration: number; ease: number[]; }' is not assignable to type 'Variant'.
  Overload 2 of 2, '(props: Substitute<Omit<HTMLAttributesWithoutMotionProps<HTMLAttributes<HTMLDivElement>, HTMLDivElement> & MotionProps & RefAttributes<...>, "ref"> & { ...; }, { ...; }>): ReactNode', gave the following error.
    Type '{ initial: { opacity: number; y: number; scale: number; }; animate: { opacity: number; y: number; scale: number; }; exit: { opacity: number; y: number; scale: number; }; transition: { duration: number; ease: number[]; }; }' is not assignable to type 'Variants'.
      Property 'transition' is incompatible with index signature.
        Type '{ duration: number; ease: number[]; }' is not assignable to type 'Variant'.
src/components/DashBoard/Pages/admin-exercises/AdminExerciseCommandCenter.tsx(894,19): error TS2769: No overload matches this call.
  Overload 1 of 2, '(props: PolymorphicComponentProps<"web", Substitute<Omit<HTMLAttributesWithoutMotionProps<HTMLAttributes<HTMLDivElement>, HTMLDivElement> & MotionProps & RefAttributes<...>, "ref"> & { ...; }, { ...; }>, void, void, {}, {}>): Element', gave the following error.
    Type '{ initial: { opacity: number; y: number; scale: number; }; animate: { opacity: number; y: number; scale: number; }; exit: { opacity: number; y: number; scale: number; }; transition: { duration: number; ease: number[]; }; }' is not assignable to type 'Variants'.
      Property 'transition' is incompatible with index signature.
        Type '{ duration: number; ease: number[]; }' is not assignable to type 'Variant'.
  Overload 2 of 2, '(props: Substitute<Omit<HTMLAttributesWithoutMotionProps<HTMLAttributes<HTMLDivElement>, HTMLDivElement> & MotionProps & RefAttributes<...>, "ref"> & { ...; }, { ...; }>): ReactNode', gave the following error.
    Type '{ initial: { opacity: number; y: number; scale: number; }; animate: { opacity: number; y: number; scale: number; }; exit: { opacity: number; y: number; scale: number; }; transition: { duration: number; ease: number[]; }; }' is not assignable to type 'Variants'.
      Property 'transition' is incompatible with index signature.
        Type '{ duration: number; ease: number[]; }' is not assignable to type 'Variant'.
src/components/DashBoard/Pages/admin-exercises/AdminExerciseCommandCenter.tsx(906,19): error TS2769: No overload matches this call.
  Overload 1 of 2, '(props: PolymorphicComponentProps<"web", Substitute<Omit<HTMLAttributesWithoutMotionProps<HTMLAttributes<HTMLDivElement>, HTMLDivElement> & MotionProps & RefAttributes<...>, "ref"> & { ...; }, { ...; }>, void, void, {}, {}>): Element', gave the following error.
    Type '{ initial: { opacity: number; y: number; scale: number; }; animate: { opacity: number; y: number; scale: number; }; exit: { opacity: number; y: number; scale: number; }; transition: { duration: number; ease: number[]; }; }' is not assignable to type 'Variants'.
      Property 'transition' is incompatible with index signature.
        Type '{ duration: number; ease: number[]; }' is not assignable to type 'Variant'.
  Overload 2 of 2, '(props: Substitute<Omit<HTMLAttributesWithoutMotionProps<HTMLAttributes<HTMLDivElement>, HTMLDivElement> & MotionProps & RefAttributes<...>, "ref"> & { ...; }, { ...; }>): ReactNode', gave the following error.
    Type '{ initial: { opacity: number; y: number; scale: number; }; animate: { opacity: number; y: number; scale: number; }; exit: { opacity: number; y: number; scale: number; }; transition: { duration: number; ease: number[]; }; }' is not assignable to type 'Variants'.
      Property 'transition' is incompatible with index signature.
        Type '{ duration: number; ease: number[]; }' is not assignable to type 'Variant'.
src/components/DashBoard/Pages/admin-exercises/AdminExerciseCommandCenter.tsx(924,13): error TS2769: No overload matches this call.
  Overload 1 of 2, '(props: PolymorphicComponentProps<"web", FastOmit<Omit<HTMLAttributesWithoutMotionProps<HTMLAttributes<HTMLDivElement>, HTMLDivElement> & MotionProps & RefAttributes<...>, "ref"> & { ...; }, never>, void, void, {}, {}>): Element', gave the following error.
    Type '{ initial: { opacity: number; y: number; scale: number; }; animate: { opacity: number; y: number; scale: number; }; exit: { opacity: number; y: number; scale: number; }; transition: { duration: number; ease: number[]; }; }' is not assignable to type 'Variants'.
      Property 'transition' is incompatible with index signature.
        Type '{ duration: number; ease: number[]; }' is not assignable to type 'Variant'.
  Overload 2 of 2, '(props: FastOmit<Omit<HTMLAttributesWithoutMotionProps<HTMLAttributes<HTMLDivElement>, HTMLDivElement> & MotionProps & RefAttributes<...>, "ref"> & { ...; }, never>): ReactNode', gave the following error.
    Type '{ initial: { opacity: number; y: number; scale: number; }; animate: { opacity: number; y: number; scale: number; }; exit: { opacity: number; y: number; scale: number; }; transition: { duration: number; ease: number[]; }; }' is not assignable to type 'Variants'.
      Property 'transition' is incompatible with index signature.
        Type '{ duration: number; ease: number[]; }' is not assignable to type 'Variant'.
src/components/DashBoard/Pages/admin-exercises/AdminExerciseCommandCenter.tsx(972,28): error TS2769: No overload matches this call.
  Overload 1 of 2, '(props: PolymorphicComponentProps<"web", FastOmit<Omit<HTMLAttributesWithoutMotionProps<HTMLAttributes<HTMLElement>, HTMLElement> & MotionProps & RefAttributes<...>, "ref"> & { ...; }, never>, void, void, {}, {}>): Element', gave the following error.
    Type '{ initial: { opacity: number; y: number; scale: number; }; animate: { opacity: number; y: number; scale: number; }; exit: { opacity: number; y: number; scale: number; }; transition: { duration: number; ease: number[]; }; }' is not assignable to type 'Variants'.
      Property 'transition' is incompatible with index signature.
        Type '{ duration: number; ease: number[]; }' is not assignable to type 'Variant'.
  Overload 2 of 2, '(props: FastOmit<Omit<HTMLAttributesWithoutMotionProps<HTMLAttributes<HTMLElement>, HTMLElement> & MotionProps & RefAttributes<...>, "ref"> & { ...; }, never>): ReactNode', gave the following error.
    Type '{ initial: { opacity: number; y: number; scale: number; }; animate: { opacity: number; y: number; scale: number; }; exit: { opacity: number; y: number; scale: number; }; transition: { duration: number; ease: number[]; }; }' is not assignable to type 'Variants'.
      Property 'transition' is incompatible with index signature.
        Type '{ duration: number; ease: number[]; }' is not assignable to type 'Variant'.
src/components/DashBoard/Pages/admin-exercises/AdminExerciseCommandCenter.tsx(1004,17): error TS2322: Type '(file: File, exerciseId: string) => Promise<void>' is not assignable to type '(file: File, exerciseId?: string | undefined) => Promise<void>'.
  Types of parameters 'exerciseId' and 'exerciseId' are incompatible.
    Type 'string | undefined' is not assignable to type 'string'.
      Type 'undefined' is not assignable to type 'string'.
src/components/DashBoard/Pages/admin-exercises/AdminExerciseCommandCenter.tsx(1013,28): error TS2769: No overload matches this call.
  Overload 1 of 2, '(props: PolymorphicComponentProps<"web", FastOmit<Omit<HTMLAttributesWithoutMotionProps<HTMLAttributes<HTMLElement>, HTMLElement> & MotionProps & RefAttributes<...>, "ref"> & { ...; }, never>, void, void, {}, {}>): Element', gave the following error.
    Type '{ initial: { opacity: number; y: number; scale: number; }; animate: { opacity: number; y: number; scale: number; }; exit: { opacity: number; y: number; scale: number; }; transition: { duration: number; ease: number[]; }; }' is not assignable to type 'Variants'.
      Property 'transition' is incompatible with index signature.
        Type '{ duration: number; ease: number[]; }' is not assignable to type 'Variant'.
  Overload 2 of 2, '(props: FastOmit<Omit<HTMLAttributesWithoutMotionProps<HTMLAttributes<HTMLElement>, HTMLElement> & MotionProps & RefAttributes<...>, "ref"> & { ...; }, never>): ReactNode', gave the following error.
    Type '{ initial: { opacity: number; y: number; scale: number; }; animate: { opacity: number; y: number; scale: number; }; exit: { opacity: number; y: number; scale: number; }; transition: { duration: number; ease: number[]; }; }' is not assignable to type 'Variants'.
      Property 'transition' is incompatible with index signature.
        Type '{ duration: number; ease: number[]; }' is not assignable to type 'Variant'.
src/components/DashBoard/Pages/admin-exercises/AdminExerciseCommandCenter.tsx(1034,17): error TS2322: Type 'Dispatch<SetStateAction<null>>' is not assignable to type '(exercise: Exercise) => void'.
  Types of parameters 'value' and 'exercise' are incompatible.
    Type 'Exercise' is not assignable to type 'SetStateAction<null>'.
      Type 'Exercise' provides no match for the signature '(prevState: null): null'.
src/components/DashBoard/Pages/admin-exercises/AdminExerciseCommandCenter.tsx(1036,39): error TS2345: Argument of type 'Exercise' is not assignable to parameter of type 'SetStateAction<null>'.
  Type 'Exercise' provides no match for the signature '(prevState: null): null'.
src/components/DashBoard/Pages/admin-exercises/components/AdminAchievementCelebration.tsx(34,3): error TS2614: Module '"../styles/gamificationAnimations"' has no exported member 'confettiExplosion'. Did you mean to use 'import confettiExplosion from "../styles/gamificationAnimations"' instead?
src/components/DashBoard/Pages/admin-exercises/components/AdminAchievementCelebration.tsx(35,3): error TS2614: Module '"../styles/gamificationAnimations"' has no exported member 'levelUpCelebration'. Did you mean to use 'import levelUpCelebration from "../styles/gamificationAnimations"' instead?
src/components/DashBoard/Pages/admin-exercises/components/ExerciseCreationWizard.tsx(685,38): error TS2345: Argument of type 'keyof ExerciseFormData' is not assignable to parameter of type 'keyof ExerciseFormData'.
  Type '"videoFile"' is not assignable to type 'keyof ExerciseFormData'.
src/components/DashBoard/Pages/admin-exercises/components/ExerciseLibraryManager.tsx(581,18): error TS2345: Argument of type '{ y: number[]; transition: { duration: number; repeat: number; ease: string; }; }' is not assignable to parameter of type 'Interpolation<FastOmit<DetailedHTMLProps<HTMLAttributes<HTMLDivElement>, HTMLDivElement>, never>>'.
  Type '{ y: number[]; transition: { duration: number; repeat: number; ease: string; }; }' is not assignable to type 'StyledObject<FastOmit<DetailedHTMLProps<HTMLAttributes<HTMLDivElement>, HTMLDivElement>, never>>'.
    Types of property 'transition' are incompatible.
      Type '{ duration: number; repeat: number; ease: string; }' is not assignable to type 'Transition<string & {}> | undefined'.
        Type '{ duration: number; repeat: number; ease: string; }' is not assignable to type 'string & {}'.
          Type '{ duration: number; repeat: number; ease: string; }' is not assignable to type 'string'.
src/components/DashBoard/Pages/admin-exercises/components/ExerciseLibraryManager.tsx(987,7): error TS2769: No overload matches this call.
  Overload 1 of 2, '(props: PolymorphicComponentProps<"web", FastOmit<Omit<HTMLAttributesWithoutMotionProps<HTMLAttributes<HTMLDivElement>, HTMLDivElement> & MotionProps & RefAttributes<...>, "ref"> & { ...; }, never>, void, void, {}, {}>): Element', gave the following error.
    Type '{ initial: { opacity: number; y: number; scale: number; }; animate: { opacity: number; y: number; scale: number; }; exit: { opacity: number; y: number; scale: number; }; transition: { duration: number; ease: number[]; }; }' is not assignable to type 'Variants'.
      Property 'transition' is incompatible with index signature.
        Type '{ duration: number; ease: number[]; }' is not assignable to type 'Variant'.
  Overload 2 of 2, '(props: FastOmit<Omit<HTMLAttributesWithoutMotionProps<HTMLAttributes<HTMLDivElement>, HTMLDivElement> & MotionProps & RefAttributes<...>, "ref"> & { ...; }, never>): ReactNode', gave the following error.
    Type '{ initial: { opacity: number; y: number; scale: number; }; animate: { opacity: number; y: number; scale: number; }; exit: { opacity: number; y: number; scale: number; }; transition: { duration: number; ease: number[]; }; }' is not assignable to type 'Variants'.
      Property 'transition' is incompatible with index signature.
        Type '{ duration: number; ease: number[]; }' is not assignable to type 'Variant'.
src/components/DashBoard/Pages/admin-exercises/components/ExercisePreviewModal.tsx(33,3): error TS2614: Module '"../styles/gamificationAnimations"' has no exported member 'videoPreviewGlow'. Did you mean to use 'import videoPreviewGlow from "../styles/gamificationAnimations"' instead?
src/components/DashBoard/Pages/admin-exercises/components/ExerciseStatsPanel.tsx(852,7): error TS2769: No overload matches this call.
  Overload 1 of 2, '(props: PolymorphicComponentProps<"web", FastOmit<Omit<HTMLAttributesWithoutMotionProps<HTMLAttributes<HTMLDivElement>, HTMLDivElement> & MotionProps & RefAttributes<...>, "ref"> & { ...; }, never>, void, void, {}, {}>): Element', gave the following error.
    Type '{ initial: { opacity: number; y: number; scale: number; }; animate: { opacity: number; y: number; scale: number; }; exit: { opacity: number; y: number; scale: number; }; transition: { duration: number; ease: number[]; }; }' is not assignable to type 'Variants'.
      Property 'transition' is incompatible with index signature.
        Type '{ duration: number; ease: number[]; }' is not assignable to type 'Variant'.
  Overload 2 of 2, '(props: FastOmit<Omit<HTMLAttributesWithoutMotionProps<HTMLAttributes<HTMLDivElement>, HTMLDivElement> & MotionProps & RefAttributes<...>, "ref"> & { ...; }, never>): ReactNode', gave the following error.
    Type '{ initial: { opacity: number; y: number; scale: number; }; animate: { opacity: number; y: number; scale: number; }; exit: { opacity: number; y: number; scale: number; }; transition: { duration: number; ease: number[]; }; }' is not assignable to type 'Variants'.
      Property 'transition' is incompatible with index signature.
        Type '{ duration: number; ease: number[]; }' is not assignable to type 'Variant'.
src/components/DashBoard/Pages/admin-exercises/components/VideoUploadProcessor.tsx(650,9): error TS2769: No overload matches this call.
  Overload 1 of 2, '(props: PolymorphicComponentProps<"web", Substitute<Omit<HTMLAttributesWithoutMotionProps<HTMLAttributes<HTMLDivElement>, HTMLDivElement> & MotionProps & RefAttributes<...>, "ref"> & { ...; }, { ...; }>, void, void, {}, {}>): Element', gave the following error.
    Type '{ initial: { opacity: number; y: number; scale: number; }; animate: { opacity: number; y: number; scale: number; }; exit: { opacity: number; y: number; scale: number; }; transition: { duration: number; ease: number[]; }; }' is not assignable to type 'Variants'.
      Property 'transition' is incompatible with index signature.
        Type '{ duration: number; ease: number[]; }' is not assignable to type 'Variant'.
  Overload 2 of 2, '(props: Substitute<Omit<HTMLAttributesWithoutMotionProps<HTMLAttributes<HTMLDivElement>, HTMLDivElement> & MotionProps & RefAttributes<...>, "ref"> & { ...; }, { ...; }>): ReactNode', gave the following error.
    Type '{ initial: { opacity: number; y: number; scale: number; }; animate: { opacity: number; y: number; scale: number; }; exit: { opacity: number; y: number; scale: number; }; transition: { duration: number; ease: number[]; }; }' is not assignable to type 'Variants'.
      Property 'transition' is incompatible with index signature.
        Type '{ duration: number; ease: number[]; }' is not assignable to type 'Variant'.
src/components/DashBoard/Pages/admin-exercises/hooks/useExerciseGamification.ts(504,5): error TS2322: Type '(currentXP: number) => { level: number; currentLevelXP: number; nextLevelXP: number; }' is not assignable to type '(currentXP: number) => { level: number; requiredXP: number; }'.
  Property 'requiredXP' is missing in type '{ level: number; currentLevelXP: number; nextLevelXP: number; }' but required in type '{ level: number; requiredXP: number; }'.
src/components/DashBoard/Pages/admin-exercises/hooks/useNASMValidation.ts(99,5): error TS2322: Type '(data: ExerciseFormData) => { isValid: boolean | ""; score: number; message: string; suggestion: string; severity: "error" | "info"; }' is not assignable to type '(exerciseData: ExerciseFormData) => ValidationResult'.
  Call signature return types '{ isValid: boolean | ""; score: number; message: string; suggestion: string; severity: "error" | "info"; }' and 'ValidationResult' are incompatible.
    The types of 'isValid' are incompatible between these types.
      Type 'string | boolean' is not assignable to type 'boolean'.
        Type 'string' is not assignable to type 'boolean'.
src/components/DashBoard/Pages/admin-exercises/hooks/useNASMValidation.ts(119,5): error TS2322: Type '(data: ExerciseFormData) => { isValid: boolean | ""; score: number; message: string; suggestion: string; severity: "error" | "info"; }' is not assignable to type '(exerciseData: ExerciseFormData) => ValidationResult'.
  Call signature return types '{ isValid: boolean | ""; score: number; message: string; suggestion: string; severity: "error" | "info"; }' and 'ValidationResult' are incompatible.
    The types of 'isValid' are incompatible between these types.
      Type 'string | boolean' is not assignable to type 'boolean'.
        Type 'string' is not assignable to type 'boolean'.
src/components/DashBoard/Pages/admin-exercises/hooks/useNASMValidation.ts(508,31): error TS2304: Cannot find name 'testData'.
src/components/DashBoard/Pages/admin-exercises/hooks/useVideoUpload.ts(198,17): error TS2339: Property 'token' does not exist on type 'User'.
src/components/DashBoard/Pages/admin-exercises/hooks/useVideoUpload.ts(199,62): error TS2339: Property 'token' does not exist on type 'User'.
src/components/DashBoard/Pages/admin-gamification/components/EnhancedSystemAnalytics.tsx(923,11): error TS2322: Type 'string' is not assignable to type '"up" | "down"'.
src/components/DashBoard/Pages/admin-gamification/components/EnhancedSystemAnalytics.tsx(934,11): error TS2322: Type 'string' is not assignable to type '"up" | "down"'.
src/components/DashBoard/Pages/admin-gamification/components/EnhancedSystemAnalytics.tsx(945,11): error TS2322: Type 'string' is not assignable to type '"up" | "down"'.
src/components/DashBoard/Pages/admin-gamification/components/EnhancedSystemAnalytics.tsx(957,11): error TS2322: Type 'string' is not assignable to type '"up" | "down"'.
src/components/DashBoard/Pages/admin-gamification/components/EnhancedSystemAnalytics.tsx(1032,66): error TS18048: 'percent' is possibly 'undefined'.
src/components/DashBoard/Pages/admin-gamification/components/EnhancedSystemAnalytics.tsx(1104,64): error TS18048: 'percent' is possibly 'undefined'.
src/components/DashBoard/Pages/admin-gamification/components/EnhancedSystemAnalytics.tsx(1537,64): error TS18048: 'percent' is possibly 'undefined'.
src/components/DashBoard/Pages/admin-gamification/styled-gamification-system.ts(41,66): error TS2339: Property 'paper' does not exist on type '{}'.
src/components/DashBoard/Pages/admin-gamification/styled-gamification-system.ts(55,30): error TS2345: Argument of type '({ theme }: ExecutionContext & FastOmit<DetailedHTMLProps<HTMLAttributes<HTMLDivElement>, HTMLDivElement>, never>) => {}' is not assignable to parameter of type 'Interpolation<FastOmit<DetailedHTMLProps<HTMLAttributes<HTMLDivElement>, HTMLDivElement>, never>>'.
  Type '({ theme }: ExecutionContext & FastOmit<DetailedHTMLProps<HTMLAttributes<HTMLDivElement>, HTMLDivElement>, never>) => {}' is not assignable to type 'StyleFunction<FastOmit<DetailedHTMLProps<HTMLAttributes<HTMLDivElement>, HTMLDivElement>, never>>'.
    Type '{}' is not assignable to type 'Interpolation<FastOmit<DetailedHTMLProps<HTMLAttributes<HTMLDivElement>, HTMLDivElement>, never>>'.
src/components/DashBoard/Pages/admin-gamification/styled-gamification-system.ts(65,49): error TS2339: Property 'primary' does not exist on type '{}'.
src/components/DashBoard/Pages/admin-gamification/styled-gamification-system.ts(82,66): error TS2339: Property 'paper' does not exist on type '{}'.
src/components/DashBoard/Pages/admin-gamification/styled-gamification-system.ts(131,49): error TS2339: Property 'primary' does not exist on type '{}'.
src/components/DashBoard/Pages/admin-gamification/styled-gamification-system.ts(137,49): error TS2339: Property 'secondary' does not exist on type '{}'.
src/components/DashBoard/Pages/admin-gamification/styled-gamification-system.ts(144,52): error TS2339: Property 'main' does not exist on type '{}'.
src/components/DashBoard/Pages/admin-gamification/styled-gamification-system.ts(202,23): error TS2345: Argument of type '({ theme }: ExecutionContext & FastOmit<DetailedHTMLProps<HTMLAttributes<HTMLDivElement>, HTMLDivElement>, never>) => unknown' is not assignable to parameter of type 'Interpolation<FastOmit<DetailedHTMLProps<HTMLAttributes<HTMLDivElement>, HTMLDivElement>, never>>'.
  Type '({ theme }: ExecutionContext & FastOmit<DetailedHTMLProps<HTMLAttributes<HTMLDivElement>, HTMLDivElement>, never>) => unknown' is not assignable to type 'StyleFunction<FastOmit<DetailedHTMLProps<HTMLAttributes<HTMLDivElement>, HTMLDivElement>, never>>'.
    Type 'unknown' is not assignable to type 'Interpolation<FastOmit<DetailedHTMLProps<HTMLAttributes<HTMLDivElement>, HTMLDivElement>, never>>'.
src/components/DashBoard/Pages/admin-gamification/styled-gamification-system.ts(202,38): error TS18048: 'theme.palette' is possibly 'undefined'.
src/components/DashBoard/Pages/admin-gamification/styled-gamification-system.ts(211,14): error TS18048: 'theme.palette' is possibly 'undefined'.
src/components/DashBoard/Pages/admin-gamification/styled-gamification-system.ts(211,14): error TS18046: 'theme.palette.primary' is of type 'unknown'.
src/components/DashBoard/Pages/admin-gamification/styled-gamification-system.ts(212,14): error TS18048: 'theme.palette' is possibly 'undefined'.
src/components/DashBoard/Pages/admin-gamification/styled-gamification-system.ts(212,14): error TS18046: 'theme.palette.success' is of type 'unknown'.
src/components/DashBoard/Pages/admin-gamification/styled-gamification-system.ts(213,5): error TS18048: 'theme.palette' is possibly 'undefined'.
src/components/DashBoard/Pages/admin-gamification/styled-gamification-system.ts(213,5): error TS18046: 'theme.palette.background' is of type 'unknown'.
src/components/DashBoard/Pages/admin-gamification/styled-gamification-system.ts(216,34): error TS18048: 'theme.palette' is possibly 'undefined'.
src/components/DashBoard/Pages/admin-gamification/styled-gamification-system.ts(216,34): error TS18046: 'theme.palette.text' is of type 'unknown'.
src/components/DashBoard/Pages/admin-gamification/styled-gamification-system.ts(219,14): error TS18048: 'theme.palette' is possibly 'undefined'.
src/components/DashBoard/Pages/admin-gamification/styled-gamification-system.ts(219,14): error TS18046: 'theme.palette.primary' is of type 'unknown'.
src/components/DashBoard/Pages/admin-gamification/styled-gamification-system.ts(220,14): error TS18048: 'theme.palette' is possibly 'undefined'.
src/components/DashBoard/Pages/admin-gamification/styled-gamification-system.ts(220,14): error TS18046: 'theme.palette.success' is of type 'unknown'.
src/components/DashBoard/Pages/admin-gamification/styled-gamification-system.ts(221,5): error TS18048: 'theme.palette' is possibly 'undefined'.
src/components/DashBoard/Pages/admin-gamification/styled-gamification-system.ts(238,14): error TS18048: 'theme.palette' is possibly 'undefined'.
src/components/DashBoard/Pages/admin-gamification/styled-gamification-system.ts(238,14): error TS18046: 'theme.palette.primary' is of type 'unknown'.
src/components/DashBoard/Pages/admin-gamification/styled-gamification-system.ts(239,14): error TS18048: 'theme.palette' is possibly 'undefined'.
src/components/DashBoard/Pages/admin-gamification/styled-gamification-system.ts(239,14): error TS18046: 'theme.palette.success' is of type 'unknown'.
src/components/DashBoard/Pages/admin-gamification/styled-gamification-system.ts(240,5): error TS18048: 'theme.palette' is possibly 'undefined'.
src/components/DashBoard/Pages/admin-gamification/styled-gamification-system.ts(240,5): error TS18046: 'theme.palette.text' is of type 'unknown'.
src/components/DashBoard/Pages/admin-gamification/styled-gamification-system.ts(249,14): error TS18048: 'theme.palette' is possibly 'undefined'.
src/components/DashBoard/Pages/admin-gamification/styled-gamification-system.ts(249,14): error TS18046: 'theme.palette.primary' is of type 'unknown'.
src/components/DashBoard/Pages/admin-gamification/styled-gamification-system.ts(250,14): error TS18048: 'theme.palette' is possibly 'undefined'.
src/components/DashBoard/Pages/admin-gamification/styled-gamification-system.ts(250,14): error TS18046: 'theme.palette.success' is of type 'unknown'.
src/components/DashBoard/Pages/admin-gamification/styled-gamification-system.ts(251,5): error TS18048: 'theme.palette' is possibly 'undefined'.
src/components/DashBoard/Pages/admin-gamification/styled-gamification-system.ts(251,5): error TS18046: 'theme.palette.text' is of type 'unknown'.
src/components/DashBoard/Pages/admin-gamification/styled-gamification-system.ts(270,27): error TS18048: 'theme.palette' is possibly 'undefined'.
src/components/DashBoard/Pages/admin-gamification/styled-gamification-system.ts(270,27): error TS18046: 'theme.palette.text' is of type 'unknown'.
src/components/DashBoard/Pages/admin-gamification/styled-gamification-system.ts(276,27): error TS18048: 'theme.palette' is possibly 'undefined'.
src/components/DashBoard/Pages/admin-gamification/styled-gamification-system.ts(276,27): error TS18046: 'theme.palette.text' is of type 'unknown'.
src/components/DashBoard/Pages/admin-gamification/styled-gamification-system.ts(281,38): error TS18048: 'theme.palette' is possibly 'undefined'.
src/components/DashBoard/Pages/admin-gamification/styled-gamification-system.ts(281,38): error TS18046: 'theme.palette.background' is of type 'unknown'.
src/components/DashBoard/Pages/admin-gamification/styled-gamification-system.ts(290,50): error TS18048: 'props.theme.palette' is possibly 'undefined'.
src/components/DashBoard/Pages/admin-gamification/styled-gamification-system.ts(290,50): error TS18046: 'props.theme.palette.primary' is of type 'unknown'.
src/components/DashBoard/Pages/admin-gamification/styled-gamification-system.ts(306,66): error TS2339: Property 'paper' does not exist on type '{}'.
src/components/DashBoard/Pages/admin-gamification/styled-gamification-system.ts(364,49): error TS2339: Property 'primary' does not exist on type '{}'.
src/components/DashBoard/Pages/admin-gamification/styled-gamification-system.ts(370,49): error TS2339: Property 'secondary' does not exist on type '{}'.
src/components/DashBoard/Pages/admin-gamification/styled-gamification-system.ts(380,27): error TS2345: Argument of type '({ theme }: ExecutionContext & FastOmit<DetailedHTMLProps<HTMLAttributes<HTMLDivElement>, HTMLDivElement>, never>) => {}' is not assignable to parameter of type 'Interpolation<FastOmit<DetailedHTMLProps<HTMLAttributes<HTMLDivElement>, HTMLDivElement>, never>>'.
  Type '({ theme }: ExecutionContext & FastOmit<DetailedHTMLProps<HTMLAttributes<HTMLDivElement>, HTMLDivElement>, never>) => {}' is not assignable to type 'StyleFunction<FastOmit<DetailedHTMLProps<HTMLAttributes<HTMLDivElement>, HTMLDivElement>, never>>'.
    Type '{}' is not assignable to type 'Interpolation<FastOmit<DetailedHTMLProps<HTMLAttributes<HTMLDivElement>, HTMLDivElement>, never>>'.
src/components/DashBoard/Pages/admin-orientation/AdminOrientation.tsx(644,67): error TS2345: Argument of type '({ id: number; fullName: string; email: string; phone: string; status: string; submittedAt: string; assignedTrainer: null; healthInfo: string; trainingGoals: string; experienceLevel: string; waiverInitials: string; source: string; scheduledDate?: undefined; completedDate?: undefined; } | { ...; } | { ...; })[]' is not assignable to parameter of type 'Orientation[] | (() => Orientation[])'.
  Type '({ id: number; fullName: string; email: string; phone: string; status: string; submittedAt: string; assignedTrainer: null; healthInfo: string; trainingGoals: string; experienceLevel: string; waiverInitials: string; source: string; scheduledDate?: undefined; completedDate?: undefined; } | { ...; } | { ...; })[]' is not assignable to type 'Orientation[]'.
    Type '{ id: number; fullName: string; email: string; phone: string; status: string; submittedAt: string; assignedTrainer: null; healthInfo: string; trainingGoals: string; experienceLevel: string; waiverInitials: string; source: string; scheduledDate?: undefined; completedDate?: undefined; } | { ...; } | { ...; }' is not assignable to type 'Orientation'.
      Type '{ id: number; fullName: string; email: string; phone: string; status: string; submittedAt: string; assignedTrainer: null; healthInfo: string; trainingGoals: string; experienceLevel: string; waiverInitials: string; source: string; scheduledDate?: undefined; completedDate?: undefined; }' is not assignable to type 'Orientation'.
        Types of property 'status' are incompatible.
          Type 'string' is not assignable to type '"pending" | "completed" | "cancelled" | "scheduled"'.
src/components/DashBoard/Pages/admin-sessions/admin-sessions-view.tsx(8,24): error TS2307: Cannot find module '../../../Button/glowButton' or its corresponding type declarations.
src/components/DashBoard/Pages/admin-sessions/admin-sessions-view.tsx(986,29): error TS2345: Argument of type 'Session' is not assignable to parameter of type 'Session'.
  Type 'Session' is missing the following properties from type 'Session': userId, trainerId
src/components/DashBoard/Pages/admin-sessions/CreateSessionModal.tsx(16,24): error TS2307: Cannot find module '../../../Button/glowButton' or its corresponding type declarations.
src/components/DashBoard/Pages/admin-sessions/EditSessionModal.tsx(17,24): error TS2307: Cannot find module '../../../Button/glowButton' or its corresponding type declarations.
src/components/DashBoard/Pages/admin-sessions/enhanced-admin-sessions-view.tsx(786,21): error TS2345: Argument of type 'Session[]' is not assignable to parameter of type 'SetStateAction<Session[]>'.
  Type 'import("C:/Users/BigotSmasher/Desktop/quick-pt/SS-PT/frontend/src/services/session-service").Session[]' is not assignable to type 'Session[]'.
    Type 'import("C:/Users/BigotSmasher/Desktop/quick-pt/SS-PT/frontend/src/services/session-service").Session' is not assignable to type 'Session'.
      Types of property 'location' are incompatible.
        Type 'string | null' is not assignable to type 'string | undefined'.
          Type 'null' is not assignable to type 'string | undefined'.
src/components/DashBoard/Pages/admin-sessions/enhanced-admin-sessions-view.tsx(923,23): error TS2339: Property 'type' does not exist on type 'never'.
src/components/DashBoard/Pages/admin-sessions/enhanced-admin-sessions-view.tsx(924,24): error TS2339: Property 'type' does not exist on type 'never'.
src/components/DashBoard/Pages/admin-sessions/enhanced-admin-sessions-view.tsx(924,67): error TS2339: Property 'data' does not exist on type 'never'.
src/components/DashBoard/Pages/admin-sessions/enhanced-admin-sessions-view.tsx(927,39): error TS2339: Property 'data' does not exist on type 'never'.
src/components/DashBoard/Pages/admin-sessions/enhanced-admin-sessions-view.tsx(927,78): error TS2339: Property 'data' does not exist on type 'never'.
src/components/DashBoard/Pages/admin-sessions/enhanced-admin-sessions-view.tsx(1236,37): error TS2339: Property 'session' does not exist on type '{ sessionService: SessionService; yoloAnalysis: { startAnalysisSession: (userId: string, exerciseName?: string | undefined) => Promise<AnalysisSessionResponse>; ... 6 more ...; extractExerciseName: (title: string) => string; }; }'.
src/components/DashBoard/Pages/admin-sessions/enhanced-admin-sessions-view.tsx(1386,42): error TS2339: Property 'session' does not exist on type '{ sessionService: SessionService; yoloAnalysis: { startAnalysisSession: (userId: string, exerciseName?: string | undefined) => Promise<AnalysisSessionResponse>; ... 6 more ...; extractExerciseName: (title: string) => string; }; }'.
src/components/DashBoard/Pages/admin-sessions/enhanced-admin-sessions-view.tsx(2673,21): error TS2322: Type '"cyan"' is not assignable to type 'GlowButtonColorScheme | undefined'.
src/components/DashBoard/Pages/admin-sessions/enhanced-admin-sessions-view.tsx(2676,21): error TS2322: Type '"outline" | "solid"' is not assignable to type 'GlowButtonColorScheme | undefined'.
  Type '"outline"' is not assignable to type 'GlowButtonColorScheme | undefined'.
src/components/DashBoard/Pages/admin-sessions/enhanced-admin-sessions-view.tsx(2686,21): error TS2322: Type '"outline" | "solid"' is not assignable to type 'GlowButtonColorScheme | undefined'.
  Type '"outline"' is not assignable to type 'GlowButtonColorScheme | undefined'.
src/components/DashBoard/Pages/admin-sessions/enhanced-admin-sessions-view.tsx(2724,15): error TS2322: Type '"red"' is not assignable to type 'GlowButtonColorScheme | undefined'.
src/components/DashBoard/Pages/admin-sessions/enhanced-admin-sessions-view.tsx(2729,59): error TS2367: This comparison appears to be unintentional because the types '"completed" | "cancelled" | "scheduled" | "available" | "requested" | "confirmed"' and '"assigned"' have no overlap.
src/components/DashBoard/Pages/admin-sessions/optimized/AdminSessionsCalendar.tsx(27,10): error TS2307: Cannot find module '../../../Schedule/ScheduleErrorBoundary' or its corresponding type declarations.
src/components/DashBoard/Pages/admin-sessions/optimized/AdminSessionsCalendar.tsx(30,10): error TS2307: Cannot find module '../../../Schedule/ScheduleInitializer' or its corresponding type declarations.
src/components/DashBoard/Pages/admin-sessions/optimized/AdminSessionsCalendar.tsx(33,10): error TS2307: Cannot find module '../../../Schedule/schedule' or its corresponding type declarations.
src/components/DashBoard/Pages/admin-sessions/optimized/AdminSessionsCalendar.tsx(464,30): error TS7031: Binding element 'start' implicitly has an 'any' type.
src/components/DashBoard/Pages/admin-sessions/optimized/AdminSessionsCalendar.tsx(464,37): error TS7031: Binding element 'end' implicitly has an 'any' type.
src/components/DashBoard/Pages/admin-sessions/optimized/AdminSessionsCalendar.tsx(464,44): error TS7006: Parameter 'culture' implicitly has an 'any' type.
src/components/DashBoard/Pages/admin-sessions/optimized/AdminSessionsCalendar.tsx(464,53): error TS7006: Parameter 'localizer' implicitly has an 'any' type.
src/components/DashBoard/Pages/admin-sessions/optimized/AdminSessionsTable.tsx(411,25): error TS2322: Type 'Client | null | undefined' is not assignable to type 'Client | null'.
  Type 'undefined' is not assignable to type 'Client | null'.
src/components/DashBoard/Pages/admin-sessions/optimized/AdminSessionsTable.tsx(420,25): error TS2322: Type 'Trainer | null | undefined' is not assignable to type 'Trainer | null'.
  Type 'undefined' is not assignable to type 'Trainer | null'.
src/components/DashBoard/Pages/admin-sessions/optimized/EnhancedAdminSessionsView-optimized.tsx(28,25): error TS2307: Cannot find module '../../../../context/AuthContext' or its corresponding type declarations.
src/components/DashBoard/Pages/admin-sessions/optimized/EnhancedAdminSessionsView-optimized.tsx(29,26): error TS2307: Cannot find module '../../../../hooks/use-toast' or its corresponding type declarations.
src/components/DashBoard/Pages/admin-sessions/optimized/EnhancedAdminSessionsView-optimized.tsx(30,27): error TS2307: Cannot find module '../../../../hooks/use-socket' or its corresponding type declarations.
src/components/DashBoard/Pages/admin-sessions/optimized/EnhancedAdminSessionsView-optimized.tsx(31,22): error TS2307: Cannot find module '../../../../services/index' or its corresponding type declarations.
src/components/DashBoard/Pages/admin-sessions/optimized/EnhancedAdminSessionsView-optimized.tsx(32,24): error TS2307: Cannot find module '../../../../services/api.service' or its corresponding type declarations.
src/components/DashBoard/Pages/admin-sessions/PurchaseCreditsModal.tsx(16,24): error TS2307: Cannot find module '../../../Button/glowButton' or its corresponding type declarations.
src/components/DashBoard/Pages/admin-sessions/session-test-controls.tsx(350,37): error TS2339: Property 'session' does not exist on type '{ clientProgress: ClientProgressServiceInterface; exercise: ExerciseServiceInterface; adminClient: AdminClientServiceInterface; }'.
src/components/DashBoard/Pages/admin-sessions/session-test-controls.tsx(388,37): error TS2339: Property 'session' does not exist on type '{ clientProgress: ClientProgressServiceInterface; exercise: ExerciseServiceInterface; adminClient: AdminClientServiceInterface; }'.
src/components/DashBoard/Pages/admin-sessions/ViewSessionModal.tsx(14,24): error TS2307: Cannot find module '../../../Button/glowButton' or its corresponding type declarations.
src/components/DashBoard/Pages/admin-video-studio/VideoDetailView.tsx(120,18): error TS2345: Argument of type '(prev: VideoDetail | null) => { title: string; description: string; visibility: string; contentType: string; status: string; id: string; source: "upload" | "youtube"; thumbnailUrl: string | null; ... 7 more ...; updatedAt: string; } | null' is not assignable to parameter of type 'SetStateAction<VideoDetail | null>'.
  Type '(prev: VideoDetail | null) => { title: string; description: string; visibility: string; contentType: string; status: string; id: string; source: "upload" | "youtube"; thumbnailUrl: string | null; ... 7 more ...; updatedAt: string; } | null' is not assignable to type '(prevState: VideoDetail | null) => VideoDetail | null'.
    Type '{ title: string; description: string; visibility: string; contentType: string; status: string; id: string; source: "upload" | "youtube"; thumbnailUrl: string | null; signedThumbnailUrl?: string | undefined; ... 6 more ...; updatedAt: string; } | null' is not assignable to type 'VideoDetail | null'.
      Type '{ title: string; description: string; visibility: string; contentType: string; status: string; id: string; source: "upload" | "youtube"; thumbnailUrl: string | null; signedThumbnailUrl?: string; ... 6 more ...; updatedAt: string; }' is not assignable to type 'VideoDetail'.
        Types of property 'status' are incompatible.
          Type 'string' is not assignable to type '"archived" | "draft" | "published"'.
src/components/DashBoard/Pages/client-dashboard/client-dashboard-view.tsx(65,11): error TS2322: Type '{ text: string; icon: Element; theme: "purple"; onClick: () => void; }' is not assignable to type 'IntrinsicAttributes & GlowButtonProps'.
  Property 'icon' does not exist on type 'IntrinsicAttributes & GlowButtonProps'.
src/components/DashBoard/Pages/client-dashboard/client-dashboard-view.V2.tsx(49,10): error TS2614: Module '"../../../ui-kit/EmptyState"' has no exported member 'EmptyState'. Did you mean to use 'import EmptyState from "../../../ui-kit/EmptyState"' instead?
src/components/DashBoard/Pages/client-dashboard/client-dashboard-view.V2.tsx(381,26): error TS2769: No overload matches this call.
  Overload 1 of 2, '(props: PolymorphicComponentProps<"web", Substitute<DetailedHTMLProps<HTMLAttributes<HTMLDivElement>, HTMLDivElement>, { $level: number; }>, void, void, {}, {}>): Element', gave the following error.
    Property '$level' is missing in type '{ children: Element; }' but required in type 'FastOmit<Substitute<Substitute<DetailedHTMLProps<HTMLAttributes<HTMLDivElement>, HTMLDivElement>, { $level: number; }>, FastOmit<...>>, keyof ExecutionProps>'.
  Overload 2 of 2, '(props: Substitute<DetailedHTMLProps<HTMLAttributes<HTMLDivElement>, HTMLDivElement>, { $level: number; }>): ReactNode', gave the following error.
    Property '$level' is missing in type '{ children: Element; }' but required in type '{ $level: number; }'.
src/components/DashBoard/Pages/client-dashboard/ClientStellarSidebar.tsx(70,27): error TS2339: Property 'isCollapsed' does not exist on type 'ExecutionContext & FastOmit<Omit<HTMLAttributesWithoutMotionProps<HTMLAttributes<HTMLElement>, HTMLElement> & MotionProps & RefAttributes<...>, "ref"> & { ...; }, never>'.
src/components/DashBoard/Pages/client-dashboard/ClientStellarSidebar.tsx(71,17): error TS2345: Argument of type '(props: ExecutionContext & FastOmit<Omit<HTMLAttributesWithoutMotionProps<HTMLAttributes<HTMLElement>, HTMLElement> & MotionProps & RefAttributes<...>, "ref"> & { ...; }, never>) => unknown' is not assignable to parameter of type 'Interpolation<FastOmit<Omit<HTMLAttributesWithoutMotionProps<HTMLAttributes<HTMLElement>, HTMLElement> & MotionProps & RefAttributes<...>, "ref"> & { ...; }, never>>'.
  Type '(props: ExecutionContext & FastOmit<Omit<HTMLAttributesWithoutMotionProps<HTMLAttributes<HTMLElement>, HTMLElement> & MotionProps & RefAttributes<...>, "ref"> & { ...; }, never>) => unknown' is not assignable to type 'StyleFunction<FastOmit<Omit<HTMLAttributesWithoutMotionProps<HTMLAttributes<HTMLElement>, HTMLElement> & MotionProps & RefAttributes<...>, "ref"> & { ...; }, never>>'.
    Type 'unknown' is not assignable to type 'Interpolation<FastOmit<Omit<HTMLAttributesWithoutMotionProps<HTMLAttributes<HTMLElement>, HTMLElement> & MotionProps & RefAttributes<...>, "ref"> & { ...; }, never>>'.
src/components/DashBoard/Pages/client-dashboard/ClientStellarSidebar.tsx(71,26): error TS18048: 'props.theme.gradients' is possibly 'undefined'.
src/components/DashBoard/Pages/client-dashboard/ClientStellarSidebar.tsx(103,44): error TS2339: Property 'isMobileOpen' does not exist on type 'ExecutionContext & FastOmit<Omit<HTMLAttributesWithoutMotionProps<HTMLAttributes<HTMLElement>, HTMLElement> & MotionProps & RefAttributes<...>, "ref"> & { ...; }, never>'.
src/components/DashBoard/Pages/client-dashboard/ClientStellarSidebar.tsx(124,21): error TS2345: Argument of type '(props: ExecutionContext & FastOmit<Omit<HTMLAttributesWithoutMotionProps<HTMLAttributes<HTMLDivElement>, HTMLDivElement> & MotionProps & RefAttributes<...>, "ref"> & { ...; }, never>) => unknown' is not assignable to parameter of type 'Interpolation<FastOmit<Omit<HTMLAttributesWithoutMotionProps<HTMLAttributes<HTMLDivElement>, HTMLDivElement> & MotionProps & RefAttributes<...>, "ref"> & { ...; }, never>>'.
  Type '(props: ExecutionContext & FastOmit<Omit<HTMLAttributesWithoutMotionProps<HTMLAttributes<HTMLDivElement>, HTMLDivElement> & MotionProps & RefAttributes<...>, "ref"> & { ...; }, never>) => unknown' is not assignable to type 'StyleFunction<FastOmit<Omit<HTMLAttributesWithoutMotionProps<HTMLAttributes<HTMLDivElement>, HTMLDivElement> & MotionProps & RefAttributes<...>, "ref"> & { ...; }, never>>'.
    Type 'unknown' is not assignable to type 'Interpolation<FastOmit<Omit<HTMLAttributesWithoutMotionProps<HTMLAttributes<HTMLDivElement>, HTMLDivElement> & MotionProps & RefAttributes<...>, "ref"> & { ...; }, never>>'.
src/components/DashBoard/Pages/client-dashboard/ClientStellarSidebar.tsx(124,30): error TS18048: 'props.theme.gradients' is possibly 'undefined'.
src/components/DashBoard/Pages/client-dashboard/ClientStellarSidebar.tsx(129,25): error TS18048: 'props.theme.colors' is possibly 'undefined'.
src/components/DashBoard/Pages/client-dashboard/ClientStellarSidebar.tsx(130,30): error TS18048: 'props.theme.shadows' is possibly 'undefined'.
src/components/DashBoard/Pages/client-dashboard/ClientStellarSidebar.tsx(130,50): error TS2339: Property 'stellarGlow' does not exist on type 'string[] | Record<string, unknown>'.
  Property 'stellarGlow' does not exist on type 'string[]'.
src/components/DashBoard/Pages/client-dashboard/ClientStellarSidebar.tsx(134,33): error TS2339: Property 'isCollapsed' does not exist on type 'ExecutionContext & FastOmit<Omit<HTMLAttributesWithoutMotionProps<HTMLAttributes<HTMLDivElement>, HTMLDivElement> & MotionProps & RefAttributes<...>, "ref"> & { ...; }, never>'.
src/components/DashBoard/Pages/client-dashboard/ClientStellarSidebar.tsx(140,32): error TS18048: 'props.theme.gradients' is possibly 'undefined'.
src/components/DashBoard/Pages/client-dashboard/ClientStellarSidebar.tsx(162,28): error TS18048: 'props.theme.gradients' is possibly 'undefined'.
src/components/DashBoard/Pages/client-dashboard/ClientStellarSidebar.tsx(169,23): error TS18048: 'props.theme.colors' is possibly 'undefined'.
src/components/DashBoard/Pages/client-dashboard/ClientStellarSidebar.tsx(173,30): error TS18048: 'props.theme.shadows' is possibly 'undefined'.
src/components/DashBoard/Pages/client-dashboard/ClientStellarSidebar.tsx(173,50): error TS2339: Property 'stellarGlow' does not exist on type 'string[] | Record<string, unknown>'.
  Property 'stellarGlow' does not exist on type 'string[]'.
src/components/DashBoard/Pages/client-dashboard/ClientStellarSidebar.tsx(200,33): error TS2339: Property 'isCollapsed' does not exist on type 'ExecutionContext & FastOmit<Omit<HTMLAttributesWithoutMotionProps<HTMLAttributes<HTMLElement>, HTMLElement> & MotionProps & RefAttributes<...>, "ref"> & { ...; }, never>'.
src/components/DashBoard/Pages/client-dashboard/ClientStellarSidebar.tsx(223,32): error TS2339: Property 'isActive' does not exist on type 'ExecutionContext & FastOmit<Omit<HTMLAttributesWithoutMotionProps<HTMLAttributes<HTMLDivElement>, HTMLDivElement> & MotionProps & RefAttributes<...>, "ref"> & { ...; }, never>'.
src/components/DashBoard/Pages/client-dashboard/ClientStellarSidebar.tsx(228,38): error TS2339: Property 'isActive' does not exist on type 'ExecutionContext & FastOmit<Omit<HTMLAttributesWithoutMotionProps<HTMLAttributes<HTMLDivElement>, HTMLDivElement> & MotionProps & RefAttributes<...>, "ref"> & { ...; }, never>'.
src/components/DashBoard/Pages/client-dashboard/ClientStellarSidebar.tsx(239,16): error TS2345: Argument of type '(props: ExecutionContext & FastOmit<Omit<HTMLAttributesWithoutMotionProps<HTMLAttributes<HTMLDivElement>, HTMLDivElement> & MotionProps & RefAttributes<...>, "ref"> & { ...; }, never>) => unknown' is not assignable to parameter of type 'Interpolation<FastOmit<Omit<HTMLAttributesWithoutMotionProps<HTMLAttributes<HTMLDivElement>, HTMLDivElement> & MotionProps & RefAttributes<...>, "ref"> & { ...; }, never>>'.
  Type '(props: ExecutionContext & FastOmit<Omit<HTMLAttributesWithoutMotionProps<HTMLAttributes<HTMLDivElement>, HTMLDivElement> & MotionProps & RefAttributes<...>, "ref"> & { ...; }, never>) => unknown' is not assignable to type 'StyleFunction<FastOmit<Omit<HTMLAttributesWithoutMotionProps<HTMLAttributes<HTMLDivElement>, HTMLDivElement> & MotionProps & RefAttributes<...>, "ref"> & { ...; }, never>>'.
    Type 'unknown' is not assignable to type 'Interpolation<FastOmit<Omit<HTMLAttributesWithoutMotionProps<HTMLAttributes<HTMLDivElement>, HTMLDivElement> & MotionProps & RefAttributes<...>, "ref"> & { ...; }, never>>'.
src/components/DashBoard/Pages/client-dashboard/ClientStellarSidebar.tsx(239,25): error TS18048: 'props.theme.colors' is possibly 'undefined'.
src/components/DashBoard/Pages/client-dashboard/ClientStellarSidebar.tsx(248,29): error TS2339: Property 'isActive' does not exist on type 'ExecutionContext & FastOmit<Omit<HTMLAttributesWithoutMotionProps<HTMLAttributes<HTMLDivElement>, HTMLDivElement> & MotionProps & RefAttributes<...>, "ref"> & { ...; }, never>'.
src/components/DashBoard/Pages/client-dashboard/ClientStellarSidebar.tsx(249,7): error TS18048: 'props.theme.colors' is possibly 'undefined'.
src/components/DashBoard/Pages/client-dashboard/ClientStellarSidebar.tsx(258,29): error TS2339: Property 'isActive' does not exist on type 'ExecutionContext & FastOmit<Omit<HTMLAttributesWithoutMotionProps<HTMLAttributes<HTMLDivElement>, HTMLDivElement> & MotionProps & RefAttributes<...>, "ref"> & { ...; }, never>'.
src/components/DashBoard/Pages/client-dashboard/ClientStellarSidebar.tsx(259,7): error TS18048: 'props.theme.colors' is possibly 'undefined'.
src/components/DashBoard/Pages/client-dashboard/ClientStellarSidebar.tsx(262,35): error TS2339: Property 'isActive' does not exist on type 'ExecutionContext & FastOmit<Omit<HTMLAttributesWithoutMotionProps<HTMLAttributes<HTMLDivElement>, HTMLDivElement> & MotionProps & RefAttributes<...>, "ref"> & { ...; }, never>'.
src/components/DashBoard/Pages/client-dashboard/ClientStellarSidebar.tsx(264,31): error TS2339: Property 'isCollapsed' does not exist on type 'ExecutionContext & FastOmit<Omit<HTMLAttributesWithoutMotionProps<HTMLAttributes<HTMLDivElement>, HTMLDivElement> & MotionProps & RefAttributes<...>, "ref"> & { ...; }, never>'.
src/components/DashBoard/Pages/client-dashboard/ClientStellarSidebar.tsx(274,23): error TS18048: 'props.theme.colors' is possibly 'undefined'.
src/components/DashBoard/Pages/client-dashboard/ClientStellarSidebar.tsx(284,28): error TS18048: 'props.theme.shadows' is possibly 'undefined'.
src/components/DashBoard/Pages/client-dashboard/ClientStellarSidebar.tsx(284,48): error TS2339: Property 'stellarGlow' does not exist on type 'string[] | Record<string, unknown>'.
  Property 'stellarGlow' does not exist on type 'string[]'.
src/components/DashBoard/Pages/client-dashboard/ClientStellarSidebar.tsx(285,31): error TS2339: Property 'isCollapsed' does not exist on type 'ExecutionContext & FastOmit<Omit<HTMLAttributesWithoutMotionProps<HTMLAttributes<HTMLDivElement>, HTMLDivElement> & MotionProps & RefAttributes<...>, "ref"> & { ...; }, never>'.
src/components/DashBoard/Pages/client-dashboard/ClientStellarSidebar.tsx(303,31): error TS2339: Property 'isCollapsed' does not exist on type 'ExecutionContext & FastOmit<Omit<HTMLAttributesWithoutMotionProps<HTMLAttributes<HTMLDivElement>, HTMLDivElement> & MotionProps & RefAttributes<...>, "ref"> & { ...; }, never>'.
src/components/DashBoard/Pages/client-dashboard/ClientStellarSidebar.tsx(311,31): error TS2339: Property 'isCollapsed' does not exist on type 'ExecutionContext & FastOmit<Omit<HTMLAttributesWithoutMotionProps<HTMLAttributes<HTMLDivElement>, HTMLDivElement> & MotionProps & RefAttributes<...>, "ref"> & { ...; }, never>'.
src/components/DashBoard/Pages/client-dashboard/ClientStellarSidebar.tsx(467,9): error TS2769: No overload matches this call.
  Overload 1 of 2, '(props: PolymorphicComponentProps<"web", FastOmit<Omit<HTMLAttributesWithoutMotionProps<HTMLAttributes<HTMLElement>, HTMLElement> & MotionProps & RefAttributes<...>, "ref"> & { ...; }, never>, void, void, {}, {}>): Element', gave the following error.
    Type '{ children: Element[]; isCollapsed: boolean; isMobileOpen: boolean; initial: string; animate: string; variants: { hidden: { opacity: number; x: number; }; visible: { opacity: number; x: number; transition: { ...; }; }; }; }' is not assignable to type 'IntrinsicAttributes & FastOmit<Substitute<FastOmit<Omit<HTMLAttributesWithoutMotionProps<HTMLAttributes<HTMLElement>, HTMLElement> & MotionProps & RefAttributes<...>, "ref"> & { ...; }, never>, FastOmit<...>>, keyof ExecutionProps> & FastOmit<...> & { ...; }'.
      Property 'isCollapsed' does not exist on type 'IntrinsicAttributes & FastOmit<Substitute<FastOmit<Omit<HTMLAttributesWithoutMotionProps<HTMLAttributes<HTMLElement>, HTMLElement> & MotionProps & RefAttributes<...>, "ref"> & { ...; }, never>, FastOmit<...>>, keyof ExecutionProps> & FastOmit<...> & { ...; }'.
  Overload 2 of 2, '(props: FastOmit<Omit<HTMLAttributesWithoutMotionProps<HTMLAttributes<HTMLElement>, HTMLElement> & MotionProps & RefAttributes<...>, "ref"> & { ...; }, never>): ReactNode', gave the following error.
    Type '{ children: Element[]; isCollapsed: boolean; isMobileOpen: boolean; initial: string; animate: string; variants: { hidden: { opacity: number; x: number; }; visible: { opacity: number; x: number; transition: { ...; }; }; }; }' is not assignable to type 'IntrinsicAttributes & FastOmit<Omit<HTMLAttributesWithoutMotionProps<HTMLAttributes<HTMLElement>, HTMLElement> & MotionProps & RefAttributes<...>, "ref"> & { ...; }, never>'.
      Property 'isCollapsed' does not exist on type 'IntrinsicAttributes & FastOmit<Omit<HTMLAttributesWithoutMotionProps<HTMLAttributes<HTMLElement>, HTMLElement> & MotionProps & RefAttributes<...>, "ref"> & { ...; }, never>'.
src/components/DashBoard/Pages/client-dashboard/ClientStellarSidebar.tsx(474,30): error TS2769: No overload matches this call.
  Overload 1 of 2, '(props: PolymorphicComponentProps<"web", FastOmit<Omit<HTMLAttributesWithoutMotionProps<HTMLAttributes<HTMLDivElement>, HTMLDivElement> & MotionProps & RefAttributes<...>, "ref"> & { ...; }, never>, void, void, {}, {}>): Element', gave the following error.
    Type '{ children: (false | Element | undefined)[]; isCollapsed: boolean; }' is not assignable to type 'IntrinsicAttributes & FastOmit<Substitute<FastOmit<Omit<HTMLAttributesWithoutMotionProps<HTMLAttributes<HTMLDivElement>, HTMLDivElement> & MotionProps & RefAttributes<...>, "ref"> & { ...; }, never>, FastOmit<...>>, keyof ExecutionProps> & FastOmit<...> & { ...; }'.
      Property 'isCollapsed' does not exist on type 'IntrinsicAttributes & FastOmit<Substitute<FastOmit<Omit<HTMLAttributesWithoutMotionProps<HTMLAttributes<HTMLDivElement>, HTMLDivElement> & MotionProps & RefAttributes<...>, "ref"> & { ...; }, never>, FastOmit<...>>, keyof ExecutionProps> & FastOmit<...> & { ...; }'.
  Overload 2 of 2, '(props: FastOmit<Omit<HTMLAttributesWithoutMotionProps<HTMLAttributes<HTMLDivElement>, HTMLDivElement> & MotionProps & RefAttributes<...>, "ref"> & { ...; }, never>): ReactNode', gave the following error.
    Type '{ children: (false | Element | undefined)[]; isCollapsed: boolean; }' is not assignable to type 'IntrinsicAttributes & FastOmit<Omit<HTMLAttributesWithoutMotionProps<HTMLAttributes<HTMLDivElement>, HTMLDivElement> & MotionProps & RefAttributes<...>, "ref"> & { ...; }, never>'.
      Property 'isCollapsed' does not exist on type 'IntrinsicAttributes & FastOmit<Omit<HTMLAttributesWithoutMotionProps<HTMLAttributes<HTMLDivElement>, HTMLDivElement> & MotionProps & RefAttributes<...>, "ref"> & { ...; }, never>'.
src/components/DashBoard/Pages/client-dashboard/ClientStellarSidebar.tsx(504,34): error TS2769: No overload matches this call.
  Overload 1 of 2, '(props: PolymorphicComponentProps<"web", FastOmit<Omit<HTMLAttributesWithoutMotionProps<HTMLAttributes<HTMLElement>, HTMLElement> & MotionProps & RefAttributes<...>, "ref"> & { ...; }, never>, void, void, {}, {}>): Element', gave the following error.
    Type '{ children: Element; isCollapsed: boolean; }' is not assignable to type 'IntrinsicAttributes & FastOmit<Substitute<FastOmit<Omit<HTMLAttributesWithoutMotionProps<HTMLAttributes<HTMLElement>, HTMLElement> & MotionProps & RefAttributes<...>, "ref"> & { ...; }, never>, FastOmit<...>>, keyof ExecutionProps> & FastOmit<...> & { ...; }'.
      Property 'isCollapsed' does not exist on type 'IntrinsicAttributes & FastOmit<Substitute<FastOmit<Omit<HTMLAttributesWithoutMotionProps<HTMLAttributes<HTMLElement>, HTMLElement> & MotionProps & RefAttributes<...>, "ref"> & { ...; }, never>, FastOmit<...>>, keyof ExecutionProps> & FastOmit<...> & { ...; }'.
  Overload 2 of 2, '(props: FastOmit<Omit<HTMLAttributesWithoutMotionProps<HTMLAttributes<HTMLElement>, HTMLElement> & MotionProps & RefAttributes<...>, "ref"> & { ...; }, never>): ReactNode', gave the following error.
    Type '{ children: Element; isCollapsed: boolean; }' is not assignable to type 'IntrinsicAttributes & FastOmit<Omit<HTMLAttributesWithoutMotionProps<HTMLAttributes<HTMLElement>, HTMLElement> & MotionProps & RefAttributes<...>, "ref"> & { ...; }, never>'.
      Property 'isCollapsed' does not exist on type 'IntrinsicAttributes & FastOmit<Omit<HTMLAttributesWithoutMotionProps<HTMLAttributes<HTMLElement>, HTMLElement> & MotionProps & RefAttributes<...>, "ref"> & { ...; }, never>'.
src/components/DashBoard/Pages/client-dashboard/ClientStellarSidebar.tsx(517,25): error TS2769: No overload matches this call.
  Overload 1 of 2, '(props: PolymorphicComponentProps<"web", FastOmit<Omit<HTMLAttributesWithoutMotionProps<HTMLAttributes<HTMLDivElement>, HTMLDivElement> & MotionProps & RefAttributes<...>, "ref"> & { ...; }, never>, void, void, {}, {}>): Element', gave the following error.
    Type '{ children: Element[]; key: string; isActive: boolean; isCollapsed: boolean; onClick: () => void; onKeyDown: (e: KeyboardEvent<HTMLDivElement>) => void; ... 5 more ...; tabIndex: number; }' is not assignable to type 'IntrinsicAttributes & FastOmit<Substitute<FastOmit<Omit<HTMLAttributesWithoutMotionProps<HTMLAttributes<HTMLDivElement>, HTMLDivElement> & MotionProps & RefAttributes<...>, "ref"> & { ...; }, never>, FastOmit<...>>, keyof ExecutionProps> & FastOmit<...> & { ...; }'.
      Property 'isActive' does not exist on type 'IntrinsicAttributes & FastOmit<Substitute<FastOmit<Omit<HTMLAttributesWithoutMotionProps<HTMLAttributes<HTMLDivElement>, HTMLDivElement> & MotionProps & RefAttributes<...>, "ref"> & { ...; }, never>, FastOmit<...>>, keyof ExecutionProps> & FastOmit<...> & { ...; }'.
  Overload 2 of 2, '(props: FastOmit<Omit<HTMLAttributesWithoutMotionProps<HTMLAttributes<HTMLDivElement>, HTMLDivElement> & MotionProps & RefAttributes<...>, "ref"> & { ...; }, never>): ReactNode', gave the following error.
    Type '{ children: Element[]; key: string; isActive: boolean; isCollapsed: boolean; onClick: () => void; onKeyDown: (e: KeyboardEvent<HTMLDivElement>) => void; ... 5 more ...; tabIndex: number; }' is not assignable to type 'IntrinsicAttributes & FastOmit<Omit<HTMLAttributesWithoutMotionProps<HTMLAttributes<HTMLDivElement>, HTMLDivElement> & MotionProps & RefAttributes<...>, "ref"> & { ...; }, never>'.
      Property 'isActive' does not exist on type 'IntrinsicAttributes & FastOmit<Omit<HTMLAttributesWithoutMotionProps<HTMLAttributes<HTMLDivElement>, HTMLDivElement> & MotionProps & RefAttributes<...>, "ref"> & { ...; }, never>'.
src/components/DashBoard/Pages/client-dashboard/ClientStellarSidebar.tsx(548,30): error TS2769: No overload matches this call.
  Overload 1 of 2, '(props: PolymorphicComponentProps<"web", FastOmit<Omit<HTMLAttributesWithoutMotionProps<HTMLAttributes<HTMLDivElement>, HTMLDivElement> & MotionProps & RefAttributes<...>, "ref"> & { ...; }, never>, void, void, {}, {}>): Element', gave the following error.
    Type '{ children: Element[]; isCollapsed: boolean; }' is not assignable to type 'IntrinsicAttributes & FastOmit<Substitute<FastOmit<Omit<HTMLAttributesWithoutMotionProps<HTMLAttributes<HTMLDivElement>, HTMLDivElement> & MotionProps & RefAttributes<...>, "ref"> & { ...; }, never>, FastOmit<...>>, keyof ExecutionProps> & FastOmit<...> & { ...; }'.
      Property 'isCollapsed' does not exist on type 'IntrinsicAttributes & FastOmit<Substitute<FastOmit<Omit<HTMLAttributesWithoutMotionProps<HTMLAttributes<HTMLDivElement>, HTMLDivElement> & MotionProps & RefAttributes<...>, "ref"> & { ...; }, never>, FastOmit<...>>, keyof ExecutionProps> & FastOmit<...> & { ...; }'.
  Overload 2 of 2, '(props: FastOmit<Omit<HTMLAttributesWithoutMotionProps<HTMLAttributes<HTMLDivElement>, HTMLDivElement> & MotionProps & RefAttributes<...>, "ref"> & { ...; }, never>): ReactNode', gave the following error.
    Type '{ children: Element[]; isCollapsed: boolean; }' is not assignable to type 'IntrinsicAttributes & FastOmit<Omit<HTMLAttributesWithoutMotionProps<HTMLAttributes<HTMLDivElement>, HTMLDivElement> & MotionProps & RefAttributes<...>, "ref"> & { ...; }, never>'.
      Property 'isCollapsed' does not exist on type 'IntrinsicAttributes & FastOmit<Omit<HTMLAttributesWithoutMotionProps<HTMLAttributes<HTMLDivElement>, HTMLDivElement> & MotionProps & RefAttributes<...>, "ref"> & { ...; }, never>'.
src/components/DashBoard/Pages/client-dashboard/index.ts(3,1): error TS2303: Circular definition of import alias 'EnhancedClientDashboard'.
src/components/DashBoard/Pages/client-dashboard/new-client-dashboard.tsx(778,5): error TS2339: Property 'mcpStatus' does not exist on type '{ progress: WorkoutProgress | null; gamification: GamificationData | null; trainingProgram: TrainingProgramData | null; ... 6 more ...; refreshAll: () => Promise<...>; }'.
src/components/DashBoard/Pages/client-dashboard/new-client-dashboard.tsx(779,5): error TS2339: Property 'workoutData' does not exist on type '{ progress: WorkoutProgress | null; gamification: GamificationData | null; trainingProgram: TrainingProgramData | null; ... 6 more ...; refreshAll: () => Promise<...>; }'.
src/components/DashBoard/Pages/client-dashboard/new-client-dashboard.tsx(780,5): error TS2339: Property 'gamificationData' does not exist on type '{ progress: WorkoutProgress | null; gamification: GamificationData | null; trainingProgram: TrainingProgramData | null; ... 6 more ...; refreshAll: () => Promise<...>; }'.
src/components/DashBoard/Pages/client-dashboard/new-client-dashboard.tsx(781,5): error TS2339: Property 'refreshData' does not exist on type '{ progress: WorkoutProgress | null; gamification: GamificationData | null; trainingProgram: TrainingProgramData | null; ... 6 more ...; refreshAll: () => Promise<...>; }'.
src/components/DashBoard/Pages/client-dashboard/new-client-dashboard.tsx(782,5): error TS2339: Property 'logWorkoutCompletion' does not exist on type '{ progress: WorkoutProgress | null; gamification: GamificationData | null; trainingProgram: TrainingProgramData | null; ... 6 more ...; refreshAll: () => Promise<...>; }'.
src/components/DashBoard/Pages/client-dashboard/new-client-dashboard.tsx(783,5): error TS2339: Property 'logFoodIntake' does not exist on type '{ progress: WorkoutProgress | null; gamification: GamificationData | null; trainingProgram: TrainingProgramData | null; ... 6 more ...; refreshAll: () => Promise<...>; }'.
src/components/DashBoard/Pages/client-dashboard/new-client-dashboard.tsx(784,5): error TS2339: Property 'updateGameProgress' does not exist on type '{ progress: WorkoutProgress | null; gamification: GamificationData | null; trainingProgram: TrainingProgramData | null; ... 6 more ...; refreshAll: () => Promise<...>; }'.
src/components/DashBoard/Pages/client-dashboard/new-client-dashboard.tsx(1036,16): error TS2339: Property 'stats' does not exist on type 'User'.
src/components/DashBoard/Pages/client-dashboard/new-client-dashboard.tsx(1039,35): error TS2339: Property 'stats' does not exist on type 'User'.
src/components/DashBoard/Pages/client-dashboard/new-client-dashboard.tsx(1040,35): error TS2339: Property 'stats' does not exist on type 'User'.
src/components/DashBoard/Pages/client-dashboard/new-client-dashboard.tsx(1041,28): error TS2339: Property 'stats' does not exist on type 'User'.
src/components/DashBoard/Pages/client-dashboard/new-client-dashboard.tsx(1042,32): error TS2339: Property 'stats' does not exist on type 'User'.
src/components/DashBoard/Pages/client-dashboard/schedule/ClientSessionHistory.tsx(109,33): error TS2339: Property 'fontSize' does not exist on type '{ scale: { xs: string; sm: string; base: string; lg: string; xl: string; '2xl': string; '3xl': string; }; weight: { normal: number; medium: number; semibold: number; bold: number; }; }'.
src/components/DashBoard/Pages/client-dashboard/schedule/ClientSessionHistory.tsx(110,35): error TS2339: Property 'fontWeight' does not exist on type '{ scale: { xs: string; sm: string; base: string; lg: string; xl: string; '2xl': string; '3xl': string; }; weight: { normal: number; medium: number; semibold: number; bold: number; }; }'.
src/components/DashBoard/Pages/client-dashboard/schedule/ClientSessionHistory.tsx(118,35): error TS2339: Property 'fontSize' does not exist on type '{ scale: { xs: string; sm: string; base: string; lg: string; xl: string; '2xl': string; '3xl': string; }; weight: { normal: number; medium: number; semibold: number; bold: number; }; }'.
src/components/DashBoard/Pages/client-dashboard/schedule/ClientSessionHistory.tsx(203,33): error TS2339: Property 'fontSize' does not exist on type '{ scale: { xs: string; sm: string; base: string; lg: string; xl: string; '2xl': string; '3xl': string; }; weight: { normal: number; medium: number; semibold: number; bold: number; }; }'.
src/components/DashBoard/Pages/client-dashboard/schedule/ClientSessionHistory.tsx(211,33): error TS2339: Property 'fontSize' does not exist on type '{ scale: { xs: string; sm: string; base: string; lg: string; xl: string; '2xl': string; '3xl': string; }; weight: { normal: number; medium: number; semibold: number; bold: number; }; }'.
src/components/DashBoard/Pages/client-dashboard/schedule/ClientSessionHistory.tsx(212,35): error TS2339: Property 'fontWeight' does not exist on type '{ scale: { xs: string; sm: string; base: string; lg: string; xl: string; '2xl': string; '3xl': string; }; weight: { normal: number; medium: number; semibold: number; bold: number; }; }'.
src/components/DashBoard/Pages/client-dashboard/schedule/ClientSessionHistory.tsx(216,35): error TS2339: Property 'fontSize' does not exist on type '{ scale: { xs: string; sm: string; base: string; lg: string; xl: string; '2xl': string; '3xl': string; }; weight: { normal: number; medium: number; semibold: number; bold: number; }; }'.
src/components/DashBoard/Pages/client-dashboard/schedule/ClientSessionHistory.tsx(234,33): error TS2339: Property 'fontSize' does not exist on type '{ scale: { xs: string; sm: string; base: string; lg: string; xl: string; '2xl': string; '3xl': string; }; weight: { normal: number; medium: number; semibold: number; bold: number; }; }'.
src/components/DashBoard/Pages/client-dashboard/schedule/ClientSessionHistory.tsx(235,35): error TS2339: Property 'fontWeight' does not exist on type '{ scale: { xs: string; sm: string; base: string; lg: string; xl: string; '2xl': string; '3xl': string; }; weight: { normal: number; medium: number; semibold: number; bold: number; }; }'.
src/components/DashBoard/Pages/client-dashboard/schedule/ClientSessionHistory.tsx(296,33): error TS2339: Property 'fontSize' does not exist on type '{ scale: { xs: string; sm: string; base: string; lg: string; xl: string; '2xl': string; '3xl': string; }; weight: { normal: number; medium: number; semibold: number; bold: number; }; }'.
src/components/DashBoard/Pages/client-dashboard/schedule/ClientSessionHistory.tsx(299,35): error TS2339: Property 'fontWeight' does not exist on type '{ scale: { xs: string; sm: string; base: string; lg: string; xl: string; '2xl': string; '3xl': string; }; weight: { normal: number; medium: number; semibold: number; bold: number; }; }'.
src/components/DashBoard/Pages/client-dashboard/schedule/ClientSessionHistory.tsx(303,33): error TS2339: Property 'fontSize' does not exist on type '{ scale: { xs: string; sm: string; base: string; lg: string; xl: string; '2xl': string; '3xl': string; }; weight: { normal: number; medium: number; semibold: number; bold: number; }; }'.
src/components/DashBoard/Pages/client-dashboard/schedule/ClientSessionHistory.tsx(304,35): error TS2339: Property 'fontWeight' does not exist on type '{ scale: { xs: string; sm: string; base: string; lg: string; xl: string; '2xl': string; '3xl': string; }; weight: { normal: number; medium: number; semibold: number; bold: number; }; }'.
src/components/DashBoard/Pages/client-dashboard/schedule/ClientSessionHistory.tsx(309,35): error TS2339: Property 'fontSize' does not exist on type '{ scale: { xs: string; sm: string; base: string; lg: string; xl: string; '2xl': string; '3xl': string; }; weight: { normal: number; medium: number; semibold: number; bold: number; }; }'.
src/components/DashBoard/Pages/client-dashboard/schedule/ClientSessionHistory.tsx(320,33): error TS2339: Property 'fontSize' does not exist on type '{ scale: { xs: string; sm: string; base: string; lg: string; xl: string; '2xl': string; '3xl': string; }; weight: { normal: number; medium: number; semibold: number; bold: number; }; }'.
src/components/DashBoard/Pages/client-dashboard/schedule/ClientSessionHistory.tsx(321,35): error TS2339: Property 'fontWeight' does not exist on type '{ scale: { xs: string; sm: string; base: string; lg: string; xl: string; '2xl': string; '3xl': string; }; weight: { normal: number; medium: number; semibold: number; bold: number; }; }'.
src/components/DashBoard/Pages/client-dashboard/schedule/ClientSessionHistory.tsx(343,33): error TS2339: Property 'fontSize' does not exist on type '{ scale: { xs: string; sm: string; base: string; lg: string; xl: string; '2xl': string; '3xl': string; }; weight: { normal: number; medium: number; semibold: number; bold: number; }; }'.
src/components/DashBoard/Pages/client-dashboard/schedule/ClientSessionHistory.tsx(356,33): error TS2339: Property 'fontSize' does not exist on type '{ scale: { xs: string; sm: string; base: string; lg: string; xl: string; '2xl': string; '3xl': string; }; weight: { normal: number; medium: number; semibold: number; bold: number; }; }'.
src/components/DashBoard/Pages/client-dashboard/schedule/ClientSessionHistory.tsx(357,35): error TS2339: Property 'fontWeight' does not exist on type '{ scale: { xs: string; sm: string; base: string; lg: string; xl: string; '2xl': string; '3xl': string; }; weight: { normal: number; medium: number; semibold: number; bold: number; }; }'.
src/components/DashBoard/Pages/client-dashboard/schedule/ClientSessionHistory.tsx(418,35): error TS2339: Property 'fontSize' does not exist on type '{ scale: { xs: string; sm: string; base: string; lg: string; xl: string; '2xl': string; '3xl': string; }; weight: { normal: number; medium: number; semibold: number; bold: number; }; }'.
src/components/DashBoard/Pages/client-dashboard/WorkoutProgressCharts.tsx(41,37): error TS7031: Binding element 'root' implicitly has an 'any' type.
src/components/DashBoard/Pages/client-dashboard/WorkoutProgressCharts.tsx(41,43): error TS7031: Binding element 'depth' implicitly has an 'any' type.
src/components/DashBoard/Pages/client-dashboard/WorkoutProgressCharts.tsx(41,50): error TS7031: Binding element 'x' implicitly has an 'any' type.
src/components/DashBoard/Pages/client-dashboard/WorkoutProgressCharts.tsx(41,53): error TS7031: Binding element 'y' implicitly has an 'any' type.
src/components/DashBoard/Pages/client-dashboard/WorkoutProgressCharts.tsx(41,56): error TS7031: Binding element 'width' implicitly has an 'any' type.
src/components/DashBoard/Pages/client-dashboard/WorkoutProgressCharts.tsx(41,63): error TS7031: Binding element 'height' implicitly has an 'any' type.
src/components/DashBoard/Pages/client-dashboard/WorkoutProgressCharts.tsx(41,71): error TS7031: Binding element 'index' implicitly has an 'any' type.
src/components/DashBoard/Pages/client-dashboard/WorkoutProgressCharts.tsx(41,78): error TS7031: Binding element 'colors' implicitly has an 'any' type.
src/components/DashBoard/Pages/client-dashboard/WorkoutProgressCharts.tsx(41,86): error TS7031: Binding element 'name' implicitly has an 'any' type.
src/components/DashBoard/Pages/client-dashboard/WorkoutProgressCharts.tsx(41,92): error TS7031: Binding element 'value' implicitly has an 'any' type.
src/components/DashBoard/Pages/client-dashboard/WorkoutProgressCharts.tsx(107,11): error TS2322: Type 'TreemapNode[]' is not assignable to type 'readonly TreemapDataType[]'.
  Type 'TreemapNode' is not assignable to type 'TreemapDataType'.
    Index signature for type 'string' is missing in type 'TreemapNode'.
src/components/DashBoard/Pages/client-dashboard/WorkoutProgressCharts.tsx(112,21): error TS2740: Type '{ colors: string[]; }' is missing the following properties from type '{ root: any; depth: any; x: any; y: any; width: any; height: any; index: any; colors: any; name: any; value: any; }': root, depth, x, y, and 5 more.
src/components/DashBoard/Pages/client-gamification/client-gamification-view-enhanced.tsx(1058,41): error TS2532: Object is possibly 'undefined'.
src/components/DashBoard/Pages/client-gamification/client-gamification-view-enhanced.tsx(1058,90): error TS2532: Object is possibly 'undefined'.
src/components/DashBoard/Pages/client-gamification/components/AchievementGallery.tsx(222,38): error TS2339: Property 'create' does not exist on type '(<Props extends {}>(Component: string | ComponentType<PropsWithChildren<Props>>, customMotionComponentConfig?: CustomMotionComponentConfig | undefined) => CustomDomComponent<...>) & HTMLMotionComponents & SVGMotionComponents'.
src/components/DashBoard/Pages/client-gamification/components/Leaderboard.tsx(416,44): error TS2339: Property 'points' does not exist on type '{ id: string; firstName: string; lastName: string; username: string; photo?: string | undefined; }'.
src/components/DashBoard/Pages/client-progress/ClientProgressDashboard.tsx(31,47): error TS2339: Property 'secondary' does not exist on type '{}'.
src/components/DashBoard/Pages/trainer-dashboard/TrainerOrientation.tsx(662,67): error TS2345: Argument of type '({ id: number; fullName: string; email: string; phone: string; status: string; submittedAt: string; assignedTrainer: null; healthInfo: string; trainingGoals: string; experienceLevel: string; waiverInitials: string; scheduledDate?: undefined; completedDate?: undefined; } | { ...; } | { ...; })[]' is not assignable to parameter of type 'Orientation[] | (() => Orientation[])'.
  Type '({ id: number; fullName: string; email: string; phone: string; status: string; submittedAt: string; assignedTrainer: null; healthInfo: string; trainingGoals: string; experienceLevel: string; waiverInitials: string; scheduledDate?: undefined; completedDate?: undefined; } | { ...; } | { ...; })[]' is not assignable to type 'Orientation[]'.
    Type '{ id: number; fullName: string; email: string; phone: string; status: string; submittedAt: string; assignedTrainer: null; healthInfo: string; trainingGoals: string; experienceLevel: string; waiverInitials: string; scheduledDate?: undefined; completedDate?: undefined; } | { ...; } | { ...; }' is not assignable to type 'Orientation'.
      Type '{ id: number; fullName: string; email: string; phone: string; status: string; submittedAt: string; assignedTrainer: null; healthInfo: string; trainingGoals: string; experienceLevel: string; waiverInitials: string; scheduledDate?: undefined; completedDate?: undefined; }' is not assignable to type 'Orientation'.
        Types of property 'status' are incompatible.
          Type 'string' is not assignable to type '"pending" | "completed" | "cancelled" | "scheduled"'.
src/components/DashBoard/Pages/trainer-dashboard/TrainerOrientation.tsx(681,86): error TS2339: Property 'name' does not exist on type 'User'.
src/components/DashBoard/Pages/trainer-dashboard/TrainerOrientation.tsx(693,81): error TS2339: Property 'name' does not exist on type 'User'.
src/components/DashBoard/Pages/trainer-dashboard/TrainerOrientation.tsx(731,42): error TS2339: Property 'name' does not exist on type 'User'.
src/components/DashBoard/Pages/trainer-dashboard/TrainerOrientation.tsx(892,100): error TS2339: Property 'name' does not exist on type 'User'.
src/components/DashBoard/Pages/trainer-dashboard/TrainerOrientation.tsx(969,108): error TS2339: Property 'name' does not exist on type 'User'.
src/components/DashBoard/Pages/trainer-dashboard/TrainerStellarSidebar.tsx(68,27): error TS2339: Property 'isCollapsed' does not exist on type 'ExecutionContext & FastOmit<Omit<HTMLAttributesWithoutMotionProps<HTMLAttributes<HTMLElement>, HTMLElement> & MotionProps & RefAttributes<...>, "ref"> & { ...; }, never>'.
src/components/DashBoard/Pages/trainer-dashboard/TrainerStellarSidebar.tsx(69,17): error TS2345: Argument of type '(props: ExecutionContext & FastOmit<Omit<HTMLAttributesWithoutMotionProps<HTMLAttributes<HTMLElement>, HTMLElement> & MotionProps & RefAttributes<...>, "ref"> & { ...; }, never>) => unknown' is not assignable to parameter of type 'Interpolation<FastOmit<Omit<HTMLAttributesWithoutMotionProps<HTMLAttributes<HTMLElement>, HTMLElement> & MotionProps & RefAttributes<...>, "ref"> & { ...; }, never>>'.
  Type '(props: ExecutionContext & FastOmit<Omit<HTMLAttributesWithoutMotionProps<HTMLAttributes<HTMLElement>, HTMLElement> & MotionProps & RefAttributes<...>, "ref"> & { ...; }, never>) => unknown' is not assignable to type 'StyleFunction<FastOmit<Omit<HTMLAttributesWithoutMotionProps<HTMLAttributes<HTMLElement>, HTMLElement> & MotionProps & RefAttributes<...>, "ref"> & { ...; }, never>>'.
    Type 'unknown' is not assignable to type 'Interpolation<FastOmit<Omit<HTMLAttributesWithoutMotionProps<HTMLAttributes<HTMLElement>, HTMLElement> & MotionProps & RefAttributes<...>, "ref"> & { ...; }, never>>'.
src/components/DashBoard/Pages/trainer-dashboard/TrainerStellarSidebar.tsx(69,26): error TS18048: 'props.theme.gradients' is possibly 'undefined'.
src/components/DashBoard/Pages/trainer-dashboard/TrainerStellarSidebar.tsx(101,44): error TS2339: Property 'isMobileOpen' does not exist on type 'ExecutionContext & FastOmit<Omit<HTMLAttributesWithoutMotionProps<HTMLAttributes<HTMLElement>, HTMLElement> & MotionProps & RefAttributes<...>, "ref"> & { ...; }, never>'.
src/components/DashBoard/Pages/trainer-dashboard/TrainerStellarSidebar.tsx(122,21): error TS2345: Argument of type '(props: ExecutionContext & FastOmit<Omit<HTMLAttributesWithoutMotionProps<HTMLAttributes<HTMLDivElement>, HTMLDivElement> & MotionProps & RefAttributes<...>, "ref"> & { ...; }, never>) => unknown' is not assignable to parameter of type 'Interpolation<FastOmit<Omit<HTMLAttributesWithoutMotionProps<HTMLAttributes<HTMLDivElement>, HTMLDivElement> & MotionProps & RefAttributes<...>, "ref"> & { ...; }, never>>'.
  Type '(props: ExecutionContext & FastOmit<Omit<HTMLAttributesWithoutMotionProps<HTMLAttributes<HTMLDivElement>, HTMLDivElement> & MotionProps & RefAttributes<...>, "ref"> & { ...; }, never>) => unknown' is not assignable to type 'StyleFunction<FastOmit<Omit<HTMLAttributesWithoutMotionProps<HTMLAttributes<HTMLDivElement>, HTMLDivElement> & MotionProps & RefAttributes<...>, "ref"> & { ...; }, never>>'.
    Type 'unknown' is not assignable to type 'Interpolation<FastOmit<Omit<HTMLAttributesWithoutMotionProps<HTMLAttributes<HTMLDivElement>, HTMLDivElement> & MotionProps & RefAttributes<...>, "ref"> & { ...; }, never>>'.
src/components/DashBoard/Pages/trainer-dashboard/TrainerStellarSidebar.tsx(122,30): error TS18048: 'props.theme.gradients' is possibly 'undefined'.
src/components/DashBoard/Pages/trainer-dashboard/TrainerStellarSidebar.tsx(127,25): error TS18048: 'props.theme.colors' is possibly 'undefined'.
src/components/DashBoard/Pages/trainer-dashboard/TrainerStellarSidebar.tsx(128,30): error TS18048: 'props.theme.shadows' is possibly 'undefined'.
src/components/DashBoard/Pages/trainer-dashboard/TrainerStellarSidebar.tsx(128,50): error TS2339: Property 'stellarGlow' does not exist on type 'string[] | Record<string, unknown>'.
  Property 'stellarGlow' does not exist on type 'string[]'.
src/components/DashBoard/Pages/trainer-dashboard/TrainerStellarSidebar.tsx(132,33): error TS2339: Property 'isCollapsed' does not exist on type 'ExecutionContext & FastOmit<Omit<HTMLAttributesWithoutMotionProps<HTMLAttributes<HTMLDivElement>, HTMLDivElement> & MotionProps & RefAttributes<...>, "ref"> & { ...; }, never>'.
src/components/DashBoard/Pages/trainer-dashboard/TrainerStellarSidebar.tsx(138,32): error TS18048: 'props.theme.gradients' is possibly 'undefined'.
src/components/DashBoard/Pages/trainer-dashboard/TrainerStellarSidebar.tsx(160,28): error TS18048: 'props.theme.gradients' is possibly 'undefined'.
src/components/DashBoard/Pages/trainer-dashboard/TrainerStellarSidebar.tsx(167,23): error TS18048: 'props.theme.colors' is possibly 'undefined'.
src/components/DashBoard/Pages/trainer-dashboard/TrainerStellarSidebar.tsx(171,30): error TS18048: 'props.theme.shadows' is possibly 'undefined'.
src/components/DashBoard/Pages/trainer-dashboard/TrainerStellarSidebar.tsx(171,50): error TS2339: Property 'stellarGlow' does not exist on type 'string[] | Record<string, unknown>'.
  Property 'stellarGlow' does not exist on type 'string[]'.
src/components/DashBoard/Pages/trainer-dashboard/TrainerStellarSidebar.tsx(198,33): error TS2339: Property 'isCollapsed' does not exist on type 'ExecutionContext & FastOmit<Omit<HTMLAttributesWithoutMotionProps<HTMLAttributes<HTMLElement>, HTMLElement> & MotionProps & RefAttributes<...>, "ref"> & { ...; }, never>'.
src/components/DashBoard/Pages/trainer-dashboard/TrainerStellarSidebar.tsx(221,32): error TS2339: Property 'isActive' does not exist on type 'ExecutionContext & FastOmit<Omit<HTMLAttributesWithoutMotionProps<HTMLAttributes<HTMLDivElement>, HTMLDivElement> & MotionProps & RefAttributes<...>, "ref"> & { ...; }, never>'.
src/components/DashBoard/Pages/trainer-dashboard/TrainerStellarSidebar.tsx(226,38): error TS2339: Property 'isActive' does not exist on type 'ExecutionContext & FastOmit<Omit<HTMLAttributesWithoutMotionProps<HTMLAttributes<HTMLDivElement>, HTMLDivElement> & MotionProps & RefAttributes<...>, "ref"> & { ...; }, never>'.
src/components/DashBoard/Pages/trainer-dashboard/TrainerStellarSidebar.tsx(237,16): error TS2345: Argument of type '(props: ExecutionContext & FastOmit<Omit<HTMLAttributesWithoutMotionProps<HTMLAttributes<HTMLDivElement>, HTMLDivElement> & MotionProps & RefAttributes<...>, "ref"> & { ...; }, never>) => unknown' is not assignable to parameter of type 'Interpolation<FastOmit<Omit<HTMLAttributesWithoutMotionProps<HTMLAttributes<HTMLDivElement>, HTMLDivElement> & MotionProps & RefAttributes<...>, "ref"> & { ...; }, never>>'.
  Type '(props: ExecutionContext & FastOmit<Omit<HTMLAttributesWithoutMotionProps<HTMLAttributes<HTMLDivElement>, HTMLDivElement> & MotionProps & RefAttributes<...>, "ref"> & { ...; }, never>) => unknown' is not assignable to type 'StyleFunction<FastOmit<Omit<HTMLAttributesWithoutMotionProps<HTMLAttributes<HTMLDivElement>, HTMLDivElement> & MotionProps & RefAttributes<...>, "ref"> & { ...; }, never>>'.
    Type 'unknown' is not assignable to type 'Interpolation<FastOmit<Omit<HTMLAttributesWithoutMotionProps<HTMLAttributes<HTMLDivElement>, HTMLDivElement> & MotionProps & RefAttributes<...>, "ref"> & { ...; }, never>>'.
src/components/DashBoard/Pages/trainer-dashboard/TrainerStellarSidebar.tsx(237,25): error TS18048: 'props.theme.colors' is possibly 'undefined'.
src/components/DashBoard/Pages/trainer-dashboard/TrainerStellarSidebar.tsx(246,29): error TS2339: Property 'isActive' does not exist on type 'ExecutionContext & FastOmit<Omit<HTMLAttributesWithoutMotionProps<HTMLAttributes<HTMLDivElement>, HTMLDivElement> & MotionProps & RefAttributes<...>, "ref"> & { ...; }, never>'.
src/components/DashBoard/Pages/trainer-dashboard/TrainerStellarSidebar.tsx(247,7): error TS18048: 'props.theme.colors' is possibly 'undefined'.
src/components/DashBoard/Pages/trainer-dashboard/TrainerStellarSidebar.tsx(256,29): error TS2339: Property 'isActive' does not exist on type 'ExecutionContext & FastOmit<Omit<HTMLAttributesWithoutMotionProps<HTMLAttributes<HTMLDivElement>, HTMLDivElement> & MotionProps & RefAttributes<...>, "ref"> & { ...; }, never>'.
src/components/DashBoard/Pages/trainer-dashboard/TrainerStellarSidebar.tsx(257,7): error TS18048: 'props.theme.colors' is possibly 'undefined'.
src/components/DashBoard/Pages/trainer-dashboard/TrainerStellarSidebar.tsx(260,35): error TS2339: Property 'isActive' does not exist on type 'ExecutionContext & FastOmit<Omit<HTMLAttributesWithoutMotionProps<HTMLAttributes<HTMLDivElement>, HTMLDivElement> & MotionProps & RefAttributes<...>, "ref"> & { ...; }, never>'.
src/components/DashBoard/Pages/trainer-dashboard/TrainerStellarSidebar.tsx(262,31): error TS2339: Property 'isCollapsed' does not exist on type 'ExecutionContext & FastOmit<Omit<HTMLAttributesWithoutMotionProps<HTMLAttributes<HTMLDivElement>, HTMLDivElement> & MotionProps & RefAttributes<...>, "ref"> & { ...; }, never>'.
src/components/DashBoard/Pages/trainer-dashboard/TrainerStellarSidebar.tsx(272,23): error TS18048: 'props.theme.colors' is possibly 'undefined'.
src/components/DashBoard/Pages/trainer-dashboard/TrainerStellarSidebar.tsx(282,28): error TS18048: 'props.theme.shadows' is possibly 'undefined'.
src/components/DashBoard/Pages/trainer-dashboard/TrainerStellarSidebar.tsx(282,48): error TS2339: Property 'stellarGlow' does not exist on type 'string[] | Record<string, unknown>'.
  Property 'stellarGlow' does not exist on type 'string[]'.
src/components/DashBoard/Pages/trainer-dashboard/TrainerStellarSidebar.tsx(283,31): error TS2339: Property 'isCollapsed' does not exist on type 'ExecutionContext & FastOmit<Omit<HTMLAttributesWithoutMotionProps<HTMLAttributes<HTMLDivElement>, HTMLDivElement> & MotionProps & RefAttributes<...>, "ref"> & { ...; }, never>'.
src/components/DashBoard/Pages/trainer-dashboard/TrainerStellarSidebar.tsx(301,31): error TS2339: Property 'isCollapsed' does not exist on type 'ExecutionContext & FastOmit<Omit<HTMLAttributesWithoutMotionProps<HTMLAttributes<HTMLDivElement>, HTMLDivElement> & MotionProps & RefAttributes<...>, "ref"> & { ...; }, never>'.
src/components/DashBoard/Pages/trainer-dashboard/TrainerStellarSidebar.tsx(309,31): error TS2339: Property 'isCollapsed' does not exist on type 'ExecutionContext & FastOmit<Omit<HTMLAttributesWithoutMotionProps<HTMLAttributes<HTMLDivElement>, HTMLDivElement> & MotionProps & RefAttributes<...>, "ref"> & { ...; }, never>'.
src/components/DashBoard/Pages/trainer-dashboard/TrainerStellarSidebar.tsx(459,9): error TS2769: No overload matches this call.
  Overload 1 of 2, '(props: PolymorphicComponentProps<"web", FastOmit<Omit<HTMLAttributesWithoutMotionProps<HTMLAttributes<HTMLElement>, HTMLElement> & MotionProps & RefAttributes<...>, "ref"> & { ...; }, never>, void, void, {}, {}>): Element', gave the following error.
    Type '{ children: Element[]; isCollapsed: boolean; isMobileOpen: boolean; initial: string; animate: string; variants: { hidden: { opacity: number; x: number; }; visible: { opacity: number; x: number; transition: { ...; }; }; }; }' is not assignable to type 'IntrinsicAttributes & FastOmit<Substitute<FastOmit<Omit<HTMLAttributesWithoutMotionProps<HTMLAttributes<HTMLElement>, HTMLElement> & MotionProps & RefAttributes<...>, "ref"> & { ...; }, never>, FastOmit<...>>, keyof ExecutionProps> & FastOmit<...> & { ...; }'.
      Property 'isCollapsed' does not exist on type 'IntrinsicAttributes & FastOmit<Substitute<FastOmit<Omit<HTMLAttributesWithoutMotionProps<HTMLAttributes<HTMLElement>, HTMLElement> & MotionProps & RefAttributes<...>, "ref"> & { ...; }, never>, FastOmit<...>>, keyof ExecutionProps> & FastOmit<...> & { ...; }'.
  Overload 2 of 2, '(props: FastOmit<Omit<HTMLAttributesWithoutMotionProps<HTMLAttributes<HTMLElement>, HTMLElement> & MotionProps & RefAttributes<...>, "ref"> & { ...; }, never>): ReactNode', gave the following error.
    Type '{ children: Element[]; isCollapsed: boolean; isMobileOpen: boolean; initial: string; animate: string; variants: { hidden: { opacity: number; x: number; }; visible: { opacity: number; x: number; transition: { ...; }; }; }; }' is not assignable to type 'IntrinsicAttributes & FastOmit<Omit<HTMLAttributesWithoutMotionProps<HTMLAttributes<HTMLElement>, HTMLElement> & MotionProps & RefAttributes<...>, "ref"> & { ...; }, never>'.
      Property 'isCollapsed' does not exist on type 'IntrinsicAttributes & FastOmit<Omit<HTMLAttributesWithoutMotionProps<HTMLAttributes<HTMLElement>, HTMLElement> & MotionProps & RefAttributes<...>, "ref"> & { ...; }, never>'.
src/components/DashBoard/Pages/trainer-dashboard/TrainerStellarSidebar.tsx(466,31): error TS2769: No overload matches this call.
  Overload 1 of 2, '(props: PolymorphicComponentProps<"web", FastOmit<Omit<HTMLAttributesWithoutMotionProps<HTMLAttributes<HTMLDivElement>, HTMLDivElement> & MotionProps & RefAttributes<...>, "ref"> & { ...; }, never>, void, void, {}, {}>): Element', gave the following error.
    Type '{ children: (false | Element | undefined)[]; isCollapsed: boolean; }' is not assignable to type 'IntrinsicAttributes & FastOmit<Substitute<FastOmit<Omit<HTMLAttributesWithoutMotionProps<HTMLAttributes<HTMLDivElement>, HTMLDivElement> & MotionProps & RefAttributes<...>, "ref"> & { ...; }, never>, FastOmit<...>>, keyof ExecutionProps> & FastOmit<...> & { ...; }'.
      Property 'isCollapsed' does not exist on type 'IntrinsicAttributes & FastOmit<Substitute<FastOmit<Omit<HTMLAttributesWithoutMotionProps<HTMLAttributes<HTMLDivElement>, HTMLDivElement> & MotionProps & RefAttributes<...>, "ref"> & { ...; }, never>, FastOmit<...>>, keyof ExecutionProps> & FastOmit<...> & { ...; }'.
  Overload 2 of 2, '(props: FastOmit<Omit<HTMLAttributesWithoutMotionProps<HTMLAttributes<HTMLDivElement>, HTMLDivElement> & MotionProps & RefAttributes<...>, "ref"> & { ...; }, never>): ReactNode', gave the following error.
    Type '{ children: (false | Element | undefined)[]; isCollapsed: boolean; }' is not assignable to type 'IntrinsicAttributes & FastOmit<Omit<HTMLAttributesWithoutMotionProps<HTMLAttributes<HTMLDivElement>, HTMLDivElement> & MotionProps & RefAttributes<...>, "ref"> & { ...; }, never>'.
      Property 'isCollapsed' does not exist on type 'IntrinsicAttributes & FastOmit<Omit<HTMLAttributesWithoutMotionProps<HTMLAttributes<HTMLDivElement>, HTMLDivElement> & MotionProps & RefAttributes<...>, "ref"> & { ...; }, never>'.
src/components/DashBoard/Pages/trainer-dashboard/TrainerStellarSidebar.tsx(496,35): error TS2769: No overload matches this call.
  Overload 1 of 2, '(props: PolymorphicComponentProps<"web", FastOmit<Omit<HTMLAttributesWithoutMotionProps<HTMLAttributes<HTMLElement>, HTMLElement> & MotionProps & RefAttributes<...>, "ref"> & { ...; }, never>, void, void, {}, {}>): Element', gave the following error.
    Type '{ children: Element; isCollapsed: boolean; }' is not assignable to type 'IntrinsicAttributes & FastOmit<Substitute<FastOmit<Omit<HTMLAttributesWithoutMotionProps<HTMLAttributes<HTMLElement>, HTMLElement> & MotionProps & RefAttributes<...>, "ref"> & { ...; }, never>, FastOmit<...>>, keyof ExecutionProps> & FastOmit<...> & { ...; }'.
      Property 'isCollapsed' does not exist on type 'IntrinsicAttributes & FastOmit<Substitute<FastOmit<Omit<HTMLAttributesWithoutMotionProps<HTMLAttributes<HTMLElement>, HTMLElement> & MotionProps & RefAttributes<...>, "ref"> & { ...; }, never>, FastOmit<...>>, keyof ExecutionProps> & FastOmit<...> & { ...; }'.
  Overload 2 of 2, '(props: FastOmit<Omit<HTMLAttributesWithoutMotionProps<HTMLAttributes<HTMLElement>, HTMLElement> & MotionProps & RefAttributes<...>, "ref"> & { ...; }, never>): ReactNode', gave the following error.
    Type '{ children: Element; isCollapsed: boolean; }' is not assignable to type 'IntrinsicAttributes & FastOmit<Omit<HTMLAttributesWithoutMotionProps<HTMLAttributes<HTMLElement>, HTMLElement> & MotionProps & RefAttributes<...>, "ref"> & { ...; }, never>'.
      Property 'isCollapsed' does not exist on type 'IntrinsicAttributes & FastOmit<Omit<HTMLAttributesWithoutMotionProps<HTMLAttributes<HTMLElement>, HTMLElement> & MotionProps & RefAttributes<...>, "ref"> & { ...; }, never>'.
src/components/DashBoard/Pages/trainer-dashboard/TrainerStellarSidebar.tsx(509,25): error TS2769: No overload matches this call.
  Overload 1 of 2, '(props: PolymorphicComponentProps<"web", FastOmit<Omit<HTMLAttributesWithoutMotionProps<HTMLAttributes<HTMLDivElement>, HTMLDivElement> & MotionProps & RefAttributes<...>, "ref"> & { ...; }, never>, void, void, {}, {}>): Element', gave the following error.
    Type '{ children: Element[]; key: string; isActive: boolean; isCollapsed: boolean; onClick: () => void; onKeyDown: (e: KeyboardEvent<HTMLDivElement>) => void; ... 5 more ...; tabIndex: number; }' is not assignable to type 'IntrinsicAttributes & FastOmit<Substitute<FastOmit<Omit<HTMLAttributesWithoutMotionProps<HTMLAttributes<HTMLDivElement>, HTMLDivElement> & MotionProps & RefAttributes<...>, "ref"> & { ...; }, never>, FastOmit<...>>, keyof ExecutionProps> & FastOmit<...> & { ...; }'.
      Property 'isActive' does not exist on type 'IntrinsicAttributes & FastOmit<Substitute<FastOmit<Omit<HTMLAttributesWithoutMotionProps<HTMLAttributes<HTMLDivElement>, HTMLDivElement> & MotionProps & RefAttributes<...>, "ref"> & { ...; }, never>, FastOmit<...>>, keyof ExecutionProps> & FastOmit<...> & { ...; }'.
  Overload 2 of 2, '(props: FastOmit<Omit<HTMLAttributesWithoutMotionProps<HTMLAttributes<HTMLDivElement>, HTMLDivElement> & MotionProps & RefAttributes<...>, "ref"> & { ...; }, never>): ReactNode', gave the following error.
    Type '{ children: Element[]; key: string; isActive: boolean; isCollapsed: boolean; onClick: () => void; onKeyDown: (e: KeyboardEvent<HTMLDivElement>) => void; ... 5 more ...; tabIndex: number; }' is not assignable to type 'IntrinsicAttributes & FastOmit<Omit<HTMLAttributesWithoutMotionProps<HTMLAttributes<HTMLDivElement>, HTMLDivElement> & MotionProps & RefAttributes<...>, "ref"> & { ...; }, never>'.
      Property 'isActive' does not exist on type 'IntrinsicAttributes & FastOmit<Omit<HTMLAttributesWithoutMotionProps<HTMLAttributes<HTMLDivElement>, HTMLDivElement> & MotionProps & RefAttributes<...>, "ref"> & { ...; }, never>'.
src/components/DashBoard/Pages/trainer-dashboard/TrainerStellarSidebar.tsx(540,31): error TS2769: No overload matches this call.
  Overload 1 of 2, '(props: PolymorphicComponentProps<"web", FastOmit<Omit<HTMLAttributesWithoutMotionProps<HTMLAttributes<HTMLDivElement>, HTMLDivElement> & MotionProps & RefAttributes<...>, "ref"> & { ...; }, never>, void, void, {}, {}>): Element', gave the following error.
    Type '{ children: Element[]; isCollapsed: boolean; }' is not assignable to type 'IntrinsicAttributes & FastOmit<Substitute<FastOmit<Omit<HTMLAttributesWithoutMotionProps<HTMLAttributes<HTMLDivElement>, HTMLDivElement> & MotionProps & RefAttributes<...>, "ref"> & { ...; }, never>, FastOmit<...>>, keyof ExecutionProps> & FastOmit<...> & { ...; }'.
      Property 'isCollapsed' does not exist on type 'IntrinsicAttributes & FastOmit<Substitute<FastOmit<Omit<HTMLAttributesWithoutMotionProps<HTMLAttributes<HTMLDivElement>, HTMLDivElement> & MotionProps & RefAttributes<...>, "ref"> & { ...; }, never>, FastOmit<...>>, keyof ExecutionProps> & FastOmit<...> & { ...; }'.
  Overload 2 of 2, '(props: FastOmit<Omit<HTMLAttributesWithoutMotionProps<HTMLAttributes<HTMLDivElement>, HTMLDivElement> & MotionProps & RefAttributes<...>, "ref"> & { ...; }, never>): ReactNode', gave the following error.
    Type '{ children: Element[]; isCollapsed: boolean; }' is not assignable to type 'IntrinsicAttributes & FastOmit<Omit<HTMLAttributesWithoutMotionProps<HTMLAttributes<HTMLDivElement>, HTMLDivElement> & MotionProps & RefAttributes<...>, "ref"> & { ...; }, never>'.
      Property 'isCollapsed' does not exist on type 'IntrinsicAttributes & FastOmit<Omit<HTMLAttributesWithoutMotionProps<HTMLAttributes<HTMLDivElement>, HTMLDivElement> & MotionProps & RefAttributes<...>, "ref"> & { ...; }, never>'.
src/components/DashBoard/Pages/trainer-gamification/hooks/useTrainerGamification.ts(156,13): error TS2353: Object literal may only specify known properties, and 'includeCompleted' does not exist in type 'GetAchievementsParams'.
src/components/DashBoard/Pages/trainer-gamification/hooks/useTrainerGamification.ts(478,17): error TS2353: Object literal may only specify known properties, and 'mcpData' does not exist in type 'Client'.
src/components/DashBoard/Pages/trainer-gamification/hooks/useTrainerGamification.ts(492,41): error TS2339: Property 'mcpData' does not exist on type 'Client'.
src/components/DashBoard/Pages/user-dashboard/user-dashboard-optimized.tsx(27,32): error TS18048: 'theme.colors' is possibly 'undefined'.
src/components/DashBoard/Pages/user-dashboard/user-dashboard-optimized.tsx(27,32): error TS18046: 'theme.colors.background' is of type 'unknown'.
src/components/DashBoard/Pages/user-dashboard/user-dashboard-optimized.tsx(29,27): error TS18048: 'theme.colors' is possibly 'undefined'.
src/components/DashBoard/Pages/user-dashboard/user-dashboard-optimized.tsx(29,27): error TS18046: 'theme.colors.text' is of type 'unknown'.
src/components/DashBoard/Pages/user-dashboard/user-dashboard-optimized.tsx(55,27): error TS18048: 'theme.colors' is possibly 'undefined'.
src/components/DashBoard/Pages/user-dashboard/user-dashboard-optimized.tsx(55,27): error TS18046: 'theme.colors.primary' is of type 'unknown'.
src/components/DashBoard/Pages/user-dashboard/user-dashboard-optimized.tsx(110,32): error TS18048: 'theme.colors' is possibly 'undefined'.
src/components/DashBoard/Pages/user-dashboard/user-dashboard-optimized.tsx(110,32): error TS18046: 'theme.colors.primary' is of type 'unknown'.
src/components/DashBoard/Pages/user-dashboard/user-dashboard-optimized.tsx(119,34): error TS18048: 'theme.colors' is possibly 'undefined'.
src/components/DashBoard/Pages/user-dashboard/user-dashboard-optimized.tsx(119,34): error TS18046: 'theme.colors.primary' is of type 'unknown'.
src/components/DashBoard/Pages/user-dashboard/user-dashboard-optimized.tsx(143,27): error TS18048: 'theme.colors' is possibly 'undefined'.
src/components/DashBoard/Pages/user-dashboard/user-dashboard-optimized.tsx(143,27): error TS18046: 'theme.colors.text' is of type 'unknown'.
src/components/DashBoard/Pages/user-dashboard/user-dashboard-optimized.tsx(155,27): error TS18048: 'theme.colors' is possibly 'undefined'.
src/components/DashBoard/Pages/user-dashboard/user-dashboard-optimized.tsx(155,27): error TS18046: 'theme.colors.text' is of type 'unknown'.
src/components/DashBoard/Pages/user-dashboard/user-dashboard-optimized.tsx(212,27): error TS18048: 'theme.colors' is possibly 'undefined'.
src/components/DashBoard/Pages/user-dashboard/user-dashboard-optimized.tsx(212,27): error TS18046: 'theme.colors.text' is of type 'unknown'.
src/components/DashBoard/Pages/user-dashboard/user-dashboard-optimized.tsx(232,27): error TS18048: 'theme.colors' is possibly 'undefined'.
src/components/DashBoard/Pages/user-dashboard/user-dashboard-optimized.tsx(232,27): error TS18046: 'theme.colors.text' is of type 'unknown'.
src/components/DashBoard/Pages/user-dashboard/user-dashboard-optimized.tsx(237,27): error TS18048: 'theme.colors' is possibly 'undefined'.
src/components/DashBoard/Pages/user-dashboard/user-dashboard-optimized.tsx(237,27): error TS18046: 'theme.colors.text' is of type 'unknown'.
src/components/DashBoard/Pages/user-dashboard/user-dashboard-optimized.tsx(244,36): error TS18048: 'theme.colors' is possibly 'undefined'.
src/components/DashBoard/Pages/user-dashboard/user-dashboard-optimized.tsx(244,36): error TS18046: 'theme.colors.primary' is of type 'unknown'.
src/components/DashBoard/Pages/user-dashboard/user-dashboard-optimized.tsx(244,79): error TS18048: 'theme.colors' is possibly 'undefined'.
src/components/DashBoard/Pages/user-dashboard/user-dashboard-optimized.tsx(244,79): error TS18046: 'theme.colors.primary' is of type 'unknown'.
src/components/DashBoard/Pages/user-dashboard/user-dashboard-optimized.tsx(264,24): error TS18048: 'theme.colors' is possibly 'undefined'.
src/components/DashBoard/Pages/user-dashboard/user-dashboard-optimized.tsx(264,24): error TS18046: 'theme.colors.primary' is of type 'unknown'.
src/components/DashBoard/Pages/user-dashboard/user-dashboard-optimized.tsx(291,27): error TS18048: 'theme.colors' is possibly 'undefined'.
src/components/DashBoard/Pages/user-dashboard/user-dashboard-optimized.tsx(291,27): error TS18046: 'theme.colors.text' is of type 'unknown'.
src/components/DashBoard/Pages/user-dashboard/user-dashboard-optimized.tsx(296,27): error TS18048: 'theme.colors' is possibly 'undefined'.
src/components/DashBoard/Pages/user-dashboard/user-dashboard-optimized.tsx(296,27): error TS18046: 'theme.colors.text' is of type 'unknown'.
src/components/DashBoard/Pages/user-dashboard/user-dashboard-optimized.tsx(308,53): error TS18048: 'theme.colors' is possibly 'undefined'.
src/components/DashBoard/Pages/user-dashboard/user-dashboard-optimized.tsx(308,53): error TS18046: 'theme.colors.primary' is of type 'unknown'.
src/components/DashBoard/Pages/user-dashboard/user-dashboard-optimized.tsx(334,43): error TS18048: 'theme.colors' is possibly 'undefined'.
src/components/DashBoard/Pages/user-dashboard/user-dashboard-optimized.tsx(334,43): error TS18046: 'theme.colors.primary' is of type 'unknown'.
src/components/DashBoard/Pages/user-dashboard/user-dashboard-optimized.tsx(339,27): error TS18048: 'theme.colors' is possibly 'undefined'.
src/components/DashBoard/Pages/user-dashboard/user-dashboard-optimized.tsx(339,27): error TS18046: 'theme.colors.text' is of type 'unknown'.
src/components/DashBoard/Pages/user-dashboard/user-dashboard-optimized.tsx(345,27): error TS18048: 'theme.colors' is possibly 'undefined'.
src/components/DashBoard/Pages/user-dashboard/user-dashboard-optimized.tsx(345,27): error TS18046: 'theme.colors.text' is of type 'unknown'.
src/components/DashBoard/Pages/user-dashboard/user-dashboard-optimized.tsx(351,27): error TS18048: 'theme.colors' is possibly 'undefined'.
src/components/DashBoard/Pages/user-dashboard/user-dashboard-optimized.tsx(351,27): error TS18046: 'theme.colors.text' is of type 'unknown'.
src/components/DashBoard/Pages/user-dashboard/user-dashboard-optimized.tsx(359,27): error TS18048: 'theme.colors' is possibly 'undefined'.
src/components/DashBoard/Pages/user-dashboard/user-dashboard-optimized.tsx(359,27): error TS18046: 'theme.colors.primary' is of type 'unknown'.
src/components/DashBoard/Pages/user-dashboard/user-dashboard.tsx(382,15): error TS7053: Element implicitly has an 'any' type because expression of type 'string' can't be used to index type '{ emailNotifications: boolean; pushNotifications: boolean; marketingEmails: boolean; workoutReminders: boolean; }'.
  No index signature with a parameter of type 'string' was found on type '{ emailNotifications: boolean; pushNotifications: boolean; marketingEmails: boolean; workoutReminders: boolean; }'.
src/components/DashBoard/Pages/user-management/enhanced-user-management-view.tsx(47,3): error TS2305: Module '"./styled-user-management"' has no exported member 'TabContainer'.
src/components/DashBoard/Pages/user-management/enhanced-user-management-view.tsx(414,12): error TS2769: No overload matches this call.
  Overload 1 of 2, '(props: PolymorphicComponentProps<"web", FastOmit<DetailedHTMLProps<HTMLAttributes<HTMLDivElement>, HTMLDivElement>, never>, ForwardRefComponent<...>, void, Omit<...> & { ...; }, {}>): Element', gave the following error.
    Type '{ children: Element[]; hidden: { y: number; opacity: number; }; visible: { y: number; opacity: number; transition: { type: string; stiffness: number; damping: number; }; }; as: ForwardRefComponent<HTMLDivElement, HTMLMotionProps<...>>; }' is not assignable to type 'FastOmit<Substitute<FastOmit<DetailedHTMLProps<HTMLAttributes<HTMLDivElement>, HTMLDivElement>, never>, Substitute<...>>, keyof ExecutionProps>'.
      Types of property 'hidden' are incompatible.
        Type '{ y: number; opacity: number; }' is not assignable to type 'boolean | undefined'.
  Overload 2 of 2, '(props: FastOmit<DetailedHTMLProps<HTMLAttributes<HTMLDivElement>, HTMLDivElement>, never>): ReactNode', gave the following error.
    Type '{ children: Element[]; hidden: { y: number; opacity: number; }; visible: { y: number; opacity: number; transition: { type: string; stiffness: number; damping: number; }; }; as: ForwardRefComponent<HTMLDivElement, HTMLMotionProps<...>>; }' is not assignable to type 'IntrinsicAttributes & FastOmit<DetailedHTMLProps<HTMLAttributes<HTMLDivElement>, HTMLDivElement>, never>'.
      Property 'as' does not exist on type 'IntrinsicAttributes & FastOmit<DetailedHTMLProps<HTMLAttributes<HTMLDivElement>, HTMLDivElement>, never>'.
src/components/DashBoard/Pages/user-management/modern-user-management.tsx(222,7): error TS2322: Type '"user" | "admin" | "trainer" | "client"' is not assignable to type '"user"'.
  Type '"admin"' is not assignable to type '"user"'.
src/components/DashBoard/Pages/user-management/modern-user-management.tsx(357,12): error TS2769: No overload matches this call.
  Overload 1 of 2, '(props: PolymorphicComponentProps<"web", FastOmit<DetailedHTMLProps<HTMLAttributes<HTMLDivElement>, HTMLDivElement>, never>, ForwardRefComponent<...>, void, Omit<...> & { ...; }, {}>): Element', gave the following error.
    Type '{ children: Element[]; hidden: { y: number; opacity: number; }; visible: { y: number; opacity: number; transition: { type: string; stiffness: number; damping: number; }; }; as: ForwardRefComponent<HTMLDivElement, HTMLMotionProps<...>>; }' is not assignable to type 'FastOmit<Substitute<FastOmit<DetailedHTMLProps<HTMLAttributes<HTMLDivElement>, HTMLDivElement>, never>, Substitute<...>>, keyof ExecutionProps>'.
      Types of property 'hidden' are incompatible.
        Type '{ y: number; opacity: number; }' is not assignable to type 'boolean | undefined'.
  Overload 2 of 2, '(props: FastOmit<DetailedHTMLProps<HTMLAttributes<HTMLDivElement>, HTMLDivElement>, never>): ReactNode', gave the following error.
    Type '{ children: Element[]; hidden: { y: number; opacity: number; }; visible: { y: number; opacity: number; transition: { type: string; stiffness: number; damping: number; }; }; as: ForwardRefComponent<HTMLDivElement, HTMLMotionProps<...>>; }' is not assignable to type 'IntrinsicAttributes & FastOmit<DetailedHTMLProps<HTMLAttributes<HTMLDivElement>, HTMLDivElement>, never>'.
      Property 'as' does not exist on type 'IntrinsicAttributes & FastOmit<DetailedHTMLProps<HTMLAttributes<HTMLDivElement>, HTMLDivElement>, never>'.
src/components/DashBoard/UniversalDashboardLayout.tsx(81,32): error TS2307: Cannot find module '../Client/NASMProgressCharts' or its corresponding type declarations.
src/components/DashBoard/UniversalDashboardLayout.tsx(157,20): error TS2345: Argument of type '(props: ExecutionContext & object) => unknown' is not assignable to parameter of type 'Interpolation<object>'.
  Type '(props: ExecutionContext & object) => unknown' is not assignable to type 'StyleFunction<object>'.
    Type 'unknown' is not assignable to type 'Interpolation<object>'.
src/components/DashBoard/UniversalDashboardLayout.tsx(157,29): error TS18048: 'props.theme.typography' is possibly 'undefined'.
src/components/DashBoard/UniversalDashboardLayout.tsx(158,23): error TS18046: 'props.theme.common' is of type 'unknown'.
src/components/DashBoard/UniversalDashboardLayout.tsx(161,26): error TS2538: Type '{}' cannot be used as an index type.
src/components/DashBoard/UniversalDashboardLayout.tsx(161,58): error TS18046: 'props.theme.admin' is of type 'unknown'.
src/components/DashBoard/UniversalDashboardLayout.tsx(181,26): error TS2538: Type '{}' cannot be used as an index type.
src/components/DashBoard/UniversalDashboardLayout.tsx(181,55): error TS18046: 'props.theme.admin' is of type 'unknown'.
src/components/DashBoard/UniversalDashboardLayout.tsx(188,28): error TS2538: Type '{}' cannot be used as an index type.
src/components/DashBoard/UniversalDashboardLayout.tsx(188,48): error TS18046: 'props.theme.admin' is of type 'unknown'.
src/components/DashBoard/UniversalDashboardLayout.tsx(197,26): error TS2538: Type '{}' cannot be used as an index type.
src/components/DashBoard/UniversalDashboardLayout.tsx(197,46): error TS18046: 'props.theme.admin' is of type 'unknown'.
src/components/DashBoard/UniversalDashboardLayout.tsx(215,24): error TS2538: Type '{}' cannot be used as an index type.
src/components/DashBoard/UniversalDashboardLayout.tsx(215,56): error TS18046: 'props.theme.admin' is of type 'unknown'.
src/components/DashBoard/UniversalDashboardLayout.tsx(231,40): error TS2538: Type '{}' cannot be used as an index type.
src/components/DashBoard/UniversalDashboardLayout.tsx(231,60): error TS18046: 'props.theme.admin' is of type 'unknown'.
src/components/DashBoard/UniversalDashboardLayout.tsx(232,27): error TS18046: 'props.theme.common' is of type 'unknown'.
src/components/DashBoard/UniversalDashboardLayout.tsx(270,14): error TS2345: Argument of type '(props: ExecutionContext & FastOmit<Omit<HTMLAttributesWithoutMotionProps<HTMLAttributes<HTMLElement>, HTMLElement> & MotionProps & RefAttributes<...>, "ref"> & { ...; }, never>) => unknown' is not assignable to parameter of type 'Interpolation<FastOmit<Omit<HTMLAttributesWithoutMotionProps<HTMLAttributes<HTMLElement>, HTMLElement> & MotionProps & RefAttributes<...>, "ref"> & { ...; }, never>>'.
  Type '(props: ExecutionContext & FastOmit<Omit<HTMLAttributesWithoutMotionProps<HTMLAttributes<HTMLElement>, HTMLElement> & MotionProps & RefAttributes<...>, "ref"> & { ...; }, never>) => unknown' is not assignable to type 'StyleFunction<FastOmit<Omit<HTMLAttributesWithoutMotionProps<HTMLAttributes<HTMLElement>, HTMLElement> & MotionProps & RefAttributes<...>, "ref"> & { ...; }, never>>'.
    Type 'unknown' is not assignable to type 'Interpolation<FastOmit<Omit<HTMLAttributesWithoutMotionProps<HTMLAttributes<HTMLElement>, HTMLElement> & MotionProps & RefAttributes<...>, "ref"> & { ...; }, never>>'.
src/components/DashBoard/UniversalDashboardLayout.tsx(270,23): error TS18048: 'props.theme.spacing' is possibly 'undefined'.
src/components/DashBoard/UniversalDashboardLayout.tsx(286,25): error TS18048: 'props.theme.spacing' is possibly 'undefined'.
src/components/DashBoard/UniversalDashboardLayout.tsx(314,27): error TS2538: Type '{}' cannot be used as an index type.
src/components/DashBoard/UniversalDashboardLayout.tsx(314,45): error TS18046: 'props.theme.admin' is of type 'unknown'.
src/components/DashBoard/UniversalDashboardLayout.tsx(318,24): error TS2538: Type '{}' cannot be used as an index type.
src/components/DashBoard/UniversalDashboardLayout.tsx(318,44): error TS18046: 'props.theme.admin' is of type 'unknown'.
src/components/DashBoard/UniversalDashboardLayout.tsx(321,20): error TS2345: Argument of type '(props: ExecutionContext & FastOmit<Omit<HTMLAttributesWithoutMotionProps<HTMLAttributes<HTMLDivElement>, HTMLDivElement> & MotionProps & RefAttributes<...>, "ref"> & { ...; }, never>) => unknown' is not assignable to parameter of type 'Interpolation<FastOmit<Omit<HTMLAttributesWithoutMotionProps<HTMLAttributes<HTMLDivElement>, HTMLDivElement> & MotionProps & RefAttributes<...>, "ref"> & { ...; }, never>>'.
  Type '(props: ExecutionContext & FastOmit<Omit<HTMLAttributesWithoutMotionProps<HTMLAttributes<HTMLDivElement>, HTMLDivElement> & MotionProps & RefAttributes<...>, "ref"> & { ...; }, never>) => unknown' is not assignable to type 'StyleFunction<FastOmit<Omit<HTMLAttributesWithoutMotionProps<HTMLAttributes<HTMLDivElement>, HTMLDivElement> & MotionProps & RefAttributes<...>, "ref"> & { ...; }, never>>'.
    Type 'unknown' is not assignable to type 'Interpolation<FastOmit<Omit<HTMLAttributesWithoutMotionProps<HTMLAttributes<HTMLDivElement>, HTMLDivElement> & MotionProps & RefAttributes<...>, "ref"> & { ...; }, never>>'.
src/components/DashBoard/UniversalDashboardLayout.tsx(321,29): error TS18048: 'props.theme.spacing' is possibly 'undefined'.
src/components/DashBoard/UniversalDashboardLayout.tsx(331,14): error TS2345: Argument of type '(props: ExecutionContext & FastOmit<DetailedHTMLProps<HTMLAttributes<HTMLDivElement>, HTMLDivElement>, never>) => unknown' is not assignable to parameter of type 'Interpolation<FastOmit<DetailedHTMLProps<HTMLAttributes<HTMLDivElement>, HTMLDivElement>, never>>'.
  Type '(props: ExecutionContext & FastOmit<DetailedHTMLProps<HTMLAttributes<HTMLDivElement>, HTMLDivElement>, never>) => unknown' is not assignable to type 'StyleFunction<FastOmit<DetailedHTMLProps<HTMLAttributes<HTMLDivElement>, HTMLDivElement>, never>>'.
    Type 'unknown' is not assignable to type 'Interpolation<FastOmit<DetailedHTMLProps<HTMLAttributes<HTMLDivElement>, HTMLDivElement>, never>>'.
src/components/DashBoard/UniversalDashboardLayout.tsx(331,23): error TS18048: 'props.theme.spacing' is possibly 'undefined'.
src/components/DashBoard/UniversalDashboardLayout.tsx(334,23): error TS18046: 'props.theme.common' is of type 'unknown'.
src/components/DashBoard/UniversalDashboardLayout.tsx(335,31): error TS18048: 'props.theme.spacing' is possibly 'undefined'.
src/components/DashBoard/UniversalDashboardLayout.tsx(337,29): error TS18048: 'props.theme.typography' is possibly 'undefined'.
src/components/DashBoard/UniversalDashboardLayout.tsx(337,29): error TS18046: 'props.theme.typography.weights' is of type 'unknown'.
src/components/DashBoard/UniversalDashboardLayout.tsx(341,23): error TS18046: 'props.theme.common' is of type 'unknown'.
src/components/DashBoard/UniversalDashboardLayout.tsx(342,31): error TS18048: 'props.theme.spacing' is possibly 'undefined'.
src/components/DashBoard/UniversalDashboardLayout.tsx(351,24): error TS2538: Type '{}' cannot be used as an index type.
src/components/DashBoard/UniversalDashboardLayout.tsx(351,53): error TS18046: 'props.theme.admin' is of type 'unknown'.
src/components/DashBoard/UniversalDashboardLayout.tsx(355,27): error TS2538: Type '{}' cannot be used as an index type.
src/components/DashBoard/UniversalDashboardLayout.tsx(355,47): error TS18046: 'props.theme.admin' is of type 'unknown'.
src/components/DashBoard/UniversalDashboardLayout.tsx(357,29): error TS18046: 'props.theme.borderRadius' is of type 'unknown'.
src/components/DashBoard/UniversalDashboardLayout.tsx(358,21): error TS18046: 'props.theme.common' is of type 'unknown'.
src/components/DashBoard/UniversalDashboardLayout.tsx(359,14): error TS2345: Argument of type '(props: ExecutionContext & FastOmit<Omit<HTMLAttributesWithoutMotionProps<ButtonHTMLAttributes<HTMLButtonElement>, HTMLButtonElement> & MotionProps & RefAttributes<...>, "ref"> & { ...; }, never>) => unknown' is not assignable to parameter of type 'Interpolation<FastOmit<Omit<HTMLAttributesWithoutMotionProps<ButtonHTMLAttributes<HTMLButtonElement>, HTMLButtonElement> & MotionProps & RefAttributes<...>, "ref"> & { ...; }, never>>'.
  Type '(props: ExecutionContext & FastOmit<Omit<HTMLAttributesWithoutMotionProps<ButtonHTMLAttributes<HTMLButtonElement>, HTMLButtonElement> & MotionProps & RefAttributes<...>, "ref"> & { ...; }, never>) => unknown' is not assignable to type 'StyleFunction<FastOmit<Omit<HTMLAttributesWithoutMotionProps<ButtonHTMLAttributes<HTMLButtonElement>, HTMLButtonElement> & MotionProps & RefAttributes<...>, "ref"> & { ...; }, never>>'.
    Type 'unknown' is not assignable to type 'Interpolation<FastOmit<Omit<HTMLAttributesWithoutMotionProps<ButtonHTMLAttributes<HTMLButtonElement>, HTMLButtonElement> & MotionProps & RefAttributes<...>, "ref"> & { ...; }, never>>'.
src/components/DashBoard/UniversalDashboardLayout.tsx(359,23): error TS18048: 'props.theme.spacing' is possibly 'undefined'.
src/components/DashBoard/UniversalDashboardLayout.tsx(359,58): error TS18048: 'props.theme.spacing' is possibly 'undefined'.
src/components/DashBoard/UniversalDashboardLayout.tsx(360,27): error TS18048: 'props.theme.typography' is possibly 'undefined'.
src/components/DashBoard/UniversalDashboardLayout.tsx(360,27): error TS18046: 'props.theme.typography.weights' is of type 'unknown'.
src/components/DashBoard/UniversalDashboardLayout.tsx(367,29): error TS2538: Type '{}' cannot be used as an index type.
src/components/DashBoard/UniversalDashboardLayout.tsx(367,49): error TS18046: 'props.theme.admin' is of type 'unknown'.
src/components/DashBoard/UniversalDashboardLayout.tsx(400,37): error TS2322: Type 'FC<ClientOnboardingWizardProps>' is not assignable to type 'ComponentType<{}>'.
  Type 'FunctionComponent<ClientOnboardingWizardProps>' is not assignable to type 'FunctionComponent<{}>'.
    Types of parameters 'props' and 'props' are incompatible.
      Type '{}' is missing the following properties from type 'ClientOnboardingWizardProps': onComplete, onCancel
src/components/DashBoard/UniversalDashboardLayout.tsx(452,75): error TS2304: Cannot find name 'user'.
src/components/DashBoard/UniversalDashboardLayout.tsx(505,11): error TS2353: Object literal may only specify known properties, and 'role' does not exist in type 'FilterOptions'.
src/components/DashBoard/UniversalDashboardLayout.tsx(598,17): error TS2559: Type '{ isCollapsed: boolean; onToggleCollapse: () => void; isMobileOpen: boolean; onToggleMobile: () => void; }' has no properties in common with type 'IntrinsicAttributes & AdminStellarSidebarProps'.
src/components/Debug/AdminLoginDebug.tsx(9,25): error TS2307: Cannot find module '../context/AuthContext' or its corresponding type declarations.
src/components/Debug/AdminLoginDebug.tsx(10,24): error TS2307: Cannot find module '../services/api.service' or its corresponding type declarations.
src/components/Debug/AdminLoginDebug.tsx(11,26): error TS2307: Cannot find module '../utils/tokenCleanup' or its corresponding type declarations.
src/components/Debug/AdminLoginDebug.tsx(67,56): error TS18046: 'e' is of type 'unknown'.
src/components/Debug/Debug.tsx(24,17): error TS2339: Property 'isLoading' does not exist on type 'AuthContextType'.
src/components/Debug/QuickLoginTest.tsx(8,25): error TS2307: Cannot find module '../context/AuthContext' or its corresponding type declarations.
src/components/DevTools/ApiDebugger.tsx(276,51): error TS2769: No overload matches this call.
  Overload 1 of 2, '(input: string | Request | URL, init?: RequestInit | undefined): Promise<Response>', gave the following error.
    Object literal may only specify known properties, and 'timeout' does not exist in type 'RequestInit'.
  Overload 2 of 2, '(input: RequestInfo | URL, init?: RequestInit | undefined): Promise<Response>', gave the following error.
    Object literal may only specify known properties, and 'timeout' does not exist in type 'RequestInit'.
src/components/DevTools/ApiDebugger.tsx(321,11): error TS2322: Type 'AxiosResponse<any, any>' is not assignable to type 'null'.
src/components/DevTools/ApiDebugger.tsx(330,18): error TS18046: 'error' is of type 'unknown'.
src/components/DevTools/CrossDashboardDebugger.tsx(439,10): error TS2459: Module '"../../types/mcp/workout.types"' declares 'ServerStatus' locally, but it is not exported.
src/components/DevTools/DevLoginPanel.tsx(578,23): error TS2345: Argument of type '{ id: string; name: string; firstName: string; lastName: string; email: string; role: "user" | "admin" | "trainer" | "client"; permissions: string[]; }' is not assignable to parameter of type 'User'.
  Property 'profileImageUrl' is missing in type '{ id: string; name: string; firstName: string; lastName: string; email: string; role: "user" | "admin" | "trainer" | "client"; permissions: string[]; }' but required in type 'User'.
src/components/ExerciseAlternatives/ExerciseAlternatives.tsx(24,29): error TS2307: Cannot find module 'notistack' or its corresponding type declarations.
src/components/FoodTracker/FoodIntakeForm.tsx(495,11): error TS2339: Property 'mcpStatus' does not exist on type '{ progress: WorkoutProgress | null; gamification: GamificationData | null; trainingProgram: TrainingProgramData | null; ... 6 more ...; refreshAll: () => Promise<...>; }'.
src/components/FoodTracker/FoodIntakeForm.tsx(495,22): error TS2339: Property 'logFoodIntake' does not exist on type '{ progress: WorkoutProgress | null; gamification: GamificationData | null; trainingProgram: TrainingProgramData | null; ... 6 more ...; refreshAll: () => Promise<...>; }'.
src/components/FoodTracker/FoodIntakeForm.tsx(495,62): error TS2554: Expected 0 arguments, but got 1.
src/components/Footer/DashboardFooter.tsx(16,24): error TS2307: Cannot find module '../Button/glowButton' or its corresponding type declarations.
src/components/Gamification/GamificationDashboard.tsx(487,36): error TS18047: 'boardPosition' is possibly 'null'.
src/components/Gamification/GamificationDashboard.tsx(487,50): error TS2339: Property 'position' does not exist on type 'BoardPosition'.
src/components/Gamification/GamificationDashboard.tsx(493,28): error TS18047: 'boardPosition' is possibly 'null'.
src/components/Gamification/GamificationDashboard.tsx(493,42): error TS2339: Property 'position' does not exist on type 'BoardPosition'.
src/components/Gamification/GamificationDashboard.tsx(495,16): error TS18047: 'boardPosition' is possibly 'null'.
src/components/Gamification/GamificationDashboard.tsx(495,30): error TS2339: Property 'lastRoll' does not exist on type 'BoardPosition'.
src/components/Gamification/GamificationDashboard.tsx(497,31): error TS18047: 'boardPosition' is possibly 'null'.
src/components/Gamification/GamificationDashboard.tsx(497,45): error TS2339: Property 'lastRoll' does not exist on type 'BoardPosition'.
src/components/Gamification/GamificationDashboard.tsx(504,45): error TS18047: 'boardPosition' is possibly 'null'.
src/components/Gamification/GamificationDashboard.tsx(504,59): error TS2339: Property 'canRoll' does not exist on type 'BoardPosition'.
src/components/Gamification/GamificationDashboard.tsx(512,47): error TS18047: 'boardPosition' is possibly 'null'.
src/components/Gamification/GamificationDashboard.tsx(512,61): error TS2339: Property 'canRoll' does not exist on type 'BoardPosition'.
src/components/Gamification/GamificationDashboard.tsx(521,17): error TS18047: 'boardPosition' is possibly 'null'.
src/components/Gamification/GamificationDashboard.tsx(521,31): error TS2339: Property 'canRoll' does not exist on type 'BoardPosition'.
src/components/Gamification/GamificationDashboard.tsx(521,42): error TS18047: 'boardPosition' is possibly 'null'.
src/components/Gamification/GamificationDashboard.tsx(521,56): error TS2339: Property 'nextRollTime' does not exist on type 'BoardPosition'.
src/components/Gamification/GamificationDashboard.tsx(523,52): error TS18047: 'boardPosition' is possibly 'null'.
src/components/Gamification/GamificationDashboard.tsx(523,66): error TS2339: Property 'nextRollTime' does not exist on type 'BoardPosition'.
src/components/Gamification/GamificationDashboard.tsx(541,53): error TS2339: Property 'color' does not exist on type 'Achievement'.
src/components/Gamification/GamificationDashboard.tsx(543,57): error TS2339: Property 'color' does not exist on type 'Achievement'.
src/components/Gamification/GamificationDashboard.tsx(545,57): error TS2339: Property 'color' does not exist on type 'Achievement'.
src/components/Gamification/GamificationDashboard.tsx(547,57): error TS2339: Property 'color' does not exist on type 'Achievement'.
src/components/Gamification/GamificationDashboard.tsx(555,32): error TS2339: Property 'completed' does not exist on type 'Achievement'.
src/components/Gamification/GamificationDashboard.tsx(561,27): error TS2769: No overload matches this call.
  Overload 1 of 2, '(props: PolymorphicComponentProps<"web", Substitute<DetailedHTMLProps<HTMLAttributes<HTMLDivElement>, HTMLDivElement>, { value: number; color?: string | undefined; }>, void, void, {}, {}>): Element', gave the following error.
    Type 'number | undefined' is not assignable to type 'number'.
      Type 'undefined' is not assignable to type 'number'.
  Overload 2 of 2, '(props: Substitute<DetailedHTMLProps<HTMLAttributes<HTMLDivElement>, HTMLDivElement>, { value: number; color?: string | undefined; }>): ReactNode', gave the following error.
    Type 'number | undefined' is not assignable to type 'number'.
      Type 'undefined' is not assignable to type 'number'.
src/components/Gamification/GamificationDashboard.tsx(562,46): error TS2339: Property 'color' does not exist on type 'Achievement'.
src/components/Gamification/GamificationDashboard.tsx(612,30): error TS2339: Property 'joined' does not exist on type 'Challenge'.
src/components/Gamification/GamificationDashboard.tsx(669,52): error TS2339: Property 'points' does not exist on type 'KindnessQuest'.
src/components/Gamification/GamificationDashboard.tsx(673,26): error TS2551: Property 'completed' does not exist on type 'KindnessQuest'. Did you mean 'completedAt'?
src/components/Gamification/GamificationDisplay.tsx(641,9): error TS2353: Object literal may only specify known properties, and 'includeCompleted' does not exist in type 'GetAchievementsParams'.
src/components/Gamification/GamificationDisplay.tsx(653,9): error TS2322: Type '"all"' is not assignable to type '"expired" | "active" | "completed" | undefined'.
src/components/Gamification/GamificationDisplay.tsx(658,20): error TS2345: Argument of type 'GamificationProfile' is not assignable to parameter of type 'SetStateAction<UserProfile | null>'.
  Type 'GamificationProfile' is missing the following properties from type 'UserProfile': id, nextLevelPoints, tier, attributes
src/components/Gamification/GamificationDisplay.tsx(662,25): error TS2345: Argument of type 'Achievement[]' is not assignable to parameter of type 'SetStateAction<Achievement[]>'.
  Type 'import("C:/Users/BigotSmasher/Desktop/quick-pt/SS-PT/frontend/src/types/mcp/gamification.types").Achievement[]' is not assignable to type 'Achievement[]'.
    Type 'Achievement' is missing the following properties from type 'Achievement': completed, totalRequired, tier, pointValue
src/components/Gamification/GamificationDisplay.tsx(666,22): error TS2345: Argument of type 'BoardPosition' is not assignable to parameter of type 'SetStateAction<GameBoard | null>'.
  Type 'BoardPosition' is missing the following properties from type 'GameBoard': boardName, nextRollAvailable
src/components/Gamification/GamificationDisplay.tsx(670,23): error TS2345: Argument of type 'Challenge[]' is not assignable to parameter of type 'SetStateAction<Challenge[]>'.
  Type 'import("C:/Users/BigotSmasher/Desktop/quick-pt/SS-PT/frontend/src/types/mcp/gamification.types").Challenge[]' is not assignable to type 'Challenge[]'.
    Type 'Challenge' is missing the following properties from type 'Challenge': difficulty, totalRequired, reward
src/components/Gamification/GamificationDisplay.tsx(675,9): error TS2739: Type 'GamificationProfile' is missing the following properties from type 'UserProfile': id, nextLevelPoints, tier, attributes
src/components/Gamification/GamificationDisplay.tsx(676,9): error TS2322: Type 'import("C:/Users/BigotSmasher/Desktop/quick-pt/SS-PT/frontend/src/types/mcp/gamification.types").Achievement[]' is not assignable to type 'Achievement[]'.
  Type 'Achievement' is missing the following properties from type 'Achievement': completed, totalRequired, tier, pointValue
src/components/Gamification/GamificationDisplay.tsx(677,9): error TS2739: Type 'BoardPosition' is missing the following properties from type 'GameBoard': boardName, nextRollAvailable
src/components/Gamification/GamificationDisplay.tsx(678,9): error TS2322: Type 'import("C:/Users/BigotSmasher/Desktop/quick-pt/SS-PT/frontend/src/types/mcp/gamification.types").Challenge[]' is not assignable to type 'Challenge[]'.
  Type 'Challenge' is missing the following properties from type 'Challenge': difficulty, totalRequired, reward
src/components/Gamification/GamificationDisplay.tsx(730,24): error TS2345: Argument of type 'DiceRollResult' is not assignable to parameter of type 'SetStateAction<GameBoard | null>'.
src/components/Gamification/GamificationDisplay.tsx(738,24): error TS2345: Argument of type 'GamificationProfile' is not assignable to parameter of type 'SetStateAction<UserProfile | null>'.
  Type 'GamificationProfile' is missing the following properties from type 'UserProfile': id, nextLevelPoints, tier, attributes
src/components/Gamification/GamificationDisplay.tsx(816,11): error TS2322: Type '"all"' is not assignable to type '"expired" | "active" | "completed" | undefined'.
src/components/Gamification/GamificationDisplay.tsx(820,25): error TS2345: Argument of type 'Challenge[]' is not assignable to parameter of type 'SetStateAction<Challenge[]>'.
  Type 'import("C:/Users/BigotSmasher/Desktop/quick-pt/SS-PT/frontend/src/types/mcp/gamification.types").Challenge[]' is not assignable to type 'Challenge[]'.
    Type 'Challenge' is missing the following properties from type 'Challenge': difficulty, totalRequired, reward
src/components/Header/EnhancedNotificationSection.tsx(192,16): error TS2345: Argument of type 'AsyncThunkAction<any, void, AsyncThunkConfig>' is not assignable to parameter of type 'UnknownAction'.
src/components/Header/EnhancedNotificationSection.tsx(216,14): error TS2345: Argument of type 'AsyncThunkAction<any, string, AsyncThunkConfig>' is not assignable to parameter of type 'UnknownAction'.
src/components/Header/EnhancedNotificationSection.tsx(227,14): error TS2345: Argument of type 'AsyncThunkAction<any, void, AsyncThunkConfig>' is not assignable to parameter of type 'UnknownAction'.
src/components/Header/NotificationList.tsx(21,78): error TS2307: Cannot find module '@tabler/icons-react' or its corresponding type declarations.
src/components/Header/NotificationSection.tsx(29,26): error TS2307: Cannot find module '@tabler/icons-react' or its corresponding type declarations.
src/components/Header/NotificationSection.tsx(100,11): error TS2769: No overload matches this call.
  Overload 1 of 2, '(props: PolymorphicComponentProps<"web", FastOmit<Omit<AvatarProps & RefAttributes<HTMLDivElement>, "ref"> & { ref?: ((instance: HTMLDivElement | null) => void) | RefObject<...> | null | undefined; }, never>, void, void, {}, {}>): Element', gave the following error.
    Type '{ children: Element; variant: string; ref: RefObject<HTMLDivElement>; "aria-controls": string | undefined; "aria-haspopup": "true"; onClick: () => void; }' is not assignable to type 'IntrinsicAttributes & FastOmit<Substitute<FastOmit<Omit<AvatarProps & RefAttributes<HTMLDivElement>, "ref"> & { ...; }, never>, FastOmit<...>>, keyof ExecutionProps> & FastOmit<...> & { ...; }'.
      Property 'variant' does not exist on type 'IntrinsicAttributes & FastOmit<Substitute<FastOmit<Omit<AvatarProps & RefAttributes<HTMLDivElement>, "ref"> & { ...; }, never>, FastOmit<...>>, keyof ExecutionProps> & FastOmit<...> & { ...; }'.
  Overload 2 of 2, '(props: FastOmit<Omit<AvatarProps & RefAttributes<HTMLDivElement>, "ref"> & { ref?: ((instance: HTMLDivElement | null) => void) | RefObject<...> | null | undefined; }, never>): ReactNode', gave the following error.
    Type '{ children: Element; variant: string; ref: RefObject<HTMLDivElement>; "aria-controls": string | undefined; "aria-haspopup": "true"; onClick: () => void; }' is not assignable to type 'IntrinsicAttributes & FastOmit<Omit<AvatarProps & RefAttributes<HTMLDivElement>, "ref"> & { ref?: ((instance: HTMLDivElement | null) => void) | ... 2 more ... | undefined; }, never>'.
      Property 'variant' does not exist on type 'IntrinsicAttributes & FastOmit<Omit<AvatarProps & RefAttributes<HTMLDivElement>, "ref"> & { ref?: ((instance: HTMLDivElement | null) => void) | ... 2 more ... | undefined; }, never>'.
src/components/Header/NotificationSection.tsx(124,21): error TS2322: Type 'string' is not assignable to type 'boolean | undefined'.
src/components/Header/NotificationSection.tsx(141,31): error TS2322: Type 'ForwardRefExoticComponent<LinkProps & RefAttributes<HTMLAnchorElement>>' is not assignable to type 'keyof IntrinsicElements | undefined'.
src/components/Header/ProfileSection.tsx(41,88): error TS2307: Cannot find module '@tabler/icons-react' or its corresponding type declarations.
src/components/Header/ProfileSection.tsx(138,25): error TS2339: Property 'uploadProfilePhoto' does not exist on type 'AuthContextType'.
src/components/Header/ProfileSection.tsx(226,30): error TS2339: Property 'photo' does not exist on type 'User'.
src/components/Header/ProfileSection.tsx(272,75): error TS2322: Type 'string' is not assignable to type 'boolean | undefined'.
src/components/Header/ProfileSection.tsx(336,37): error TS2322: Type '{ checked: boolean; onChange: (e: ChangeEvent<HTMLInputElement>) => void; name: string; size: string; }' is not assignable to type 'IntrinsicAttributes & SwitchProps & RefAttributes<HTMLInputElement>'.
  Property 'size' does not exist on type 'IntrinsicAttributes & SwitchProps & RefAttributes<HTMLInputElement>'.
src/components/Header/ProfileSection.tsx(351,37): error TS2322: Type '{ checked: boolean; onChange: (e: ChangeEvent<HTMLInputElement>) => void; name: string; size: string; }' is not assignable to type 'IntrinsicAttributes & SwitchProps & RefAttributes<HTMLInputElement>'.
  Property 'size' does not exist on type 'IntrinsicAttributes & SwitchProps & RefAttributes<HTMLInputElement>'.
src/components/Header/ProfileSection.tsx(373,27): error TS2322: Type '{ children: Element[]; selected: boolean; onClick: () => void; tabIndex: number; disabled: boolean; style: { borderRadius: string; }; }' is not assignable to type 'IntrinsicAttributes & ListItemButtonProps & RefAttributes<HTMLLIElement>'.
  Property 'disabled' does not exist on type 'IntrinsicAttributes & ListItemButtonProps & RefAttributes<HTMLLIElement>'.
src/components/Header/ProfileSection.tsx(385,27): error TS2322: Type '{ children: Element[]; selected: boolean; onClick: () => void; tabIndex: number; disabled: boolean; style: { borderRadius: string; }; }' is not assignable to type 'IntrinsicAttributes & ListItemButtonProps & RefAttributes<HTMLLIElement>'.
  Property 'disabled' does not exist on type 'IntrinsicAttributes & ListItemButtonProps & RefAttributes<HTMLLIElement>'.
src/components/Header/ProfileSection.tsx(412,27): error TS2322: Type '{ children: Element[]; selected: boolean; onClick: () => void; tabIndex: number; disabled: boolean; style: { borderRadius: string; }; }' is not assignable to type 'IntrinsicAttributes & ListItemButtonProps & RefAttributes<HTMLLIElement>'.
  Property 'disabled' does not exist on type 'IntrinsicAttributes & ListItemButtonProps & RefAttributes<HTMLLIElement>'.
src/components/Header/ProfileSection.tsx(440,11): error TS2322: Type '{ children: string; onClose: () => void; severity: "error" | "success"; variant: string; style: { width: string; }; }' is not assignable to type 'IntrinsicAttributes & AlertProps & RefAttributes<HTMLDivElement>'.
  Property 'variant' does not exist on type 'IntrinsicAttributes & AlertProps & RefAttributes<HTMLDivElement>'.
src/components/Header/SearchSection.tsx(21,62): error TS2307: Cannot find module '@tabler/icons-react' or its corresponding type declarations.
src/components/Header/SearchSection.tsx(86,9): error TS2769: No overload matches this call.
  Overload 1 of 2, '(props: PolymorphicComponentProps<"web", FastOmit<Omit<AvatarProps & RefAttributes<HTMLDivElement>, "ref"> & { ref?: ((instance: HTMLDivElement | null) => void) | RefObject<...> | null | undefined; }, never>, void, void, {}, {}>): Element', gave the following error.
    Type '{ children: any; ref: ForwardedRef<HTMLDivElement>; variant: string; }' is not assignable to type 'IntrinsicAttributes & FastOmit<Substitute<FastOmit<Omit<AvatarProps & RefAttributes<HTMLDivElement>, "ref"> & { ...; }, never>, FastOmit<...>>, keyof ExecutionProps> & FastOmit<...> & { ...; }'.
      Property 'variant' does not exist on type 'IntrinsicAttributes & FastOmit<Substitute<FastOmit<Omit<AvatarProps & RefAttributes<HTMLDivElement>, "ref"> & { ...; }, never>, FastOmit<...>>, keyof ExecutionProps> & FastOmit<...> & { ...; }'.
  Overload 2 of 2, '(props: FastOmit<Omit<AvatarProps & RefAttributes<HTMLDivElement>, "ref"> & { ref?: ((instance: HTMLDivElement | null) => void) | RefObject<...> | null | undefined; }, never>): ReactNode', gave the following error.
    Type '{ children: any; ref: ForwardedRef<HTMLDivElement>; variant: string; }' is not assignable to type 'IntrinsicAttributes & FastOmit<Omit<AvatarProps & RefAttributes<HTMLDivElement>, "ref"> & { ref?: ((instance: HTMLDivElement | null) => void) | ... 2 more ... | undefined; }, never>'.
      Property 'variant' does not exist on type 'IntrinsicAttributes & FastOmit<Omit<AvatarProps & RefAttributes<HTMLDivElement>, "ref"> & { ref?: ((instance: HTMLDivElement | null) => void) | ... 2 more ... | undefined; }, never>'.
src/components/Header/SearchSection.tsx(119,15): error TS2322: Type '{ children: Element; variant: string; style: { background: string; color: "#ff9800"; cursor: "pointer"; }; onClick: () => void; }' is not assignable to type 'IntrinsicAttributes & AvatarProps & RefAttributes<HTMLDivElement>'.
  Property 'variant' does not exist on type 'IntrinsicAttributes & AvatarProps & RefAttributes<HTMLDivElement>'.
src/components/HeroSection/HeroSection.tsx(8,24): error TS2307: Cannot find module '../../components/Button/glowButton' or its corresponding type declarations.
src/components/Layout/test-layout.tsx(39,23): error TS7031: Binding element 'children' implicitly has an 'any' type.
src/components/LocalServiceAreas/LocalServiceAreas.tsx(23,17): error TS2345: Argument of type '({ theme }: ExecutionContext & FastOmit<DetailedHTMLProps<HTMLAttributes<HTMLElement>, HTMLElement>, never>) => unknown' is not assignable to parameter of type 'Interpolation<FastOmit<DetailedHTMLProps<HTMLAttributes<HTMLElement>, HTMLElement>, never>>'.
  Type '({ theme }: ExecutionContext & FastOmit<DetailedHTMLProps<HTMLAttributes<HTMLElement>, HTMLElement>, never>) => unknown' is not assignable to type 'StyleFunction<FastOmit<DetailedHTMLProps<HTMLAttributes<HTMLElement>, HTMLElement>, never>>'.
    Type 'unknown' is not assignable to type 'Interpolation<FastOmit<DetailedHTMLProps<HTMLAttributes<HTMLElement>, HTMLElement>, never>>'.
src/components/LocalServiceAreas/LocalServiceAreas.tsx(23,32): error TS18048: 'theme.background' is possibly 'undefined'.
src/components/LocalServiceAreas/LocalServiceAreas.tsx(44,17): error TS2345: Argument of type '({ theme }: ExecutionContext & FastOmit<Omit<HTMLAttributesWithoutMotionProps<HTMLAttributes<HTMLHeadingElement>, HTMLHeadingElement> & MotionProps & RefAttributes<...>, "ref"> & { ...; }, never>) => unknown' is not assignable to parameter of type 'Interpolation<FastOmit<Omit<HTMLAttributesWithoutMotionProps<HTMLAttributes<HTMLHeadingElement>, HTMLHeadingElement> & MotionProps & RefAttributes<...>, "ref"> & { ...; }, never>>'.
  Type '({ theme }: ExecutionContext & FastOmit<Omit<HTMLAttributesWithoutMotionProps<HTMLAttributes<HTMLHeadingElement>, HTMLHeadingElement> & MotionProps & RefAttributes<...>, "ref"> & { ...; }, never>) => unknown' is not assignable to type 'StyleFunction<FastOmit<Omit<HTMLAttributesWithoutMotionProps<HTMLAttributes<HTMLHeadingElement>, HTMLHeadingElement> & MotionProps & RefAttributes<...>, "ref"> & { ...; }, never>>'.
    Type 'unknown' is not assignable to type 'Interpolation<FastOmit<Omit<HTMLAttributesWithoutMotionProps<HTMLAttributes<HTMLHeadingElement>, HTMLHeadingElement> & MotionProps & RefAttributes<...>, "ref"> & { ...; }, never>>'.
src/components/LocalServiceAreas/LocalServiceAreas.tsx(44,32): error TS18048: 'theme.gradients' is possibly 'undefined'.
src/components/LocalServiceAreas/LocalServiceAreas.tsx(57,12): error TS2345: Argument of type '({ theme }: ExecutionContext & FastOmit<Omit<HTMLAttributesWithoutMotionProps<HTMLAttributes<HTMLParagraphElement>, HTMLParagraphElement> & MotionProps & RefAttributes<...>, "ref"> & { ...; }, never>) => unknown' is not assignable to parameter of type 'Interpolation<FastOmit<Omit<HTMLAttributesWithoutMotionProps<HTMLAttributes<HTMLParagraphElement>, HTMLParagraphElement> & MotionProps & RefAttributes<...>, "ref"> & { ...; }, never>>'.
  Type '({ theme }: ExecutionContext & FastOmit<Omit<HTMLAttributesWithoutMotionProps<HTMLAttributes<HTMLParagraphElement>, HTMLParagraphElement> & MotionProps & RefAttributes<...>, "ref"> & { ...; }, never>) => unknown' is not assignable to type 'StyleFunction<FastOmit<Omit<HTMLAttributesWithoutMotionProps<HTMLAttributes<HTMLParagraphElement>, HTMLParagraphElement> & MotionProps & RefAttributes<...>, "ref"> & { ...; }, never>>'.
    Type 'unknown' is not assignable to type 'Interpolation<FastOmit<Omit<HTMLAttributesWithoutMotionProps<HTMLAttributes<HTMLParagraphElement>, HTMLParagraphElement> & MotionProps & RefAttributes<...>, "ref"> & { ...; }, never>>'.
src/components/LocalServiceAreas/LocalServiceAreas.tsx(57,27): error TS18048: 'theme.text' is possibly 'undefined'.
src/components/LocalServiceAreas/LocalServiceAreas.tsx(82,17): error TS2345: Argument of type '({ theme }: ExecutionContext & FastOmit<Omit<HTMLAttributesWithoutMotionProps<HTMLAttributes<HTMLDivElement>, HTMLDivElement> & MotionProps & RefAttributes<...>, "ref"> & { ...; }, never>) => unknown' is not assignable to parameter of type 'Interpolation<FastOmit<Omit<HTMLAttributesWithoutMotionProps<HTMLAttributes<HTMLDivElement>, HTMLDivElement> & MotionProps & RefAttributes<...>, "ref"> & { ...; }, never>>'.
  Type '({ theme }: ExecutionContext & FastOmit<Omit<HTMLAttributesWithoutMotionProps<HTMLAttributes<HTMLDivElement>, HTMLDivElement> & MotionProps & RefAttributes<...>, "ref"> & { ...; }, never>) => unknown' is not assignable to type 'StyleFunction<FastOmit<Omit<HTMLAttributesWithoutMotionProps<HTMLAttributes<HTMLDivElement>, HTMLDivElement> & MotionProps & RefAttributes<...>, "ref"> & { ...; }, never>>'.
    Type 'unknown' is not assignable to type 'Interpolation<FastOmit<Omit<HTMLAttributesWithoutMotionProps<HTMLAttributes<HTMLDivElement>, HTMLDivElement> & MotionProps & RefAttributes<...>, "ref"> & { ...; }, never>>'.
src/components/LocalServiceAreas/LocalServiceAreas.tsx(82,32): error TS18048: 'theme.background' is possibly 'undefined'.
src/components/LocalServiceAreas/LocalServiceAreas.tsx(83,38): error TS18046: 'theme.borders' is of type 'unknown'.
src/components/LocalServiceAreas/LocalServiceAreas.tsx(92,36): error TS18046: 'theme.borders' is of type 'unknown'.
src/components/LocalServiceAreas/LocalServiceAreas.tsx(93,34): error TS18048: 'theme.shadows' is possibly 'undefined'.
src/components/LocalServiceAreas/LocalServiceAreas.tsx(93,48): error TS2339: Property 'cosmic' does not exist on type 'string[] | Record<string, unknown>'.
  Property 'cosmic' does not exist on type 'string[]'.
src/components/LocalServiceAreas/LocalServiceAreas.tsx(106,24): error TS18048: 'theme.colors' is possibly 'undefined'.
src/components/LocalServiceAreas/LocalServiceAreas.tsx(123,14): error TS2345: Argument of type '({ theme }: ExecutionContext & FastOmit<DetailedHTMLProps<HTMLAttributes<HTMLDivElement>, HTMLDivElement>, never>) => unknown' is not assignable to parameter of type 'Interpolation<FastOmit<DetailedHTMLProps<HTMLAttributes<HTMLDivElement>, HTMLDivElement>, never>>'.
  Type '({ theme }: ExecutionContext & FastOmit<DetailedHTMLProps<HTMLAttributes<HTMLDivElement>, HTMLDivElement>, never>) => unknown' is not assignable to type 'StyleFunction<FastOmit<DetailedHTMLProps<HTMLAttributes<HTMLDivElement>, HTMLDivElement>, never>>'.
    Type 'unknown' is not assignable to type 'Interpolation<FastOmit<DetailedHTMLProps<HTMLAttributes<HTMLDivElement>, HTMLDivElement>, never>>'.
src/components/LocalServiceAreas/LocalServiceAreas.tsx(123,29): error TS18048: 'theme.colors' is possibly 'undefined'.
src/components/LocalServiceAreas/LocalServiceAreas.tsx(131,12): error TS2345: Argument of type '({ theme }: ExecutionContext & FastOmit<DetailedHTMLProps<HTMLAttributes<HTMLHeadingElement>, HTMLHeadingElement>, never>) => unknown' is not assignable to parameter of type 'Interpolation<FastOmit<DetailedHTMLProps<HTMLAttributes<HTMLHeadingElement>, HTMLHeadingElement>, never>>'.
  Type '({ theme }: ExecutionContext & FastOmit<DetailedHTMLProps<HTMLAttributes<HTMLHeadingElement>, HTMLHeadingElement>, never>) => unknown' is not assignable to type 'StyleFunction<FastOmit<DetailedHTMLProps<HTMLAttributes<HTMLHeadingElement>, HTMLHeadingElement>, never>>'.
    Type 'unknown' is not assignable to type 'Interpolation<FastOmit<DetailedHTMLProps<HTMLAttributes<HTMLHeadingElement>, HTMLHeadingElement>, never>>'.
src/components/LocalServiceAreas/LocalServiceAreas.tsx(131,27): error TS18048: 'theme.colors' is possibly 'undefined'.
src/components/LocalServiceAreas/LocalServiceAreas.tsx(146,12): error TS2345: Argument of type '({ theme }: ExecutionContext & FastOmit<DetailedHTMLProps<LiHTMLAttributes<HTMLLIElement>, HTMLLIElement>, never>) => unknown' is not assignable to parameter of type 'Interpolation<FastOmit<DetailedHTMLProps<LiHTMLAttributes<HTMLLIElement>, HTMLLIElement>, never>>'.
  Type '({ theme }: ExecutionContext & FastOmit<DetailedHTMLProps<LiHTMLAttributes<HTMLLIElement>, HTMLLIElement>, never>) => unknown' is not assignable to type 'StyleFunction<FastOmit<DetailedHTMLProps<LiHTMLAttributes<HTMLLIElement>, HTMLLIElement>, never>>'.
    Type 'unknown' is not assignable to type 'Interpolation<FastOmit<DetailedHTMLProps<LiHTMLAttributes<HTMLLIElement>, HTMLLIElement>, never>>'.
src/components/LocalServiceAreas/LocalServiceAreas.tsx(146,27): error TS18048: 'theme.text' is possibly 'undefined'.
src/components/LocalServiceAreas/LocalServiceAreas.tsx(154,29): error TS18048: 'theme.colors' is possibly 'undefined'.
src/components/LocalServiceAreas/LocalServiceAreas.tsx(160,29): error TS18048: 'theme.text' is possibly 'undefined'.
src/components/LocalServiceAreas/LocalServiceAreas.tsx(165,17): error TS2345: Argument of type '({ theme }: ExecutionContext & FastOmit<Omit<HTMLAttributesWithoutMotionProps<HTMLAttributes<HTMLDivElement>, HTMLDivElement> & MotionProps & RefAttributes<...>, "ref"> & { ...; }, never>) => unknown' is not assignable to parameter of type 'Interpolation<FastOmit<Omit<HTMLAttributesWithoutMotionProps<HTMLAttributes<HTMLDivElement>, HTMLDivElement> & MotionProps & RefAttributes<...>, "ref"> & { ...; }, never>>'.
  Type '({ theme }: ExecutionContext & FastOmit<Omit<HTMLAttributesWithoutMotionProps<HTMLAttributes<HTMLDivElement>, HTMLDivElement> & MotionProps & RefAttributes<...>, "ref"> & { ...; }, never>) => unknown' is not assignable to type 'StyleFunction<FastOmit<Omit<HTMLAttributesWithoutMotionProps<HTMLAttributes<HTMLDivElement>, HTMLDivElement> & MotionProps & RefAttributes<...>, "ref"> & { ...; }, never>>'.
    Type 'unknown' is not assignable to type 'Interpolation<FastOmit<Omit<HTMLAttributesWithoutMotionProps<HTMLAttributes<HTMLDivElement>, HTMLDivElement> & MotionProps & RefAttributes<...>, "ref"> & { ...; }, never>>'.
src/components/LocalServiceAreas/LocalServiceAreas.tsx(165,32): error TS18048: 'theme.gradients' is possibly 'undefined'.
src/components/LocalServiceAreas/LocalServiceAreas.tsx(166,38): error TS18046: 'theme.borders' is of type 'unknown'.
src/components/LocalServiceAreas/LocalServiceAreas.tsx(183,24): error TS18048: 'theme.colors' is possibly 'undefined'.
src/components/LocalServiceAreas/LocalServiceAreas.tsx(193,12): error TS2345: Argument of type '({ theme }: ExecutionContext & FastOmit<DetailedHTMLProps<HTMLAttributes<HTMLHeadingElement>, HTMLHeadingElement>, never>) => unknown' is not assignable to parameter of type 'Interpolation<FastOmit<DetailedHTMLProps<HTMLAttributes<HTMLHeadingElement>, HTMLHeadingElement>, never>>'.
  Type '({ theme }: ExecutionContext & FastOmit<DetailedHTMLProps<HTMLAttributes<HTMLHeadingElement>, HTMLHeadingElement>, never>) => unknown' is not assignable to type 'StyleFunction<FastOmit<DetailedHTMLProps<HTMLAttributes<HTMLHeadingElement>, HTMLHeadingElement>, never>>'.
    Type 'unknown' is not assignable to type 'Interpolation<FastOmit<DetailedHTMLProps<HTMLAttributes<HTMLHeadingElement>, HTMLHeadingElement>, never>>'.
src/components/LocalServiceAreas/LocalServiceAreas.tsx(193,27): error TS18048: 'theme.colors' is possibly 'undefined'.
src/components/LocalServiceAreas/LocalServiceAreas.tsx(205,12): error TS2345: Argument of type '({ theme }: ExecutionContext & FastOmit<DetailedHTMLProps<HTMLAttributes<HTMLParagraphElement>, HTMLParagraphElement>, never>) => unknown' is not assignable to parameter of type 'Interpolation<FastOmit<DetailedHTMLProps<HTMLAttributes<HTMLParagraphElement>, HTMLParagraphElement>, never>>'.
  Type '({ theme }: ExecutionContext & FastOmit<DetailedHTMLProps<HTMLAttributes<HTMLParagraphElement>, HTMLParagraphElement>, never>) => unknown' is not assignable to type 'StyleFunction<FastOmit<DetailedHTMLProps<HTMLAttributes<HTMLParagraphElement>, HTMLParagraphElement>, never>>'.
    Type 'unknown' is not assignable to type 'Interpolation<FastOmit<DetailedHTMLProps<HTMLAttributes<HTMLParagraphElement>, HTMLParagraphElement>, never>>'.
src/components/LocalServiceAreas/LocalServiceAreas.tsx(205,27): error TS18048: 'theme.text' is possibly 'undefined'.
src/components/McpDashboard.tsx(533,5): error TS2339: Property 'mcpStatus' does not exist on type '{ progress: WorkoutProgress | null; gamification: GamificationData | null; trainingProgram: TrainingProgramData | null; ... 6 more ...; refreshAll: () => Promise<...>; }'.
src/components/McpDashboard.tsx(536,5): error TS2339: Property 'workoutData' does not exist on type '{ progress: WorkoutProgress | null; gamification: GamificationData | null; trainingProgram: TrainingProgramData | null; ... 6 more ...; refreshAll: () => Promise<...>; }'.
src/components/McpDashboard.tsx(537,5): error TS2339: Property 'gamificationData' does not exist on type '{ progress: WorkoutProgress | null; gamification: GamificationData | null; trainingProgram: TrainingProgramData | null; ... 6 more ...; refreshAll: () => Promise<...>; }'.
src/components/McpDashboard.tsx(538,5): error TS2339: Property 'refreshData' does not exist on type '{ progress: WorkoutProgress | null; gamification: GamificationData | null; trainingProgram: TrainingProgramData | null; ... 6 more ...; refreshAll: () => Promise<...>; }'.
src/components/Messaging/ChatWindow.tsx(162,30): error TS2322: Type '{ isCurrentUser: true; }' is not assignable to type 'IntrinsicAttributes'.
  Property 'isCurrentUser' does not exist on type 'IntrinsicAttributes'.
src/components/Messaging/ChatWindow.tsx(175,16): error TS2741: Property 'isOwnMessage' is missing in type '{ key: any; message: any; }' but required in type 'MessageProps'.
src/components/NewCheckout/CheckoutView.tsx(365,20): error TS2339: Property 'phone' does not exist on type 'User'.
src/components/NewCheckout/CheckoutView.tsx(372,34): error TS2345: Argument of type 'number' is not assignable to parameter of type 'string'.
src/components/NewCheckout/CheckoutView.tsx(400,23): error TS2339: Property 'phone' does not exist on type 'User'.
src/components/NutritionPlanning/NutritionPlanning.tsx(18,29): error TS2307: Cannot find module 'notistack' or its corresponding type declarations.
src/components/OrientationForm/orientationForm.tsx(682,16): error TS18046: 'apiError' is of type 'unknown'.
src/components/PremiumParallax/PremiumParallax.tsx(5,22): error TS2307: Cannot find module 'gsap' or its corresponding type declarations.
src/components/PremiumParallax/PremiumParallax.tsx(6,31): error TS2307: Cannot find module 'gsap/ScrollTrigger' or its corresponding type declarations.
src/components/PremiumParallax/PremiumParallax.tsx(8,33): error TS2307: Cannot find module '../Button/glow' or its corresponding type declarations.
src/components/PremiumParallax/PremiumParallax.tsx(470,42): error TS2339: Property 'querySelector' does not exist on type 'never'.
src/components/PremiumParallax/PremiumParallax.tsx(518,32): error TS7006: Parameter 'e' implicitly has an 'any' type.
src/components/PremiumParallax/PremiumParallax.tsx(519,51): error TS2339: Property 'getBoundingClientRect' does not exist on type 'never'.
src/components/PremiumParallax/PremiumParallax.tsx(541,12): error TS2339: Property 'addEventListener' does not exist on type 'never'.
src/components/PremiumParallax/PremiumParallax.tsx(542,12): error TS2339: Property 'addEventListener' does not exist on type 'never'.
src/components/PremiumParallax/PremiumParallax.tsx(545,14): error TS2339: Property 'removeEventListener' does not exist on type 'never'.
src/components/PremiumParallax/PremiumParallax.tsx(546,14): error TS2339: Property 'removeEventListener' does not exist on type 'never'.
src/components/Profile/ProfilePhotoUploader.tsx(6,17): error TS2307: Cannot find module '../../utils/api' or its corresponding type declarations.
src/components/Profile/ProfilePhotoUploader.tsx(10,17): error TS2339: Property 'setUser' does not exist on type 'UseAuthReturn'.
src/components/Profile/ProfilePhotoUploader.tsx(40,22): error TS18046: 'response' is of type 'unknown'.
src/components/Profile/ProfilePhotoUploader.tsx(41,17): error TS18046: 'response' is of type 'unknown'.
src/components/ProgressAnalysis/ProgressAnalysis.tsx(18,29): error TS2307: Cannot find module 'notistack' or its corresponding type declarations.
src/components/PWA/index.ts(7,15): error TS2614: Module '"./TouchGestureProvider"' has no exported member 'GestureCallbacks'. Did you mean to use 'import GestureCallbacks from "./TouchGestureProvider"' instead?
src/components/PWA/index.ts(7,33): error TS2614: Module '"./TouchGestureProvider"' has no exported member 'GestureOptions'. Did you mean to use 'import GestureOptions from "./TouchGestureProvider"' instead?
src/components/Reports/AIReportAssistant.tsx(742,27): error TS2322: Type '{ children: string; variant: string; size: string; onClick: () => void; }' is not assignable to type 'IntrinsicAttributes & ButtonProps & RefAttributes<HTMLButtonElement>'.
  Property 'variant' does not exist on type 'IntrinsicAttributes & ButtonProps & RefAttributes<HTMLButtonElement>'.
src/components/Reports/AIReportAssistant.tsx(749,27): error TS2322: Type '{ children: (string | Element)[]; variant: string; size: string; onClick: () => void; }' is not assignable to type 'IntrinsicAttributes & ButtonProps & RefAttributes<HTMLButtonElement>'.
  Property 'variant' does not exist on type 'IntrinsicAttributes & ButtonProps & RefAttributes<HTMLButtonElement>'.
src/components/Reports/ClientInformationPanel.tsx(5,28): error TS2307: Cannot find module '../../types/reports' or its corresponding type declarations.
src/components/Reports/ClientInformationPanel.tsx(271,35): error TS7006: Parameter 'contact' implicitly has an 'any' type.
src/components/Reports/ClientInformationPanel.tsx(271,44): error TS7006: Parameter 'index' implicitly has an 'any' type.
src/components/Reports/ClientSelector.tsx(5,28): error TS2307: Cannot find module '../../types/reports' or its corresponding type declarations.
src/components/Reports/ClientSelector.tsx(132,12): error TS2345: Argument of type '(props: ExecutionContext & FastOmit<DetailedHTMLProps<HTMLAttributes<HTMLHeadingElement>, HTMLHeadingElement>, never>) => {}' is not assignable to parameter of type 'Interpolation<FastOmit<DetailedHTMLProps<HTMLAttributes<HTMLHeadingElement>, HTMLHeadingElement>, never>>'.
  Type '(props: ExecutionContext & FastOmit<DetailedHTMLProps<HTMLAttributes<HTMLHeadingElement>, HTMLHeadingElement>, never>) => {}' is not assignable to type 'StyleFunction<FastOmit<DetailedHTMLProps<HTMLAttributes<HTMLHeadingElement>, HTMLHeadingElement>, never>>'.
    Type '{}' is not assignable to type 'Interpolation<FastOmit<DetailedHTMLProps<HTMLAttributes<HTMLHeadingElement>, HTMLHeadingElement>, never>>'.
src/components/Reports/ColorPicker.tsx(419,11): error TS2322: Type '{ children: Element; variant: string; size: string; onClick: () => void; title: string; }' is not assignable to type 'IntrinsicAttributes & ButtonProps & RefAttributes<HTMLButtonElement>'.
  Property 'variant' does not exist on type 'IntrinsicAttributes & ButtonProps & RefAttributes<HTMLButtonElement>'.
src/components/Reports/ColorPicker.tsx(526,17): error TS2322: Type '{ children: (string | Element)[]; variant: string; size: string; onClick: () => void; }' is not assignable to type 'IntrinsicAttributes & ButtonProps & RefAttributes<HTMLButtonElement>'.
  Property 'variant' does not exist on type 'IntrinsicAttributes & ButtonProps & RefAttributes<HTMLButtonElement>'.
src/components/Reports/ColorPicker.tsx(530,17): error TS2322: Type '{ children: (string | Element)[]; size: string; onClick: () => void; }' is not assignable to type 'IntrinsicAttributes & ButtonProps & RefAttributes<HTMLButtonElement>'.
  Property 'size' does not exist on type 'IntrinsicAttributes & ButtonProps & RefAttributes<HTMLButtonElement>'.
src/components/Reports/ColorPicker.tsx(560,13): error TS2322: Type '{ children: Element; variant: string; size: string; className: string; style: { backgroundColor: string; }; }' is not assignable to type 'IntrinsicAttributes & ButtonProps & RefAttributes<HTMLButtonElement>'.
  Property 'variant' does not exist on type 'IntrinsicAttributes & ButtonProps & RefAttributes<HTMLButtonElement>'.
src/components/Reports/DailyReportsPanel.tsx(6,73): error TS2307: Cannot find module '../../types/reports' or its corresponding type declarations.
src/components/Reports/DailyReportsPanel.tsx(350,38): error TS2339: Property 'variant' does not exist on type 'ExecutionContext & FastOmit<Omit<ButtonProps & RefAttributes<HTMLButtonElement>, "ref"> & { ref?: ((instance: HTMLButtonElement | null) => void) | ... 2 more ... | undefined; }, never>'.
src/components/Reports/DailyReportsPanel.tsx(351,27): error TS2339: Property 'variant' does not exist on type 'ExecutionContext & FastOmit<Omit<ButtonProps & RefAttributes<HTMLButtonElement>, "ref"> & { ref?: ((instance: HTMLButtonElement | null) => void) | ... 2 more ... | undefined; }, never>'.
src/components/Reports/DailyReportsPanel.tsx(352,38): error TS2339: Property 'variant' does not exist on type 'ExecutionContext & FastOmit<Omit<ButtonProps & RefAttributes<HTMLButtonElement>, "ref"> & { ref?: ((instance: HTMLButtonElement | null) => void) | ... 2 more ... | undefined; }, never>'.
src/components/Reports/DailyReportsPanel.tsx(355,40): error TS2339: Property 'variant' does not exist on type 'ExecutionContext & FastOmit<Omit<ButtonProps & RefAttributes<HTMLButtonElement>, "ref"> & { ref?: ((instance: HTMLButtonElement | null) => void) | ... 2 more ... | undefined; }, never>'.
src/components/Reports/DailyReportsPanel.tsx(356,36): error TS2339: Property 'variant' does not exist on type 'ExecutionContext & FastOmit<Omit<ButtonProps & RefAttributes<HTMLButtonElement>, "ref"> & { ref?: ((instance: HTMLButtonElement | null) => void) | ... 2 more ... | undefined; }, never>'.
src/components/Reports/DailyReportsPanel.tsx(922,19): error TS2769: No overload matches this call.
  Overload 1 of 2, '(props: PolymorphicComponentProps<"web", FastOmit<Omit<ButtonProps & RefAttributes<HTMLButtonElement>, "ref"> & { ref?: ((instance: HTMLButtonElement | null) => void) | RefObject<...> | null | undefined; }, never>, void, void, {}, {}>): Element', gave the following error.
    Type '{ children: (string | Element)[]; variant: string; onClick: () => void; }' is not assignable to type 'IntrinsicAttributes & FastOmit<Substitute<FastOmit<Omit<ButtonProps & RefAttributes<HTMLButtonElement>, "ref"> & { ...; }, never>, FastOmit<...>>, keyof ExecutionProps> & FastOmit<...> & { ...; }'.
      Property 'variant' does not exist on type 'IntrinsicAttributes & FastOmit<Substitute<FastOmit<Omit<ButtonProps & RefAttributes<HTMLButtonElement>, "ref"> & { ...; }, never>, FastOmit<...>>, keyof ExecutionProps> & FastOmit<...> & { ...; }'.
  Overload 2 of 2, '(props: FastOmit<Omit<ButtonProps & RefAttributes<HTMLButtonElement>, "ref"> & { ref?: ((instance: HTMLButtonElement | null) => void) | RefObject<...> | null | undefined; }, never>): ReactNode', gave the following error.
    Type '{ children: (string | Element)[]; variant: string; onClick: () => void; }' is not assignable to type 'IntrinsicAttributes & FastOmit<Omit<ButtonProps & RefAttributes<HTMLButtonElement>, "ref"> & { ...; }, never>'.
      Property 'variant' does not exist on type 'IntrinsicAttributes & FastOmit<Omit<ButtonProps & RefAttributes<HTMLButtonElement>, "ref"> & { ...; }, never>'.
src/components/Reports/DailyReportsPanel.tsx(928,19): error TS2769: No overload matches this call.
  Overload 1 of 2, '(props: PolymorphicComponentProps<"web", FastOmit<Omit<ButtonProps & RefAttributes<HTMLButtonElement>, "ref"> & { ref?: ((instance: HTMLButtonElement | null) => void) | RefObject<...> | null | undefined; }, never>, void, void, {}, {}>): Element', gave the following error.
    Type '{ children: (string | Element)[]; variant: string; onClick: () => Promise<void>; disabled: boolean; }' is not assignable to type 'IntrinsicAttributes & FastOmit<Substitute<FastOmit<Omit<ButtonProps & RefAttributes<HTMLButtonElement>, "ref"> & { ...; }, never>, FastOmit<...>>, keyof ExecutionProps> & FastOmit<...> & { ...; }'.
      Property 'variant' does not exist on type 'IntrinsicAttributes & FastOmit<Substitute<FastOmit<Omit<ButtonProps & RefAttributes<HTMLButtonElement>, "ref"> & { ...; }, never>, FastOmit<...>>, keyof ExecutionProps> & FastOmit<...> & { ...; }'.
  Overload 2 of 2, '(props: FastOmit<Omit<ButtonProps & RefAttributes<HTMLButtonElement>, "ref"> & { ref?: ((instance: HTMLButtonElement | null) => void) | RefObject<...> | null | undefined; }, never>): ReactNode', gave the following error.
    Type '{ children: (string | Element)[]; variant: string; onClick: () => Promise<void>; disabled: boolean; }' is not assignable to type 'IntrinsicAttributes & FastOmit<Omit<ButtonProps & RefAttributes<HTMLButtonElement>, "ref"> & { ...; }, never>'.
      Property 'variant' does not exist on type 'IntrinsicAttributes & FastOmit<Omit<ButtonProps & RefAttributes<HTMLButtonElement>, "ref"> & { ...; }, never>'.
src/components/Reports/DailyReportsPanel.tsx(936,17): error TS2769: No overload matches this call.
  Overload 1 of 2, '(props: PolymorphicComponentProps<"web", FastOmit<Omit<ButtonProps & RefAttributes<HTMLButtonElement>, "ref"> & { ref?: ((instance: HTMLButtonElement | null) => void) | RefObject<...> | null | undefined; }, never>, void, void, {}, {}>): Element', gave the following error.
    Type '{ children: (string | Element)[]; variant: string; onClick: () => void; disabled: boolean; }' is not assignable to type 'IntrinsicAttributes & FastOmit<Substitute<FastOmit<Omit<ButtonProps & RefAttributes<HTMLButtonElement>, "ref"> & { ...; }, never>, FastOmit<...>>, keyof ExecutionProps> & FastOmit<...> & { ...; }'.
      Property 'variant' does not exist on type 'IntrinsicAttributes & FastOmit<Substitute<FastOmit<Omit<ButtonProps & RefAttributes<HTMLButtonElement>, "ref"> & { ...; }, never>, FastOmit<...>>, keyof ExecutionProps> & FastOmit<...> & { ...; }'.
  Overload 2 of 2, '(props: FastOmit<Omit<ButtonProps & RefAttributes<HTMLButtonElement>, "ref"> & { ref?: ((instance: HTMLButtonElement | null) => void) | RefObject<...> | null | undefined; }, never>): ReactNode', gave the following error.
    Type '{ children: (string | Element)[]; variant: string; onClick: () => void; disabled: boolean; }' is not assignable to type 'IntrinsicAttributes & FastOmit<Omit<ButtonProps & RefAttributes<HTMLButtonElement>, "ref"> & { ...; }, never>'.
      Property 'variant' does not exist on type 'IntrinsicAttributes & FastOmit<Omit<ButtonProps & RefAttributes<HTMLButtonElement>, "ref"> & { ...; }, never>'.
src/components/Reports/DailyReportsPanel.tsx(997,11): error TS2769: No overload matches this call.
  Overload 1 of 2, '(props: PolymorphicComponentProps<"web", FastOmit<Omit<ButtonProps & RefAttributes<HTMLButtonElement>, "ref"> & { ref?: ((instance: HTMLButtonElement | null) => void) | RefObject<...> | null | undefined; }, never>, void, void, {}, {}>): Element', gave the following error.
    Type '{ children: (string | Element)[]; variant: string; onClick: () => Promise<void>; disabled: boolean; }' is not assignable to type 'IntrinsicAttributes & FastOmit<Substitute<FastOmit<Omit<ButtonProps & RefAttributes<HTMLButtonElement>, "ref"> & { ...; }, never>, FastOmit<...>>, keyof ExecutionProps> & FastOmit<...> & { ...; }'.
      Property 'variant' does not exist on type 'IntrinsicAttributes & FastOmit<Substitute<FastOmit<Omit<ButtonProps & RefAttributes<HTMLButtonElement>, "ref"> & { ...; }, never>, FastOmit<...>>, keyof ExecutionProps> & FastOmit<...> & { ...; }'.
  Overload 2 of 2, '(props: FastOmit<Omit<ButtonProps & RefAttributes<HTMLButtonElement>, "ref"> & { ref?: ((instance: HTMLButtonElement | null) => void) | RefObject<...> | null | undefined; }, never>): ReactNode', gave the following error.
    Type '{ children: (string | Element)[]; variant: string; onClick: () => Promise<void>; disabled: boolean; }' is not assignable to type 'IntrinsicAttributes & FastOmit<Omit<ButtonProps & RefAttributes<HTMLButtonElement>, "ref"> & { ...; }, never>'.
      Property 'variant' does not exist on type 'IntrinsicAttributes & FastOmit<Omit<ButtonProps & RefAttributes<HTMLButtonElement>, "ref"> & { ...; }, never>'.
src/components/Reports/DailyReportsPanel.tsx(1046,33): error TS7006: Parameter 'checked' implicitly has an 'any' type.
src/components/Reports/DataVisualizationPanel.tsx(6,25): error TS2307: Cannot find module 'html2canvas' or its corresponding type declarations.
src/components/Reports/DataVisualizationPanel.tsx(7,44): error TS2307: Cannot find module '../../types/reports' or its corresponding type declarations.
src/components/Reports/DataVisualizationPanel.tsx(114,7): error TS2322: Type '"bottom"' is not assignable to type '"inherit" | "alphabetic" | "hanging" | "ideographic" | "mathematical" | "auto" | "central" | "middle" | "text-after-edge" | "text-before-edge" | "no-change" | "reset-size" | "use-script" | undefined'.
src/components/Reports/DataVisualizationPanel.tsx(598,21): error TS7006: Parameter 'document' implicitly has an 'any' type.
src/components/Reports/DataVisualizationPanel.tsx(646,80): error TS18046: 'sum' is of type 'unknown'.
src/components/Reports/DataVisualizationPanel.tsx(647,84): error TS18046: 'sum' is of type 'unknown'.
src/components/Reports/DataVisualizationPanel.tsx(648,11): error TS2322: Type '{ name: string; value: unknown; }[]' is not assignable to type 'SummaryData[]'.
  Type '{ name: string; value: unknown; }' is not assignable to type 'SummaryData'.
    Types of property 'value' are incompatible.
      Type 'unknown' is not assignable to type 'number'.
src/components/Reports/DataVisualizationPanel.tsx(651,22): error TS18046: 'item.value' is of type 'unknown'.
src/components/Reports/DataVisualizationPanel.tsx(913,21): error TS2322: Type 'SummaryData[]' is not assignable to type 'ChartDataInput[]'.
  Type 'SummaryData' is not assignable to type 'ChartDataInput'.
    Index signature for type 'string' is missing in type 'SummaryData'.
src/components/Reports/DataVisualizationPanel.tsx(1003,32): error TS2322: Type 'DailyData[]' is not assignable to type 'ChartDataInput[]'.
  Type 'DailyData' is not assignable to type 'ChartDataInput'.
    Index signature for type 'string' is missing in type 'DailyData'.
src/components/Reports/DataVisualizationPanel.tsx(1017,32): error TS2322: Type 'DailyData[]' is not assignable to type 'ChartDataInput[]'.
  Type 'DailyData' is not assignable to type 'ChartDataInput'.
    Index signature for type 'string' is missing in type 'DailyData'.
src/components/Reports/DataVisualizationPanel.tsx(1032,30): error TS2322: Type 'SummaryData[]' is not assignable to type 'ChartDataInput[]'.
  Type 'SummaryData' is not assignable to type 'ChartDataInput'.
    Index signature for type 'string' is missing in type 'SummaryData'.
src/components/Reports/DataVisualizationPanel.tsx(1077,89): error TS2322: Type 'SummaryData[]' is not assignable to type 'ChartDataInput[]'.
  Type 'SummaryData' is not assignable to type 'ChartDataInput'.
    Index signature for type 'string' is missing in type 'SummaryData'.
src/components/Reports/DeliveryOptionsPanel.tsx(5,33): error TS2307: Cannot find module '../../types/reports' or its corresponding type declarations.
src/components/Reports/DeliveryOptionsPanel.tsx(6,28): error TS2307: Cannot find module '../../types/reports' or its corresponding type declarations.
src/components/Reports/DeliveryOptionsPanel.tsx(222,18): error TS7006: Parameter 'contact' implicitly has an 'any' type.
src/components/Reports/DeliveryOptionsPanel.tsx(223,14): error TS7006: Parameter 'contact' implicitly has an 'any' type.
src/components/Reports/DeliveryOptionsPanel.tsx(226,18): error TS7006: Parameter 'contact' implicitly has an 'any' type.
src/components/Reports/DeliveryOptionsPanel.tsx(227,14): error TS7006: Parameter 'contact' implicitly has an 'any' type.
src/components/Reports/DeliveryOptionsPanel.tsx(325,50): error TS7006: Parameter 'email' implicitly has an 'any' type.
src/components/Reports/DeliveryOptionsPanel.tsx(325,57): error TS7006: Parameter 'index' implicitly has an 'any' type.
src/components/Reports/DeliveryOptionsPanel.tsx(377,48): error TS7006: Parameter 'phone' implicitly has an 'any' type.
src/components/Reports/DeliveryOptionsPanel.tsx(377,55): error TS7006: Parameter 'index' implicitly has an 'any' type.
src/components/Reports/DetailedReportPage.tsx(11,54): error TS2307: Cannot find module './../../context/ReportDataContext' or its corresponding type declarations.
src/components/Reports/DetailedReportPage.tsx(12,38): error TS2307: Cannot find module '../../types/reports' or its corresponding type declarations.
src/components/Reports/EnhancedPDFGenerator.tsx(2,23): error TS2307: Cannot find module 'jspdf' or its corresponding type declarations.
src/components/Reports/EnhancedPDFGenerator.tsx(9,62): error TS2307: Cannot find module '../../types/reports' or its corresponding type declarations.
src/components/Reports/EnhancedPDFGenerator.tsx(12,16): error TS2664: Invalid module name in augmentation, module 'jspdf' cannot be found.
src/components/Reports/EnhancedPDFGenerator.tsx(1060,49): error TS2322: Type '{ children: (string | Element)[]; onClick: () => void; variant: string; }' is not assignable to type 'IntrinsicAttributes & ButtonProps & RefAttributes<HTMLButtonElement>'.
  Property 'variant' does not exist on type 'IntrinsicAttributes & ButtonProps & RefAttributes<HTMLButtonElement>'.
src/components/Reports/EnhancedPDFGenerator.tsx(1083,49): error TS2322: Type '{ children: (string | Element)[]; onClick: () => void; variant: string; disabled: boolean; }' is not assignable to type 'IntrinsicAttributes & ButtonProps & RefAttributes<HTMLButtonElement>'.
  Property 'variant' does not exist on type 'IntrinsicAttributes & ButtonProps & RefAttributes<HTMLButtonElement>'.
src/components/Reports/HeaderCustomization.tsx(8,26): error TS2307: Cannot find module '../ui/slider' or its corresponding type declarations.
src/components/Reports/HeaderCustomization.tsx(770,22): error TS2322: Type '{ children: (string | Element)[]; variant: string; className: string; }' is not assignable to type 'IntrinsicAttributes & BadgeProps'.
  Property 'variant' does not exist on type 'IntrinsicAttributes & BadgeProps'.
src/components/Reports/HeaderCustomization.tsx(1124,27): error TS2322: Type '{ children: (string | Element)[]; variant: string; size: string; }' is not assignable to type 'IntrinsicAttributes & ButtonProps & RefAttributes<HTMLButtonElement>'.
  Property 'variant' does not exist on type 'IntrinsicAttributes & ButtonProps & RefAttributes<HTMLButtonElement>'.
src/components/Reports/HeaderCustomization.tsx(1148,13): error TS2322: Type '{ children: (string | Element)[]; variant: string; onClick: () => void; disabled: boolean; }' is not assignable to type 'IntrinsicAttributes & ButtonProps & RefAttributes<HTMLButtonElement>'.
  Property 'variant' does not exist on type 'IntrinsicAttributes & ButtonProps & RefAttributes<HTMLButtonElement>'.
src/components/Reports/MediaManagementSystem.tsx(14,27): error TS2307: Cannot find module '../../types/reports' or its corresponding type declarations.
src/components/Reports/MediaManagementSystem.tsx(325,178): error TS7006: Parameter 'tag' implicitly has an 'any' type.
src/components/Reports/MediaManagementSystem.tsx(346,31): error TS2769: No overload matches this call.
  Overload 1 of 2, '(props: PolymorphicComponentProps<"web", FastOmit<Omit<ButtonProps & RefAttributes<HTMLButtonElement>, "ref"> & { ref?: ((instance: HTMLButtonElement | null) => void) | RefObject<...> | null | undefined; }, never>, void, void, {}, {}>): Element', gave the following error.
    Type '{ children: Element; variant: string; size: string; onClick: () => void; title: string; }' is not assignable to type 'IntrinsicAttributes & FastOmit<Substitute<FastOmit<Omit<ButtonProps & RefAttributes<HTMLButtonElement>, "ref"> & { ...; }, never>, FastOmit<...>>, keyof ExecutionProps> & FastOmit<...> & { ...; }'.
      Property 'variant' does not exist on type 'IntrinsicAttributes & FastOmit<Substitute<FastOmit<Omit<ButtonProps & RefAttributes<HTMLButtonElement>, "ref"> & { ...; }, never>, FastOmit<...>>, keyof ExecutionProps> & FastOmit<...> & { ...; }'.
  Overload 2 of 2, '(props: FastOmit<Omit<ButtonProps & RefAttributes<HTMLButtonElement>, "ref"> & { ref?: ((instance: HTMLButtonElement | null) => void) | RefObject<...> | null | undefined; }, never>): ReactNode', gave the following error.
    Type '{ children: Element; variant: string; size: string; onClick: () => void; title: string; }' is not assignable to type 'IntrinsicAttributes & FastOmit<Omit<ButtonProps & RefAttributes<HTMLButtonElement>, "ref"> & { ...; }, never>'.
      Property 'variant' does not exist on type 'IntrinsicAttributes & FastOmit<Omit<ButtonProps & RefAttributes<HTMLButtonElement>, "ref"> & { ...; }, never>'.
src/components/Reports/MediaManagementSystem.tsx(347,31): error TS2769: No overload matches this call.
  Overload 1 of 2, '(props: PolymorphicComponentProps<"web", FastOmit<Omit<ButtonProps & RefAttributes<HTMLButtonElement>, "ref"> & { ref?: ((instance: HTMLButtonElement | null) => void) | RefObject<...> | null | undefined; }, never>, void, void, {}, {}>): Element', gave the following error.
    Type '{ children: Element; variant: string; size: string; onClick: () => void; title: string; }' is not assignable to type 'IntrinsicAttributes & FastOmit<Substitute<FastOmit<Omit<ButtonProps & RefAttributes<HTMLButtonElement>, "ref"> & { ...; }, never>, FastOmit<...>>, keyof ExecutionProps> & FastOmit<...> & { ...; }'.
      Property 'variant' does not exist on type 'IntrinsicAttributes & FastOmit<Substitute<FastOmit<Omit<ButtonProps & RefAttributes<HTMLButtonElement>, "ref"> & { ...; }, never>, FastOmit<...>>, keyof ExecutionProps> & FastOmit<...> & { ...; }'.
  Overload 2 of 2, '(props: FastOmit<Omit<ButtonProps & RefAttributes<HTMLButtonElement>, "ref"> & { ref?: ((instance: HTMLButtonElement | null) => void) | RefObject<...> | null | undefined; }, never>): ReactNode', gave the following error.
    Type '{ children: Element; variant: string; size: string; onClick: () => void; title: string; }' is not assignable to type 'IntrinsicAttributes & FastOmit<Omit<ButtonProps & RefAttributes<HTMLButtonElement>, "ref"> & { ...; }, never>'.
      Property 'variant' does not exist on type 'IntrinsicAttributes & FastOmit<Omit<ButtonProps & RefAttributes<HTMLButtonElement>, "ref"> & { ...; }, never>'.
src/components/Reports/MediaManagementSystem.tsx(351,59): error TS7006: Parameter 'value' implicitly has an 'any' type.
src/components/Reports/MediaManagementSystem.tsx(367,23): error TS2322: Type '{ children: (string | Element)[]; variant: string; onClick: () => void | undefined; }' is not assignable to type 'IntrinsicAttributes & ButtonProps & RefAttributes<HTMLButtonElement>'.
  Property 'variant' does not exist on type 'IntrinsicAttributes & ButtonProps & RefAttributes<HTMLButtonElement>'.
src/components/Reports/MediaManagementSystem.tsx(371,33): error TS2769: No overload matches this call.
  Overload 1 of 2, '(props: PolymorphicComponentProps<"web", FastOmit<Omit<ButtonProps & RefAttributes<HTMLButtonElement>, "ref"> & { ref?: ((instance: HTMLButtonElement | null) => void) | RefObject<...> | null | undefined; }, never>, void, void, {}, {}>): Element', gave the following error.
    Type '{ children: (string | Element)[]; variant: string; onClick: () => void; style: { marginLeft: string; }; }' is not assignable to type 'IntrinsicAttributes & FastOmit<Substitute<FastOmit<Omit<ButtonProps & RefAttributes<HTMLButtonElement>, "ref"> & { ...; }, never>, FastOmit<...>>, keyof ExecutionProps> & FastOmit<...> & { ...; }'.
      Property 'variant' does not exist on type 'IntrinsicAttributes & FastOmit<Substitute<FastOmit<Omit<ButtonProps & RefAttributes<HTMLButtonElement>, "ref"> & { ...; }, never>, FastOmit<...>>, keyof ExecutionProps> & FastOmit<...> & { ...; }'.
  Overload 2 of 2, '(props: FastOmit<Omit<ButtonProps & RefAttributes<HTMLButtonElement>, "ref"> & { ref?: ((instance: HTMLButtonElement | null) => void) | RefObject<...> | null | undefined; }, never>): ReactNode', gave the following error.
    Type '{ children: (string | Element)[]; variant: string; onClick: () => void; style: { marginLeft: string; }; }' is not assignable to type 'IntrinsicAttributes & FastOmit<Omit<ButtonProps & RefAttributes<HTMLButtonElement>, "ref"> & { ...; }, never>'.
      Property 'variant' does not exist on type 'IntrinsicAttributes & FastOmit<Omit<ButtonProps & RefAttributes<HTMLButtonElement>, "ref"> & { ...; }, never>'.
src/components/Reports/MediaManagementSystem.tsx(396,37): error TS2769: No overload matches this call.
  Overload 1 of 2, '(props: PolymorphicComponentProps<"web", FastOmit<Omit<ButtonProps & RefAttributes<HTMLButtonElement>, "ref"> & { ref?: ((instance: HTMLButtonElement | null) => void) | RefObject<...> | null | undefined; }, never>, void, void, {}, {}>): Element', gave the following error.
    Type '{ children: (string | Element)[]; variant: string; size: string; onClick: () => void; disabled: boolean; }' is not assignable to type 'IntrinsicAttributes & FastOmit<Substitute<FastOmit<Omit<ButtonProps & RefAttributes<HTMLButtonElement>, "ref"> & { ...; }, never>, FastOmit<...>>, keyof ExecutionProps> & FastOmit<...> & { ...; }'.
      Property 'variant' does not exist on type 'IntrinsicAttributes & FastOmit<Substitute<FastOmit<Omit<ButtonProps & RefAttributes<HTMLButtonElement>, "ref"> & { ...; }, never>, FastOmit<...>>, keyof ExecutionProps> & FastOmit<...> & { ...; }'.
  Overload 2 of 2, '(props: FastOmit<Omit<ButtonProps & RefAttributes<HTMLButtonElement>, "ref"> & { ref?: ((instance: HTMLButtonElement | null) => void) | RefObject<...> | null | undefined; }, never>): ReactNode', gave the following error.
    Type '{ children: (string | Element)[]; variant: string; size: string; onClick: () => void; disabled: boolean; }' is not assignable to type 'IntrinsicAttributes & FastOmit<Omit<ButtonProps & RefAttributes<HTMLButtonElement>, "ref"> & { ...; }, never>'.
      Property 'variant' does not exist on type 'IntrinsicAttributes & FastOmit<Omit<ButtonProps & RefAttributes<HTMLButtonElement>, "ref"> & { ...; }, never>'.
src/components/Reports/MediaManagementSystem.tsx(399,37): error TS2769: No overload matches this call.
  Overload 1 of 2, '(props: PolymorphicComponentProps<"web", FastOmit<Omit<ButtonProps & RefAttributes<HTMLButtonElement>, "ref"> & { ref?: ((instance: HTMLButtonElement | null) => void) | RefObject<...> | null | undefined; }, never>, void, void, {}, {}>): Element', gave the following error.
    Type '{ children: (string | Element)[]; variant: string; size: string; onClick: () => void; }' is not assignable to type 'IntrinsicAttributes & FastOmit<Substitute<FastOmit<Omit<ButtonProps & RefAttributes<HTMLButtonElement>, "ref"> & { ...; }, never>, FastOmit<...>>, keyof ExecutionProps> & FastOmit<...> & { ...; }'.
      Property 'variant' does not exist on type 'IntrinsicAttributes & FastOmit<Substitute<FastOmit<Omit<ButtonProps & RefAttributes<HTMLButtonElement>, "ref"> & { ...; }, never>, FastOmit<...>>, keyof ExecutionProps> & FastOmit<...> & { ...; }'.
  Overload 2 of 2, '(props: FastOmit<Omit<ButtonProps & RefAttributes<HTMLButtonElement>, "ref"> & { ref?: ((instance: HTMLButtonElement | null) => void) | RefObject<...> | null | undefined; }, never>): ReactNode', gave the following error.
    Type '{ children: (string | Element)[]; variant: string; size: string; onClick: () => void; }' is not assignable to type 'IntrinsicAttributes & FastOmit<Omit<ButtonProps & RefAttributes<HTMLButtonElement>, "ref"> & { ...; }, never>'.
      Property 'variant' does not exist on type 'IntrinsicAttributes & FastOmit<Omit<ButtonProps & RefAttributes<HTMLButtonElement>, "ref"> & { ...; }, never>'.
src/components/Reports/MediaManagementSystem.tsx(510,34): error TS2769: No overload matches this call.
  Overload 1 of 2, '(props: PolymorphicComponentProps<"web", FastOmit<BadgeProps, never>, void, void, {}, {}>): Element', gave the following error.
    Type '{ children: (string | Element)[]; variant: string; }' is not assignable to type 'IntrinsicAttributes & FastOmit<Substitute<FastOmit<BadgeProps, never>, FastOmit<{}, never>>, keyof ExecutionProps> & FastOmit<...> & { ...; }'.
      Property 'variant' does not exist on type 'IntrinsicAttributes & FastOmit<Substitute<FastOmit<BadgeProps, never>, FastOmit<{}, never>>, keyof ExecutionProps> & FastOmit<...> & { ...; }'.
  Overload 2 of 2, '(props: FastOmit<BadgeProps, never>): ReactNode', gave the following error.
    Type '{ children: (string | Element)[]; variant: string; }' is not assignable to type 'IntrinsicAttributes & FastOmit<BadgeProps, never>'.
      Property 'variant' does not exist on type 'IntrinsicAttributes & FastOmit<BadgeProps, never>'.
src/components/Reports/MetricsVisualizationPanel.tsx(5,29): error TS2307: Cannot find module '../../types/reports' or its corresponding type declarations.
src/components/Reports/MetricsVisualizationPanel.tsx(75,74): error TS18046: 'sum' is of type 'unknown'.
src/components/Reports/MetricsVisualizationPanel.tsx(75,80): error TS18046: 'val' is of type 'unknown'.
src/components/Reports/MetricsVisualizationPanel.tsx(79,76): error TS18046: 'sum' is of type 'unknown'.
src/components/Reports/MetricsVisualizationPanel.tsx(79,82): error TS18046: 'val' is of type 'unknown'.
src/components/Reports/MetricsVisualizationPanel.tsx(87,5): error TS2345: Argument of type 'unknown' is not assignable to parameter of type 'number'.
src/components/Reports/MetricsVisualizationPanel.tsx(126,48): error TS18046: 'value' is of type 'unknown'.
src/components/Reports/PreviewPanel.tsx(5,25): error TS2307: Cannot find module 'html2canvas' or its corresponding type declarations.
src/components/Reports/PreviewPanel.tsx(6,23): error TS2307: Cannot find module 'jspdf' or its corresponding type declarations.
src/components/Reports/PreviewPanel.tsx(7,102): error TS2307: Cannot find module '../../types/reports' or its corresponding type declarations.
src/components/Reports/PreviewPanel.tsx(8,31): error TS2307: Cannot find module './../../context/ReportDataContext' or its corresponding type declarations.
src/components/Reports/PropertyInfoPage.tsx(5,41): error TS2307: Cannot find module '../../types/reports' or its corresponding type declarations.
src/components/Reports/PropertyInfoPage.tsx(6,31): error TS2307: Cannot find module './../../context/ReportDataContext' or its corresponding type declarations.
src/components/Reports/PropertyInfoPanel.tsx(5,41): error TS2307: Cannot find module '../../types/reports' or its corresponding type declarations.
src/components/Reports/PropertyInfoPanel.tsx(307,23): error TS7006: Parameter 'prev' implicitly has an 'any' type.
src/components/Reports/PropertyInfoPanel.tsx(316,23): error TS7006: Parameter 'prev' implicitly has an 'any' type.
src/components/Reports/QuickIncidentReport.tsx(22,32): error TS2307: Cannot find module '../../services/reportService' or its corresponding type declarations.
src/components/Reports/QuickIncidentReport.tsx(807,13): error TS2322: Type '{ children: (string | Element)[]; type: "button"; variant: string; onClick: () => void | undefined; }' is not assignable to type 'IntrinsicAttributes & ButtonProps & RefAttributes<HTMLButtonElement>'.
  Property 'variant' does not exist on type 'IntrinsicAttributes & ButtonProps & RefAttributes<HTMLButtonElement>'.
src/components/Reports/QuickIncidentReport.tsx(816,13): error TS2322: Type '{ children: (string | Element)[]; type: "button"; variant: string; onClick: () => void | undefined; }' is not assignable to type 'IntrinsicAttributes & ButtonProps & RefAttributes<HTMLButtonElement>'.
  Property 'variant' does not exist on type 'IntrinsicAttributes & ButtonProps & RefAttributes<HTMLButtonElement>'.
src/components/Reports/QuickIncidentReport.tsx(953,11): error TS2322: Type '{ children: (string | Element)[]; type: "button"; variant: string; onClick: () => void; disabled: boolean; }' is not assignable to type 'IntrinsicAttributes & ButtonProps & RefAttributes<HTMLButtonElement>'.
  Property 'variant' does not exist on type 'IntrinsicAttributes & ButtonProps & RefAttributes<HTMLButtonElement>'.
src/components/Reports/ReportAnalyticsDashboard.tsx(1061,19): error TS2322: Type '{ children: (string | Element)[]; variant: string; size: string; onClick: () => void; }' is not assignable to type 'IntrinsicAttributes & ButtonProps & RefAttributes<HTMLButtonElement>'.
  Property 'variant' does not exist on type 'IntrinsicAttributes & ButtonProps & RefAttributes<HTMLButtonElement>'.
src/components/Reports/ReportAnalyticsDashboard.tsx(1065,19): error TS2322: Type '{ children: (string | Element)[]; variant: string; size: string; onClick: () => void; }' is not assignable to type 'IntrinsicAttributes & ButtonProps & RefAttributes<HTMLButtonElement>'.
  Property 'variant' does not exist on type 'IntrinsicAttributes & ButtonProps & RefAttributes<HTMLButtonElement>'.
src/components/Reports/ReportAnalyticsDashboard.tsx(1291,25): error TS2322: Type '({ name, percent }: { name: string; percent?: number; }) => string' is not assignable to type 'PieLabel | undefined'.
  Type '({ name, percent }: { name: string; percent?: number; }) => string' is not assignable to type '(props: PieLabelRenderProps) => ReactNode | ReactElement<SVGElement, string | JSXElementConstructor<any>>'.
    Types of parameters '__0' and 'props' are incompatible.
      Type 'PieLabelRenderProps' is not assignable to type '{ name: string; percent?: number | undefined; }'.
        Types of property 'name' are incompatible.
          Type 'string | undefined' is not assignable to type 'string'.
            Type 'undefined' is not assignable to type 'string'.
src/components/Reports/ReportAnalyticsDashboard.tsx(1414,41): error TS2322: Type '{ children: Element; variant: string; size: string; }' is not assignable to type 'IntrinsicAttributes & ButtonProps & RefAttributes<HTMLButtonElement>'.
  Property 'variant' does not exist on type 'IntrinsicAttributes & ButtonProps & RefAttributes<HTMLButtonElement>'.
src/components/Reports/ReportAnalyticsDashboard.tsx(1417,41): error TS2322: Type '{ children: Element; variant: string; size: string; }' is not assignable to type 'IntrinsicAttributes & ButtonProps & RefAttributes<HTMLButtonElement>'.
  Property 'variant' does not exist on type 'IntrinsicAttributes & ButtonProps & RefAttributes<HTMLButtonElement>'.
src/components/Reports/ReportAnalyticsDashboard.tsx(1421,35): error TS2322: Type '{ children: Element; variant: string; size: string; onClick: () => void; }' is not assignable to type 'IntrinsicAttributes & ButtonProps & RefAttributes<HTMLButtonElement>'.
  Property 'variant' does not exist on type 'IntrinsicAttributes & ButtonProps & RefAttributes<HTMLButtonElement>'.
src/components/Reports/ReportAnalyticsDashboard.tsx(1473,45): error TS2322: Type '{ children: (string | Element)[]; variant: string; size: string; }' is not assignable to type 'IntrinsicAttributes & ButtonProps & RefAttributes<HTMLButtonElement>'.
  Property 'variant' does not exist on type 'IntrinsicAttributes & ButtonProps & RefAttributes<HTMLButtonElement>'.
src/components/Reports/ReportAnalyticsDashboard.tsx(1495,29): error TS2322: Type '{ children: string; variant: string; size: string; onClick: () => void; disabled: boolean; }' is not assignable to type 'IntrinsicAttributes & ButtonProps & RefAttributes<HTMLButtonElement>'.
  Property 'variant' does not exist on type 'IntrinsicAttributes & ButtonProps & RefAttributes<HTMLButtonElement>'.
src/components/Reports/ReportAnalyticsDashboard.tsx(1501,29): error TS2322: Type '{ children: string; variant: string; size: string; onClick: () => void; disabled: boolean; }' is not assignable to type 'IntrinsicAttributes & ButtonProps & RefAttributes<HTMLButtonElement>'.
  Property 'variant' does not exist on type 'IntrinsicAttributes & ButtonProps & RefAttributes<HTMLButtonElement>'.
src/components/Reports/ReportAnalyticsDashboard.tsx(1556,25): error TS2322: Type '({ name, percent }: { name: string; percent?: number; }) => string' is not assignable to type 'PieLabel | undefined'.
  Type '({ name, percent }: { name: string; percent?: number; }) => string' is not assignable to type '(props: PieLabelRenderProps) => ReactNode | ReactElement<SVGElement, string | JSXElementConstructor<any>>'.
    Types of parameters '__0' and 'props' are incompatible.
      Type 'PieLabelRenderProps' is not assignable to type '{ name: string; percent?: number | undefined; }'.
        Types of property 'name' are incompatible.
          Type 'string | undefined' is not assignable to type 'string'.
            Type 'undefined' is not assignable to type 'string'.
src/components/Reports/ReportExport.tsx(15,19): error TS2307: Cannot find module 'jspdf' or its corresponding type declarations.
src/components/Reports/ReportsIntegration.tsx(5,23): error TS2307: Cannot find module 'jspdf' or its corresponding type declarations.
src/components/Reports/ReportsIntegration.tsx(7,10): error TS2724: '"../../hooks/use-toast"' has no exported member named 'toast'. Did you mean 'Toast'?
src/components/Reports/ReportsIntegration.tsx(8,25): error TS2307: Cannot find module 'html2canvas' or its corresponding type declarations.
src/components/Reports/ReportsIntegration.tsx(12,44): error TS2307: Cannot find module '../Reports/DataVisualization' or its corresponding type declarations.
src/components/Reports/ReportsIntegration.tsx(16,38): error TS2307: Cannot find module '../Reports/DualLogoHeaderCustomizer' or its corresponding type declarations.
src/components/Reports/ReportsIntegration.tsx(18,36): error TS2307: Cannot find module '../Reports/ReportDelivery' or its corresponding type declarations.
src/components/Reports/ReportsIntegration.tsx(905,15): error TS2322: Type '{ client: ClientData | null; themeSettings: ThemeSettings; metrics: MetricsData; dailyReports: DailyReport[]; summaryNotes: string; ... 9 more ...; rightLogo: string | undefined; }' is not assignable to type 'IntrinsicAttributes & EnhancedPreviewPanelProps'.
  Property 'client' does not exist on type 'IntrinsicAttributes & EnhancedPreviewPanelProps'.
src/components/Reports/ThemeBuilder.tsx(7,31): error TS2307: Cannot find module '../../types/reports' or its corresponding type declarations.
src/components/Reports/ThemeBuilder.tsx(238,7): error TS2353: Object literal may only specify known properties, and 'primaryColor' does not exist in type 'Partial<ExtendedThemeSettings>'.
src/components/Reports/ThemeBuilder.tsx(324,29): error TS2339: Property 'primaryColor' does not exist on type 'ExtendedThemeSettings'.
src/components/Reports/ThemeBuilder.tsx(325,41): error TS2353: Object literal may only specify known properties, and 'primaryColor' does not exist in type 'Partial<ExtendedThemeSettings>'.
src/components/Reports/ThemeBuilder.tsx(333,29): error TS2339: Property 'secondaryColor' does not exist on type 'ExtendedThemeSettings'.
src/components/Reports/ThemeBuilder.tsx(334,41): error TS2353: Object literal may only specify known properties, and 'secondaryColor' does not exist in type 'Partial<ExtendedThemeSettings>'.
src/components/Reports/ThemeBuilder.tsx(342,29): error TS2339: Property 'accentColor' does not exist on type 'ExtendedThemeSettings'.
src/components/Reports/ThemeBuilder.tsx(343,41): error TS2353: Object literal may only specify known properties, and 'accentColor' does not exist in type 'Partial<ExtendedThemeSettings>'.
src/components/Reports/ThemeBuilder.tsx(350,29): error TS2339: Property 'fontFamily' does not exist on type 'ExtendedThemeSettings'.
src/components/Reports/ThemeBuilder.tsx(351,41): error TS2353: Object literal may only specify known properties, and 'fontFamily' does not exist in type 'Partial<ExtendedThemeSettings>'.
src/components/Reports/ThemeBuilder.tsx(376,28): error TS2339: Property 'secondaryColor' does not exist on type 'ExtendedThemeSettings'.
src/components/Reports/ThemeBuilder.tsx(377,30): error TS2339: Property 'primaryColor' does not exist on type 'ExtendedThemeSettings'.
src/components/Reports/ThemeBuilder.tsx(386,46): error TS2339: Property 'accentColor' does not exist on type 'ExtendedThemeSettings'.
src/components/Reports/ThemeBuilder.tsx(395,62): error TS2339: Property 'primaryColor' does not exist on type 'ExtendedThemeSettings'.
src/components/Reports/ThemeBuilder.tsx(395,105): error TS2339: Property 'secondaryColor' does not exist on type 'ExtendedThemeSettings'.
src/components/Reports/ThemeBuilder.tsx(399,57): error TS2339: Property 'accentColor' does not exist on type 'ExtendedThemeSettings'.
src/components/Schedule/CustomToolbar.tsx(11,26): error TS7016: Could not find a declaration file for module 'react-big-calendar'. 'C:/Users/BigotSmasher/Desktop/quick-pt/SS-PT/frontend/node_modules/react-big-calendar/lib/index.js' implicitly has an 'any' type.
  Try `npm i --save-dev @types/react-big-calendar` if it exists or add a new declaration (.d.ts) file containing `declare module 'react-big-calendar';`
src/components/Schedule/FullCalendar.tsx(8,26): error TS2307: Cannot find module '@fullcalendar/react' or its corresponding type declarations.
src/components/Schedule/FullCalendar.tsx(9,27): error TS2307: Cannot find module '@fullcalendar/daygrid' or its corresponding type declarations.
src/components/Schedule/FullCalendar.tsx(10,28): error TS2307: Cannot find module '@fullcalendar/timegrid' or its corresponding type declarations.
src/components/Schedule/FullCalendar.tsx(11,31): error TS2307: Cannot find module '@fullcalendar/interaction' or its corresponding type declarations.
src/components/Schedule/FullCalendar.tsx(20,3): error TS2614: Module '"../../redux/slices/scheduleSlice"' has no exported member 'fetchSessions'. Did you mean to use 'import fetchSessions from "../../redux/slices/scheduleSlice"' instead?
src/components/Schedule/FullCalendar.tsx(23,10): error TS2614: Module '"../../redux/slices/scheduleSlice"' has no exported member 'SessionEvent'. Did you mean to use 'import SessionEvent from "../../redux/slices/scheduleSlice"' instead?
src/components/Schedule/FullCalendar.tsx(122,29): error TS2339: Property 'reason' does not exist on type 'Session'.
src/components/Schedule/FullCalendar.tsx(123,17): error TS2339: Property 'title' does not exist on type 'Session'.
src/components/Schedule/FullCalendar.tsx(124,29): error TS2339: Property 'start' does not exist on type 'Session'.
src/components/Schedule/FullCalendar.tsx(125,27): error TS2339: Property 'end' does not exist on type 'Session'.
src/components/Schedule/schedule.tsx(30,59): error TS7016: Could not find a declaration file for module 'react-big-calendar'. 'C:/Users/BigotSmasher/Desktop/quick-pt/SS-PT/frontend/node_modules/react-big-calendar/lib/index.js' implicitly has an 'any' type.
  Try `npm i --save-dev @types/react-big-calendar` if it exists or add a new declaration (.d.ts) file containing `declare module 'react-big-calendar';`
src/components/Schedule/schedule.tsx(1262,17): error TS2304: Cannot find name 'useTheme'.
src/components/Schedule/schedule.tsx(1263,20): error TS2304: Cannot find name 'useMediaQuery'.
src/components/Schedule/schedule.tsx(1373,14): error TS7053: Element implicitly has an 'any' type because expression of type 'string' can't be used to index type '{ title: string; location: string; notes: string; trainerId: string; duration: number; reason: string; startDate: string; startTime: string; blockType: "monthly" | "yearly" | "weekly" | "single"; ... 5 more ...; untilDate: string; }'.
  No index signature with a parameter of type 'string' was found on type '{ title: string; location: string; notes: string; trainerId: string; duration: number; reason: string; startDate: string; startTime: string; blockType: "monthly" | "yearly" | "weekly" | "single"; ... 5 more ...; untilDate: string; }'.
src/components/Schedule/schedule.tsx(1477,39): error TS2322: Type '{ start: any; end: Date; title: string; location: string; trainerId: string | undefined; notes: string; duration: number; status: string; }' is not assignable to type '{ start: string; end?: string | undefined; duration?: number | undefined; trainerId?: string | undefined; location?: string | undefined; notes?: string | undefined; sessionType?: string | undefined; }'.
  Types of property 'end' are incompatible.
    Type 'Date' is not assignable to type 'string'.
src/components/Schedule/schedule.tsx(1503,7): error TS2322: Type 'undefined' is not assignable to type 'string'.
src/components/Schedule/schedule.tsx(1563,39): error TS2322: Type '{ start: Date; end: Date; title: string; location: string; notes: string; trainerId: string; status: string; duration: number; }' is not assignable to type '{ start: string; end?: string | undefined; duration?: number | undefined; trainerId?: string | undefined; location?: string | undefined; notes?: string | undefined; sessionType?: string | undefined; }'.
  Types of property 'start' are incompatible.
    Type 'Date' is not assignable to type 'string'.
src/components/Schedule/schedule.tsx(1630,34): error TS2345: Argument of type 'string' is not assignable to parameter of type '{ sessionId: string; bookingData?: any; }'.
src/components/Schedule/schedule.tsx(1652,28): error TS2345: Argument of type 'string' is not assignable to parameter of type '{ sessionId: string; reason?: string | undefined; }'.
src/components/Schedule/schedule.tsx(1672,28): error TS2345: Argument of type 'string' is not assignable to parameter of type '{ sessionId: string; reason?: string | undefined; }'.
src/components/Schedule/schedule.tsx(1755,16): error TS2304: Cannot find name 'RefreshIcon'.
src/components/Schedule/schedule.tsx(1775,28): error TS2304: Cannot find name 'AddIcon'.
src/components/Schedule/schedule.tsx(1823,28): error TS2304: Cannot find name 'CancelIcon'.
src/components/Schedule/schedule.tsx(1837,29): error TS2339: Property 'total' does not exist on type 'ScheduleStats'.
src/components/Schedule/schedule.tsx(1841,29): error TS2339: Property 'available' does not exist on type 'ScheduleStats'.
src/components/Schedule/schedule.tsx(1845,29): error TS2339: Property 'booked' does not exist on type 'ScheduleStats'.
src/components/Schedule/schedule.tsx(1849,29): error TS2339: Property 'completed' does not exist on type 'ScheduleStats'.
src/components/Schedule/schedule.tsx(1853,24): error TS2769: No overload matches this call.
  Overload 1 of 2, '(props: PolymorphicComponentProps<"web", FastOmit<DetailedHTMLProps<HTMLAttributes<HTMLDivElement>, HTMLDivElement>, never>, void, void, {}, {}>): Element', gave the following error.
    Type '{ children: (false | "" | Element | null)[]; variants: { hidden: { opacity: number; y: number; }; visible: { opacity: number; y: number; transition: { duration: number; }; }; }; }' is not assignable to type 'IntrinsicAttributes & FastOmit<Substitute<FastOmit<DetailedHTMLProps<HTMLAttributes<HTMLDivElement>, HTMLDivElement>, never>, FastOmit<...>>, keyof ExecutionProps> & FastOmit<...> & { ...; }'.
      Property 'variants' does not exist on type 'IntrinsicAttributes & FastOmit<Substitute<FastOmit<DetailedHTMLProps<HTMLAttributes<HTMLDivElement>, HTMLDivElement>, never>, FastOmit<...>>, keyof ExecutionProps> & FastOmit<...> & { ...; }'.
  Overload 2 of 2, '(props: FastOmit<DetailedHTMLProps<HTMLAttributes<HTMLDivElement>, HTMLDivElement>, never>): ReactNode', gave the following error.
    Type '{ children: (false | "" | Element | null)[]; variants: { hidden: { opacity: number; y: number; }; visible: { opacity: number; y: number; transition: { duration: number; }; }; }; }' is not assignable to type 'IntrinsicAttributes & FastOmit<DetailedHTMLProps<HTMLAttributes<HTMLDivElement>, HTMLDivElement>, never>'.
      Property 'variants' does not exist on type 'IntrinsicAttributes & FastOmit<DetailedHTMLProps<HTMLAttributes<HTMLDivElement>, HTMLDivElement>, never>'.
src/components/Schedule/schedule.tsx(1890,14): error TS2304: Cannot find name 'EventIcon'.
src/components/Schedule/schedule.tsx(1911,28): error TS2304: Cannot find name 'AddIcon'.
src/components/Schedule/schedule.tsx(1934,24): error TS2304: Cannot find name 'ViewSwitcherToolbar'.
src/components/Schedule/schedule.tsx(1947,25): error TS7006: Parameter 'total' implicitly has an 'any' type.
src/components/Schedule/schedule.tsx(1980,18): error TS2304: Cannot find name 'CancelIcon'.
src/components/Schedule/schedule.tsx(2006,26): error TS2304: Cannot find name 'EventIcon'.
src/components/Schedule/schedule.tsx(2019,26): error TS2304: Cannot find name 'CancelIcon'.
src/components/Schedule/schedule.tsx(2423,84): error TS18047: 'selectedEvent' is possibly 'null'.
src/components/Schedule/schedule.tsx(2425,35): error TS18047: 'selectedEvent' is possibly 'null'.
src/components/Schedule/schedule.tsx(2444,54): error TS18047: 'selectedEvent' is possibly 'null'.
src/components/Schedule/schedule.tsx(2446,50): error TS18047: 'selectedEvent' is possibly 'null'.
src/components/Schedule/schedule.tsx(2460,41): error TS18047: 'selectedEvent' is possibly 'null'.
src/components/Schedule/schedule.tsx(2470,25): error TS18047: 'selectedEvent' is possibly 'null'.
src/components/Schedule/schedule.tsx(2471,25): error TS18047: 'selectedEvent' is possibly 'null'.
src/components/Schedule/schedule.tsx(2472,25): error TS18047: 'selectedEvent' is possibly 'null'.
src/components/Schedule/schedule.tsx(2473,25): error TS18047: 'selectedEvent' is possibly 'null'.
src/components/Schedule/schedule.tsx(2476,25): error TS18047: 'selectedEvent' is possibly 'null'.
src/components/Schedule/schedule.tsx(2477,25): error TS18047: 'selectedEvent' is possibly 'null'.
src/components/Schedule/schedule.tsx(2478,25): error TS18047: 'selectedEvent' is possibly 'null'.
src/components/Schedule/schedule.tsx(2479,25): error TS18047: 'selectedEvent' is possibly 'null'.
src/components/Schedule/schedule.tsx(2482,24): error TS18047: 'selectedEvent' is possibly 'null'.
src/components/Schedule/schedule.tsx(2487,62): error TS18047: 'selectedEvent' is possibly 'null'.
src/components/Schedule/schedule.tsx(2492,62): error TS18047: 'selectedEvent' is possibly 'null'.
src/components/Schedule/schedule.tsx(2492,111): error TS18047: 'selectedEvent' is possibly 'null'.
src/components/Schedule/schedule.tsx(2495,22): error TS18047: 'selectedEvent' is possibly 'null'.
src/components/Schedule/schedule.tsx(2498,57): error TS18047: 'selectedEvent' is possibly 'null'.
src/components/Schedule/schedule.tsx(2502,22): error TS18047: 'selectedEvent' is possibly 'null'.
src/components/Schedule/schedule.tsx(2505,57): error TS18047: 'selectedEvent' is possibly 'null'.
src/components/Schedule/schedule.tsx(2505,57): error TS18048: 'selectedEvent.trainer' is possibly 'undefined'.
src/components/Schedule/schedule.tsx(2505,91): error TS18047: 'selectedEvent' is possibly 'null'.
src/components/Schedule/schedule.tsx(2505,91): error TS18048: 'selectedEvent.trainer' is possibly 'undefined'.
src/components/Schedule/schedule.tsx(2509,22): error TS18047: 'selectedEvent' is possibly 'null'.
src/components/Schedule/schedule.tsx(2512,57): error TS18047: 'selectedEvent' is possibly 'null'.
src/components/Schedule/schedule.tsx(2512,57): error TS18048: 'selectedEvent.client' is possibly 'undefined'.
src/components/Schedule/schedule.tsx(2512,90): error TS18047: 'selectedEvent' is possibly 'null'.
src/components/Schedule/schedule.tsx(2512,90): error TS18048: 'selectedEvent.client' is possibly 'undefined'.
src/components/Schedule/schedule.tsx(2517,20): error TS18047: 'selectedEvent' is possibly 'null'.
src/components/Schedule/schedule.tsx(2520,27): error TS18047: 'selectedEvent' is possibly 'null'.
src/components/Schedule/schedule.tsx(2533,22): error TS18047: 'selectedEvent' is possibly 'null'.
src/components/Schedule/schedule.tsx(2534,37): error TS18047: 'selectedEvent' is possibly 'null'.
src/components/Schedule/schedule.tsx(2537,61): error TS18047: 'selectedEvent' is possibly 'null'.
src/components/Schedule/schedule.tsx(2544,68): error TS18047: 'selectedEvent' is possibly 'null'.
src/components/Schedule/schedule.tsx(2545,48): error TS18047: 'selectedEvent' is possibly 'null'.
src/components/Schedule/schedule.tsx(2546,36): error TS18047: 'selectedEvent' is possibly 'null'.
src/components/Schedule/schedule.tsx(2550,60): error TS18047: 'selectedEvent' is possibly 'null'.
src/components/Schedule/schedule.tsx(2557,22): error TS18047: 'selectedEvent' is possibly 'null'.
src/components/Schedule/schedule.tsx(2558,38): error TS18047: 'selectedEvent' is possibly 'null'.
src/components/Schedule/schedule.tsx(2558,79): error TS18047: 'selectedEvent' is possibly 'null'.
src/components/Schedule/schedule.tsx(2563,66): error TS18047: 'selectedEvent' is possibly 'null'.
src/components/Schedule/schedule.tsx(2568,26): error TS18047: 'selectedEvent' is possibly 'null'.
src/components/Schedule/schedule.tsx(2568,40): error TS2339: Property 'isRecurring' does not exist on type 'SessionEvent'.
src/components/Schedule/schedule.tsx(2572,68): error TS18047: 'selectedEvent' is possibly 'null'.
src/components/Schedule/schedule.tsx(2592,62): error TS18047: 'selectedEvent' is possibly 'null'.
src/components/Schedule/schedule.tsx(2597,62): error TS18047: 'selectedEvent' is possibly 'null'.
src/components/Schedule/schedule.tsx(2597,111): error TS18047: 'selectedEvent' is possibly 'null'.
src/components/Schedule/schedule.tsx(2600,22): error TS18047: 'selectedEvent' is possibly 'null'.
src/components/Schedule/schedule.tsx(2603,57): error TS18047: 'selectedEvent' is possibly 'null'.
src/components/Schedule/schedule.tsx(2607,22): error TS18047: 'selectedEvent' is possibly 'null'.
src/components/Schedule/schedule.tsx(2610,57): error TS18047: 'selectedEvent' is possibly 'null'.
src/components/Schedule/schedule.tsx(2610,57): error TS18048: 'selectedEvent.trainer' is possibly 'undefined'.
src/components/Schedule/schedule.tsx(2610,91): error TS18047: 'selectedEvent' is possibly 'null'.
src/components/Schedule/schedule.tsx(2610,91): error TS18048: 'selectedEvent.trainer' is possibly 'undefined'.
src/components/Schedule/schedule.tsx(2631,56): error TS18047: 'selectedEvent' is possibly 'null'.
src/components/SessionDashboard/TrainerClientSessions.tsx(182,34): error TS2339: Property 'active' does not exist on type 'ExecutionContext & FastOmit<DetailedHTMLProps<HTMLAttributes<HTMLDivElement>, HTMLDivElement>, never>'.
src/components/SessionDashboard/TrainerClientSessions.tsx(183,34): error TS2339: Property 'active' does not exist on type 'ExecutionContext & FastOmit<DetailedHTMLProps<HTMLAttributes<HTMLDivElement>, HTMLDivElement>, never>'.
src/components/SessionDashboard/TrainerClientSessions.tsx(642,31): error TS2769: No overload matches this call.
  Overload 1 of 2, '(props: PolymorphicComponentProps<"web", FastOmit<DetailedHTMLProps<HTMLAttributes<HTMLDivElement>, HTMLDivElement>, never>, void, void, {}, {}>): Element', gave the following error.
    Type '{ children: Element[]; active: boolean; }' is not assignable to type 'IntrinsicAttributes & FastOmit<Substitute<FastOmit<DetailedHTMLProps<HTMLAttributes<HTMLDivElement>, HTMLDivElement>, never>, FastOmit<...>>, keyof ExecutionProps> & FastOmit<...> & { ...; }'.
      Property 'active' does not exist on type 'IntrinsicAttributes & FastOmit<Substitute<FastOmit<DetailedHTMLProps<HTMLAttributes<HTMLDivElement>, HTMLDivElement>, never>, FastOmit<...>>, keyof ExecutionProps> & FastOmit<...> & { ...; }'.
  Overload 2 of 2, '(props: FastOmit<DetailedHTMLProps<HTMLAttributes<HTMLDivElement>, HTMLDivElement>, never>): ReactNode', gave the following error.
    Type '{ children: Element[]; active: boolean; }' is not assignable to type 'IntrinsicAttributes & FastOmit<DetailedHTMLProps<HTMLAttributes<HTMLDivElement>, HTMLDivElement>, never>'.
      Property 'active' does not exist on type 'IntrinsicAttributes & FastOmit<DetailedHTMLProps<HTMLAttributes<HTMLDivElement>, HTMLDivElement>, never>'.
src/components/Shop/ProductDetail.tsx(225,29): error TS2367: This comparison appears to be unintentional because the types 'DefaultTheme' and 'string' have no overlap.
src/components/Shop/ProductDetail.tsx(550,48): error TS2769: No overload matches this call.
  Overload 1 of 2, '(props: PolymorphicComponentProps<"web", FastOmit<DetailedHTMLProps<LiHTMLAttributes<HTMLLIElement>, HTMLLIElement>, never>, void, void, {}, {}>): Element', gave the following error.
    Type 'string' is not assignable to type 'DefaultTheme'.
  Overload 2 of 2, '(props: FastOmit<DetailedHTMLProps<LiHTMLAttributes<HTMLLIElement>, HTMLLIElement>, never>): ReactNode', gave the following error.
    Type '{ children: string; key: number; theme: string; }' is not assignable to type 'IntrinsicAttributes & FastOmit<DetailedHTMLProps<LiHTMLAttributes<HTMLLIElement>, HTMLLIElement>, never>'.
      Property 'theme' does not exist on type 'IntrinsicAttributes & FastOmit<DetailedHTMLProps<LiHTMLAttributes<HTMLLIElement>, HTMLLIElement>, never>'.
src/components/Shop/ProductDetail.tsx(582,21): error TS2322: Type 'string' is not assignable to type 'GlowButtonColorScheme | undefined'.
src/components/Shop/ProductDetail.tsx(599,11): error TS2322: Type '"complementary"' is not assignable to type '"cart" | "personalized" | "popular"'.
src/components/SimpleHeader-DELETED.tsx(1,1): error TS2304: Cannot find name 'rm'.
src/components/Social/Feed/CreatePostCard.tsx(709,22): error TS2339: Property 'photo' does not exist on type 'User'.
src/components/Social/Feed/CreatePostCard.tsx(710,32): error TS2339: Property 'photo' does not exist on type 'User'.
src/components/Social/Feed/PostCard.tsx(1086,30): error TS2339: Property 'photo' does not exist on type 'User'.
src/components/Social/Friends/FriendRequests.tsx(224,59): error TS2322: Type '"medium"' is not assignable to type '"sm" | "md" | "lg" | "xl" | undefined'.
src/components/Social/Friends/FriendSuggestions.tsx(317,59): error TS2322: Type '"medium"' is not assignable to type '"sm" | "md" | "lg" | "xl" | undefined'.
src/components/TestimonialSection/Testimonial.tsx(9,29): error TS2339: Property '$featured' does not exist on type 'ExecutionContext & FastOmit<Omit<HTMLAttributesWithoutMotionProps<HTMLAttributes<HTMLDivElement>, HTMLDivElement> & MotionProps & RefAttributes<...>, "ref"> & { ...; }, never>'.
src/components/TestimonialSection/Testimonial.tsx(21,20): error TS2339: Property '$featured' does not exist on type 'ExecutionContext & FastOmit<Omit<HTMLAttributesWithoutMotionProps<HTMLAttributes<HTMLDivElement>, HTMLDivElement> & MotionProps & RefAttributes<...>, "ref"> & { ...; }, never>'.
src/components/TestimonialSection/Testimonial.tsx(26,31): error TS2339: Property '$featured' does not exist on type 'ExecutionContext & FastOmit<Omit<HTMLAttributesWithoutMotionProps<HTMLAttributes<HTMLDivElement>, HTMLDivElement> & MotionProps & RefAttributes<...>, "ref"> & { ...; }, never>'.
src/components/TestimonialSection/Testimonial.tsx(32,36): error TS2339: Property '$featured' does not exist on type 'ExecutionContext & FastOmit<DetailedHTMLProps<HTMLAttributes<HTMLDivElement>, HTMLDivElement>, never>'.
src/components/TestimonialSection/Testimonial.tsx(33,33): error TS2339: Property '$featured' does not exist on type 'ExecutionContext & FastOmit<DetailedHTMLProps<HTMLAttributes<HTMLDivElement>, HTMLDivElement>, never>'.
src/components/TestimonialSection/Testimonial.tsx(34,32): error TS2339: Property '$featured' does not exist on type 'ExecutionContext & FastOmit<DetailedHTMLProps<HTMLAttributes<HTMLDivElement>, HTMLDivElement>, never>'.
src/components/TestimonialSection/Testimonial.tsx(46,27): error TS2339: Property '$featured' does not exist on type 'ExecutionContext & FastOmit<DetailedHTMLProps<HTMLAttributes<HTMLDivElement>, HTMLDivElement>, never>'.
src/components/TestimonialSection/Testimonial.tsx(47,28): error TS2339: Property '$featured' does not exist on type 'ExecutionContext & FastOmit<DetailedHTMLProps<HTMLAttributes<HTMLDivElement>, HTMLDivElement>, never>'.
src/components/TestimonialSection/Testimonial.tsx(49,34): error TS2339: Property '$featured' does not exist on type 'ExecutionContext & FastOmit<DetailedHTMLProps<HTMLAttributes<HTMLDivElement>, HTMLDivElement>, never>'.
src/components/TestimonialSection/Testimonial.tsx(50,35): error TS2339: Property '$featured' does not exist on type 'ExecutionContext & FastOmit<DetailedHTMLProps<HTMLAttributes<HTMLDivElement>, HTMLDivElement>, never>'.
src/components/TestimonialSection/Testimonial.tsx(70,31): error TS2339: Property '$featured' does not exist on type 'ExecutionContext & FastOmit<DetailedHTMLProps<HTMLAttributes<HTMLParagraphElement>, HTMLParagraphElement>, never>'.
src/components/TestimonialSection/Testimonial.tsx(78,33): error TS2339: Property '$featured' does not exist on type 'ExecutionContext & FastOmit<DetailedHTMLProps<HTMLAttributes<HTMLParagraphElement>, HTMLParagraphElement>, never>'.
src/components/TestimonialSection/Testimonial.tsx(97,31): error TS2339: Property '$featured' does not exist on type 'ExecutionContext & FastOmit<DetailedHTMLProps<HTMLAttributes<HTMLHeadingElement>, HTMLHeadingElement>, never>'.
src/components/TestimonialSection/Testimonial.tsx(104,31): error TS2339: Property '$featured' does not exist on type 'ExecutionContext & FastOmit<DetailedHTMLProps<HTMLAttributes<HTMLParagraphElement>, HTMLParagraphElement>, never>'.
src/components/TestimonialSection/Testimonial.tsx(146,22): error TS2769: No overload matches this call.
  Overload 1 of 2, '(props: PolymorphicComponentProps<"web", FastOmit<Omit<HTMLAttributesWithoutMotionProps<HTMLAttributes<HTMLDivElement>, HTMLDivElement> & MotionProps & RefAttributes<...>, "ref"> & { ...; }, never>, void, void, {}, {}>): Element', gave the following error.
    Type '{ children: Element; $featured: boolean; }' is not assignable to type 'IntrinsicAttributes & FastOmit<Substitute<FastOmit<Omit<HTMLAttributesWithoutMotionProps<HTMLAttributes<HTMLDivElement>, HTMLDivElement> & MotionProps & RefAttributes<...>, "ref"> & { ...; }, never>, FastOmit<...>>, keyof ExecutionProps> & FastOmit<...> & { ...; }'.
      Property '$featured' does not exist on type 'IntrinsicAttributes & FastOmit<Substitute<FastOmit<Omit<HTMLAttributesWithoutMotionProps<HTMLAttributes<HTMLDivElement>, HTMLDivElement> & MotionProps & RefAttributes<...>, "ref"> & { ...; }, never>, FastOmit<...>>, keyof ExecutionProps> & FastOmit<...> & { ...; }'.
  Overload 2 of 2, '(props: FastOmit<Omit<HTMLAttributesWithoutMotionProps<HTMLAttributes<HTMLDivElement>, HTMLDivElement> & MotionProps & RefAttributes<...>, "ref"> & { ...; }, never>): ReactNode', gave the following error.
    Type '{ children: Element; $featured: boolean; }' is not assignable to type 'IntrinsicAttributes & FastOmit<Omit<HTMLAttributesWithoutMotionProps<HTMLAttributes<HTMLDivElement>, HTMLDivElement> & MotionProps & RefAttributes<...>, "ref"> & { ...; }, never>'.
      Property '$featured' does not exist on type 'IntrinsicAttributes & FastOmit<Omit<HTMLAttributesWithoutMotionProps<HTMLAttributes<HTMLDivElement>, HTMLDivElement> & MotionProps & RefAttributes<...>, "ref"> & { ...; }, never>'.
src/components/TestimonialSection/Testimonial.tsx(147,18): error TS2769: No overload matches this call.
  Overload 1 of 2, '(props: PolymorphicComponentProps<"web", FastOmit<DetailedHTMLProps<HTMLAttributes<HTMLDivElement>, HTMLDivElement>, never>, void, void, {}, {}>): Element', gave the following error.
    Type '{ children: Element[]; $featured: boolean; }' is not assignable to type 'IntrinsicAttributes & FastOmit<Substitute<FastOmit<DetailedHTMLProps<HTMLAttributes<HTMLDivElement>, HTMLDivElement>, never>, FastOmit<...>>, keyof ExecutionProps> & FastOmit<...> & { ...; }'.
      Property '$featured' does not exist on type 'IntrinsicAttributes & FastOmit<Substitute<FastOmit<DetailedHTMLProps<HTMLAttributes<HTMLDivElement>, HTMLDivElement>, never>, FastOmit<...>>, keyof ExecutionProps> & FastOmit<...> & { ...; }'.
  Overload 2 of 2, '(props: FastOmit<DetailedHTMLProps<HTMLAttributes<HTMLDivElement>, HTMLDivElement>, never>): ReactNode', gave the following error.
    Type '{ children: Element[]; $featured: boolean; }' is not assignable to type 'IntrinsicAttributes & FastOmit<DetailedHTMLProps<HTMLAttributes<HTMLDivElement>, HTMLDivElement>, never>'.
      Property '$featured' does not exist on type 'IntrinsicAttributes & FastOmit<DetailedHTMLProps<HTMLAttributes<HTMLDivElement>, HTMLDivElement>, never>'.
src/components/TestimonialSection/Testimonial.tsx(148,25): error TS2769: No overload matches this call.
  Overload 1 of 2, '(props: PolymorphicComponentProps<"web", FastOmit<DetailedHTMLProps<HTMLAttributes<HTMLDivElement>, HTMLDivElement>, never>, void, void, {}, {}>): Element', gave the following error.
    Type '{ children: Element; $featured: boolean; }' is not assignable to type 'IntrinsicAttributes & FastOmit<Substitute<FastOmit<DetailedHTMLProps<HTMLAttributes<HTMLDivElement>, HTMLDivElement>, never>, FastOmit<...>>, keyof ExecutionProps> & FastOmit<...> & { ...; }'.
      Property '$featured' does not exist on type 'IntrinsicAttributes & FastOmit<Substitute<FastOmit<DetailedHTMLProps<HTMLAttributes<HTMLDivElement>, HTMLDivElement>, never>, FastOmit<...>>, keyof ExecutionProps> & FastOmit<...> & { ...; }'.
  Overload 2 of 2, '(props: FastOmit<DetailedHTMLProps<HTMLAttributes<HTMLDivElement>, HTMLDivElement>, never>): ReactNode', gave the following error.
    Type '{ children: Element; $featured: boolean; }' is not assignable to type 'IntrinsicAttributes & FastOmit<DetailedHTMLProps<HTMLAttributes<HTMLDivElement>, HTMLDivElement>, never>'.
      Property '$featured' does not exist on type 'IntrinsicAttributes & FastOmit<DetailedHTMLProps<HTMLAttributes<HTMLDivElement>, HTMLDivElement>, never>'.
src/components/TestimonialSection/Testimonial.tsx(153,22): error TS2769: No overload matches this call.
  Overload 1 of 2, '(props: PolymorphicComponentProps<"web", FastOmit<DetailedHTMLProps<HTMLAttributes<HTMLParagraphElement>, HTMLParagraphElement>, never>, void, void, {}, {}>): Element', gave the following error.
    Type '{ children: string; $featured: boolean; }' is not assignable to type 'IntrinsicAttributes & FastOmit<Substitute<FastOmit<DetailedHTMLProps<HTMLAttributes<HTMLParagraphElement>, HTMLParagraphElement>, never>, FastOmit<...>>, keyof ExecutionProps> & FastOmit<...> & { ...; }'.
      Property '$featured' does not exist on type 'IntrinsicAttributes & FastOmit<Substitute<FastOmit<DetailedHTMLProps<HTMLAttributes<HTMLParagraphElement>, HTMLParagraphElement>, never>, FastOmit<...>>, keyof ExecutionProps> & FastOmit<...> & { ...; }'.
  Overload 2 of 2, '(props: FastOmit<DetailedHTMLProps<HTMLAttributes<HTMLParagraphElement>, HTMLParagraphElement>, never>): ReactNode', gave the following error.
    Type '{ children: string; $featured: boolean; }' is not assignable to type 'IntrinsicAttributes & FastOmit<DetailedHTMLProps<HTMLAttributes<HTMLParagraphElement>, HTMLParagraphElement>, never>'.
      Property '$featured' does not exist on type 'IntrinsicAttributes & FastOmit<DetailedHTMLProps<HTMLAttributes<HTMLParagraphElement>, HTMLParagraphElement>, never>'.
src/components/TestimonialSection/Testimonial.tsx(154,28): error TS2769: No overload matches this call.
  Overload 1 of 2, '(props: PolymorphicComponentProps<"web", FastOmit<DetailedHTMLProps<HTMLAttributes<HTMLHeadingElement>, HTMLHeadingElement>, never>, void, void, {}, {}>): Element', gave the following error.
    Type '{ children: string; $featured: boolean; }' is not assignable to type 'IntrinsicAttributes & FastOmit<Substitute<FastOmit<DetailedHTMLProps<HTMLAttributes<HTMLHeadingElement>, HTMLHeadingElement>, never>, FastOmit<...>>, keyof ExecutionProps> & FastOmit<...> & { ...; }'.
      Property '$featured' does not exist on type 'IntrinsicAttributes & FastOmit<Substitute<FastOmit<DetailedHTMLProps<HTMLAttributes<HTMLHeadingElement>, HTMLHeadingElement>, never>, FastOmit<...>>, keyof ExecutionProps> & FastOmit<...> & { ...; }'.
  Overload 2 of 2, '(props: FastOmit<DetailedHTMLProps<HTMLAttributes<HTMLHeadingElement>, HTMLHeadingElement>, never>): ReactNode', gave the following error.
    Type '{ children: string; $featured: boolean; }' is not assignable to type 'IntrinsicAttributes & FastOmit<DetailedHTMLProps<HTMLAttributes<HTMLHeadingElement>, HTMLHeadingElement>, never>'.
      Property '$featured' does not exist on type 'IntrinsicAttributes & FastOmit<DetailedHTMLProps<HTMLAttributes<HTMLHeadingElement>, HTMLHeadingElement>, never>'.
src/components/TestimonialSection/Testimonial.tsx(155,28): error TS2769: No overload matches this call.
  Overload 1 of 2, '(props: PolymorphicComponentProps<"web", FastOmit<DetailedHTMLProps<HTMLAttributes<HTMLParagraphElement>, HTMLParagraphElement>, never>, void, void, {}, {}>): Element', gave the following error.
    Type '{ children: string; $featured: boolean; }' is not assignable to type 'IntrinsicAttributes & FastOmit<Substitute<FastOmit<DetailedHTMLProps<HTMLAttributes<HTMLParagraphElement>, HTMLParagraphElement>, never>, FastOmit<...>>, keyof ExecutionProps> & FastOmit<...> & { ...; }'.
      Property '$featured' does not exist on type 'IntrinsicAttributes & FastOmit<Substitute<FastOmit<DetailedHTMLProps<HTMLAttributes<HTMLParagraphElement>, HTMLParagraphElement>, never>, FastOmit<...>>, keyof ExecutionProps> & FastOmit<...> & { ...; }'.
  Overload 2 of 2, '(props: FastOmit<DetailedHTMLProps<HTMLAttributes<HTMLParagraphElement>, HTMLParagraphElement>, never>): ReactNode', gave the following error.
    Type '{ children: string; $featured: boolean; }' is not assignable to type 'IntrinsicAttributes & FastOmit<DetailedHTMLProps<HTMLAttributes<HTMLParagraphElement>, HTMLParagraphElement>, never>'.
      Property '$featured' does not exist on type 'IntrinsicAttributes & FastOmit<DetailedHTMLProps<HTMLAttributes<HTMLParagraphElement>, HTMLParagraphElement>, never>'.
src/components/ThemeShowcase.tsx(14,29): error TS2305: Module '"react-icons/fa"' has no exported member 'FaCommand'.
src/components/ThemeShowcase.tsx(19,17): error TS2345: Argument of type '({ theme }: ExecutionContext & FastOmit<Omit<HTMLAttributesWithoutMotionProps<HTMLAttributes<HTMLDivElement>, HTMLDivElement> & MotionProps & RefAttributes<...>, "ref"> & { ...; }, never>) => unknown' is not assignable to parameter of type 'Interpolation<FastOmit<Omit<HTMLAttributesWithoutMotionProps<HTMLAttributes<HTMLDivElement>, HTMLDivElement> & MotionProps & RefAttributes<...>, "ref"> & { ...; }, never>>'.
  Type '({ theme }: ExecutionContext & FastOmit<Omit<HTMLAttributesWithoutMotionProps<HTMLAttributes<HTMLDivElement>, HTMLDivElement> & MotionProps & RefAttributes<...>, "ref"> & { ...; }, never>) => unknown' is not assignable to type 'StyleFunction<FastOmit<Omit<HTMLAttributesWithoutMotionProps<HTMLAttributes<HTMLDivElement>, HTMLDivElement> & MotionProps & RefAttributes<...>, "ref"> & { ...; }, never>>'.
    Type 'unknown' is not assignable to type 'Interpolation<FastOmit<Omit<HTMLAttributesWithoutMotionProps<HTMLAttributes<HTMLDivElement>, HTMLDivElement> & MotionProps & RefAttributes<...>, "ref"> & { ...; }, never>>'.
src/components/ThemeShowcase.tsx(19,32): error TS18048: 'theme.background' is possibly 'undefined'.
src/components/ThemeShowcase.tsx(20,38): error TS18046: 'theme.borders' is of type 'unknown'.
src/components/ThemeShowcase.tsx(24,32): error TS18048: 'theme.shadows' is possibly 'undefined'.
src/components/ThemeShowcase.tsx(24,46): error TS2339: Property 'cosmic' does not exist on type 'string[] | Record<string, unknown>'.
  Property 'cosmic' does not exist on type 'string[]'.
src/components/ThemeShowcase.tsx(29,34): error TS18048: 'theme.shadows' is possibly 'undefined'.
src/components/ThemeShowcase.tsx(29,48): error TS2339: Property 'cosmic' does not exist on type 'string[] | Record<string, unknown>'.
  Property 'cosmic' does not exist on type 'string[]'.
src/components/ThemeShowcase.tsx(30,36): error TS18046: 'theme.borders' is of type 'unknown'.
src/components/ThemeShowcase.tsx(35,17): error TS2345: Argument of type '({ theme }: ExecutionContext & FastOmit<DetailedHTMLProps<HTMLAttributes<HTMLHeadingElement>, HTMLHeadingElement>, never>) => unknown' is not assignable to parameter of type 'Interpolation<FastOmit<DetailedHTMLProps<HTMLAttributes<HTMLHeadingElement>, HTMLHeadingElement>, never>>'.
  Type '({ theme }: ExecutionContext & FastOmit<DetailedHTMLProps<HTMLAttributes<HTMLHeadingElement>, HTMLHeadingElement>, never>) => unknown' is not assignable to type 'StyleFunction<FastOmit<DetailedHTMLProps<HTMLAttributes<HTMLHeadingElement>, HTMLHeadingElement>, never>>'.
    Type 'unknown' is not assignable to type 'Interpolation<FastOmit<DetailedHTMLProps<HTMLAttributes<HTMLHeadingElement>, HTMLHeadingElement>, never>>'.
src/components/ThemeShowcase.tsx(35,32): error TS18048: 'theme.gradients' is possibly 'undefined'.
src/components/ThemeShowcase.tsx(52,17): error TS2345: Argument of type '({ theme, isActive }: ExecutionContext & FastOmit<DetailedHTMLProps<ButtonHTMLAttributes<HTMLButtonElement>, HTMLButtonElement>, "isActive"> & { ...; }) => unknown' is not assignable to parameter of type 'Interpolation<Substitute<DetailedHTMLProps<ButtonHTMLAttributes<HTMLButtonElement>, HTMLButtonElement>, { ...; }>>'.
  Type '({ theme, isActive }: ExecutionContext & FastOmit<DetailedHTMLProps<ButtonHTMLAttributes<HTMLButtonElement>, HTMLButtonElement>, "isActive"> & { ...; }) => unknown' is not assignable to type 'StyleFunction<Substitute<DetailedHTMLProps<ButtonHTMLAttributes<HTMLButtonElement>, HTMLButtonElement>, { ...; }>>'.
    Type 'unknown' is not assignable to type 'Interpolation<Substitute<DetailedHTMLProps<ButtonHTMLAttributes<HTMLButtonElement>, HTMLButtonElement>, { ...; }>>'.
src/components/ThemeShowcase.tsx(53,16): error TS18048: 'theme.gradients' is possibly 'undefined'.
src/components/ThemeShowcase.tsx(53,42): error TS18048: 'theme.background' is possibly 'undefined'.
src/components/ThemeShowcase.tsx(54,27): error TS18048: 'theme.text' is possibly 'undefined'.
src/components/ThemeShowcase.tsx(56,16): error TS18046: 'theme.borders' is of type 'unknown'.
src/components/ThemeShowcase.tsx(56,42): error TS18046: 'theme.borders' is of type 'unknown'.
src/components/ThemeShowcase.tsx(67,34): error TS18048: 'theme.gradients' is possibly 'undefined'.
src/components/ThemeShowcase.tsx(68,36): error TS18046: 'theme.borders' is of type 'unknown'.
src/components/ThemeShowcase.tsx(70,34): error TS18048: 'theme.shadows' is possibly 'undefined'.
src/components/ThemeShowcase.tsx(70,48): error TS2339: Property 'primary' does not exist on type 'string[] | Record<string, unknown>'.
  Property 'primary' does not exist on type 'string[]'.
src/components/ThemeShowcase.tsx(88,12): error TS2345: Argument of type '({ theme }: ExecutionContext & FastOmit<DetailedHTMLProps<HTMLAttributes<HTMLDivElement>, HTMLDivElement>, "color"> & { ...; }) => unknown' is not assignable to parameter of type 'Interpolation<Substitute<DetailedHTMLProps<HTMLAttributes<HTMLDivElement>, HTMLDivElement>, { color: string; }>>'.
  Type '({ theme }: ExecutionContext & FastOmit<DetailedHTMLProps<HTMLAttributes<HTMLDivElement>, HTMLDivElement>, "color"> & { ...; }) => unknown' is not assignable to type 'StyleFunction<Substitute<DetailedHTMLProps<HTMLAttributes<HTMLDivElement>, HTMLDivElement>, { color: string; }>>'.
    Type 'unknown' is not assignable to type 'Interpolation<Substitute<DetailedHTMLProps<HTMLAttributes<HTMLDivElement>, HTMLDivElement>, { color: string; }>>'.
src/components/ThemeShowcase.tsx(88,27): error TS18048: 'theme.text' is possibly 'undefined'.
src/components/ThemeShowcase.tsx(100,12): error TS2345: Argument of type '({ theme }: ExecutionContext & FastOmit<DetailedHTMLProps<HTMLAttributes<HTMLParagraphElement>, HTMLParagraphElement>, never>) => unknown' is not assignable to parameter of type 'Interpolation<FastOmit<DetailedHTMLProps<HTMLAttributes<HTMLParagraphElement>, HTMLParagraphElement>, never>>'.
  Type '({ theme }: ExecutionContext & FastOmit<DetailedHTMLProps<HTMLAttributes<HTMLParagraphElement>, HTMLParagraphElement>, never>) => unknown' is not assignable to type 'StyleFunction<FastOmit<DetailedHTMLProps<HTMLAttributes<HTMLParagraphElement>, HTMLParagraphElement>, never>>'.
    Type 'unknown' is not assignable to type 'Interpolation<FastOmit<DetailedHTMLProps<HTMLAttributes<HTMLParagraphElement>, HTMLParagraphElement>, never>>'.
src/components/ThemeShowcase.tsx(100,27): error TS18048: 'theme.text' is possibly 'undefined'.
src/components/Trainer/NASM/NASMTrainerDashboard.tsx(35,17): error TS2307: Cannot find module '../../../utils/api' or its corresponding type declarations.
src/components/TrainerDashboard/ClientManagement/IntegrationTest.tsx(28,25): error TS2307: Cannot find module '../context/AuthContext' or its corresponding type declarations.
src/components/TrainerDashboard/ClientManagement/IntegrationTest.tsx(29,48): error TS2307: Cannot find module '../services/clientTrainerAssignmentService' or its corresponding type declarations.
src/components/TrainerDashboard/ClientManagement/IntegrationTest.tsx(30,32): error TS2307: Cannot find module '../services/sessionService' or its corresponding type declarations.
src/components/TrainerDashboard/ClientManagement/IntegrationTest.tsx(31,26): error TS2307: Cannot find module '../hooks/use-toast' or its corresponding type declarations.
src/components/TrainerDashboard/ClientManagement/IntegrationTest.tsx(34,24): error TS2307: Cannot find module '../components/ui/buttons/GlowButton' or its corresponding type declarations.
src/components/TrainerDashboard/ClientManagement/IntegrationTest.tsx(35,32): error TS2307: Cannot find module '../components/ui/LoadingSpinner' or its corresponding type declarations.
src/components/TrainerDashboard/ClientManagement/IntegrationTest.tsx(38,27): error TS2307: Cannot find module '../components/TrainerDashboard/ClientManagement/MyClientsView' or its corresponding type declarations.
src/components/TrainerDashboard/ClientManagement/IntegrationTest.tsx(39,39): error TS2307: Cannot find module '../components/TrainerDashboard/ClientManagement/MyClientsViewWithFallback' or its corresponding type declarations.
src/components/TrainerDashboard/ClientManagement/IntegrationTest.tsx(40,30): error TS2307: Cannot find module '../components/TrainerDashboard/ClientManagement' or its corresponding type declarations.
src/components/TrainerDashboard/ClientManagement/MyClientsView.tsx(731,25): error TS2322: Type 'number' is not assignable to type '"small" | "large" | "medium" | undefined'.
src/components/TrainerDashboard/ClientProgress/Analytics/ComparisonAnalytics.tsx(584,48): error TS2345: Argument of type '(metric: ComparisonMetric) => JSX.Element' is not assignable to parameter of type '((value: { name: string; client: number; comparison: number; percentile: number; trend: string; improvement: string; }, index: number, array: { name: string; client: number; comparison: number; percentile: number; trend: string; improvement: string; }[]) => Element) & ((value: { ...; }, index: number, array: { ...; ...'.
  Type '(metric: ComparisonMetric) => JSX.Element' is not assignable to type '(value: { name: string; client: number; comparison: number; percentile: number; trend: string; improvement: string; }, index: number, array: { name: string; client: number; comparison: number; percentile: number; trend: string; improvement: string; }[]) => Element'.
    Types of parameters 'metric' and 'value' are incompatible.
      Type '{ name: string; client: number; comparison: number; percentile: number; trend: string; improvement: string; }' is not assignable to type 'ComparisonMetric'.
        Types of property 'trend' are incompatible.
          Type 'string' is not assignable to type '"above" | "below" | "equal" | "approaching" | "in-progress"'.
src/components/TrainerDashboard/ClientProgress/Analytics/GoalProgressTracker.tsx(982,60): error TS2339: Property 'estimatedDate' does not exist on type '{ id: string; title: string; target: number; current: number; completed: boolean; date: string; estimatedDate?: undefined; } | { id: string; title: string; target: number; current: number; completed: boolean; estimatedDate: string; date?: undefined; } | { ...; }'.
  Property 'estimatedDate' does not exist on type '{ id: string; title: string; target: number; current: number; completed: boolean; date: string; }'.
src/components/TrainerDashboard/ClientProgress/Analytics/GoalProgressTracker.tsx(984,60): error TS2339: Property 'estimatedDate' does not exist on type '{ id: string; title: string; target: number; current: number; completed: boolean; date: string; estimatedDate?: undefined; } | { id: string; title: string; target: number; current: number; completed: boolean; estimatedDate: string; date?: undefined; } | { ...; }'.
  Property 'estimatedDate' does not exist on type '{ id: string; title: string; target: number; current: number; completed: boolean; date: string; }'.
src/components/TrainerDashboard/ClientProgress/Analytics/GoalProgressTracker.tsx(997,25): error TS18048: 'goal.progressHistory' is possibly 'undefined'.
src/components/TrainerDashboard/ClientProgress/Analytics/GoalProgressTracker.tsx(1013,35): error TS2769: No overload matches this call.
  Overload 1 of 4, '(value: string | number | Date): Date', gave the following error.
    Argument of type 'string | undefined' is not assignable to parameter of type 'string | number | Date'.
      Type 'undefined' is not assignable to type 'string | number | Date'.
  Overload 2 of 4, '(value: string | number): Date', gave the following error.
    Argument of type 'string | undefined' is not assignable to parameter of type 'string | number'.
      Type 'undefined' is not assignable to type 'string | number'.
src/components/TrainerDashboard/ClientProgress/ClientProgressView.tsx(233,56): error TS2345: Argument of type 'string | number | undefined' is not assignable to parameter of type 'number | undefined'.
  Type 'string' is not assignable to type 'number'.
src/components/TrainerDashboard/ContentFormCheck/ContentFormCheck.tsx(1075,9): error TS2322: Type 'null' is not assignable to type 'number | undefined'.
src/components/TrainerDashboard/ContentFormCheck/ContentFormCheck.tsx(1080,9): error TS2322: Type 'null' is not assignable to type 'number | undefined'.
src/components/TrainerDashboard/ContentFormCheck/ContentFormCheck.tsx(1103,9): error TS2322: Type 'null' is not assignable to type 'number | undefined'.
src/components/TrainerDashboard/ContentFormCheck/ContentFormCheck.tsx(1108,9): error TS2322: Type 'null' is not assignable to type 'number | undefined'.
src/components/TrainerDashboard/ContentFormCheck/ContentFormCheck.tsx(1147,7): error TS2322: Type 'null' is not assignable to type 'number | undefined'.
src/components/TrainerDashboard/ContentFormCheck/ContentFormCheck.tsx(1152,7): error TS2322: Type 'null' is not assignable to type 'number | undefined'.
src/components/TrainerDashboard/ContentFormCheck/ContentFormCheck.tsx(1275,27): error TS2345: Argument of type '{ detectedExercise: string; contentId: number; timestamp: string; analyzed: boolean; results: { type: string; title: string; description: string; confidence: number; timeRange: string; }[]; overallAssessment: string; repCount: number; averageRangeOfMotion: string; }' is not assignable to parameter of type 'SetStateAction<AnalysisData | null>'.
  Type '{ detectedExercise: string; contentId: number; timestamp: string; analyzed: boolean; results: { type: string; title: string; description: string; confidence: number; timeRange: string; }[]; overallAssessment: string; repCount: number; averageRangeOfMotion: string; }' is not assignable to type 'AnalysisData'.
    Types of property 'results' are incompatible.
      Type '{ type: string; title: string; description: string; confidence: number; timeRange: string; }[]' is not assignable to type 'AnalysisResult[]'.
        Type '{ type: string; title: string; description: string; confidence: number; timeRange: string; }' is not assignable to type 'AnalysisResult'.
          Types of property 'type' are incompatible.
            Type 'string' is not assignable to type '"form_issue" | "movement_pattern" | "joint_angle"'.
src/components/TrainerDashboard/ContentFormCheck/ContentFormCheck.tsx(1284,9): error TS2322: Type 'Timeout' is not assignable to type 'number'.
src/components/TrainerDashboard/ContentFormCheck/ContentFormCheck.tsx(1285,9): error TS2322: Type 'Timeout' is not assignable to type 'number'.
src/components/TrainerDashboard/ContentFormCheck/ContentFormCheck.tsx(1321,19): error TS2322: Type '{ id: number; title: string; type: string; client: string | null; uploadDate: string; duration: string; status: string; thumbnail: undefined; views: number; comments: number; tags: string[]; clientMessage: string; description: string; }' is not assignable to type '{ id: number; title: string; type: string; client: string; uploadDate: string; duration: string; status: string; thumbnail: undefined; views: number; comments: number; tags: string[]; clientMessage: string; description?: undefined; } | { ...; }'.
  Type '{ id: number; title: string; type: string; client: string | null; uploadDate: string; duration: string; status: string; thumbnail: undefined; views: number; comments: number; tags: string[]; clientMessage: string; description: string; }' is not assignable to type '{ id: number; title: string; type: string; client: string; uploadDate: string; duration: string; status: string; thumbnail: undefined; views: number; comments: number; tags: string[]; clientMessage: string; description?: undefined; }'.
    Types of property 'client' are incompatible.
      Type 'string | null' is not assignable to type 'string'.
        Type 'null' is not assignable to type 'string'.
src/components/TrainerDashboard/StellarComponents/ClientManagement-optimized.tsx(68,17): error TS2345: Argument of type '(props: ExecutionContext & FastOmit<Omit<HTMLAttributesWithoutMotionProps<ButtonHTMLAttributes<HTMLButtonElement>, HTMLButtonElement> & MotionProps & RefAttributes<...>, "ref"> & { ...; }, "active"> & { ...; }) => {}' is not assignable to parameter of type 'Interpolation<Substitute<Omit<HTMLAttributesWithoutMotionProps<ButtonHTMLAttributes<HTMLButtonElement>, HTMLButtonElement> & MotionProps & RefAttributes<...>, "ref"> & { ...; }, { ...; }>>'.
  Type '(props: ExecutionContext & FastOmit<Omit<HTMLAttributesWithoutMotionProps<ButtonHTMLAttributes<HTMLButtonElement>, HTMLButtonElement> & MotionProps & RefAttributes<...>, "ref"> & { ...; }, "active"> & { ...; }) => {}' is not assignable to type 'StyleFunction<Substitute<Omit<HTMLAttributesWithoutMotionProps<ButtonHTMLAttributes<HTMLButtonElement>, HTMLButtonElement> & MotionProps & RefAttributes<...>, "ref"> & { ...; }, { ...; }>>'.
    Type '{}' is not assignable to type 'Interpolation<Substitute<Omit<HTMLAttributesWithoutMotionProps<ButtonHTMLAttributes<HTMLButtonElement>, HTMLButtonElement> & MotionProps & RefAttributes<...>, "ref"> & { ...; }, { ...; }>>'.
src/components/TrainerDashboard/StellarComponents/ClientManagement-optimized.tsx(76,30): error TS2339: Property 'elegant' does not exist on type '{}'.
src/components/TrainerDashboard/StellarComponents/ClientManagement-optimized.tsx(97,49): error TS2339: Property 'primary' does not exist on type 'string[] | Record<string, unknown>'.
  Property 'primary' does not exist on type 'string[]'.
src/components/TrainerDashboard/StellarComponents/ClientManagement-optimized.tsx(114,17): error TS2345: Argument of type '(props: ExecutionContext & FastOmit<Omit<HTMLAttributesWithoutMotionProps<HTMLAttributes<HTMLDivElement>, HTMLDivElement> & MotionProps & RefAttributes<...>, "ref"> & { ...; }, never>) => {}' is not assignable to parameter of type 'Interpolation<FastOmit<Omit<HTMLAttributesWithoutMotionProps<HTMLAttributes<HTMLDivElement>, HTMLDivElement> & MotionProps & RefAttributes<...>, "ref"> & { ...; }, never>>'.
  Type '(props: ExecutionContext & FastOmit<Omit<HTMLAttributesWithoutMotionProps<HTMLAttributes<HTMLDivElement>, HTMLDivElement> & MotionProps & RefAttributes<...>, "ref"> & { ...; }, never>) => {}' is not assignable to type 'StyleFunction<FastOmit<Omit<HTMLAttributesWithoutMotionProps<HTMLAttributes<HTMLDivElement>, HTMLDivElement> & MotionProps & RefAttributes<...>, "ref"> & { ...; }, never>>'.
    Type '{}' is not assignable to type 'Interpolation<FastOmit<Omit<HTMLAttributesWithoutMotionProps<HTMLAttributes<HTMLDivElement>, HTMLDivElement> & MotionProps & RefAttributes<...>, "ref"> & { ...; }, never>>'.
src/components/TrainerDashboard/StellarComponents/ClientManagement-optimized.tsx(115,53): error TS2339: Property 'elegant' does not exist on type '{}'.
src/components/TrainerDashboard/StellarComponents/ClientManagement-optimized.tsx(141,49): error TS2339: Property 'primary' does not exist on type 'string[] | Record<string, unknown>'.
  Property 'primary' does not exist on type 'string[]'.
src/components/TrainerDashboard/StellarComponents/ClientManagement-optimized.tsx(168,17): error TS2345: Argument of type '(props: ExecutionContext & FastOmit<DetailedHTMLProps<HTMLAttributes<HTMLDivElement>, HTMLDivElement>, "status"> & { ...; }) => {}' is not assignable to parameter of type 'Interpolation<Substitute<DetailedHTMLProps<HTMLAttributes<HTMLDivElement>, HTMLDivElement>, { status?: string | undefined; }>>'.
  Type '(props: ExecutionContext & FastOmit<DetailedHTMLProps<HTMLAttributes<HTMLDivElement>, HTMLDivElement>, "status"> & { ...; }) => {}' is not assignable to type 'StyleFunction<Substitute<DetailedHTMLProps<HTMLAttributes<HTMLDivElement>, HTMLDivElement>, { status?: string | undefined; }>>'.
    Type '{}' is not assignable to type 'Interpolation<Substitute<DetailedHTMLProps<HTMLAttributes<HTMLDivElement>, HTMLDivElement>, { status?: string | undefined; }>>'.
src/components/TrainerDashboard/StellarComponents/ClientManagement-optimized.tsx(175,47): error TS2339: Property 'primary' does not exist on type 'string[] | Record<string, unknown>'.
  Property 'primary' does not exist on type 'string[]'.
src/components/TrainerDashboard/StellarComponents/ClientManagement-optimized.tsx(220,12): error TS2345: Argument of type '(props: ExecutionContext & FastOmit<DetailedHTMLProps<HTMLAttributes<HTMLDivElement>, HTMLDivElement>, never>) => {}' is not assignable to parameter of type 'Interpolation<FastOmit<DetailedHTMLProps<HTMLAttributes<HTMLDivElement>, HTMLDivElement>, never>>'.
  Type '(props: ExecutionContext & FastOmit<DetailedHTMLProps<HTMLAttributes<HTMLDivElement>, HTMLDivElement>, never>) => {}' is not assignable to type 'StyleFunction<FastOmit<DetailedHTMLProps<HTMLAttributes<HTMLDivElement>, HTMLDivElement>, never>>'.
    Type '{}' is not assignable to type 'Interpolation<FastOmit<DetailedHTMLProps<HTMLAttributes<HTMLDivElement>, HTMLDivElement>, never>>'.
src/components/TrainerDashboard/StellarComponents/ClientManagement-optimized.tsx(234,12): error TS2345: Argument of type '(props: ExecutionContext & FastOmit<DetailedHTMLProps<HTMLAttributes<HTMLDivElement>, HTMLDivElement>, never>) => {}' is not assignable to parameter of type 'Interpolation<FastOmit<DetailedHTMLProps<HTMLAttributes<HTMLDivElement>, HTMLDivElement>, never>>'.
  Type '(props: ExecutionContext & FastOmit<DetailedHTMLProps<HTMLAttributes<HTMLDivElement>, HTMLDivElement>, never>) => {}' is not assignable to type 'StyleFunction<FastOmit<DetailedHTMLProps<HTMLAttributes<HTMLDivElement>, HTMLDivElement>, never>>'.
    Type '{}' is not assignable to type 'Interpolation<FastOmit<DetailedHTMLProps<HTMLAttributes<HTMLDivElement>, HTMLDivElement>, never>>'.
src/components/TrainerDashboard/StellarComponents/ClientManagement-optimized.tsx(258,12): error TS2345: Argument of type '(props: ExecutionContext & FastOmit<DetailedHTMLProps<HTMLAttributes<HTMLDivElement>, HTMLDivElement>, never>) => {}' is not assignable to parameter of type 'Interpolation<FastOmit<DetailedHTMLProps<HTMLAttributes<HTMLDivElement>, HTMLDivElement>, never>>'.
  Type '(props: ExecutionContext & FastOmit<DetailedHTMLProps<HTMLAttributes<HTMLDivElement>, HTMLDivElement>, never>) => {}' is not assignable to type 'StyleFunction<FastOmit<DetailedHTMLProps<HTMLAttributes<HTMLDivElement>, HTMLDivElement>, never>>'.
    Type '{}' is not assignable to type 'Interpolation<FastOmit<DetailedHTMLProps<HTMLAttributes<HTMLDivElement>, HTMLDivElement>, never>>'.
src/components/TrainerDashboard/StellarComponents/ClientManagement-optimized.tsx(299,14): error TS2345: Argument of type '(props: ExecutionContext & FastOmit<DetailedHTMLProps<HTMLAttributes<HTMLDivElement>, HTMLDivElement>, never>) => {}' is not assignable to parameter of type 'Interpolation<FastOmit<DetailedHTMLProps<HTMLAttributes<HTMLDivElement>, HTMLDivElement>, never>>'.
  Type '(props: ExecutionContext & FastOmit<DetailedHTMLProps<HTMLAttributes<HTMLDivElement>, HTMLDivElement>, never>) => {}' is not assignable to type 'StyleFunction<FastOmit<DetailedHTMLProps<HTMLAttributes<HTMLDivElement>, HTMLDivElement>, never>>'.
    Type '{}' is not assignable to type 'Interpolation<FastOmit<DetailedHTMLProps<HTMLAttributes<HTMLDivElement>, HTMLDivElement>, never>>'.
src/components/TrainerDashboard/StellarComponents/ContentStudio-optimized.tsx(33,3): error TS2440: Import declaration conflicts with local declaration of 'ContentGrid'.
src/components/TrainerDashboard/StellarComponents/ContentStudio-optimized.tsx(64,30): error TS2339: Property 'elegant' does not exist on type '{}'.
src/components/TrainerDashboard/StellarComponents/ContentStudio-optimized.tsx(69,17): error TS2345: Argument of type '(props: ExecutionContext & FastOmit<Omit<HTMLAttributesWithoutMotionProps<HTMLAttributes<HTMLDivElement>, HTMLDivElement> & MotionProps & RefAttributes<...>, "ref"> & { ...; }, "isDragOver"> & { ...; }) => {}' is not assignable to parameter of type 'Interpolation<Substitute<Omit<HTMLAttributesWithoutMotionProps<HTMLAttributes<HTMLDivElement>, HTMLDivElement> & MotionProps & RefAttributes<...>, "ref"> & { ...; }, { ...; }>>'.
  Type '(props: ExecutionContext & FastOmit<Omit<HTMLAttributesWithoutMotionProps<HTMLAttributes<HTMLDivElement>, HTMLDivElement> & MotionProps & RefAttributes<...>, "ref"> & { ...; }, "isDragOver"> & { ...; }) => {}' is not assignable to type 'StyleFunction<Substitute<Omit<HTMLAttributesWithoutMotionProps<HTMLAttributes<HTMLDivElement>, HTMLDivElement> & MotionProps & RefAttributes<...>, "ref"> & { ...; }, { ...; }>>'.
    Type '{}' is not assignable to type 'Interpolation<Substitute<Omit<HTMLAttributesWithoutMotionProps<HTMLAttributes<HTMLDivElement>, HTMLDivElement> & MotionProps & RefAttributes<...>, "ref"> & { ...; }, { ...; }>>'.
src/components/TrainerDashboard/StellarComponents/ContentStudio-optimized.tsx(128,60): error TS2339: Property 'subtle' does not exist on type '{}'.
src/components/TrainerDashboard/StellarComponents/ContentStudio-optimized.tsx(137,17): error TS2345: Argument of type '(props: ExecutionContext & FastOmit<Omit<HTMLAttributesWithoutMotionProps<ButtonHTMLAttributes<HTMLButtonElement>, HTMLButtonElement> & MotionProps & RefAttributes<...>, "ref"> & { ...; }, "active"> & { ...; }) => {}' is not assignable to parameter of type 'Interpolation<Substitute<Omit<HTMLAttributesWithoutMotionProps<ButtonHTMLAttributes<HTMLButtonElement>, HTMLButtonElement> & MotionProps & RefAttributes<...>, "ref"> & { ...; }, { ...; }>>'.
  Type '(props: ExecutionContext & FastOmit<Omit<HTMLAttributesWithoutMotionProps<ButtonHTMLAttributes<HTMLButtonElement>, HTMLButtonElement> & MotionProps & RefAttributes<...>, "ref"> & { ...; }, "active"> & { ...; }) => {}' is not assignable to type 'StyleFunction<Substitute<Omit<HTMLAttributesWithoutMotionProps<ButtonHTMLAttributes<HTMLButtonElement>, HTMLButtonElement> & MotionProps & RefAttributes<...>, "ref"> & { ...; }, { ...; }>>'.
    Type '{}' is not assignable to type 'Interpolation<Substitute<Omit<HTMLAttributesWithoutMotionProps<ButtonHTMLAttributes<HTMLButtonElement>, HTMLButtonElement> & MotionProps & RefAttributes<...>, "ref"> & { ...; }, { ...; }>>'.
src/components/TrainerDashboard/StellarComponents/ContentStudio-optimized.tsx(190,17): error TS2345: Argument of type '(props: ExecutionContext & FastOmit<Omit<HTMLAttributesWithoutMotionProps<HTMLAttributes<HTMLDivElement>, HTMLDivElement> & MotionProps & RefAttributes<...>, "ref"> & { ...; }, "status"> & { ...; }) => {}' is not assignable to parameter of type 'Interpolation<Substitute<Omit<HTMLAttributesWithoutMotionProps<HTMLAttributes<HTMLDivElement>, HTMLDivElement> & MotionProps & RefAttributes<...>, "ref"> & { ...; }, { ...; }>>'.
  Type '(props: ExecutionContext & FastOmit<Omit<HTMLAttributesWithoutMotionProps<HTMLAttributes<HTMLDivElement>, HTMLDivElement> & MotionProps & RefAttributes<...>, "ref"> & { ...; }, "status"> & { ...; }) => {}' is not assignable to type 'StyleFunction<Substitute<Omit<HTMLAttributesWithoutMotionProps<HTMLAttributes<HTMLDivElement>, HTMLDivElement> & MotionProps & RefAttributes<...>, "ref"> & { ...; }, { ...; }>>'.
    Type '{}' is not assignable to type 'Interpolation<Substitute<Omit<HTMLAttributesWithoutMotionProps<HTMLAttributes<HTMLDivElement>, HTMLDivElement> & MotionProps & RefAttributes<...>, "ref"> & { ...; }, { ...; }>>'.
src/components/TrainerDashboard/StellarComponents/ContentStudio-optimized.tsx(191,53): error TS2339: Property 'elegant' does not exist on type '{}'.
src/components/TrainerDashboard/StellarComponents/ContentStudio-optimized.tsx(200,49): error TS2339: Property 'cosmic' does not exist on type 'string[] | Record<string, unknown>'.
  Property 'cosmic' does not exist on type 'string[]'.
src/components/TrainerDashboard/StellarComponents/ContentStudio-optimized.tsx(215,17): error TS2345: Argument of type '(props: ExecutionContext & FastOmit<DetailedHTMLProps<HTMLAttributes<HTMLDivElement>, HTMLDivElement>, never>) => {}' is not assignable to parameter of type 'Interpolation<FastOmit<DetailedHTMLProps<HTMLAttributes<HTMLDivElement>, HTMLDivElement>, never>>'.
  Type '(props: ExecutionContext & FastOmit<DetailedHTMLProps<HTMLAttributes<HTMLDivElement>, HTMLDivElement>, never>) => {}' is not assignable to type 'StyleFunction<FastOmit<DetailedHTMLProps<HTMLAttributes<HTMLDivElement>, HTMLDivElement>, never>>'.
    Type '{}' is not assignable to type 'Interpolation<FastOmit<DetailedHTMLProps<HTMLAttributes<HTMLDivElement>, HTMLDivElement>, never>>'.
src/components/TrainerDashboard/StellarComponents/ContentStudio-optimized.tsx(260,12): error TS2345: Argument of type '(props: ExecutionContext & FastOmit<DetailedHTMLProps<HTMLAttributes<HTMLHeadingElement>, HTMLHeadingElement>, never>) => {}' is not assignable to parameter of type 'Interpolation<FastOmit<DetailedHTMLProps<HTMLAttributes<HTMLHeadingElement>, HTMLHeadingElement>, never>>'.
  Type '(props: ExecutionContext & FastOmit<DetailedHTMLProps<HTMLAttributes<HTMLHeadingElement>, HTMLHeadingElement>, never>) => {}' is not assignable to type 'StyleFunction<FastOmit<DetailedHTMLProps<HTMLAttributes<HTMLHeadingElement>, HTMLHeadingElement>, never>>'.
    Type '{}' is not assignable to type 'Interpolation<FastOmit<DetailedHTMLProps<HTMLAttributes<HTMLHeadingElement>, HTMLHeadingElement>, never>>'.
src/components/TrainerDashboard/StellarComponents/ContentStudio-optimized.tsx(272,12): error TS2345: Argument of type '(props: ExecutionContext & FastOmit<DetailedHTMLProps<HTMLAttributes<HTMLDivElement>, HTMLDivElement>, never>) => {}' is not assignable to parameter of type 'Interpolation<FastOmit<DetailedHTMLProps<HTMLAttributes<HTMLDivElement>, HTMLDivElement>, never>>'.
  Type '(props: ExecutionContext & FastOmit<DetailedHTMLProps<HTMLAttributes<HTMLDivElement>, HTMLDivElement>, never>) => {}' is not assignable to type 'StyleFunction<FastOmit<DetailedHTMLProps<HTMLAttributes<HTMLDivElement>, HTMLDivElement>, never>>'.
    Type '{}' is not assignable to type 'Interpolation<FastOmit<DetailedHTMLProps<HTMLAttributes<HTMLDivElement>, HTMLDivElement>, never>>'.
src/components/TrainerDashboard/StellarComponents/ContentStudio-optimized.tsx(307,14): error TS2345: Argument of type '(props: ExecutionContext & FastOmit<DetailedHTMLProps<HTMLAttributes<HTMLDivElement>, HTMLDivElement>, never>) => {}' is not assignable to parameter of type 'Interpolation<FastOmit<DetailedHTMLProps<HTMLAttributes<HTMLDivElement>, HTMLDivElement>, never>>'.
  Type '(props: ExecutionContext & FastOmit<DetailedHTMLProps<HTMLAttributes<HTMLDivElement>, HTMLDivElement>, never>) => {}' is not assignable to type 'StyleFunction<FastOmit<DetailedHTMLProps<HTMLAttributes<HTMLDivElement>, HTMLDivElement>, never>>'.
    Type '{}' is not assignable to type 'Interpolation<FastOmit<DetailedHTMLProps<HTMLAttributes<HTMLDivElement>, HTMLDivElement>, never>>'.
src/components/TrainerDashboard/StellarComponents/ContentStudio-optimized.tsx(323,17): error TS2345: Argument of type '(props: ExecutionContext & FastOmit<DetailedHTMLProps<HTMLAttributes<HTMLDivElement>, HTMLDivElement>, never>) => {}' is not assignable to parameter of type 'Interpolation<FastOmit<DetailedHTMLProps<HTMLAttributes<HTMLDivElement>, HTMLDivElement>, never>>'.
  Type '(props: ExecutionContext & FastOmit<DetailedHTMLProps<HTMLAttributes<HTMLDivElement>, HTMLDivElement>, never>) => {}' is not assignable to type 'StyleFunction<FastOmit<DetailedHTMLProps<HTMLAttributes<HTMLDivElement>, HTMLDivElement>, never>>'.
    Type '{}' is not assignable to type 'Interpolation<FastOmit<DetailedHTMLProps<HTMLAttributes<HTMLDivElement>, HTMLDivElement>, never>>'.
src/components/TrainerDashboard/StellarComponents/index-optimized.ts(44,3): error TS2300: Duplicate identifier 'StatsGrid'.
src/components/TrainerDashboard/StellarComponents/index-optimized.ts(52,23): error TS2300: Duplicate identifier 'StatsGrid'.
src/components/TrainerDashboard/StellarComponents/StellarTrainerDashboard-optimized.tsx(60,17): error TS2345: Argument of type '(props: ExecutionContext & FastOmit<DetailedHTMLProps<HTMLAttributes<HTMLDivElement>, HTMLDivElement>, never>) => {}' is not assignable to parameter of type 'Interpolation<FastOmit<DetailedHTMLProps<HTMLAttributes<HTMLDivElement>, HTMLDivElement>, never>>'.
  Type '(props: ExecutionContext & FastOmit<DetailedHTMLProps<HTMLAttributes<HTMLDivElement>, HTMLDivElement>, never>) => {}' is not assignable to type 'StyleFunction<FastOmit<DetailedHTMLProps<HTMLAttributes<HTMLDivElement>, HTMLDivElement>, never>>'.
    Type '{}' is not assignable to type 'Interpolation<FastOmit<DetailedHTMLProps<HTMLAttributes<HTMLDivElement>, HTMLDivElement>, never>>'.
src/components/TrainerDashboard/StellarComponents/StellarTrainerDashboard-optimized.tsx(103,17): error TS2345: Argument of type '(props: ExecutionContext & FastOmit<Omit<HTMLAttributesWithoutMotionProps<HTMLAttributes<HTMLDivElement>, HTMLDivElement> & MotionProps & RefAttributes<...>, "ref"> & { ...; }, never>) => {}' is not assignable to parameter of type 'Interpolation<FastOmit<Omit<HTMLAttributesWithoutMotionProps<HTMLAttributes<HTMLDivElement>, HTMLDivElement> & MotionProps & RefAttributes<...>, "ref"> & { ...; }, never>>'.
  Type '(props: ExecutionContext & FastOmit<Omit<HTMLAttributesWithoutMotionProps<HTMLAttributes<HTMLDivElement>, HTMLDivElement> & MotionProps & RefAttributes<...>, "ref"> & { ...; }, never>) => {}' is not assignable to type 'StyleFunction<FastOmit<Omit<HTMLAttributesWithoutMotionProps<HTMLAttributes<HTMLDivElement>, HTMLDivElement> & MotionProps & RefAttributes<...>, "ref"> & { ...; }, never>>'.
    Type '{}' is not assignable to type 'Interpolation<FastOmit<Omit<HTMLAttributesWithoutMotionProps<HTMLAttributes<HTMLDivElement>, HTMLDivElement> & MotionProps & RefAttributes<...>, "ref"> & { ...; }, never>>'.
src/components/TrainerDashboard/StellarComponents/StellarTrainerDashboard-optimized.tsx(106,53): error TS2339: Property 'elegant' does not exist on type '{}'.
src/components/TrainerDashboard/StellarComponents/StellarTrainerDashboard-optimized.tsx(162,17): error TS2345: Argument of type '(props: ExecutionContext & FastOmit<Omit<HTMLAttributesWithoutMotionProps<HTMLAttributes<HTMLDivElement>, HTMLDivElement> & MotionProps & RefAttributes<...>, "ref"> & { ...; }, never>) => {}' is not assignable to parameter of type 'Interpolation<FastOmit<Omit<HTMLAttributesWithoutMotionProps<HTMLAttributes<HTMLDivElement>, HTMLDivElement> & MotionProps & RefAttributes<...>, "ref"> & { ...; }, never>>'.
  Type '(props: ExecutionContext & FastOmit<Omit<HTMLAttributesWithoutMotionProps<HTMLAttributes<HTMLDivElement>, HTMLDivElement> & MotionProps & RefAttributes<...>, "ref"> & { ...; }, never>) => {}' is not assignable to type 'StyleFunction<FastOmit<Omit<HTMLAttributesWithoutMotionProps<HTMLAttributes<HTMLDivElement>, HTMLDivElement> & MotionProps & RefAttributes<...>, "ref"> & { ...; }, never>>'.
    Type '{}' is not assignable to type 'Interpolation<FastOmit<Omit<HTMLAttributesWithoutMotionProps<HTMLAttributes<HTMLDivElement>, HTMLDivElement> & MotionProps & RefAttributes<...>, "ref"> & { ...; }, never>>'.
src/components/TrainerDashboard/StellarComponents/StellarTrainerDashboard-optimized.tsx(165,53): error TS2339: Property 'elegant' does not exist on type '{}'.
src/components/TrainerDashboard/StellarComponents/StellarTrainerDashboard-optimized.tsx(181,25): error TS2339: Property 'top' does not exist on type 'ExecutionContext & FastOmit<Omit<HTMLAttributesWithoutMotionProps<HTMLAttributes<HTMLDivElement>, HTMLDivElement> & MotionProps & RefAttributes<...>, "ref"> & { ...; }, never>'.
src/components/TrainerDashboard/StellarComponents/StellarTrainerDashboard-optimized.tsx(182,27): error TS2339: Property 'right' does not exist on type 'ExecutionContext & FastOmit<Omit<HTMLAttributesWithoutMotionProps<HTMLAttributes<HTMLDivElement>, HTMLDivElement> & MotionProps & RefAttributes<...>, "ref"> & { ...; }, never>'.
src/components/TrainerDashboard/StellarComponents/StellarTrainerDashboard-optimized.tsx(192,14): error TS2345: Argument of type '(props: ExecutionContext & FastOmit<Omit<HTMLAttributesWithoutMotionProps<HTMLAttributes<HTMLDivElement>, HTMLDivElement> & MotionProps & RefAttributes<...>, "ref"> & { ...; }, never>) => {}' is not assignable to parameter of type 'Interpolation<FastOmit<Omit<HTMLAttributesWithoutMotionProps<HTMLAttributes<HTMLDivElement>, HTMLDivElement> & MotionProps & RefAttributes<...>, "ref"> & { ...; }, never>>'.
  Type '(props: ExecutionContext & FastOmit<Omit<HTMLAttributesWithoutMotionProps<HTMLAttributes<HTMLDivElement>, HTMLDivElement> & MotionProps & RefAttributes<...>, "ref"> & { ...; }, never>) => {}' is not assignable to type 'StyleFunction<FastOmit<Omit<HTMLAttributesWithoutMotionProps<HTMLAttributes<HTMLDivElement>, HTMLDivElement> & MotionProps & RefAttributes<...>, "ref"> & { ...; }, never>>'.
    Type '{}' is not assignable to type 'Interpolation<FastOmit<Omit<HTMLAttributesWithoutMotionProps<HTMLAttributes<HTMLDivElement>, HTMLDivElement> & MotionProps & RefAttributes<...>, "ref"> & { ...; }, never>>'.
src/components/TrainerDashboard/StellarComponents/StellarTrainerDashboard-optimized.tsx(194,50): error TS2339: Property 'glow' does not exist on type 'string[] | Record<string, unknown>'.
  Property 'glow' does not exist on type 'string[]'.
src/components/TrainerDashboard/StellarComponents/StellarTrainerDashboard-optimized.tsx(217,17): error TS2345: Argument of type '(props: ExecutionContext & FastOmit<Omit<HTMLAttributesWithoutMotionProps<HTMLAttributes<HTMLDivElement>, HTMLDivElement> & MotionProps & RefAttributes<...>, "ref"> & { ...; }, never>) => {}' is not assignable to parameter of type 'Interpolation<FastOmit<Omit<HTMLAttributesWithoutMotionProps<HTMLAttributes<HTMLDivElement>, HTMLDivElement> & MotionProps & RefAttributes<...>, "ref"> & { ...; }, never>>'.
  Type '(props: ExecutionContext & FastOmit<Omit<HTMLAttributesWithoutMotionProps<HTMLAttributes<HTMLDivElement>, HTMLDivElement> & MotionProps & RefAttributes<...>, "ref"> & { ...; }, never>) => {}' is not assignable to type 'StyleFunction<FastOmit<Omit<HTMLAttributesWithoutMotionProps<HTMLAttributes<HTMLDivElement>, HTMLDivElement> & MotionProps & RefAttributes<...>, "ref"> & { ...; }, never>>'.
    Type '{}' is not assignable to type 'Interpolation<FastOmit<Omit<HTMLAttributesWithoutMotionProps<HTMLAttributes<HTMLDivElement>, HTMLDivElement> & MotionProps & RefAttributes<...>, "ref"> & { ...; }, never>>'.
src/components/TrainerDashboard/StellarComponents/StellarTrainerDashboard-optimized.tsx(381,9): error TS2769: No overload matches this call.
  Overload 1 of 2, '(props: PolymorphicComponentProps<"web", FastOmit<Omit<HTMLAttributesWithoutMotionProps<HTMLAttributes<HTMLDivElement>, HTMLDivElement> & MotionProps & RefAttributes<...>, "ref"> & { ...; }, never>, void, void, {}, {}>): Element', gave the following error.
    Type '{ top: string; right: string; animate: { rotate: number; }; transition: { duration: number; repeat: number; ease: "linear"; }; }' is not assignable to type 'IntrinsicAttributes & FastOmit<Substitute<FastOmit<Omit<HTMLAttributesWithoutMotionProps<HTMLAttributes<HTMLDivElement>, HTMLDivElement> & MotionProps & RefAttributes<...>, "ref"> & { ...; }, never>, FastOmit<...>>, keyof ExecutionProps> & FastOmit<...> & { ...; }'.
      Property 'top' does not exist on type 'IntrinsicAttributes & FastOmit<Substitute<FastOmit<Omit<HTMLAttributesWithoutMotionProps<HTMLAttributes<HTMLDivElement>, HTMLDivElement> & MotionProps & RefAttributes<...>, "ref"> & { ...; }, never>, FastOmit<...>>, keyof ExecutionProps> & FastOmit<...> & { ...; }'.
  Overload 2 of 2, '(props: FastOmit<Omit<HTMLAttributesWithoutMotionProps<HTMLAttributes<HTMLDivElement>, HTMLDivElement> & MotionProps & RefAttributes<...>, "ref"> & { ...; }, never>): ReactNode', gave the following error.
    Type '{ top: string; right: string; animate: { rotate: number; }; transition: { duration: number; repeat: number; ease: "linear"; }; }' is not assignable to type 'IntrinsicAttributes & FastOmit<Omit<HTMLAttributesWithoutMotionProps<HTMLAttributes<HTMLDivElement>, HTMLDivElement> & MotionProps & RefAttributes<...>, "ref"> & { ...; }, never>'.
      Property 'top' does not exist on type 'IntrinsicAttributes & FastOmit<Omit<HTMLAttributesWithoutMotionProps<HTMLAttributes<HTMLDivElement>, HTMLDivElement> & MotionProps & RefAttributes<...>, "ref"> & { ...; }, never>'.
src/components/TrainerDashboard/StellarComponents/StellarTrainerDashboard-optimized.tsx(387,9): error TS2769: No overload matches this call.
  Overload 1 of 2, '(props: PolymorphicComponentProps<"web", FastOmit<Omit<HTMLAttributesWithoutMotionProps<HTMLAttributes<HTMLDivElement>, HTMLDivElement> & MotionProps & RefAttributes<...>, "ref"> & { ...; }, never>, void, void, {}, {}>): Element', gave the following error.
    Type '{ top: string; right: string; animate: { rotate: number; }; transition: { duration: number; repeat: number; ease: "linear"; }; }' is not assignable to type 'IntrinsicAttributes & FastOmit<Substitute<FastOmit<Omit<HTMLAttributesWithoutMotionProps<HTMLAttributes<HTMLDivElement>, HTMLDivElement> & MotionProps & RefAttributes<...>, "ref"> & { ...; }, never>, FastOmit<...>>, keyof ExecutionProps> & FastOmit<...> & { ...; }'.
      Property 'top' does not exist on type 'IntrinsicAttributes & FastOmit<Substitute<FastOmit<Omit<HTMLAttributesWithoutMotionProps<HTMLAttributes<HTMLDivElement>, HTMLDivElement> & MotionProps & RefAttributes<...>, "ref"> & { ...; }, never>, FastOmit<...>>, keyof ExecutionProps> & FastOmit<...> & { ...; }'.
  Overload 2 of 2, '(props: FastOmit<Omit<HTMLAttributesWithoutMotionProps<HTMLAttributes<HTMLDivElement>, HTMLDivElement> & MotionProps & RefAttributes<...>, "ref"> & { ...; }, never>): ReactNode', gave the following error.
    Type '{ top: string; right: string; animate: { rotate: number; }; transition: { duration: number; repeat: number; ease: "linear"; }; }' is not assignable to type 'IntrinsicAttributes & FastOmit<Omit<HTMLAttributesWithoutMotionProps<HTMLAttributes<HTMLDivElement>, HTMLDivElement> & MotionProps & RefAttributes<...>, "ref"> & { ...; }, never>'.
      Property 'top' does not exist on type 'IntrinsicAttributes & FastOmit<Omit<HTMLAttributesWithoutMotionProps<HTMLAttributes<HTMLDivElement>, HTMLDivElement> & MotionProps & RefAttributes<...>, "ref"> & { ...; }, never>'.
src/components/TrainerDashboard/StellarComponents/StellarTrainerDashboard.tsx(59,17): error TS2345: Argument of type '(props: ExecutionContext & FastOmit<DetailedHTMLProps<HTMLAttributes<HTMLDivElement>, HTMLDivElement>, never>) => {}' is not assignable to parameter of type 'Interpolation<FastOmit<DetailedHTMLProps<HTMLAttributes<HTMLDivElement>, HTMLDivElement>, never>>'.
  Type '(props: ExecutionContext & FastOmit<DetailedHTMLProps<HTMLAttributes<HTMLDivElement>, HTMLDivElement>, never>) => {}' is not assignable to type 'StyleFunction<FastOmit<DetailedHTMLProps<HTMLAttributes<HTMLDivElement>, HTMLDivElement>, never>>'.
    Type '{}' is not assignable to type 'Interpolation<FastOmit<DetailedHTMLProps<HTMLAttributes<HTMLDivElement>, HTMLDivElement>, never>>'.
src/components/TrainerDashboard/StellarComponents/StellarTrainerDashboard.tsx(102,17): error TS2345: Argument of type '(props: ExecutionContext & FastOmit<Omit<HTMLAttributesWithoutMotionProps<HTMLAttributes<HTMLDivElement>, HTMLDivElement> & MotionProps & RefAttributes<...>, "ref"> & { ...; }, never>) => {}' is not assignable to parameter of type 'Interpolation<FastOmit<Omit<HTMLAttributesWithoutMotionProps<HTMLAttributes<HTMLDivElement>, HTMLDivElement> & MotionProps & RefAttributes<...>, "ref"> & { ...; }, never>>'.
  Type '(props: ExecutionContext & FastOmit<Omit<HTMLAttributesWithoutMotionProps<HTMLAttributes<HTMLDivElement>, HTMLDivElement> & MotionProps & RefAttributes<...>, "ref"> & { ...; }, never>) => {}' is not assignable to type 'StyleFunction<FastOmit<Omit<HTMLAttributesWithoutMotionProps<HTMLAttributes<HTMLDivElement>, HTMLDivElement> & MotionProps & RefAttributes<...>, "ref"> & { ...; }, never>>'.
    Type '{}' is not assignable to type 'Interpolation<FastOmit<Omit<HTMLAttributesWithoutMotionProps<HTMLAttributes<HTMLDivElement>, HTMLDivElement> & MotionProps & RefAttributes<...>, "ref"> & { ...; }, never>>'.
src/components/TrainerDashboard/StellarComponents/StellarTrainerDashboard.tsx(105,53): error TS2339: Property 'elegant' does not exist on type '{}'.
src/components/TrainerDashboard/StellarComponents/StellarTrainerDashboard.tsx(162,17): error TS2345: Argument of type '(props: ExecutionContext & FastOmit<Omit<HTMLAttributesWithoutMotionProps<HTMLAttributes<HTMLDivElement>, HTMLDivElement> & MotionProps & RefAttributes<...>, "ref"> & { ...; }, never>) => {}' is not assignable to parameter of type 'Interpolation<FastOmit<Omit<HTMLAttributesWithoutMotionProps<HTMLAttributes<HTMLDivElement>, HTMLDivElement> & MotionProps & RefAttributes<...>, "ref"> & { ...; }, never>>'.
  Type '(props: ExecutionContext & FastOmit<Omit<HTMLAttributesWithoutMotionProps<HTMLAttributes<HTMLDivElement>, HTMLDivElement> & MotionProps & RefAttributes<...>, "ref"> & { ...; }, never>) => {}' is not assignable to type 'StyleFunction<FastOmit<Omit<HTMLAttributesWithoutMotionProps<HTMLAttributes<HTMLDivElement>, HTMLDivElement> & MotionProps & RefAttributes<...>, "ref"> & { ...; }, never>>'.
    Type '{}' is not assignable to type 'Interpolation<FastOmit<Omit<HTMLAttributesWithoutMotionProps<HTMLAttributes<HTMLDivElement>, HTMLDivElement> & MotionProps & RefAttributes<...>, "ref"> & { ...; }, never>>'.
src/components/TrainerDashboard/StellarComponents/StellarTrainerDashboard.tsx(165,53): error TS2339: Property 'elegant' does not exist on type '{}'.
src/components/TrainerDashboard/StellarComponents/StellarTrainerDashboard.tsx(200,25): error TS2339: Property 'top' does not exist on type 'ExecutionContext & FastOmit<Omit<HTMLAttributesWithoutMotionProps<HTMLAttributes<HTMLDivElement>, HTMLDivElement> & MotionProps & RefAttributes<...>, "ref"> & { ...; }, never>'.
src/components/TrainerDashboard/StellarComponents/StellarTrainerDashboard.tsx(201,27): error TS2339: Property 'right' does not exist on type 'ExecutionContext & FastOmit<Omit<HTMLAttributesWithoutMotionProps<HTMLAttributes<HTMLDivElement>, HTMLDivElement> & MotionProps & RefAttributes<...>, "ref"> & { ...; }, never>'.
src/components/TrainerDashboard/StellarComponents/StellarTrainerDashboard.tsx(211,14): error TS2345: Argument of type '(props: ExecutionContext & FastOmit<Omit<HTMLAttributesWithoutMotionProps<HTMLAttributes<HTMLDivElement>, HTMLDivElement> & MotionProps & RefAttributes<...>, "ref"> & { ...; }, never>) => {}' is not assignable to parameter of type 'Interpolation<FastOmit<Omit<HTMLAttributesWithoutMotionProps<HTMLAttributes<HTMLDivElement>, HTMLDivElement> & MotionProps & RefAttributes<...>, "ref"> & { ...; }, never>>'.
  Type '(props: ExecutionContext & FastOmit<Omit<HTMLAttributesWithoutMotionProps<HTMLAttributes<HTMLDivElement>, HTMLDivElement> & MotionProps & RefAttributes<...>, "ref"> & { ...; }, never>) => {}' is not assignable to type 'StyleFunction<FastOmit<Omit<HTMLAttributesWithoutMotionProps<HTMLAttributes<HTMLDivElement>, HTMLDivElement> & MotionProps & RefAttributes<...>, "ref"> & { ...; }, never>>'.
    Type '{}' is not assignable to type 'Interpolation<FastOmit<Omit<HTMLAttributesWithoutMotionProps<HTMLAttributes<HTMLDivElement>, HTMLDivElement> & MotionProps & RefAttributes<...>, "ref"> & { ...; }, never>>'.
src/components/TrainerDashboard/StellarComponents/StellarTrainerDashboard.tsx(213,50): error TS2339: Property 'glow' does not exist on type 'string[] | Record<string, unknown>'.
  Property 'glow' does not exist on type 'string[]'.
src/components/TrainerDashboard/StellarComponents/StellarTrainerDashboard.tsx(236,17): error TS2345: Argument of type '(props: ExecutionContext & FastOmit<Omit<HTMLAttributesWithoutMotionProps<HTMLAttributes<HTMLDivElement>, HTMLDivElement> & MotionProps & RefAttributes<...>, "ref"> & { ...; }, never>) => {}' is not assignable to parameter of type 'Interpolation<FastOmit<Omit<HTMLAttributesWithoutMotionProps<HTMLAttributes<HTMLDivElement>, HTMLDivElement> & MotionProps & RefAttributes<...>, "ref"> & { ...; }, never>>'.
  Type '(props: ExecutionContext & FastOmit<Omit<HTMLAttributesWithoutMotionProps<HTMLAttributes<HTMLDivElement>, HTMLDivElement> & MotionProps & RefAttributes<...>, "ref"> & { ...; }, never>) => {}' is not assignable to type 'StyleFunction<FastOmit<Omit<HTMLAttributesWithoutMotionProps<HTMLAttributes<HTMLDivElement>, HTMLDivElement> & MotionProps & RefAttributes<...>, "ref"> & { ...; }, never>>'.
    Type '{}' is not assignable to type 'Interpolation<FastOmit<Omit<HTMLAttributesWithoutMotionProps<HTMLAttributes<HTMLDivElement>, HTMLDivElement> & MotionProps & RefAttributes<...>, "ref"> & { ...; }, never>>'.
src/components/TrainerDashboard/StellarComponents/StellarTrainerDashboard.tsx(368,9): error TS2769: No overload matches this call.
  Overload 1 of 2, '(props: PolymorphicComponentProps<"web", FastOmit<Omit<HTMLAttributesWithoutMotionProps<HTMLAttributes<HTMLDivElement>, HTMLDivElement> & MotionProps & RefAttributes<...>, "ref"> & { ...; }, never>, void, void, {}, {}>): Element', gave the following error.
    Type '{ top: string; right: string; animate: { rotate: number; }; transition: { duration: number; repeat: number; ease: "linear"; }; }' is not assignable to type 'IntrinsicAttributes & FastOmit<Substitute<FastOmit<Omit<HTMLAttributesWithoutMotionProps<HTMLAttributes<HTMLDivElement>, HTMLDivElement> & MotionProps & RefAttributes<...>, "ref"> & { ...; }, never>, FastOmit<...>>, keyof ExecutionProps> & FastOmit<...> & { ...; }'.
      Property 'top' does not exist on type 'IntrinsicAttributes & FastOmit<Substitute<FastOmit<Omit<HTMLAttributesWithoutMotionProps<HTMLAttributes<HTMLDivElement>, HTMLDivElement> & MotionProps & RefAttributes<...>, "ref"> & { ...; }, never>, FastOmit<...>>, keyof ExecutionProps> & FastOmit<...> & { ...; }'.
  Overload 2 of 2, '(props: FastOmit<Omit<HTMLAttributesWithoutMotionProps<HTMLAttributes<HTMLDivElement>, HTMLDivElement> & MotionProps & RefAttributes<...>, "ref"> & { ...; }, never>): ReactNode', gave the following error.
    Type '{ top: string; right: string; animate: { rotate: number; }; transition: { duration: number; repeat: number; ease: "linear"; }; }' is not assignable to type 'IntrinsicAttributes & FastOmit<Omit<HTMLAttributesWithoutMotionProps<HTMLAttributes<HTMLDivElement>, HTMLDivElement> & MotionProps & RefAttributes<...>, "ref"> & { ...; }, never>'.
      Property 'top' does not exist on type 'IntrinsicAttributes & FastOmit<Omit<HTMLAttributesWithoutMotionProps<HTMLAttributes<HTMLDivElement>, HTMLDivElement> & MotionProps & RefAttributes<...>, "ref"> & { ...; }, never>'.
src/components/TrainerDashboard/StellarComponents/StellarTrainerDashboard.tsx(374,9): error TS2769: No overload matches this call.
  Overload 1 of 2, '(props: PolymorphicComponentProps<"web", FastOmit<Omit<HTMLAttributesWithoutMotionProps<HTMLAttributes<HTMLDivElement>, HTMLDivElement> & MotionProps & RefAttributes<...>, "ref"> & { ...; }, never>, void, void, {}, {}>): Element', gave the following error.
    Type '{ top: string; right: string; animate: { rotate: number; }; transition: { duration: number; repeat: number; ease: "linear"; }; }' is not assignable to type 'IntrinsicAttributes & FastOmit<Substitute<FastOmit<Omit<HTMLAttributesWithoutMotionProps<HTMLAttributes<HTMLDivElement>, HTMLDivElement> & MotionProps & RefAttributes<...>, "ref"> & { ...; }, never>, FastOmit<...>>, keyof ExecutionProps> & FastOmit<...> & { ...; }'.
      Property 'top' does not exist on type 'IntrinsicAttributes & FastOmit<Substitute<FastOmit<Omit<HTMLAttributesWithoutMotionProps<HTMLAttributes<HTMLDivElement>, HTMLDivElement> & MotionProps & RefAttributes<...>, "ref"> & { ...; }, never>, FastOmit<...>>, keyof ExecutionProps> & FastOmit<...> & { ...; }'.
  Overload 2 of 2, '(props: FastOmit<Omit<HTMLAttributesWithoutMotionProps<HTMLAttributes<HTMLDivElement>, HTMLDivElement> & MotionProps & RefAttributes<...>, "ref"> & { ...; }, never>): ReactNode', gave the following error.
    Type '{ top: string; right: string; animate: { rotate: number; }; transition: { duration: number; repeat: number; ease: "linear"; }; }' is not assignable to type 'IntrinsicAttributes & FastOmit<Omit<HTMLAttributesWithoutMotionProps<HTMLAttributes<HTMLDivElement>, HTMLDivElement> & MotionProps & RefAttributes<...>, "ref"> & { ...; }, never>'.
      Property 'top' does not exist on type 'IntrinsicAttributes & FastOmit<Omit<HTMLAttributesWithoutMotionProps<HTMLAttributes<HTMLDivElement>, HTMLDivElement> & MotionProps & RefAttributes<...>, "ref"> & { ...; }, never>'.
src/components/TrainerDashboard/StellarComponents/TrainerSharedComponents-optimized.tsx(41,17): error TS2345: Argument of type '(props: ExecutionContext & FastOmit<Omit<HTMLAttributesWithoutMotionProps<HTMLAttributes<HTMLDivElement>, HTMLDivElement> & MotionProps & RefAttributes<...>, "ref"> & { ...; }, never>) => {}' is not assignable to parameter of type 'Interpolation<FastOmit<Omit<HTMLAttributesWithoutMotionProps<HTMLAttributes<HTMLDivElement>, HTMLDivElement> & MotionProps & RefAttributes<...>, "ref"> & { ...; }, never>>'.
  Type '(props: ExecutionContext & FastOmit<Omit<HTMLAttributesWithoutMotionProps<HTMLAttributes<HTMLDivElement>, HTMLDivElement> & MotionProps & RefAttributes<...>, "ref"> & { ...; }, never>) => {}' is not assignable to type 'StyleFunction<FastOmit<Omit<HTMLAttributesWithoutMotionProps<HTMLAttributes<HTMLDivElement>, HTMLDivElement> & MotionProps & RefAttributes<...>, "ref"> & { ...; }, never>>'.
    Type '{}' is not assignable to type 'Interpolation<FastOmit<Omit<HTMLAttributesWithoutMotionProps<HTMLAttributes<HTMLDivElement>, HTMLDivElement> & MotionProps & RefAttributes<...>, "ref"> & { ...; }, never>>'.
src/components/TrainerDashboard/StellarComponents/TrainerSharedComponents-optimized.tsx(44,53): error TS2339: Property 'elegant' does not exist on type '{}'.
src/components/TrainerDashboard/StellarComponents/TrainerSharedComponents-optimized.tsx(94,17): error TS2345: Argument of type '(props: ExecutionContext & FastOmit<DetailedHTMLProps<HTMLAttributes<HTMLHeadingElement>, HTMLHeadingElement>, never>) => {}' is not assignable to parameter of type 'Interpolation<FastOmit<DetailedHTMLProps<HTMLAttributes<HTMLHeadingElement>, HTMLHeadingElement>, never>>'.
  Type '(props: ExecutionContext & FastOmit<DetailedHTMLProps<HTMLAttributes<HTMLHeadingElement>, HTMLHeadingElement>, never>) => {}' is not assignable to type 'StyleFunction<FastOmit<DetailedHTMLProps<HTMLAttributes<HTMLHeadingElement>, HTMLHeadingElement>, never>>'.
    Type '{}' is not assignable to type 'Interpolation<FastOmit<DetailedHTMLProps<HTMLAttributes<HTMLHeadingElement>, HTMLHeadingElement>, never>>'.
src/components/TrainerDashboard/StellarComponents/TrainerSharedComponents-optimized.tsx(102,48): error TS2339: Property 'glow' does not exist on type 'string[] | Record<string, unknown>'.
  Property 'glow' does not exist on type 'string[]'.
src/components/TrainerDashboard/StellarComponents/TrainerSharedComponents-optimized.tsx(129,19): error TS2345: Argument of type '(props: ExecutionContext & FastOmit<DetailedHTMLProps<HTMLAttributes<HTMLDivElement>, HTMLDivElement>, never>) => {}' is not assignable to parameter of type 'Interpolation<FastOmit<DetailedHTMLProps<HTMLAttributes<HTMLDivElement>, HTMLDivElement>, never>>'.
  Type '(props: ExecutionContext & FastOmit<DetailedHTMLProps<HTMLAttributes<HTMLDivElement>, HTMLDivElement>, never>) => {}' is not assignable to type 'StyleFunction<FastOmit<DetailedHTMLProps<HTMLAttributes<HTMLDivElement>, HTMLDivElement>, never>>'.
    Type '{}' is not assignable to type 'Interpolation<FastOmit<DetailedHTMLProps<HTMLAttributes<HTMLDivElement>, HTMLDivElement>, never>>'.
src/components/TrainerDashboard/StellarComponents/TrainerSharedComponents-optimized.tsx(130,55): error TS2339: Property 'elegant' does not exist on type '{}'.
src/components/TrainerDashboard/StellarComponents/TrainerSharedComponents-optimized.tsx(137,51): error TS2339: Property 'primary' does not exist on type 'string[] | Record<string, unknown>'.
  Property 'primary' does not exist on type 'string[]'.
src/components/TrainerDashboard/StellarComponents/TrainerSharedComponents-optimized.tsx(179,27): error TS2345: Argument of type '(props: ExecutionContext & FastOmit<DetailedHTMLProps<HTMLAttributes<HTMLDivElement>, HTMLDivElement>, never>) => {}' is not assignable to parameter of type 'Interpolation<FastOmit<DetailedHTMLProps<HTMLAttributes<HTMLDivElement>, HTMLDivElement>, never>>'.
  Type '(props: ExecutionContext & FastOmit<DetailedHTMLProps<HTMLAttributes<HTMLDivElement>, HTMLDivElement>, never>) => {}' is not assignable to type 'StyleFunction<FastOmit<DetailedHTMLProps<HTMLAttributes<HTMLDivElement>, HTMLDivElement>, never>>'.
    Type '{}' is not assignable to type 'Interpolation<FastOmit<DetailedHTMLProps<HTMLAttributes<HTMLDivElement>, HTMLDivElement>, never>>'.
src/components/TrainerDashboard/StellarComponents/TrainerSharedComponents-optimized.tsx(191,12): error TS2345: Argument of type '(props: ExecutionContext & FastOmit<DetailedHTMLProps<HTMLAttributes<HTMLParagraphElement>, HTMLParagraphElement>, never>) => {}' is not assignable to parameter of type 'Interpolation<FastOmit<DetailedHTMLProps<HTMLAttributes<HTMLParagraphElement>, HTMLParagraphElement>, never>>'.
  Type '(props: ExecutionContext & FastOmit<DetailedHTMLProps<HTMLAttributes<HTMLParagraphElement>, HTMLParagraphElement>, never>) => {}' is not assignable to type 'StyleFunction<FastOmit<DetailedHTMLProps<HTMLAttributes<HTMLParagraphElement>, HTMLParagraphElement>, never>>'.
    Type '{}' is not assignable to type 'Interpolation<FastOmit<DetailedHTMLProps<HTMLAttributes<HTMLParagraphElement>, HTMLParagraphElement>, never>>'.
src/components/TrainerDashboard/StellarComponents/TrainerSharedComponents-optimized.tsx(210,19): error TS2345: Argument of type '(props: ExecutionContext & FastOmit<Omit<HTMLAttributesWithoutMotionProps<HTMLAttributes<HTMLDivElement>, HTMLDivElement> & MotionProps & RefAttributes<...>, "ref"> & { ...; }, never>) => {}' is not assignable to parameter of type 'Interpolation<FastOmit<Omit<HTMLAttributesWithoutMotionProps<HTMLAttributes<HTMLDivElement>, HTMLDivElement> & MotionProps & RefAttributes<...>, "ref"> & { ...; }, never>>'.
  Type '(props: ExecutionContext & FastOmit<Omit<HTMLAttributesWithoutMotionProps<HTMLAttributes<HTMLDivElement>, HTMLDivElement> & MotionProps & RefAttributes<...>, "ref"> & { ...; }, never>) => {}' is not assignable to type 'StyleFunction<FastOmit<Omit<HTMLAttributesWithoutMotionProps<HTMLAttributes<HTMLDivElement>, HTMLDivElement> & MotionProps & RefAttributes<...>, "ref"> & { ...; }, never>>'.
    Type '{}' is not assignable to type 'Interpolation<FastOmit<Omit<HTMLAttributesWithoutMotionProps<HTMLAttributes<HTMLDivElement>, HTMLDivElement> & MotionProps & RefAttributes<...>, "ref"> & { ...; }, never>>'.
src/components/TrainerDashboard/StellarComponents/TrainerSharedComponents-optimized.tsx(250,19): error TS2345: Argument of type '(props: ExecutionContext & FastOmit<Omit<HTMLAttributesWithoutMotionProps<HTMLAttributes<HTMLDivElement>, HTMLDivElement> & MotionProps & RefAttributes<...>, "ref"> & { ...; }, never>) => {}' is not assignable to parameter of type 'Interpolation<FastOmit<Omit<HTMLAttributesWithoutMotionProps<HTMLAttributes<HTMLDivElement>, HTMLDivElement> & MotionProps & RefAttributes<...>, "ref"> & { ...; }, never>>'.
  Type '(props: ExecutionContext & FastOmit<Omit<HTMLAttributesWithoutMotionProps<HTMLAttributes<HTMLDivElement>, HTMLDivElement> & MotionProps & RefAttributes<...>, "ref"> & { ...; }, never>) => {}' is not assignable to type 'StyleFunction<FastOmit<Omit<HTMLAttributesWithoutMotionProps<HTMLAttributes<HTMLDivElement>, HTMLDivElement> & MotionProps & RefAttributes<...>, "ref"> & { ...; }, never>>'.
    Type '{}' is not assignable to type 'Interpolation<FastOmit<Omit<HTMLAttributesWithoutMotionProps<HTMLAttributes<HTMLDivElement>, HTMLDivElement> & MotionProps & RefAttributes<...>, "ref"> & { ...; }, never>>'.
src/components/TrainerDashboard/StellarComponents/TrainerSharedComponents-optimized.tsx(274,17): error TS2345: Argument of type '(props: ExecutionContext & FastOmit<DetailedHTMLProps<HTMLAttributes<HTMLSpanElement>, HTMLSpanElement>, "gradient"> & { ...; }) => {}' is not assignable to parameter of type 'Interpolation<Substitute<DetailedHTMLProps<HTMLAttributes<HTMLSpanElement>, HTMLSpanElement>, { gradient?: string | undefined; }>>'.
  Type '(props: ExecutionContext & FastOmit<DetailedHTMLProps<HTMLAttributes<HTMLSpanElement>, HTMLSpanElement>, "gradient"> & { ...; }) => {}' is not assignable to type 'StyleFunction<Substitute<DetailedHTMLProps<HTMLAttributes<HTMLSpanElement>, HTMLSpanElement>, { gradient?: string | undefined; }>>'.
    Type '{}' is not assignable to type 'Interpolation<Substitute<DetailedHTMLProps<HTMLAttributes<HTMLSpanElement>, HTMLSpanElement>, { gradient?: string | undefined; }>>'.
src/components/TrainerDashboard/StellarComponents/TrainerStats-optimized.tsx(61,17): error TS2345: Argument of type '(props: ExecutionContext & FastOmit<Omit<HTMLAttributesWithoutMotionProps<HTMLAttributes<HTMLDivElement>, HTMLDivElement> & MotionProps & RefAttributes<...>, "ref"> & { ...; }, "color"> & { ...; }) => {}' is not assignable to parameter of type 'Interpolation<Substitute<Omit<HTMLAttributesWithoutMotionProps<HTMLAttributes<HTMLDivElement>, HTMLDivElement> & MotionProps & RefAttributes<...>, "ref"> & { ...; }, { ...; }>>'.
  Type '(props: ExecutionContext & FastOmit<Omit<HTMLAttributesWithoutMotionProps<HTMLAttributes<HTMLDivElement>, HTMLDivElement> & MotionProps & RefAttributes<...>, "ref"> & { ...; }, "color"> & { ...; }) => {}' is not assignable to type 'StyleFunction<Substitute<Omit<HTMLAttributesWithoutMotionProps<HTMLAttributes<HTMLDivElement>, HTMLDivElement> & MotionProps & RefAttributes<...>, "ref"> & { ...; }, { ...; }>>'.
    Type '{}' is not assignable to type 'Interpolation<Substitute<Omit<HTMLAttributesWithoutMotionProps<HTMLAttributes<HTMLDivElement>, HTMLDivElement> & MotionProps & RefAttributes<...>, "ref"> & { ...; }, { ...; }>>'.
src/components/TrainerDashboard/StellarComponents/TrainerStats-optimized.tsx(62,53): error TS2339: Property 'subtle' does not exist on type '{}'.
src/components/TrainerDashboard/StellarComponents/TrainerStats-optimized.tsx(93,49): error TS2339: Property 'cosmic' does not exist on type 'string[] | Record<string, unknown>'.
  Property 'cosmic' does not exist on type 'string[]'.
src/components/TrainerDashboard/StellarComponents/TrainerStats-optimized.tsx(154,12): error TS2345: Argument of type '(props: ExecutionContext & FastOmit<DetailedHTMLProps<HTMLAttributes<HTMLDivElement>, HTMLDivElement>, never>) => {}' is not assignable to parameter of type 'Interpolation<FastOmit<DetailedHTMLProps<HTMLAttributes<HTMLDivElement>, HTMLDivElement>, never>>'.
  Type '(props: ExecutionContext & FastOmit<DetailedHTMLProps<HTMLAttributes<HTMLDivElement>, HTMLDivElement>, never>) => {}' is not assignable to type 'StyleFunction<FastOmit<DetailedHTMLProps<HTMLAttributes<HTMLDivElement>, HTMLDivElement>, never>>'.
    Type '{}' is not assignable to type 'Interpolation<FastOmit<DetailedHTMLProps<HTMLAttributes<HTMLDivElement>, HTMLDivElement>, never>>'.
src/components/TrainerDashboard/StellarComponents/TrainerStats-optimized.tsx(164,12): error TS2345: Argument of type '(props: ExecutionContext & FastOmit<DetailedHTMLProps<HTMLAttributes<HTMLDivElement>, HTMLDivElement>, never>) => {}' is not assignable to parameter of type 'Interpolation<FastOmit<DetailedHTMLProps<HTMLAttributes<HTMLDivElement>, HTMLDivElement>, never>>'.
  Type '(props: ExecutionContext & FastOmit<DetailedHTMLProps<HTMLAttributes<HTMLDivElement>, HTMLDivElement>, never>) => {}' is not assignable to type 'StyleFunction<FastOmit<DetailedHTMLProps<HTMLAttributes<HTMLDivElement>, HTMLDivElement>, never>>'.
    Type '{}' is not assignable to type 'Interpolation<FastOmit<DetailedHTMLProps<HTMLAttributes<HTMLDivElement>, HTMLDivElement>, never>>'.
src/components/TrainerDashboard/StellarComponents/TrainerStats-optimized.tsx(172,12): error TS2345: Argument of type '(props: ExecutionContext & FastOmit<DetailedHTMLProps<HTMLAttributes<HTMLDivElement>, HTMLDivElement>, "positive"> & { ...; }) => {}' is not assignable to parameter of type 'Interpolation<Substitute<DetailedHTMLProps<HTMLAttributes<HTMLDivElement>, HTMLDivElement>, { positive?: boolean | undefined; }>>'.
  Type '(props: ExecutionContext & FastOmit<DetailedHTMLProps<HTMLAttributes<HTMLDivElement>, HTMLDivElement>, "positive"> & { ...; }) => {}' is not assignable to type 'StyleFunction<Substitute<DetailedHTMLProps<HTMLAttributes<HTMLDivElement>, HTMLDivElement>, { positive?: boolean | undefined; }>>'.
    Type '{}' is not assignable to type 'Interpolation<Substitute<DetailedHTMLProps<HTMLAttributes<HTMLDivElement>, HTMLDivElement>, { positive?: boolean | undefined; }>>'.
src/components/TrainerDashboard/StellarComponents/TrainerStats-optimized.tsx(263,17): error TS2345: Argument of type '(props: ExecutionContext & FastOmit<Omit<HTMLAttributesWithoutMotionProps<HTMLAttributes<HTMLDivElement>, HTMLDivElement> & MotionProps & RefAttributes<...>, "ref"> & { ...; }, "color"> & { ...; }) => {}' is not assignable to parameter of type 'Interpolation<Substitute<Omit<HTMLAttributesWithoutMotionProps<HTMLAttributes<HTMLDivElement>, HTMLDivElement> & MotionProps & RefAttributes<...>, "ref"> & { ...; }, { ...; }>>'.
  Type '(props: ExecutionContext & FastOmit<Omit<HTMLAttributesWithoutMotionProps<HTMLAttributes<HTMLDivElement>, HTMLDivElement> & MotionProps & RefAttributes<...>, "ref"> & { ...; }, "color"> & { ...; }) => {}' is not assignable to type 'StyleFunction<Substitute<Omit<HTMLAttributesWithoutMotionProps<HTMLAttributes<HTMLDivElement>, HTMLDivElement> & MotionProps & RefAttributes<...>, "ref"> & { ...; }, { ...; }>>'.
    Type '{}' is not assignable to type 'Interpolation<Substitute<Omit<HTMLAttributesWithoutMotionProps<HTMLAttributes<HTMLDivElement>, HTMLDivElement> & MotionProps & RefAttributes<...>, "ref"> & { ...; }, { ...; }>>'.
src/components/TrainerDashboard/StellarComponents/TrainerStats-optimized.tsx(264,53): error TS2339: Property 'subtle' does not exist on type '{}'.
src/components/TrainerDashboard/StellarComponents/TrainerStellarSections.tsx(55,17): error TS2345: Argument of type '(props: ExecutionContext & FastOmit<Omit<HTMLAttributesWithoutMotionProps<HTMLAttributes<HTMLDivElement>, HTMLDivElement> & MotionProps & RefAttributes<...>, "ref"> & { ...; }, never>) => {}' is not assignable to parameter of type 'Interpolation<FastOmit<Omit<HTMLAttributesWithoutMotionProps<HTMLAttributes<HTMLDivElement>, HTMLDivElement> & MotionProps & RefAttributes<...>, "ref"> & { ...; }, never>>'.
  Type '(props: ExecutionContext & FastOmit<Omit<HTMLAttributesWithoutMotionProps<HTMLAttributes<HTMLDivElement>, HTMLDivElement> & MotionProps & RefAttributes<...>, "ref"> & { ...; }, never>) => {}' is not assignable to type 'StyleFunction<FastOmit<Omit<HTMLAttributesWithoutMotionProps<HTMLAttributes<HTMLDivElement>, HTMLDivElement> & MotionProps & RefAttributes<...>, "ref"> & { ...; }, never>>'.
    Type '{}' is not assignable to type 'Interpolation<FastOmit<Omit<HTMLAttributesWithoutMotionProps<HTMLAttributes<HTMLDivElement>, HTMLDivElement> & MotionProps & RefAttributes<...>, "ref"> & { ...; }, never>>'.
src/components/TrainerDashboard/StellarComponents/TrainerStellarSections.tsx(58,53): error TS2339: Property 'elegant' does not exist on type '{}'.
src/components/TrainerDashboard/StellarComponents/TrainerStellarSections.tsx(108,17): error TS2345: Argument of type '(props: ExecutionContext & FastOmit<DetailedHTMLProps<HTMLAttributes<HTMLHeadingElement>, HTMLHeadingElement>, never>) => {}' is not assignable to parameter of type 'Interpolation<FastOmit<DetailedHTMLProps<HTMLAttributes<HTMLHeadingElement>, HTMLHeadingElement>, never>>'.
  Type '(props: ExecutionContext & FastOmit<DetailedHTMLProps<HTMLAttributes<HTMLHeadingElement>, HTMLHeadingElement>, never>) => {}' is not assignable to type 'StyleFunction<FastOmit<DetailedHTMLProps<HTMLAttributes<HTMLHeadingElement>, HTMLHeadingElement>, never>>'.
    Type '{}' is not assignable to type 'Interpolation<FastOmit<DetailedHTMLProps<HTMLAttributes<HTMLHeadingElement>, HTMLHeadingElement>, never>>'.
src/components/TrainerDashboard/StellarComponents/TrainerStellarSections.tsx(116,48): error TS2339: Property 'glow' does not exist on type 'string[] | Record<string, unknown>'.
  Property 'glow' does not exist on type 'string[]'.
src/components/TrainerDashboard/StellarComponents/TrainerStellarSections.tsx(138,17): error TS2345: Argument of type '(props: ExecutionContext & FastOmit<Omit<HTMLAttributesWithoutMotionProps<HTMLAttributes<HTMLDivElement>, HTMLDivElement> & MotionProps & RefAttributes<...>, "ref"> & { ...; }, "glowColor"> & { ...; }) => {}' is not assignable to parameter of type 'Interpolation<Substitute<Omit<HTMLAttributesWithoutMotionProps<HTMLAttributes<HTMLDivElement>, HTMLDivElement> & MotionProps & RefAttributes<...>, "ref"> & { ...; }, { ...; }>>'.
  Type '(props: ExecutionContext & FastOmit<Omit<HTMLAttributesWithoutMotionProps<HTMLAttributes<HTMLDivElement>, HTMLDivElement> & MotionProps & RefAttributes<...>, "ref"> & { ...; }, "glowColor"> & { ...; }) => {}' is not assignable to type 'StyleFunction<Substitute<Omit<HTMLAttributesWithoutMotionProps<HTMLAttributes<HTMLDivElement>, HTMLDivElement> & MotionProps & RefAttributes<...>, "ref"> & { ...; }, { ...; }>>'.
    Type '{}' is not assignable to type 'Interpolation<Substitute<Omit<HTMLAttributesWithoutMotionProps<HTMLAttributes<HTMLDivElement>, HTMLDivElement> & MotionProps & RefAttributes<...>, "ref"> & { ...; }, { ...; }>>'.
src/components/TrainerDashboard/StellarComponents/TrainerStellarSections.tsx(139,53): error TS2339: Property 'subtle' does not exist on type '{}'.
src/components/TrainerDashboard/StellarComponents/TrainerStellarSections.tsx(164,49): error TS2339: Property 'cosmic' does not exist on type 'string[] | Record<string, unknown>'.
  Property 'cosmic' does not exist on type 'string[]'.
src/components/TrainerDashboard/StellarComponents/TrainerStellarSections.tsx(206,12): error TS2345: Argument of type '(props: ExecutionContext & FastOmit<DetailedHTMLProps<HTMLAttributes<HTMLDivElement>, HTMLDivElement>, never>) => {}' is not assignable to parameter of type 'Interpolation<FastOmit<DetailedHTMLProps<HTMLAttributes<HTMLDivElement>, HTMLDivElement>, never>>'.
  Type '(props: ExecutionContext & FastOmit<DetailedHTMLProps<HTMLAttributes<HTMLDivElement>, HTMLDivElement>, never>) => {}' is not assignable to type 'StyleFunction<FastOmit<DetailedHTMLProps<HTMLAttributes<HTMLDivElement>, HTMLDivElement>, never>>'.
    Type '{}' is not assignable to type 'Interpolation<FastOmit<DetailedHTMLProps<HTMLAttributes<HTMLDivElement>, HTMLDivElement>, never>>'.
src/components/TrainerDashboard/StellarComponents/TrainerStellarSections.tsx(216,12): error TS2345: Argument of type '(props: ExecutionContext & FastOmit<DetailedHTMLProps<HTMLAttributes<HTMLDivElement>, HTMLDivElement>, never>) => {}' is not assignable to parameter of type 'Interpolation<FastOmit<DetailedHTMLProps<HTMLAttributes<HTMLDivElement>, HTMLDivElement>, never>>'.
  Type '(props: ExecutionContext & FastOmit<DetailedHTMLProps<HTMLAttributes<HTMLDivElement>, HTMLDivElement>, never>) => {}' is not assignable to type 'StyleFunction<FastOmit<DetailedHTMLProps<HTMLAttributes<HTMLDivElement>, HTMLDivElement>, never>>'.
    Type '{}' is not assignable to type 'Interpolation<FastOmit<DetailedHTMLProps<HTMLAttributes<HTMLDivElement>, HTMLDivElement>, never>>'.
src/components/TrainerDashboard/StellarComponents/TrainerStellarSections.tsx(234,17): error TS2345: Argument of type '(props: ExecutionContext & FastOmit<Omit<HTMLAttributesWithoutMotionProps<HTMLAttributes<HTMLDivElement>, HTMLDivElement> & MotionProps & RefAttributes<...>, "ref"> & { ...; }, never>) => {}' is not assignable to parameter of type 'Interpolation<FastOmit<Omit<HTMLAttributesWithoutMotionProps<HTMLAttributes<HTMLDivElement>, HTMLDivElement> & MotionProps & RefAttributes<...>, "ref"> & { ...; }, never>>'.
  Type '(props: ExecutionContext & FastOmit<Omit<HTMLAttributesWithoutMotionProps<HTMLAttributes<HTMLDivElement>, HTMLDivElement> & MotionProps & RefAttributes<...>, "ref"> & { ...; }, never>) => {}' is not assignable to type 'StyleFunction<FastOmit<Omit<HTMLAttributesWithoutMotionProps<HTMLAttributes<HTMLDivElement>, HTMLDivElement> & MotionProps & RefAttributes<...>, "ref"> & { ...; }, never>>'.
    Type '{}' is not assignable to type 'Interpolation<FastOmit<Omit<HTMLAttributesWithoutMotionProps<HTMLAttributes<HTMLDivElement>, HTMLDivElement> & MotionProps & RefAttributes<...>, "ref"> & { ...; }, never>>'.
src/components/TrainerDashboard/StellarComponents/TrainerStellarSections.tsx(235,53): error TS2339: Property 'elegant' does not exist on type '{}'.
src/components/TrainerDashboard/StellarComponents/TrainerStellarSections.tsx(261,49): error TS2339: Property 'primary' does not exist on type 'string[] | Record<string, unknown>'.
  Property 'primary' does not exist on type 'string[]'.
src/components/TrainerDashboard/StellarComponents/TrainerStellarSections.tsx(283,17): error TS2345: Argument of type '(props: ExecutionContext & FastOmit<DetailedHTMLProps<HTMLAttributes<HTMLDivElement>, HTMLDivElement>, never>) => {}' is not assignable to parameter of type 'Interpolation<FastOmit<DetailedHTMLProps<HTMLAttributes<HTMLDivElement>, HTMLDivElement>, never>>'.
  Type '(props: ExecutionContext & FastOmit<DetailedHTMLProps<HTMLAttributes<HTMLDivElement>, HTMLDivElement>, never>) => {}' is not assignable to type 'StyleFunction<FastOmit<DetailedHTMLProps<HTMLAttributes<HTMLDivElement>, HTMLDivElement>, never>>'.
    Type '{}' is not assignable to type 'Interpolation<FastOmit<DetailedHTMLProps<HTMLAttributes<HTMLDivElement>, HTMLDivElement>, never>>'.
src/components/TrainerDashboard/StellarComponents/TrainerStellarSections.tsx(290,47): error TS2339: Property 'primary' does not exist on type 'string[] | Record<string, unknown>'.
  Property 'primary' does not exist on type 'string[]'.
src/components/TrainerDashboard/StellarComponents/TrainerStellarSections.tsx(308,12): error TS2345: Argument of type '(props: ExecutionContext & FastOmit<DetailedHTMLProps<HTMLAttributes<HTMLDivElement>, HTMLDivElement>, never>) => {}' is not assignable to parameter of type 'Interpolation<FastOmit<DetailedHTMLProps<HTMLAttributes<HTMLDivElement>, HTMLDivElement>, never>>'.
  Type '(props: ExecutionContext & FastOmit<DetailedHTMLProps<HTMLAttributes<HTMLDivElement>, HTMLDivElement>, never>) => {}' is not assignable to type 'StyleFunction<FastOmit<DetailedHTMLProps<HTMLAttributes<HTMLDivElement>, HTMLDivElement>, never>>'.
    Type '{}' is not assignable to type 'Interpolation<FastOmit<DetailedHTMLProps<HTMLAttributes<HTMLDivElement>, HTMLDivElement>, never>>'.
src/components/TrainerDashboard/StellarComponents/TrainerStellarSections.tsx(318,12): error TS2345: Argument of type '(props: ExecutionContext & FastOmit<DetailedHTMLProps<HTMLAttributes<HTMLDivElement>, HTMLDivElement>, never>) => {}' is not assignable to parameter of type 'Interpolation<FastOmit<DetailedHTMLProps<HTMLAttributes<HTMLDivElement>, HTMLDivElement>, never>>'.
  Type '(props: ExecutionContext & FastOmit<DetailedHTMLProps<HTMLAttributes<HTMLDivElement>, HTMLDivElement>, never>) => {}' is not assignable to type 'StyleFunction<FastOmit<DetailedHTMLProps<HTMLAttributes<HTMLDivElement>, HTMLDivElement>, never>>'.
    Type '{}' is not assignable to type 'Interpolation<FastOmit<DetailedHTMLProps<HTMLAttributes<HTMLDivElement>, HTMLDivElement>, never>>'.
src/components/TrainerDashboard/StellarComponents/TrainerStellarSections.tsx(794,27): error TS2345: Argument of type '{ totalClients: number; totalSessions: number; clients: { client: { id: string; firstName: string; lastName: string; email: string; }; sessions: ({ id: string; status: string; duration: number; assignedAt: string; sessionDate?: undefined; } | { ...; })[]; totalSessions: number; availableSessions: number; scheduledSe...' is not assignable to parameter of type 'SetStateAction<never[]>'.
src/components/TrainerDashboard/StellarComponents/TrainerStellarSections.tsx(801,37): error TS2339: Property 'colors' does not exist on type 'ThemeContextType'.
src/components/TrainerDashboard/StellarComponents/TrainerStellarSections.tsx(802,38): error TS2339: Property 'colors' does not exist on type 'ThemeContextType'.
src/components/TrainerDashboard/StellarComponents/TrainerStellarSections.tsx(803,38): error TS2339: Property 'colors' does not exist on type 'ThemeContextType'.
src/components/TrainerDashboard/StellarComponents/TrainerStellarSections.tsx(804,38): error TS2339: Property 'colors' does not exist on type 'ThemeContextType'.
src/components/TrainerDashboard/StellarComponents/TrainerStellarSections.tsx(805,29): error TS2339: Property 'colors' does not exist on type 'ThemeContextType'.
src/components/TrainerDashboard/StellarComponents/TrainerStellarSections.tsx(827,24): error TS2339: Property 'colors' does not exist on type 'ThemeContextType'.
src/components/TrainerDashboard/StellarComponents/TrainerStellarSections.tsx(852,34): error TS2339: Property 'colors' does not exist on type 'ThemeContextType'.
src/components/TrainerDashboard/StellarComponents/TrainerStellarSections.tsx(853,40): error TS2339: Property 'colors' does not exist on type 'ThemeContextType'.
src/components/TrainerDashboard/StellarComponents/TrainerStellarSections.tsx(858,31): error TS2339: Property 'totalClients' does not exist on type 'never[]'.
src/components/TrainerDashboard/StellarComponents/TrainerStellarSections.tsx(861,34): error TS2339: Property 'colors' does not exist on type 'ThemeContextType'.
src/components/TrainerDashboard/StellarComponents/TrainerStellarSections.tsx(862,40): error TS2339: Property 'colors' does not exist on type 'ThemeContextType'.
src/components/TrainerDashboard/StellarComponents/TrainerStellarSections.tsx(867,31): error TS2339: Property 'totalSessions' does not exist on type 'never[]'.
src/components/TrainerDashboard/StellarComponents/TrainerStellarSections.tsx(880,27): error TS2339: Property 'clients' does not exist on type 'never[]'.
src/components/TrainerDashboard/StellarComponents/TrainerStellarSections.tsx(887,36): error TS2339: Property 'gradients' does not exist on type 'ThemeContextType'.
src/components/TrainerDashboard/StellarComponents/TrainerStellarSections.tsx(889,42): error TS2339: Property 'borders' does not exist on type 'ThemeContextType'.
src/components/TrainerDashboard/StellarComponents/TrainerStellarSections.tsx(897,46): error TS2339: Property 'colors' does not exist on type 'ThemeContextType'.
src/components/TrainerDashboard/StellarComponents/TrainerStellarSections.tsx(911,32): error TS2339: Property 'colors' does not exist on type 'ThemeContextType'.
src/components/TrainerDashboard/StellarComponents/TrainerStellarSections.tsx(919,32): error TS2339: Property 'text' does not exist on type 'ThemeContextType'.
src/components/TrainerDashboard/StellarComponents/TrainerStellarSections.tsx(925,44): error TS2339: Property 'colors' does not exist on type 'ThemeContextType'.
src/components/TrainerDashboard/StellarComponents/TrainerStellarSections.tsx(936,38): error TS2339: Property 'colors' does not exist on type 'ThemeContextType'.
src/components/TrainerDashboard/StellarComponents/TrainerStellarSections.tsx(937,44): error TS2339: Property 'colors' does not exist on type 'ThemeContextType'.
src/components/TrainerDashboard/StellarComponents/TrainerStellarSections.tsx(945,32): error TS2339: Property 'colors' does not exist on type 'ThemeContextType'.
src/components/TrainerDashboard/StellarComponents/TrainerStellarSections.tsx(952,32): error TS2339: Property 'text' does not exist on type 'ThemeContextType'.
src/components/TrainerDashboard/StellarComponents/TrainerStellarSections.tsx(959,38): error TS2339: Property 'colors' does not exist on type 'ThemeContextType'.
src/components/TrainerDashboard/StellarComponents/TrainerStellarSections.tsx(960,44): error TS2339: Property 'colors' does not exist on type 'ThemeContextType'.
src/components/TrainerDashboard/StellarComponents/TrainerStellarSections.tsx(968,32): error TS2339: Property 'colors' does not exist on type 'ThemeContextType'.
src/components/TrainerDashboard/StellarComponents/TrainerStellarSections.tsx(975,32): error TS2339: Property 'text' does not exist on type 'ThemeContextType'.
src/components/TrainerDashboard/StellarComponents/TrainerStellarSections.tsx(986,30): error TS2339: Property 'colors' does not exist on type 'ThemeContextType'.
src/components/TrainerDashboard/StellarComponents/TrainerStellarSections.tsx(998,49): error TS2339: Property 'borders' does not exist on type 'ThemeContextType'.
src/components/TrainerDashboard/StellarComponents/TrainerStellarSections.tsx(1007,49): error TS2339: Property 'text' does not exist on type 'ThemeContextType'.
src/components/TrainerDashboard/StellarComponents/TrainerStellarSections.tsx(1033,32): error TS2339: Property 'colors' does not exist on type 'ThemeContextType'.
src/components/TrainerDashboard/StellarComponents/TrainerStellarSections.tsx(1046,25): error TS2339: Property 'clients' does not exist on type 'never[]'.
src/components/TrainerDashboard/StellarComponents/TrainerStellarSections.tsx(1053,41): error TS2339: Property 'colors' does not exist on type 'ThemeContextType'.
src/components/TrainerDashboard/StellarComponents/TrainerStellarSections.tsx(1055,26): error TS2339: Property 'colors' does not exist on type 'ThemeContextType'.
src/components/TrainerDashboard/StellarComponents/TrainerStellarSections.tsx(1061,26): error TS2339: Property 'text' does not exist on type 'ThemeContextType'.
src/components/TrainerDashboard/StellarComponents/TrainerStellarSidebar.config.ts(33,26): error TS2322: Type 'LucideIcon' is not assignable to type 'ComponentType<{ size?: number | undefined; }>'.
  Type 'ForwardRefExoticComponent<LucideProps>' is not assignable to type 'FunctionComponent<{ size?: number | undefined; }>'.
    Types of property 'propTypes' are incompatible.
      Type 'WeakValidationMap<LucideProps> | undefined' is not assignable to type 'WeakValidationMap<{ size?: number | undefined; }> | undefined'.
        Type 'WeakValidationMap<LucideProps>' is not assignable to type 'WeakValidationMap<{ size?: number | undefined; }>'.
          Types of property 'size' are incompatible.
            Type 'Validator<string | number | null | undefined> | undefined' is not assignable to type 'Validator<number | null | undefined> | undefined'.
              Type 'Validator<string | number | null | undefined>' is not assignable to type 'Validator<number | null | undefined>'.
                Type 'string | number | null | undefined' is not assignable to type 'number | null | undefined'.
                  Type 'string' is not assignable to type 'number'.
src/components/TrainerDashboard/StellarComponents/TrainerStellarSidebar.config.ts(34,26): error TS2322: Type 'LucideIcon' is not assignable to type 'ComponentType<{ size?: number | undefined; }>'.
  Type 'ForwardRefExoticComponent<LucideProps>' is not assignable to type 'FunctionComponent<{ size?: number | undefined; }>'.
    Types of property 'propTypes' are incompatible.
      Type 'WeakValidationMap<LucideProps> | undefined' is not assignable to type 'WeakValidationMap<{ size?: number | undefined; }> | undefined'.
        Type 'WeakValidationMap<LucideProps>' is not assignable to type 'WeakValidationMap<{ size?: number | undefined; }>'.
          Types of property 'size' are incompatible.
            Type 'Validator<string | number | null | undefined> | undefined' is not assignable to type 'Validator<number | null | undefined> | undefined'.
              Type 'Validator<string | number | null | undefined>' is not assignable to type 'Validator<number | null | undefined>'.
                Type 'string | number | null | undefined' is not assignable to type 'number | null | undefined'.
                  Type 'string' is not assignable to type 'number'.
src/components/TrainerDashboard/StellarComponents/TrainerStellarSidebar.config.ts(35,32): error TS2322: Type 'LucideIcon' is not assignable to type 'ComponentType<{ size?: number | undefined; }>'.
  Type 'ForwardRefExoticComponent<LucideProps>' is not assignable to type 'FunctionComponent<{ size?: number | undefined; }>'.
    Types of property 'propTypes' are incompatible.
      Type 'WeakValidationMap<LucideProps> | undefined' is not assignable to type 'WeakValidationMap<{ size?: number | undefined; }> | undefined'.
        Type 'WeakValidationMap<LucideProps>' is not assignable to type 'WeakValidationMap<{ size?: number | undefined; }>'.
          Types of property 'size' are incompatible.
            Type 'Validator<string | number | null | undefined> | undefined' is not assignable to type 'Validator<number | null | undefined> | undefined'.
              Type 'Validator<string | number | null | undefined>' is not assignable to type 'Validator<number | null | undefined>'.
                Type 'string | number | null | undefined' is not assignable to type 'number | null | undefined'.
                  Type 'string' is not assignable to type 'number'.
src/components/TrainerDashboard/StellarComponents/TrainerStellarSidebar.config.ts(36,29): error TS2322: Type 'LucideIcon' is not assignable to type 'ComponentType<{ size?: number | undefined; }>'.
  Type 'ForwardRefExoticComponent<LucideProps>' is not assignable to type 'FunctionComponent<{ size?: number | undefined; }>'.
    Types of property 'propTypes' are incompatible.
      Type 'WeakValidationMap<LucideProps> | undefined' is not assignable to type 'WeakValidationMap<{ size?: number | undefined; }> | undefined'.
        Type 'WeakValidationMap<LucideProps>' is not assignable to type 'WeakValidationMap<{ size?: number | undefined; }>'.
          Types of property 'size' are incompatible.
            Type 'Validator<string | number | null | undefined> | undefined' is not assignable to type 'Validator<number | null | undefined> | undefined'.
              Type 'Validator<string | number | null | undefined>' is not assignable to type 'Validator<number | null | undefined>'.
                Type 'string | number | null | undefined' is not assignable to type 'number | null | undefined'.
                  Type 'string' is not assignable to type 'number'.
src/components/TrainerDashboard/StellarComponents/TrainerStellarSidebar.config.ts(37,24): error TS2322: Type 'LucideIcon' is not assignable to type 'ComponentType<{ size?: number | undefined; }>'.
  Type 'ForwardRefExoticComponent<LucideProps>' is not assignable to type 'FunctionComponent<{ size?: number | undefined; }>'.
    Types of property 'propTypes' are incompatible.
      Type 'WeakValidationMap<LucideProps> | undefined' is not assignable to type 'WeakValidationMap<{ size?: number | undefined; }> | undefined'.
        Type 'WeakValidationMap<LucideProps>' is not assignable to type 'WeakValidationMap<{ size?: number | undefined; }>'.
          Types of property 'size' are incompatible.
            Type 'Validator<string | number | null | undefined> | undefined' is not assignable to type 'Validator<number | null | undefined> | undefined'.
              Type 'Validator<string | number | null | undefined>' is not assignable to type 'Validator<number | null | undefined>'.
                Type 'string | number | null | undefined' is not assignable to type 'number | null | undefined'.
                  Type 'string' is not assignable to type 'number'.
src/components/TrainerDashboard/StellarComponents/TrainerStellarSidebar.config.ts(38,24): error TS2322: Type 'LucideIcon' is not assignable to type 'ComponentType<{ size?: number | undefined; }>'.
  Type 'ForwardRefExoticComponent<LucideProps>' is not assignable to type 'FunctionComponent<{ size?: number | undefined; }>'.
    Types of property 'propTypes' are incompatible.
      Type 'WeakValidationMap<LucideProps> | undefined' is not assignable to type 'WeakValidationMap<{ size?: number | undefined; }> | undefined'.
        Type 'WeakValidationMap<LucideProps>' is not assignable to type 'WeakValidationMap<{ size?: number | undefined; }>'.
          Types of property 'size' are incompatible.
            Type 'Validator<string | number | null | undefined> | undefined' is not assignable to type 'Validator<number | null | undefined> | undefined'.
              Type 'Validator<string | number | null | undefined>' is not assignable to type 'Validator<number | null | undefined>'.
                Type 'string | number | null | undefined' is not assignable to type 'number | null | undefined'.
                  Type 'string' is not assignable to type 'number'.
src/components/TrainerDashboard/StellarComponents/TrainerStellarSidebar.config.ts(39,28): error TS2322: Type 'LucideIcon' is not assignable to type 'ComponentType<{ size?: number | undefined; }>'.
  Type 'ForwardRefExoticComponent<LucideProps>' is not assignable to type 'FunctionComponent<{ size?: number | undefined; }>'.
    Types of property 'propTypes' are incompatible.
      Type 'WeakValidationMap<LucideProps> | undefined' is not assignable to type 'WeakValidationMap<{ size?: number | undefined; }> | undefined'.
        Type 'WeakValidationMap<LucideProps>' is not assignable to type 'WeakValidationMap<{ size?: number | undefined; }>'.
          Types of property 'size' are incompatible.
            Type 'Validator<string | number | null | undefined> | undefined' is not assignable to type 'Validator<number | null | undefined> | undefined'.
              Type 'Validator<string | number | null | undefined>' is not assignable to type 'Validator<number | null | undefined>'.
                Type 'string | number | null | undefined' is not assignable to type 'number | null | undefined'.
                  Type 'string' is not assignable to type 'number'.
src/components/TrainerDashboard/StellarComponents/TrainerStellarSidebar.styles.ts(61,17): error TS2345: Argument of type '(props: ExecutionContext & FastOmit<Omit<HTMLAttributesWithoutMotionProps<HTMLAttributes<HTMLElement>, HTMLElement> & MotionProps & RefAttributes<...>, "ref"> & { ...; }, "isMobile" | "isCollapsed"> & { ...; }) => {}' is not assignable to parameter of type 'Interpolation<Substitute<Omit<HTMLAttributesWithoutMotionProps<HTMLAttributes<HTMLElement>, HTMLElement> & MotionProps & RefAttributes<...>, "ref"> & { ...; }, { ...; }>>'.
  Type '(props: ExecutionContext & FastOmit<Omit<HTMLAttributesWithoutMotionProps<HTMLAttributes<HTMLElement>, HTMLElement> & MotionProps & RefAttributes<...>, "ref"> & { ...; }, "isMobile" | "isCollapsed"> & { ...; }) => {}' is not assignable to type 'StyleFunction<Substitute<Omit<HTMLAttributesWithoutMotionProps<HTMLAttributes<HTMLElement>, HTMLElement> & MotionProps & RefAttributes<...>, "ref"> & { ...; }, { ...; }>>'.
    Type '{}' is not assignable to type 'Interpolation<Substitute<Omit<HTMLAttributesWithoutMotionProps<HTMLAttributes<HTMLElement>, HTMLElement> & MotionProps & RefAttributes<...>, "ref"> & { ...; }, { ...; }>>'.
src/components/TrainerDashboard/StellarComponents/TrainerStellarSidebar.styles.ts(63,59): error TS2339: Property 'elegant' does not exist on type '{}'.
src/components/TrainerDashboard/StellarComponents/TrainerStellarSidebar.styles.ts(109,49): error TS2339: Property 'elevation' does not exist on type 'string[] | Record<string, unknown>'.
  Property 'elevation' does not exist on type 'string[]'.
src/components/TrainerDashboard/StellarComponents/TrainerStellarSidebar.styles.ts(136,60): error TS2339: Property 'elegant' does not exist on type '{}'.
src/components/TrainerDashboard/StellarComponents/TrainerStellarSidebar.styles.ts(138,17): error TS2345: Argument of type '(props: ExecutionContext & FastOmit<Omit<HTMLAttributesWithoutMotionProps<HTMLAttributes<HTMLDivElement>, HTMLDivElement> & MotionProps & RefAttributes<...>, "ref"> & { ...; }, "isCollapsed"> & { ...; }) => {}' is not assignable to parameter of type 'Interpolation<Substitute<Omit<HTMLAttributesWithoutMotionProps<HTMLAttributes<HTMLDivElement>, HTMLDivElement> & MotionProps & RefAttributes<...>, "ref"> & { ...; }, { ...; }>>'.
  Type '(props: ExecutionContext & FastOmit<Omit<HTMLAttributesWithoutMotionProps<HTMLAttributes<HTMLDivElement>, HTMLDivElement> & MotionProps & RefAttributes<...>, "ref"> & { ...; }, "isCollapsed"> & { ...; }) => {}' is not assignable to type 'StyleFunction<Substitute<Omit<HTMLAttributesWithoutMotionProps<HTMLAttributes<HTMLDivElement>, HTMLDivElement> & MotionProps & RefAttributes<...>, "ref"> & { ...; }, { ...; }>>'.
    Type '{}' is not assignable to type 'Interpolation<Substitute<Omit<HTMLAttributesWithoutMotionProps<HTMLAttributes<HTMLDivElement>, HTMLDivElement> & MotionProps & RefAttributes<...>, "ref"> & { ...; }, { ...; }>>'.
src/components/TrainerDashboard/StellarComponents/TrainerStellarSidebar.styles.ts(152,19): error TS2345: Argument of type '(props: ExecutionContext & FastOmit<Omit<HTMLAttributesWithoutMotionProps<HTMLAttributes<HTMLDivElement>, HTMLDivElement> & MotionProps & RefAttributes<...>, "ref"> & { ...; }, "isCollapsed"> & { ...; }) => {}' is not assignable to parameter of type 'Interpolation<Substitute<Omit<HTMLAttributesWithoutMotionProps<HTMLAttributes<HTMLDivElement>, HTMLDivElement> & MotionProps & RefAttributes<...>, "ref"> & { ...; }, { ...; }>>'.
  Type '(props: ExecutionContext & FastOmit<Omit<HTMLAttributesWithoutMotionProps<HTMLAttributes<HTMLDivElement>, HTMLDivElement> & MotionProps & RefAttributes<...>, "ref"> & { ...; }, "isCollapsed"> & { ...; }) => {}' is not assignable to type 'StyleFunction<Substitute<Omit<HTMLAttributesWithoutMotionProps<HTMLAttributes<HTMLDivElement>, HTMLDivElement> & MotionProps & RefAttributes<...>, "ref"> & { ...; }, { ...; }>>'.
    Type '{}' is not assignable to type 'Interpolation<Substitute<Omit<HTMLAttributesWithoutMotionProps<HTMLAttributes<HTMLDivElement>, HTMLDivElement> & MotionProps & RefAttributes<...>, "ref"> & { ...; }, { ...; }>>'.
src/components/TrainerDashboard/StellarComponents/TrainerStellarSidebar.styles.ts(156,49): error TS2339: Property 'cosmic' does not exist on type 'string[] | Record<string, unknown>'.
  Property 'cosmic' does not exist on type 'string[]'.
src/components/TrainerDashboard/StellarComponents/TrainerStellarSidebar.styles.ts(201,12): error TS2345: Argument of type '(props: ExecutionContext & FastOmit<Omit<HTMLAttributesWithoutMotionProps<ButtonHTMLAttributes<HTMLButtonElement>, HTMLButtonElement> & MotionProps & RefAttributes<...>, "ref"> & { ...; }, "isCollapsed"> & { ...; }) => {}' is not assignable to parameter of type 'Interpolation<Substitute<Omit<HTMLAttributesWithoutMotionProps<ButtonHTMLAttributes<HTMLButtonElement>, HTMLButtonElement> & MotionProps & RefAttributes<...>, "ref"> & { ...; }, { ...; }>>'.
  Type '(props: ExecutionContext & FastOmit<Omit<HTMLAttributesWithoutMotionProps<ButtonHTMLAttributes<HTMLButtonElement>, HTMLButtonElement> & MotionProps & RefAttributes<...>, "ref"> & { ...; }, "isCollapsed"> & { ...; }) => {}' is not assignable to type 'StyleFunction<Substitute<Omit<HTMLAttributesWithoutMotionProps<ButtonHTMLAttributes<HTMLButtonElement>, HTMLButtonElement> & MotionProps & RefAttributes<...>, "ref"> & { ...; }, { ...; }>>'.
    Type '{}' is not assignable to type 'Interpolation<Substitute<Omit<HTMLAttributesWithoutMotionProps<ButtonHTMLAttributes<HTMLButtonElement>, HTMLButtonElement> & MotionProps & RefAttributes<...>, "ref"> & { ...; }, { ...; }>>'.
src/components/TrainerDashboard/StellarComponents/TrainerStellarSidebar.styles.ts(211,49): error TS2339: Property 'glow' does not exist on type 'string[] | Record<string, unknown>'.
  Property 'glow' does not exist on type 'string[]'.
src/components/TrainerDashboard/StellarComponents/TrainerStellarSidebar.styles.ts(235,12): error TS2345: Argument of type '(props: ExecutionContext & FastOmit<Omit<HTMLAttributesWithoutMotionProps<HTMLAttributes<HTMLHeadingElement>, HTMLHeadingElement> & MotionProps & RefAttributes<...>, "ref"> & { ...; }, "isCollapsed"> & { ...; }) => {}' is not assignable to parameter of type 'Interpolation<Substitute<Omit<HTMLAttributesWithoutMotionProps<HTMLAttributes<HTMLHeadingElement>, HTMLHeadingElement> & MotionProps & RefAttributes<...>, "ref"> & { ...; }, { ...; }>>'.
  Type '(props: ExecutionContext & FastOmit<Omit<HTMLAttributesWithoutMotionProps<HTMLAttributes<HTMLHeadingElement>, HTMLHeadingElement> & MotionProps & RefAttributes<...>, "ref"> & { ...; }, "isCollapsed"> & { ...; }) => {}' is not assignable to type 'StyleFunction<Substitute<Omit<HTMLAttributesWithoutMotionProps<HTMLAttributes<HTMLHeadingElement>, HTMLHeadingElement> & MotionProps & RefAttributes<...>, "ref"> & { ...; }, { ...; }>>'.
    Type '{}' is not assignable to type 'Interpolation<Substitute<Omit<HTMLAttributesWithoutMotionProps<HTMLAttributes<HTMLHeadingElement>, HTMLHeadingElement> & MotionProps & RefAttributes<...>, "ref"> & { ...; }, { ...; }>>'.
src/components/TrainerDashboard/StellarComponents/TrainerStellarSidebar.styles.ts(289,28): error TS2345: Argument of type '(props: ExecutionContext & FastOmit<Omit<HTMLAttributesWithoutMotionProps<ButtonHTMLAttributes<HTMLButtonElement>, HTMLButtonElement> & MotionProps & RefAttributes<...>, "ref"> & { ...; }, "isActive" | "isCollapsed"> & { ...; }) => {}' is not assignable to parameter of type 'Interpolation<Substitute<Omit<HTMLAttributesWithoutMotionProps<ButtonHTMLAttributes<HTMLButtonElement>, HTMLButtonElement> & MotionProps & RefAttributes<...>, "ref"> & { ...; }, { ...; }>>'.
  Type '(props: ExecutionContext & FastOmit<Omit<HTMLAttributesWithoutMotionProps<ButtonHTMLAttributes<HTMLButtonElement>, HTMLButtonElement> & MotionProps & RefAttributes<...>, "ref"> & { ...; }, "isActive" | "isCollapsed"> & { ...; }) => {}' is not assignable to type 'StyleFunction<Substitute<Omit<HTMLAttributesWithoutMotionProps<ButtonHTMLAttributes<HTMLButtonElement>, HTMLButtonElement> & MotionProps & RefAttributes<...>, "ref"> & { ...; }, { ...; }>>'.
    Type '{}' is not assignable to type 'Interpolation<Substitute<Omit<HTMLAttributesWithoutMotionProps<ButtonHTMLAttributes<HTMLButtonElement>, HTMLButtonElement> & MotionProps & RefAttributes<...>, "ref"> & { ...; }, { ...; }>>'.
src/components/TrainerDashboard/StellarComponents/TrainerStellarSidebar.styles.ts(310,23): error TS2769: No overload matches this call.
  Overload 1 of 2, '(styles: Styles<object>, ...interpolations: Interpolation<object>[]): RuleSet<object>', gave the following error.
    Argument of type '(props: ExecutionContext & object) => {}' is not assignable to parameter of type 'Interpolation<object>'.
      Type '(props: ExecutionContext & object) => {}' is not assignable to type 'StyleFunction<object>'.
        Type '{}' is not assignable to type 'Interpolation<object>'.
  Overload 2 of 2, '(styles: Styles<object>, ...interpolations: Interpolation<object>[]): RuleSet<object>', gave the following error.
    Argument of type '(props: ExecutionContext & object) => {}' is not assignable to parameter of type 'Interpolation<object>'.
      Type '(props: ExecutionContext & object) => {}' is not assignable to type 'StyleFunction<object>'.
        Type '{}' is not assignable to type 'Interpolation<object>'.
src/components/TrainerDashboard/StellarComponents/TrainerStellarSidebar.styles.ts(332,20): error TS2769: No overload matches this call.
  Overload 1 of 2, '(styles: Styles<object>, ...interpolations: Interpolation<object>[]): RuleSet<object>', gave the following error.
    Argument of type '(props: ExecutionContext & object) => {}' is not assignable to parameter of type 'Interpolation<object>'.
      Type '(props: ExecutionContext & object) => {}' is not assignable to type 'StyleFunction<object>'.
        Type '{}' is not assignable to type 'Interpolation<object>'.
  Overload 2 of 2, '(styles: Styles<object>, ...interpolations: Interpolation<object>[]): RuleSet<object>', gave the following error.
    Argument of type '(props: ExecutionContext & object) => {}' is not assignable to parameter of type 'Interpolation<object>'.
      Type '(props: ExecutionContext & object) => {}' is not assignable to type 'StyleFunction<object>'.
        Type '{}' is not assignable to type 'Interpolation<object>'.
src/components/TrainerDashboard/StellarComponents/TrainerStellarSidebar.styles.ts(370,49): error TS2339: Property 'cosmic' does not exist on type 'string[] | Record<string, unknown>'.
  Property 'cosmic' does not exist on type 'string[]'.
src/components/TrainerDashboard/StellarComponents/TrainerStellarSidebar.styles.ts(411,57): error TS2339: Property 'elegant' does not exist on type '{}'.
src/components/TrainerDashboard/StellarComponents/TrainerStellarSidebar.styles.ts(412,17): error TS2345: Argument of type '(props: ExecutionContext & FastOmit<Omit<HTMLAttributesWithoutMotionProps<HTMLAttributes<HTMLDivElement>, HTMLDivElement> & MotionProps & RefAttributes<...>, "ref"> & { ...; }, "isCollapsed"> & { ...; }) => {}' is not assignable to parameter of type 'Interpolation<Substitute<Omit<HTMLAttributesWithoutMotionProps<HTMLAttributes<HTMLDivElement>, HTMLDivElement> & MotionProps & RefAttributes<...>, "ref"> & { ...; }, { ...; }>>'.
  Type '(props: ExecutionContext & FastOmit<Omit<HTMLAttributesWithoutMotionProps<HTMLAttributes<HTMLDivElement>, HTMLDivElement> & MotionProps & RefAttributes<...>, "ref"> & { ...; }, "isCollapsed"> & { ...; }) => {}' is not assignable to type 'StyleFunction<Substitute<Omit<HTMLAttributesWithoutMotionProps<HTMLAttributes<HTMLDivElement>, HTMLDivElement> & MotionProps & RefAttributes<...>, "ref"> & { ...; }, { ...; }>>'.
    Type '{}' is not assignable to type 'Interpolation<Substitute<Omit<HTMLAttributesWithoutMotionProps<HTMLAttributes<HTMLDivElement>, HTMLDivElement> & MotionProps & RefAttributes<...>, "ref"> & { ...; }, { ...; }>>'.
src/components/TrainerDashboard/StellarComponents/TrainerStellarSidebar.styles.ts(458,17): error TS2345: Argument of type '(props: ExecutionContext & FastOmit<Omit<HTMLAttributesWithoutMotionProps<ButtonHTMLAttributes<HTMLButtonElement>, HTMLButtonElement> & MotionProps & RefAttributes<...>, "ref"> & { ...; }, never>) => {}' is not assignable to parameter of type 'Interpolation<FastOmit<Omit<HTMLAttributesWithoutMotionProps<ButtonHTMLAttributes<HTMLButtonElement>, HTMLButtonElement> & MotionProps & RefAttributes<...>, "ref"> & { ...; }, never>>'.
  Type '(props: ExecutionContext & FastOmit<Omit<HTMLAttributesWithoutMotionProps<ButtonHTMLAttributes<HTMLButtonElement>, HTMLButtonElement> & MotionProps & RefAttributes<...>, "ref"> & { ...; }, never>) => {}' is not assignable to type 'StyleFunction<FastOmit<Omit<HTMLAttributesWithoutMotionProps<ButtonHTMLAttributes<HTMLButtonElement>, HTMLButtonElement> & MotionProps & RefAttributes<...>, "ref"> & { ...; }, never>>'.
    Type '{}' is not assignable to type 'Interpolation<FastOmit<Omit<HTMLAttributesWithoutMotionProps<ButtonHTMLAttributes<HTMLButtonElement>, HTMLButtonElement> & MotionProps & RefAttributes<...>, "ref"> & { ...; }, never>>'.
src/components/TrainerDashboard/StellarComponents/TrainerStellarSidebar.styles.ts(459,53): error TS2339: Property 'elegant' does not exist on type '{}'.
src/components/TrainerDashboard/StellarComponents/TrainerStellarSidebar.styles.ts(466,47): error TS2339: Property 'cosmic' does not exist on type 'string[] | Record<string, unknown>'.
  Property 'cosmic' does not exist on type 'string[]'.
src/components/TrainerDashboard/StellarComponents/TrainingOverview-optimized.tsx(59,17): error TS2345: Argument of type '(props: ExecutionContext & FastOmit<Omit<HTMLAttributesWithoutMotionProps<HTMLAttributes<HTMLDivElement>, HTMLDivElement> & MotionProps & RefAttributes<...>, "ref"> & { ...; }, never>) => {}' is not assignable to parameter of type 'Interpolation<FastOmit<Omit<HTMLAttributesWithoutMotionProps<HTMLAttributes<HTMLDivElement>, HTMLDivElement> & MotionProps & RefAttributes<...>, "ref"> & { ...; }, never>>'.
  Type '(props: ExecutionContext & FastOmit<Omit<HTMLAttributesWithoutMotionProps<HTMLAttributes<HTMLDivElement>, HTMLDivElement> & MotionProps & RefAttributes<...>, "ref"> & { ...; }, never>) => {}' is not assignable to type 'StyleFunction<FastOmit<Omit<HTMLAttributesWithoutMotionProps<HTMLAttributes<HTMLDivElement>, HTMLDivElement> & MotionProps & RefAttributes<...>, "ref"> & { ...; }, never>>'.
    Type '{}' is not assignable to type 'Interpolation<FastOmit<Omit<HTMLAttributesWithoutMotionProps<HTMLAttributes<HTMLDivElement>, HTMLDivElement> & MotionProps & RefAttributes<...>, "ref"> & { ...; }, never>>'.
src/components/TrainerDashboard/StellarComponents/TrainingOverview-optimized.tsx(60,53): error TS2339: Property 'elegant' does not exist on type '{}'.
src/components/TrainerDashboard/StellarComponents/TrainingOverview-optimized.tsx(103,17): error TS2345: Argument of type '(props: ExecutionContext & FastOmit<DetailedHTMLProps<HTMLAttributes<HTMLDivElement>, HTMLDivElement>, never>) => {}' is not assignable to parameter of type 'Interpolation<FastOmit<DetailedHTMLProps<HTMLAttributes<HTMLDivElement>, HTMLDivElement>, never>>'.
  Type '(props: ExecutionContext & FastOmit<DetailedHTMLProps<HTMLAttributes<HTMLDivElement>, HTMLDivElement>, never>) => {}' is not assignable to type 'StyleFunction<FastOmit<DetailedHTMLProps<HTMLAttributes<HTMLDivElement>, HTMLDivElement>, never>>'.
    Type '{}' is not assignable to type 'Interpolation<FastOmit<DetailedHTMLProps<HTMLAttributes<HTMLDivElement>, HTMLDivElement>, never>>'.
src/components/TrainerDashboard/StellarComponents/TrainingOverview-optimized.tsx(114,12): error TS2345: Argument of type '(props: ExecutionContext & FastOmit<DetailedHTMLProps<HTMLAttributes<HTMLHeadingElement>, HTMLHeadingElement>, never>) => {}' is not assignable to parameter of type 'Interpolation<FastOmit<DetailedHTMLProps<HTMLAttributes<HTMLHeadingElement>, HTMLHeadingElement>, never>>'.
  Type '(props: ExecutionContext & FastOmit<DetailedHTMLProps<HTMLAttributes<HTMLHeadingElement>, HTMLHeadingElement>, never>) => {}' is not assignable to type 'StyleFunction<FastOmit<DetailedHTMLProps<HTMLAttributes<HTMLHeadingElement>, HTMLHeadingElement>, never>>'.
    Type '{}' is not assignable to type 'Interpolation<FastOmit<DetailedHTMLProps<HTMLAttributes<HTMLHeadingElement>, HTMLHeadingElement>, never>>'.
src/components/TrainerDashboard/StellarComponents/TrainingOverview-optimized.tsx(121,12): error TS2345: Argument of type '(props: ExecutionContext & FastOmit<DetailedHTMLProps<HTMLAttributes<HTMLParagraphElement>, HTMLParagraphElement>, never>) => {}' is not assignable to parameter of type 'Interpolation<FastOmit<DetailedHTMLProps<HTMLAttributes<HTMLParagraphElement>, HTMLParagraphElement>, never>>'.
  Type '(props: ExecutionContext & FastOmit<DetailedHTMLProps<HTMLAttributes<HTMLParagraphElement>, HTMLParagraphElement>, never>) => {}' is not assignable to type 'StyleFunction<FastOmit<DetailedHTMLProps<HTMLAttributes<HTMLParagraphElement>, HTMLParagraphElement>, never>>'.
    Type '{}' is not assignable to type 'Interpolation<FastOmit<DetailedHTMLProps<HTMLAttributes<HTMLParagraphElement>, HTMLParagraphElement>, never>>'.
src/components/TrainerDashboard/TrainerDashboardLayout.tsx(703,62): error TS2339: Property 'name' does not exist on type 'User'.
src/components/TrainerDashboard/TrainerDashboardLayout.tsx(705,26): error TS2339: Property 'name' does not exist on type 'User'.
src/components/TrainerDashboard/WorkoutLogging/IntegrationTest.tsx(99,62): error TS2322: Type 'number' is not assignable to type '"small" | "large" | "medium" | undefined'.
src/components/TrainerDashboard/WorkoutManagement/TrainerWorkoutManagement.tsx(1042,57): error TS2345: Argument of type 'string | undefined' is not assignable to parameter of type 'string'.
  Type 'undefined' is not assignable to type 'string'.
src/components/TrainerDashboard/WorkoutManagement/TrainerWorkoutManagement.tsx(1122,55): error TS2345: Argument of type 'string | undefined' is not assignable to parameter of type 'string'.
  Type 'undefined' is not assignable to type 'string'.
src/components/ui-kit/background/index.ts(24,15): error TS2614: Module '"./StaticGradientBackground"' has no exported member 'StaticGradientBackgroundProps'. Did you mean to use 'import StaticGradientBackgroundProps from "./StaticGradientBackground"' instead?
src/components/ui-kit/background/index.ts(25,15): error TS2614: Module '"./CanvasBackground"' has no exported member 'CanvasBackgroundProps'. Did you mean to use 'import CanvasBackgroundProps from "./CanvasBackground"' instead?
src/components/ui-kit/background/index.ts(26,15): error TS2614: Module '"./WebGLBackground"' has no exported member 'WebGLBackgroundProps'. Did you mean to use 'import WebGLBackgroundProps from "./WebGLBackground"' instead?
src/components/ui-kit/background/WebGLBackground.tsx(69,10): error TS2339: Property 'viewport' does not exist on type 'RenderingContext'.
  Property 'viewport' does not exist on type 'CanvasRenderingContext2D'.
src/components/ui-kit/background/WebGLBackground.tsx(120,10): error TS2339: Property 'clearColor' does not exist on type 'RenderingContext'.
  Property 'clearColor' does not exist on type 'CanvasRenderingContext2D'.
src/components/ui-kit/background/WebGLBackground.tsx(121,10): error TS2339: Property 'clear' does not exist on type 'RenderingContext'.
  Property 'clear' does not exist on type 'CanvasRenderingContext2D'.
src/components/ui-kit/background/WebGLBackground.tsx(121,19): error TS2339: Property 'COLOR_BUFFER_BIT' does not exist on type 'RenderingContext'.
  Property 'COLOR_BUFFER_BIT' does not exist on type 'CanvasRenderingContext2D'.
src/components/ui-kit/glass/FrostedCard.tsx(201,31): error TS2339: Property 'subtle' does not exist on type '{}'.
src/components/ui-kit/glass/FrostedCard.tsx(202,32): error TS2339: Property 'elegant' does not exist on type '{}'.
src/components/ui-kit/glass/FrostedCard.tsx(210,26): error TS2339: Property 'elevation' does not exist on type 'string[] | Record<string, unknown>'.
  Property 'elevation' does not exist on type 'string[]'.
src/components/ui-kit/glass/FrostedCard.tsx(211,26): error TS2339: Property 'cosmic' does not exist on type 'string[] | Record<string, unknown>'.
  Property 'cosmic' does not exist on type 'string[]'.
src/components/ui-kit/glass/FrostedCard.tsx(212,26): error TS2339: Property 'accent' does not exist on type 'string[] | Record<string, unknown>'.
  Property 'accent' does not exist on type 'string[]'.
src/components/ui-kit/glass/FrostedCard.tsx(226,39): error TS2339: Property 'cosmic' does not exist on type 'string[] | Record<string, unknown>'.
  Property 'cosmic' does not exist on type 'string[]'.
src/components/ui-kit/glass/FrostedCard.tsx(227,41): error TS2339: Property 'elegant' does not exist on type '{}'.
src/components/ui-kit/glass/FrostedCard.tsx(240,30): error TS2769: No overload matches this call.
  Overload 1 of 2, '(styles: Styles<object>, ...interpolations: Interpolation<object>[]): RuleSet<object>', gave the following error.
    Argument of type '{}' is not assignable to parameter of type 'Interpolation<object>'.
  Overload 2 of 2, '(styles: Styles<object>, ...interpolations: Interpolation<object>[]): RuleSet<object>', gave the following error.
    Argument of type '{}' is not assignable to parameter of type 'Interpolation<object>'.
src/components/ui-kit/glass/FrostedCard.tsx(256,9): error TS2345: Argument of type '({ theme }: ExecutionContext & FastOmit<Omit<HTMLAttributesWithoutMotionProps<HTMLAttributes<HTMLDivElement>, HTMLDivElement> & MotionProps & RefAttributes<...>, "ref"> & { ...; }, keyof StyledFrostedCardProps> & StyledFrostedCardProps) => {}' is not assignable to parameter of type 'Interpolation<Substitute<Omit<HTMLAttributesWithoutMotionProps<HTMLAttributes<HTMLDivElement>, HTMLDivElement> & MotionProps & RefAttributes<...>, "ref"> & { ...; }, StyledFrostedCardProps>>'.
  Type '({ theme }: ExecutionContext & FastOmit<Omit<HTMLAttributesWithoutMotionProps<HTMLAttributes<HTMLDivElement>, HTMLDivElement> & MotionProps & RefAttributes<...>, "ref"> & { ...; }, keyof StyledFrostedCardProps> & StyledFrostedCardProps) => {}' is not assignable to type 'StyleFunction<Substitute<Omit<HTMLAttributesWithoutMotionProps<HTMLAttributes<HTMLDivElement>, HTMLDivElement> & MotionProps & RefAttributes<...>, "ref"> & { ...; }, StyledFrostedCardProps>>'.
    Type '{}' is not assignable to type 'Interpolation<Substitute<Omit<HTMLAttributesWithoutMotionProps<HTMLAttributes<HTMLDivElement>, HTMLDivElement> & MotionProps & RefAttributes<...>, "ref"> & { ...; }, StyledFrostedCardProps>>'.
src/components/ui-kit/index.ts(22,3): error TS2305: Module '"./Typography"' has no exported member 'Subtitle'.
src/components/ui-kit/index.ts(27,3): error TS2305: Module '"./Typography"' has no exported member 'Link'.
src/components/ui-kit/index.ts(28,3): error TS2305: Module '"./Typography"' has no exported member 'Code'.
src/components/ui-kit/index.ts(37,3): error TS2305: Module '"./Button"' has no exported member 'GhostButton'.
src/components/ui-kit/index.ts(44,3): error TS2724: '"./Input"' has no exported member named 'StyledTextArea'. Did you mean 'StyledTextarea'?
src/components/ui-kit/index.ts(45,3): error TS2305: Module '"./Input"' has no exported member 'StyledSelect'.
src/components/ui-kit/index.ts(47,3): error TS2305: Module '"./Input"' has no exported member 'FormGroup'.
src/components/ui-kit/index.ts(48,3): error TS2305: Module '"./Input"' has no exported member 'FormLabel'.
src/components/ui-kit/index.ts(59,3): error TS2305: Module '"./Card"' has no exported member 'StatsCard'.
src/components/ui-kit/index.ts(60,3): error TS2305: Module '"./Card"' has no exported member 'ActionCard'.
src/components/ui-kit/index.ts(133,3): error TS18004: No value exists in scope for the shorthand property 'PageTitle'. Either declare one or provide an initializer.
src/components/ui-kit/index.ts(134,3): error TS18004: No value exists in scope for the shorthand property 'SectionTitle'. Either declare one or provide an initializer.
src/components/ui-kit/index.ts(135,3): error TS18004: No value exists in scope for the shorthand property 'BodyText'. Either declare one or provide an initializer.
src/components/ui-kit/index.ts(136,3): error TS18004: No value exists in scope for the shorthand property 'PrimaryButton'. Either declare one or provide an initializer.
src/components/ui-kit/index.ts(137,3): error TS18004: No value exists in scope for the shorthand property 'SecondaryButton'. Either declare one or provide an initializer.
src/components/ui-kit/index.ts(138,3): error TS18004: No value exists in scope for the shorthand property 'StyledInput'. Either declare one or provide an initializer.
src/components/ui-kit/index.ts(139,3): error TS18004: No value exists in scope for the shorthand property 'Card'. Either declare one or provide an initializer.
src/components/ui-kit/index.ts(142,3): error TS18004: No value exists in scope for the shorthand property 'Table'. Either declare one or provide an initializer.
src/components/ui-kit/index.ts(143,3): error TS18004: No value exists in scope for the shorthand property 'Pagination'. Either declare one or provide an initializer.
src/components/ui-kit/index.ts(146,3): error TS18004: No value exists in scope for the shorthand property 'Badge'. Either declare one or provide an initializer.
src/components/ui-kit/index.ts(147,3): error TS18004: No value exists in scope for the shorthand property 'EmptyState'. Either declare one or provide an initializer.
src/components/ui-kit/index.ts(148,3): error TS18004: No value exists in scope for the shorthand property 'LoadingState'. Either declare one or provide an initializer.
src/components/ui-kit/index.ts(151,3): error TS18004: No value exists in scope for the shorthand property 'PageContainer'. Either declare one or provide an initializer.
src/components/ui-kit/index.ts(152,3): error TS18004: No value exists in scope for the shorthand property 'ContentContainer'. Either declare one or provide an initializer.
src/components/ui-kit/index.ts(155,3): error TS18004: No value exists in scope for the shorthand property 'executiveTheme'. Either declare one or provide an initializer.
src/components/ui/avatar.tsx(4,34): error TS2307: Cannot find module '@radix-ui/react-avatar' or its corresponding type declarations.
src/components/ui/avatar.tsx(6,20): error TS2307: Cannot find module '@/lib/utils' or its corresponding type declarations.
src/components/ui/badge.tsx(2,40): error TS2307: Cannot find module 'class-variance-authority' or its corresponding type declarations.
src/components/ui/badge.tsx(4,20): error TS2307: Cannot find module '@/lib/utils' or its corresponding type declarations.
src/components/ui/badge.tsx(30,29): error TS2339: Property 'variant' does not exist on type 'BadgeProps'.
src/components/ui/button.tsx(2,22): error TS2307: Cannot find module '@radix-ui/react-slot' or its corresponding type declarations.
src/components/ui/button.tsx(3,40): error TS2307: Cannot find module 'class-variance-authority' or its corresponding type declarations.
src/components/ui/button.tsx(5,20): error TS2307: Cannot find module '@/lib/utils' or its corresponding type declarations.
src/components/ui/button.tsx(43,17): error TS2339: Property 'variant' does not exist on type 'ButtonProps'.
src/components/ui/button.tsx(43,26): error TS2339: Property 'size' does not exist on type 'ButtonProps'.
src/components/ui/calendar.tsx(5,27): error TS2307: Cannot find module 'react-day-picker' or its corresponding type declarations.
src/components/ui/calendar.tsx(7,20): error TS2307: Cannot find module '@/lib/utils' or its corresponding type declarations.
src/components/ui/calendar.tsx(8,32): error TS2307: Cannot find module '@/components/ui/button' or its corresponding type declarations.
src/components/ui/checkbox.tsx(4,36): error TS2307: Cannot find module '@radix-ui/react-checkbox' or its corresponding type declarations.
src/components/ui/checkbox.tsx(7,20): error TS2307: Cannot find module '@/lib/utils' or its corresponding type declarations.
src/components/ui/dialog.tsx(4,34): error TS2307: Cannot find module '@radix-ui/react-dialog' or its corresponding type declarations.
src/components/ui/dialog.tsx(7,20): error TS2307: Cannot find module '@/lib/utils' or its corresponding type declarations.
src/components/ui/ErrorBoundary.tsx(55,16): error TS2339: Property 'gtag' does not exist on type 'Window & typeof globalThis'.
src/components/ui/ErrorBoundary.tsx(56,14): error TS2339: Property 'gtag' does not exist on type 'Window & typeof globalThis'.
src/components/ui/input.tsx(3,20): error TS2307: Cannot find module '@/lib/utils' or its corresponding type declarations.
src/components/ui/label.tsx(4,33): error TS2307: Cannot find module '@radix-ui/react-label' or its corresponding type declarations.
src/components/ui/label.tsx(5,40): error TS2307: Cannot find module 'class-variance-authority' or its corresponding type declarations.
src/components/ui/label.tsx(7,20): error TS2307: Cannot find module '@/lib/utils' or its corresponding type declarations.
src/components/ui/pagination.tsx(4,20): error TS2307: Cannot find module '@/lib/utils' or its corresponding type declarations.
src/components/ui/pagination.tsx(5,45): error TS2307: Cannot find module '@/components/ui/button' or its corresponding type declarations.
src/components/ui/pagination.tsx(68,5): error TS2783: 'size' is specified more than once, so this usage will be overwritten.
src/components/ui/pagination.tsx(84,5): error TS2783: 'size' is specified more than once, so this usage will be overwritten.
src/components/ui/popover.tsx(4,35): error TS2307: Cannot find module '@radix-ui/react-popover' or its corresponding type declarations.
src/components/ui/popover.tsx(6,20): error TS2307: Cannot find module '@/lib/utils' or its corresponding type declarations.
src/components/ui/primitives/components.tsx(847,18): error TS2320: Interface 'SwitchProps' cannot simultaneously extend types 'Omit<InputHTMLAttributes<HTMLInputElement>, "size">' and 'StyleSystemProps'.
  Named property 'height' of types 'Omit<InputHTMLAttributes<HTMLInputElement>, "size">' and 'StyleSystemProps' are not identical.
src/components/ui/primitives/components.tsx(1041,18): error TS2320: Interface 'OutlinedInputProps' cannot simultaneously extend types 'Omit<InputHTMLAttributes<HTMLInputElement>, "size">' and 'StyleSystemProps'.
  Named property 'height' of types 'Omit<InputHTMLAttributes<HTMLInputElement>, "size">' and 'StyleSystemProps' are not identical.
src/components/ui/primitives/components.tsx(1215,18): error TS2320: Interface 'RadioProps' cannot simultaneously extend types 'Omit<InputHTMLAttributes<HTMLInputElement>, "type" | "size">' and 'StyleSystemProps'.
  Named property 'height' of types 'Omit<InputHTMLAttributes<HTMLInputElement>, "type" | "size">' and 'StyleSystemProps' are not identical.
src/components/ui/primitives/components.tsx(1466,18): error TS2430: Interface 'PopperProps' incorrectly extends interface 'HTMLAttributes<HTMLDivElement>'.
  Types of property 'children' are incompatible.
    Type 'ReactNode | ((props: { TransitionProps: { in: boolean; }; }) => ReactNode)' is not assignable to type 'ReactNode'.
      Type '(props: { TransitionProps: { in: boolean; }; }) => ReactNode' is not assignable to type 'ReactNode'.
src/components/ui/primitives/components.tsx(1914,18): error TS2430: Interface 'DialogProps' incorrectly extends interface 'StyleSystemProps'.
  Types of property 'maxWidth' are incompatible.
    Type 'false | "xs" | "sm" | "md" | "lg" | "xl" | undefined' is not assignable to type 'MaxWidth<string | number> | undefined'.
      Type 'false' is not assignable to type 'MaxWidth<string | number> | undefined'.
src/components/ui/primitives/components.tsx(2165,67): error TS2769: No overload matches this call.
  Overload 1 of 2, '(props: PolymorphicComponentProps<"web", Substitute<DetailedHTMLProps<SelectHTMLAttributes<HTMLSelectElement>, HTMLSelectElement>, { ...; }>, void, void, {}, {}>): Element', gave the following error.
    Type 'string | number' is not assignable to type 'string'.
      Type 'number' is not assignable to type 'string'.
  Overload 2 of 2, '(props: Substitute<DetailedHTMLProps<SelectHTMLAttributes<HTMLSelectElement>, HTMLSelectElement>, { ...; }>): ReactNode', gave the following error.
    Type 'string | number' is not assignable to type 'string'.
      Type 'number' is not assignable to type 'string'.
src/components/ui/primitives/components.tsx(2191,18): error TS2430: Interface 'TabsProps' incorrectly extends interface 'HTMLAttributes<HTMLDivElement>'.
  Types of property 'onChange' are incompatible.
    Type '((event: SyntheticEvent<Element, Event>, newValue: string | number) => void) | undefined' is not assignable to type 'FormEventHandler<HTMLDivElement> | undefined'.
      Type '(event: SyntheticEvent<Element, Event>, newValue: string | number) => void' is not assignable to type 'FormEventHandler<HTMLDivElement>'.
        Target signature provides too few arguments. Expected 2 or more, but got 1.
src/components/ui/progress.tsx(4,36): error TS2307: Cannot find module '@radix-ui/react-progress' or its corresponding type declarations.
src/components/ui/progress.tsx(6,20): error TS2307: Cannot find module '@/lib/utils' or its corresponding type declarations.
src/components/ui/scroll-area.tsx(4,38): error TS2307: Cannot find module '@radix-ui/react-scroll-area' or its corresponding type declarations.
src/components/ui/scroll-area.tsx(6,20): error TS2307: Cannot find module '@/lib/utils' or its corresponding type declarations.
src/components/ui/select.tsx(4,34): error TS2307: Cannot find module '@radix-ui/react-select' or its corresponding type declarations.
src/components/ui/select.tsx(7,20): error TS2307: Cannot find module '@/lib/utils' or its corresponding type declarations.
src/components/ui/switch.tsx(4,35): error TS2307: Cannot find module '@radix-ui/react-switch' or its corresponding type declarations.
src/components/ui/switch.tsx(6,20): error TS2307: Cannot find module '@/lib/utils' or its corresponding type declarations.
src/components/ui/table.tsx(3,20): error TS2307: Cannot find module '@/lib/utils' or its corresponding type declarations.
src/components/ui/tabs.tsx(4,32): error TS2307: Cannot find module '@radix-ui/react-tabs' or its corresponding type declarations.
src/components/ui/tabs.tsx(6,20): error TS2307: Cannot find module '@/lib/utils' or its corresponding type declarations.
src/components/ui/textarea.tsx(3,20): error TS2307: Cannot find module '@/lib/utils' or its corresponding type declarations.
src/components/ui/ThemeBridge/V1ThemeBridge.tsx(76,23): error TS2339: Property 'darkBg' does not exist on type '{}'.
src/components/ui/ThemeBridge/V1ThemeBridge.tsx(79,12): error TS2345: Argument of type '({ theme }: ExecutionContext & FastOmit<DetailedHTMLProps<HTMLAttributes<HTMLDivElement>, HTMLDivElement>, never>) => {}' is not assignable to parameter of type 'Interpolation<FastOmit<DetailedHTMLProps<HTMLAttributes<HTMLDivElement>, HTMLDivElement>, never>>'.
  Type '({ theme }: ExecutionContext & FastOmit<DetailedHTMLProps<HTMLAttributes<HTMLDivElement>, HTMLDivElement>, never>) => {}' is not assignable to type 'StyleFunction<FastOmit<DetailedHTMLProps<HTMLAttributes<HTMLDivElement>, HTMLDivElement>, never>>'.
    Type '{}' is not assignable to type 'Interpolation<FastOmit<DetailedHTMLProps<HTMLAttributes<HTMLDivElement>, HTMLDivElement>, never>>'.
src/components/ui/toast.ts(1,31): error TS2307: Cannot find module 'sonner' or its corresponding type declarations.
src/components/ui/toaster.tsx(3,26): error TS2307: Cannot find module '@/components/hooks/use-toast' or its corresponding type declarations.
src/components/ui/toaster.tsx(11,8): error TS2307: Cannot find module '@/components/ui/toast' or its corresponding type declarations.
src/components/ui/toaster.tsx(18,31): error TS7031: Binding element 'id' implicitly has an 'any' type.
src/components/ui/toaster.tsx(18,35): error TS7031: Binding element 'title' implicitly has an 'any' type.
src/components/ui/toaster.tsx(18,42): error TS7031: Binding element 'description' implicitly has an 'any' type.
src/components/ui/toaster.tsx(18,55): error TS7031: Binding element 'action' implicitly has an 'any' type.
src/components/ui/tooltip.tsx(4,35): error TS2307: Cannot find module '@radix-ui/react-tooltip' or its corresponding type declarations.
src/components/ui/tooltip.tsx(6,20): error TS2307: Cannot find module '@/lib/utils' or its corresponding type declarations.
src/components/UniversalMasterSchedule/BulkSessionCreator.tsx(449,11): error TS7034: Variable 'sessions' implicitly has type 'any[]' in some locations where its type cannot be determined.
src/components/UniversalMasterSchedule/BulkSessionCreator.tsx(471,16): error TS7005: Variable 'sessions' implicitly has an 'any[]' type.
src/components/UniversalMasterSchedule/Charts/RevenueLineChart.tsx(103,8): error TS2304: Cannot find name 'ResponsiveContainer'.
src/components/UniversalMasterSchedule/Charts/RevenueLineChart.tsx(104,10): error TS2304: Cannot find name 'AreaChart'.
src/components/UniversalMasterSchedule/Charts/RevenueLineChart.tsx(118,12): error TS2304: Cannot find name 'CartesianGrid'.
src/components/UniversalMasterSchedule/Charts/RevenueLineChart.tsx(125,12): error TS2304: Cannot find name 'XAxis'.
src/components/UniversalMasterSchedule/Charts/RevenueLineChart.tsx(132,12): error TS2304: Cannot find name 'YAxis'.
src/components/UniversalMasterSchedule/Charts/RevenueLineChart.tsx(140,12): error TS2304: Cannot find name 'Tooltip'.
src/components/UniversalMasterSchedule/Charts/RevenueLineChart.tsx(143,12): error TS2304: Cannot find name 'Area'.
src/components/UniversalMasterSchedule/Charts/RevenueLineChart.tsx(162,14): error TS2304: Cannot find name 'Line'.
src/components/UniversalMasterSchedule/Charts/RevenueLineChart.tsx(172,11): error TS2304: Cannot find name 'AreaChart'.
src/components/UniversalMasterSchedule/Charts/RevenueLineChart.tsx(173,9): error TS2304: Cannot find name 'ResponsiveContainer'.
src/components/UniversalMasterSchedule/Charts/SessionDistributionPieChart.tsx(221,8): error TS2304: Cannot find name 'ResponsiveContainer'.
src/components/UniversalMasterSchedule/Charts/SessionDistributionPieChart.tsx(222,10): error TS2304: Cannot find name 'PieChart'.
src/components/UniversalMasterSchedule/Charts/SessionDistributionPieChart.tsx(223,12): error TS2304: Cannot find name 'Pie'.
src/components/UniversalMasterSchedule/Charts/SessionDistributionPieChart.tsx(237,16): error TS2304: Cannot find name 'Cell'.
src/components/UniversalMasterSchedule/Charts/SessionDistributionPieChart.tsx(244,13): error TS2304: Cannot find name 'Pie'.
src/components/UniversalMasterSchedule/Charts/SessionDistributionPieChart.tsx(246,12): error TS2304: Cannot find name 'Tooltip'.
src/components/UniversalMasterSchedule/Charts/SessionDistributionPieChart.tsx(248,27): error TS2304: Cannot find name 'Legend'.
src/components/UniversalMasterSchedule/Charts/SessionDistributionPieChart.tsx(249,11): error TS2304: Cannot find name 'PieChart'.
src/components/UniversalMasterSchedule/Charts/SessionDistributionPieChart.tsx(250,9): error TS2304: Cannot find name 'ResponsiveContainer'.
src/components/UniversalMasterSchedule/Charts/TrainerPerformanceBarChart.tsx(73,61): error TS7053: Element implicitly has an 'any' type because expression of type '"sessions" | "rating" | "revenue" | "utilization"' can't be used to index type 'TrainerPerformanceData'.
  Property 'utilization' does not exist on type 'TrainerPerformanceData'.
src/components/UniversalMasterSchedule/Charts/TrainerPerformanceBarChart.tsx(162,12): error TS7053: Element implicitly has an 'any' type because expression of type '"sessions" | "rating" | "revenue" | "utilization"' can't be used to index type 'TrainerPerformanceData'.
  Property 'utilization' does not exist on type 'TrainerPerformanceData'.
src/components/UniversalMasterSchedule/Charts/TrainerPerformanceBarChart.tsx(237,17): error TS2322: Type '"topRight"' is not assignable to type 'LabelPosition | undefined'.
src/components/UniversalMasterSchedule/Config/SessionTypeManager.tsx(140,45): error TS2345: Argument of type '{ name: string; description: string | null; duration: number; bufferBefore: number; bufferAfter: number; color: string; price: number | null; isActive: boolean; }' is not assignable to parameter of type 'Partial<SessionType>'.
  Types of property 'description' are incompatible.
    Type 'string | null' is not assignable to type 'string | undefined'.
      Type 'null' is not assignable to type 'string | undefined'.
src/components/UniversalMasterSchedule/Config/SessionTypeManager.tsx(147,33): error TS2345: Argument of type '{ name: string; description: string | null; duration: number; bufferBefore: number; bufferAfter: number; color: string; price: number | null; isActive: boolean; }' is not assignable to parameter of type 'Partial<SessionType>'.
  Types of property 'description' are incompatible.
    Type 'string | null' is not assignable to type 'string | undefined'.
      Type 'null' is not assignable to type 'string | undefined'.
src/components/UniversalMasterSchedule/Dialogs/AdvancedFilterDialog.tsx(46,3): error TS2724: '"lucide-react"' has no exported member named 'BookmarkOff'. Did you mean 'Bookmark'?
src/components/UniversalMasterSchedule/Dialogs/BulkActionsConfirmationDialog.tsx(35,3): error TS2305: Module '"lucide-react"' has no exported member 'Warning'.
src/components/UniversalMasterSchedule/Dialogs/BulkActionsConfirmationDialog.tsx(898,71): error TS2345: Argument of type '{ reason: any; notifyClient: boolean; }' is not assignable to parameter of type 'string'.
src/components/UniversalMasterSchedule/Dialogs/BulkActionsConfirmationDialog.tsx(907,45): error TS2551: Property 'reassignSession' does not exist on type 'SessionService'. Did you mean 'bulkReassignSessions'?
src/components/UniversalMasterSchedule/Dialogs/BulkActionsConfirmationDialog.tsx(924,17): error TS2322: Type 'number | undefined' is not assignable to type 'number'.
  Type 'undefined' is not assignable to type 'number'.
src/components/UniversalMasterSchedule/Dialogs/SessionFormDialog.tsx(725,56): error TS2339: Property 'checkConflicts' does not exist on type 'SessionService'.
src/components/UniversalMasterSchedule/Dialogs/SessionFormDialog.tsx(779,49): error TS2554: Expected 2 arguments, but got 1.
src/components/UniversalMasterSchedule/hooks/useAdminNotifications.ts(365,11): error TS2322: Type '{ altText: string; onClick: () => void | Promise<void>; } | undefined' is not assignable to type '{ label: string; onClick: () => void; } | undefined'.
  Object literal may only specify known properties, and 'altText' does not exist in type '{ label: string; onClick: () => void; }'.
src/components/UniversalMasterSchedule/hooks/useBulkOperations.ts(225,39): error TS2367: This comparison appears to be unintentional because the types '"completed" | "cancelled" | "available" | "requested" | "confirmed" | "blocked"' and '"booked"' have no overlap.
src/components/UniversalMasterSchedule/hooks/useBulkOperations.ts(316,19): error TS2353: Object literal may only specify known properties, and 'cancellationReason' does not exist in type 'Partial<SessionRequest>'.
src/components/UniversalMasterSchedule/hooks/useBulkOperations.ts(325,19): error TS2353: Object literal may only specify known properties, and 'reassignmentReason' does not exist in type 'Partial<SessionRequest>'.
src/components/UniversalMasterSchedule/hooks/useBulkOperations.ts(335,56): error TS18046: 'error' is of type 'unknown'.
src/components/UniversalMasterSchedule/hooks/useBulkOperations.ts(386,9): error TS2322: Type 'string | undefined' is not assignable to type 'string'.
  Type 'undefined' is not assignable to type 'string'.
src/components/UniversalMasterSchedule/hooks/useBulkOperations.ts(393,16): error TS7006: Parameter 'prev' implicitly has an 'any' type.
src/components/UniversalMasterSchedule/hooks/useBulkOperations.ts(412,16): error TS7006: Parameter 'prev' implicitly has an 'any' type.
src/components/UniversalMasterSchedule/hooks/useBusinessIntelligence.ts(297,60): error TS2339: Property 'start' does not exist on type 'Session'.
src/components/UniversalMasterSchedule/hooks/useBusinessIntelligence.ts(299,18): error TS2339: Property 'start' does not exist on type 'Session'.
src/components/UniversalMasterSchedule/hooks/useBusinessIntelligence.ts(299,55): error TS2339: Property 'start' does not exist on type 'Session'.
src/components/UniversalMasterSchedule/hooks/useBusinessIntelligence.ts(327,72): error TS2339: Property 'churnRate' does not exist on type 'BusinessMetrics'.
src/components/UniversalMasterSchedule/hooks/useCalendarData.ts(613,5): error TS2322: Type 'ClientOption[]' is not assignable to type 'Client[]'.
  Type 'ClientOption' is not assignable to type 'Client'.
    Types of property 'role' are incompatible.
      Type 'string' is not assignable to type '"client"'.
src/components/UniversalMasterSchedule/hooks/useCalendarData.ts(614,5): error TS2322: Type 'TrainerOption[]' is not assignable to type 'Trainer[]'.
  Type 'TrainerOption' is not assignable to type 'Trainer'.
    Types of property 'role' are incompatible.
      Type 'string' is not assignable to type '"trainer"'.
src/components/UniversalMasterSchedule/hooks/useCalendarHandlers.ts(24,26): error TS7016: Could not find a declaration file for module 'react-big-calendar'. 'C:/Users/BigotSmasher/Desktop/quick-pt/SS-PT/frontend/node_modules/react-big-calendar/lib/index.js' implicitly has an 'any' type.
  Try `npm i --save-dev @types/react-big-calendar` if it exists or add a new declaration (.d.ts) file containing `declare module 'react-big-calendar';`
src/components/UniversalMasterSchedule/hooks/useCalendarHandlers.ts(183,55): error TS2339: Property 'points' does not exist on type '{ success: boolean; newTotal: number; achievement?: Achievement | undefined; levelUp?: boolean | undefined; }'.
src/components/UniversalMasterSchedule/hooks/useCalendarHandlers.ts(201,70): error TS2339: Property 'newLevel' does not exist on type '{ success: boolean; newTotal: number; achievement?: Achievement | undefined; levelUp?: boolean | undefined; }'.
src/components/UniversalMasterSchedule/hooks/useCalendarHandlers.ts(288,18): error TS7006: Parameter 'prev' implicitly has an 'any' type.
src/components/UniversalMasterSchedule/hooks/useCalendarHandlers.ts(322,16): error TS7006: Parameter 'prev' implicitly has an 'any' type.
src/components/UniversalMasterSchedule/hooks/useCalendarHandlers.ts(342,16): error TS7006: Parameter 'prev' implicitly has an 'any' type.
src/components/UniversalMasterSchedule/hooks/useCalendarHandlers.ts(352,48): error TS7031: Binding element 'event' implicitly has an 'any' type.
src/components/UniversalMasterSchedule/hooks/useCalendarHandlers.ts(352,55): error TS7031: Binding element 'start' implicitly has an 'any' type.
src/components/UniversalMasterSchedule/hooks/useCalendarHandlers.ts(352,62): error TS7031: Binding element 'end' implicitly has an 'any' type.
src/components/UniversalMasterSchedule/hooks/useCalendarHandlers.ts(357,18): error TS7006: Parameter 'prev' implicitly has an 'any' type.
src/components/UniversalMasterSchedule/hooks/useCalendarHandlers.ts(394,18): error TS7006: Parameter 'prev' implicitly has an 'any' type.
src/components/UniversalMasterSchedule/hooks/useCalendarHandlers.ts(398,50): error TS7031: Binding element 'event' implicitly has an 'any' type.
src/components/UniversalMasterSchedule/hooks/useCalendarHandlers.ts(398,57): error TS7031: Binding element 'start' implicitly has an 'any' type.
src/components/UniversalMasterSchedule/hooks/useCalendarHandlers.ts(398,64): error TS7031: Binding element 'end' implicitly has an 'any' type.
src/components/UniversalMasterSchedule/hooks/useCalendarHandlers.ts(403,18): error TS7006: Parameter 'prev' implicitly has an 'any' type.
src/components/UniversalMasterSchedule/hooks/useCalendarHandlers.ts(440,18): error TS7006: Parameter 'prev' implicitly has an 'any' type.
src/components/UniversalMasterSchedule/hooks/useCalendarHandlers.ts(609,5): error TS2322: Type '(type: "medium" | "light" | "heavy") => void' is not assignable to type '() => void'.
  Target signature provides too few arguments. Expected 1 or more, but got 0.
src/components/UniversalMasterSchedule/hooks/useCollaborativeScheduling.ts(584,20): error TS2339: Property 'avatar' does not exist on type 'User'.
src/components/UniversalMasterSchedule/hooks/useFilteredCalendarEvents.ts(80,31): error TS2339: Property 'start' does not exist on type 'Session'.
src/components/UniversalMasterSchedule/hooks/useFilteredCalendarEvents.ts(81,29): error TS2339: Property 'end' does not exist on type 'Session'.
src/components/UniversalMasterSchedule/hooks/useMobileCalendarOptimization.ts(20,23): error TS7016: Could not find a declaration file for module 'react-big-calendar'. 'C:/Users/BigotSmasher/Desktop/quick-pt/SS-PT/frontend/node_modules/react-big-calendar/lib/index.js' implicitly has an 'any' type.
  Try `npm i --save-dev @types/react-big-calendar` if it exists or add a new declaration (.d.ts) file containing `declare module 'react-big-calendar';`
src/components/UniversalMasterSchedule/hooks/useMobileCalendarOptimization.ts(245,13): error TS2345: Argument of type 'string' is not assignable to parameter of type 'CalendarView'.
src/components/UniversalMasterSchedule/hooks/useMobileCalendarOptimization.ts(496,5): error TS2322: Type 'string[]' is not assignable to type 'CalendarView[]'.
  Type 'string' is not assignable to type 'CalendarView'.
src/components/UniversalMasterSchedule/hooks/useRealTimeUpdates.ts(160,3): error TS2322: Type 'string' is not assignable to type '"development" | "production" | "staging"'.
src/components/UniversalMasterSchedule/index.ts(254,16): error TS2552: Cannot find name 'UniversalMasterSchedule'. Did you mean 'useUniversalMasterSchedule'?
src/components/UniversalMasterSchedule/RealTimeConnectionStatus.tsx(307,9): error TS2769: No overload matches this call.
  Overload 1 of 2, '(props: PolymorphicComponentProps<"web", Substitute<Omit<HTMLAttributesWithoutMotionProps<HTMLAttributes<HTMLDivElement>, HTMLDivElement> & MotionProps & RefAttributes<...>, "ref"> & { ...; }, { ...; }>, void, void, {}, {}>): Element', gave the following error.
    Type '"error" | "connecting" | "connected" | "disconnected" | "reconnecting" | "circuit-open"' is not assignable to type '"error" | "connecting" | "connected" | "disconnected" | "reconnecting"'.
      Type '"circuit-open"' is not assignable to type '"error" | "connecting" | "connected" | "disconnected" | "reconnecting"'.
  Overload 2 of 2, '(props: Substitute<Omit<HTMLAttributesWithoutMotionProps<HTMLAttributes<HTMLDivElement>, HTMLDivElement> & MotionProps & RefAttributes<...>, "ref"> & { ...; }, { ...; }>): ReactNode', gave the following error.
    Type '"error" | "connecting" | "connected" | "disconnected" | "reconnecting" | "circuit-open"' is not assignable to type '"error" | "connecting" | "connected" | "disconnected" | "reconnecting"'.
      Type '"circuit-open"' is not assignable to type '"error" | "connecting" | "connected" | "disconnected" | "reconnecting"'.
src/components/UniversalMasterSchedule/RealTimeSystemMonitor.tsx(36,3): error TS2305: Module '"lucide-react"' has no exported member 'Memory'.
src/components/UniversalMasterSchedule/RealTimeSystemMonitor.tsx(613,13): error TS2769: No overload matches this call.
  Overload 1 of 2, '(props: PolymorphicComponentProps<"web", Substitute<Omit<HTMLAttributesWithoutMotionProps<HTMLAttributes<HTMLDivElement>, HTMLDivElement> & MotionProps & RefAttributes<...>, "ref"> & { ...; }, { ...; }>, void, void, {}, {}>): Element', gave the following error.
    Type 'string' is not assignable to type '"success" | "warning" | "primary" | "danger" | undefined'.
  Overload 2 of 2, '(props: Substitute<Omit<HTMLAttributesWithoutMotionProps<HTMLAttributes<HTMLDivElement>, HTMLDivElement> & MotionProps & RefAttributes<...>, "ref"> & { ...; }, { ...; }>): ReactNode', gave the following error.
    Type 'string' is not assignable to type '"success" | "warning" | "primary" | "danger" | undefined'.
src/components/UniversalMasterSchedule/RealTimeSystemMonitor.tsx(619,27): error TS2769: No overload matches this call.
  Overload 1 of 2, '(props: PolymorphicComponentProps<"web", Substitute<DetailedHTMLProps<HTMLAttributes<HTMLDivElement>, HTMLDivElement>, { variant?: "success" | "warning" | "primary" | "danger" | undefined; }>, void, void, {}, {}>): Element', gave the following error.
    Type 'string' is not assignable to type '"success" | "warning" | "primary" | "danger" | undefined'.
  Overload 2 of 2, '(props: Substitute<DetailedHTMLProps<HTMLAttributes<HTMLDivElement>, HTMLDivElement>, { variant?: "success" | "warning" | "primary" | "danger" | undefined; }>): ReactNode', gave the following error.
    Type 'string' is not assignable to type '"success" | "warning" | "primary" | "danger" | undefined'.
src/components/UniversalMasterSchedule/RealTimeSystemMonitor.tsx(627,26): error TS2769: No overload matches this call.
  Overload 1 of 2, '(props: PolymorphicComponentProps<"web", Substitute<DetailedHTMLProps<HTMLAttributes<HTMLDivElement>, HTMLDivElement>, { direction: "up" | "down" | "stable"; }>, void, void, {}, {}>): Element', gave the following error.
    Type 'string' is not assignable to type '"up" | "down" | "stable"'.
  Overload 2 of 2, '(props: Substitute<DetailedHTMLProps<HTMLAttributes<HTMLDivElement>, HTMLDivElement>, { direction: "up" | "down" | "stable"; }>): ReactNode', gave the following error.
    Type 'string' is not assignable to type '"up" | "down" | "stable"'.
src/components/UniversalMasterSchedule/ui/StyledCard.tsx(109,32): error TS2339: Property 'status' does not exist on type '{ background: { primary: string; secondary: string; overlay: string; surface: string; elevated: string; }; primary: { main: string; blue: string; deep: string; light: string; starlight: string; cosmicBlue: string; }; ... 11 more ...; glowButton: { ...; }; }'.
src/components/UniversalMasterSchedule/ui/StyledCard.tsx(113,32): error TS2339: Property 'status' does not exist on type '{ background: { primary: string; secondary: string; overlay: string; surface: string; elevated: string; }; primary: { main: string; blue: string; deep: string; light: string; starlight: string; cosmicBlue: string; }; ... 11 more ...; glowButton: { ...; }; }'.
src/components/UniversalMasterSchedule/UniversalMasterSchedule-Modern.tsx(31,31): error TS2307: Cannot find module 'react-error-boundary' or its corresponding type declarations.
src/components/UniversalMasterSchedule/UniversalMasterSchedule-Modern.tsx(36,39): error TS2307: Cannot find module './hooks/usePerformanceMetrics' or its corresponding type declarations.
src/components/UniversalMasterSchedule/UniversalMasterSchedule-Modern.tsx(37,34): error TS2307: Cannot find module './hooks/useAccessibility' or its corresponding type declarations.
src/components/UniversalMasterSchedule/UniversalMasterSchedule-Modern.tsx(41,44): error TS2307: Cannot find module './AdvancedCalendar' or its corresponding type declarations.
src/components/UniversalMasterSchedule/UniversalMasterSchedule-Modern.tsx(42,46): error TS2307: Cannot find module './AnalyticsDashboard' or its corresponding type declarations.
src/components/UniversalMasterSchedule/UniversalMasterSchedule-Modern.tsx(387,5): error TS2339: Property 'handleInteraction' does not exist on type 'UseMicroInteractionsReturn'.
src/components/UniversalMasterSchedule/UniversalMasterSchedule-Modern.tsx(388,30): error TS2353: Object literal may only specify known properties, and 'enabled' does not exist in type 'MicroInteractionOptions'.
src/components/UniversalMasterSchedule/UniversalMasterSchedule-Modern.tsx(480,17): error TS7006: Parameter 'error' implicitly has an 'any' type.
src/components/UniversalMasterSchedule/UniversalMasterSchedule-Modern.tsx(480,24): error TS7006: Parameter 'errorInfo' implicitly has an 'any' type.
src/components/UniversalMasterSchedule/UniversalMasterSchedule-Modern.tsx(504,13): error TS2322: Type 'false | { opacity: number; y: number; }' is not assignable to type 'VariantLabels | TargetAndTransition | undefined'.
  Type 'false' is not assignable to type 'VariantLabels | TargetAndTransition | undefined'.
src/components/UniversalMasterSchedule/UniversalMasterSchedule.tsx(484,20): error TS2339: Property 'sessionTypeId' does not exist on type '{ sessionDate: string; duration: number; location: string; notes: string; notifyClient: boolean; trainerId: string | number | undefined; clientId: string | number | undefined; manualClientName: string; }'.
src/components/UniversalMasterSchedule/UniversalMasterSchedule.tsx(484,70): error TS2339: Property 'sessionTypeId' does not exist on type '{ sessionDate: string; duration: number; location: string; notes: string; notifyClient: boolean; trainerId: string | number | undefined; clientId: string | number | undefined; manualClientName: string; }'.
src/components/UniversalMasterSchedule/UniversalMasterSchedule.tsx(486,20): error TS2339: Property 'bufferBefore' does not exist on type '{ sessionDate: string; duration: number; location: string; notes: string; notifyClient: boolean; trainerId: string | number | undefined; clientId: string | number | undefined; manualClientName: string; }'.
src/components/UniversalMasterSchedule/UniversalMasterSchedule.tsx(486,82): error TS2339: Property 'bufferBefore' does not exist on type '{ sessionDate: string; duration: number; location: string; notes: string; notifyClient: boolean; trainerId: string | number | undefined; clientId: string | number | undefined; manualClientName: string; }'.
src/components/UniversalMasterSchedule/UniversalMasterSchedule.tsx(487,20): error TS2339: Property 'bufferAfter' does not exist on type '{ sessionDate: string; duration: number; location: string; notes: string; notifyClient: boolean; trainerId: string | number | undefined; clientId: string | number | undefined; manualClientName: string; }'.
src/components/UniversalMasterSchedule/UniversalMasterSchedule.tsx(487,80): error TS2339: Property 'bufferAfter' does not exist on type '{ sessionDate: string; duration: number; location: string; notes: string; notifyClient: boolean; trainerId: string | number | undefined; clientId: string | number | undefined; manualClientName: string; }'.
src/components/UniversalMasterSchedule/utils/calendarHelpers.ts(38,10): error TS2678: Type '"booked"' is not comparable to type '"completed" | "cancelled" | "scheduled" | "available" | "requested" | "confirmed" | "blocked"'.
src/components/UniversalMasterSchedule/utils/calendarHelpers.ts(58,20): error TS2339: Property 'start' does not exist on type 'Partial<Session>'.
src/components/UniversalMasterSchedule/utils/calendarHelpers.ts(62,20): error TS2339: Property 'end' does not exist on type 'Partial<Session>'.
src/components/UniversalMasterSchedule/utils/calendarHelpers.ts(66,19): error TS2339: Property 'start' does not exist on type 'Partial<Session>'.
src/components/UniversalMasterSchedule/utils/calendarHelpers.ts(66,40): error TS2339: Property 'end' does not exist on type 'Partial<Session>'.
src/components/UniversalMasterSchedule/utils/calendarHelpers.ts(66,59): error TS2339: Property 'start' does not exist on type 'Partial<Session>'.
src/components/UniversalMasterSchedule/utils/calendarHelpers.ts(66,80): error TS2339: Property 'end' does not exist on type 'Partial<Session>'.
src/components/UniversalMasterSchedule/utils/calendarHelpers.ts(136,43): error TS2339: Property 'start' does not exist on type 'Session'.
src/components/UniversalMasterSchedule/utils/calendarHelpers.ts(137,41): error TS2339: Property 'end' does not exist on type 'Session'.
src/components/UniversalMasterSchedule/utils/calendarHelpers.ts(167,43): error TS2339: Property 'start' does not exist on type 'Session'.
src/components/UniversalMasterSchedule/utils/calendarHelpers.ts(168,41): error TS2339: Property 'end' does not exist on type 'Session'.
src/components/UniversalMasterSchedule/utils/calendarHelpers.ts(212,7): error TS2353: Object literal may only specify known properties, and 'boxShadow' does not exist in type '{ backgroundColor: string; borderRadius: string; border: string; color: string; fontSize: string; fontWeight: string; }'.
src/components/UniversalMasterSchedule/utils/calendarHelpers.ts(218,39): error TS2339: Property 'priority' does not exist on type 'Session'.
src/components/UniversalMasterSchedule/utils/calendarHelpers.ts(221,7): error TS2353: Object literal may only specify known properties, and 'borderLeft' does not exist in type '{ backgroundColor: string; borderRadius: string; border: string; color: string; fontSize: string; fontWeight: string; }'.
src/components/UniversalMasterSchedule/utils/calendarHelpers.ts(259,44): error TS2339: Property 'start' does not exist on type 'Session'.
src/components/UniversalMasterSchedule/utils/calendarHelpers.ts(299,33): error TS2339: Property 'start' does not exist on type 'Session'.
src/components/UniversalMasterSchedule/utils/calendarHelpers.ts(299,63): error TS2339: Property 'start' does not exist on type 'Session'.
src/components/UniversalMasterSchedule/utils/renderCalendar.tsx(16,26): error TS7016: Could not find a declaration file for module 'react-big-calendar'. 'C:/Users/BigotSmasher/Desktop/quick-pt/SS-PT/frontend/node_modules/react-big-calendar/lib/index.js' implicitly has an 'any' type.
  Try `npm i --save-dev @types/react-big-calendar` if it exists or add a new declaration (.d.ts) file containing `declare module 'react-big-calendar';`
src/components/UniversalMasterSchedule/utils/renderCalendar.tsx(304,38): error TS7031: Binding element 'start' implicitly has an 'any' type.
src/components/UniversalMasterSchedule/utils/renderCalendar.tsx(304,45): error TS7031: Binding element 'end' implicitly has an 'any' type.
src/components/UniversalMasterSchedule/utils/renderCalendar.tsx(304,52): error TS7006: Parameter 'culture' implicitly has an 'any' type.
src/components/UniversalMasterSchedule/utils/renderCalendar.tsx(304,61): error TS7006: Parameter 'localizer' implicitly has an 'any' type.
src/components/UniversalMasterSchedule/utils/renderCalendar.tsx(314,23): error TS7006: Parameter 'toolbarProps' implicitly has an 'any' type.
src/components/UniversalMasterSchedule/utils/renderCalendar.tsx(318,26): error TS7031: Binding element 'label' implicitly has an 'any' type.
src/components/UniversalMasterSchedule/utils/renderCalendar.tsx(331,26): error TS7031: Binding element 'label' implicitly has an 'any' type.
src/components/UniversalMasterSchedule/utils/renderCalendar.tsx(345,27): error TS7006: Parameter 'date' implicitly has an 'any' type.
src/components/UniversalMasterSchedule/utils/renderCalendar.tsx(352,28): error TS7006: Parameter 'date' implicitly has an 'any' type.
src/components/UniversalMasterSchedule/utils/renderCalendar.tsx(352,34): error TS7006: Parameter 'resourceId' implicitly has an 'any' type.
src/components/UniversalMasterSchedule/utils/renderCalendar.tsx(366,7): error TS2322: Type 'import("C:/Users/BigotSmasher/Desktop/quick-pt/SS-PT/frontend/src/components/UniversalMasterSchedule/types").SessionEvent[]' is not assignable to type 'SessionEvent[]'.
  Type 'import("C:/Users/BigotSmasher/Desktop/quick-pt/SS-PT/frontend/src/components/UniversalMasterSchedule/types").SessionEvent' is not assignable to type 'SessionEvent'.
    Types of property 'userId' are incompatible.
      Type 'string | null | undefined' is not assignable to type 'string | undefined'.
        Type 'null' is not assignable to type 'string | undefined'.
src/components/UniversalMasterSchedule/utils/renderCalendar.tsx(367,7): error TS2322: Type '(event: import("C:/Users/BigotSmasher/Desktop/quick-pt/SS-PT/frontend/src/components/UniversalMasterSchedule/types").SessionEvent) => void' is not assignable to type '(event: SessionEvent) => void'.
  Types of parameters 'event' and 'event' are incompatible.
    Type 'SessionEvent' is not assignable to type 'import("C:/Users/BigotSmasher/Desktop/quick-pt/SS-PT/frontend/src/components/UniversalMasterSchedule/types").SessionEvent'.
      Types of property 'status' are incompatible.
        Type 'string' is not assignable to type '"completed" | "cancelled" | "scheduled" | "available" | "requested" | "confirmed" | "blocked"'.
src/components/UserDashboard/components/AboutSection.tsx(31,17): error TS2345: Argument of type '({ theme }: ExecutionContext & FastOmit<Omit<HTMLAttributesWithoutMotionProps<HTMLAttributes<HTMLDivElement>, HTMLDivElement> & MotionProps & RefAttributes<...>, "ref"> & { ...; }, never>) => {}' is not assignable to parameter of type 'Interpolation<FastOmit<Omit<HTMLAttributesWithoutMotionProps<HTMLAttributes<HTMLDivElement>, HTMLDivElement> & MotionProps & RefAttributes<...>, "ref"> & { ...; }, never>>'.
  Type '({ theme }: ExecutionContext & FastOmit<Omit<HTMLAttributesWithoutMotionProps<HTMLAttributes<HTMLDivElement>, HTMLDivElement> & MotionProps & RefAttributes<...>, "ref"> & { ...; }, never>) => {}' is not assignable to type 'StyleFunction<FastOmit<Omit<HTMLAttributesWithoutMotionProps<HTMLAttributes<HTMLDivElement>, HTMLDivElement> & MotionProps & RefAttributes<...>, "ref"> & { ...; }, never>>'.
    Type '{}' is not assignable to type 'Interpolation<FastOmit<Omit<HTMLAttributesWithoutMotionProps<HTMLAttributes<HTMLDivElement>, HTMLDivElement> & MotionProps & RefAttributes<...>, "ref"> & { ...; }, never>>'.
src/components/UserDashboard/components/AboutSection.tsx(33,53): error TS2339: Property 'elegant' does not exist on type '{}'.
src/components/UserDashboard/components/AboutSection.tsx(58,17): error TS2345: Argument of type '({ theme }: ExecutionContext & FastOmit<Omit<HTMLAttributesWithoutMotionProps<HTMLAttributes<HTMLDivElement>, HTMLDivElement> & MotionProps & RefAttributes<...>, "ref"> & { ...; }, never>) => {}' is not assignable to parameter of type 'Interpolation<FastOmit<Omit<HTMLAttributesWithoutMotionProps<HTMLAttributes<HTMLDivElement>, HTMLDivElement> & MotionProps & RefAttributes<...>, "ref"> & { ...; }, never>>'.
  Type '({ theme }: ExecutionContext & FastOmit<Omit<HTMLAttributesWithoutMotionProps<HTMLAttributes<HTMLDivElement>, HTMLDivElement> & MotionProps & RefAttributes<...>, "ref"> & { ...; }, never>) => {}' is not assignable to type 'StyleFunction<FastOmit<Omit<HTMLAttributesWithoutMotionProps<HTMLAttributes<HTMLDivElement>, HTMLDivElement> & MotionProps & RefAttributes<...>, "ref"> & { ...; }, never>>'.
    Type '{}' is not assignable to type 'Interpolation<FastOmit<Omit<HTMLAttributesWithoutMotionProps<HTMLAttributes<HTMLDivElement>, HTMLDivElement> & MotionProps & RefAttributes<...>, "ref"> & { ...; }, never>>'.
src/components/UserDashboard/components/AboutSection.tsx(59,53): error TS2339: Property 'subtle' does not exist on type '{}'.
src/components/UserDashboard/components/AboutSection.tsx(78,12): error TS2345: Argument of type '({ theme }: ExecutionContext & FastOmit<DetailedHTMLProps<HTMLAttributes<HTMLHeadingElement>, HTMLHeadingElement>, never>) => {}' is not assignable to parameter of type 'Interpolation<FastOmit<DetailedHTMLProps<HTMLAttributes<HTMLHeadingElement>, HTMLHeadingElement>, never>>'.
  Type '({ theme }: ExecutionContext & FastOmit<DetailedHTMLProps<HTMLAttributes<HTMLHeadingElement>, HTMLHeadingElement>, never>) => {}' is not assignable to type 'StyleFunction<FastOmit<DetailedHTMLProps<HTMLAttributes<HTMLHeadingElement>, HTMLHeadingElement>, never>>'.
    Type '{}' is not assignable to type 'Interpolation<FastOmit<DetailedHTMLProps<HTMLAttributes<HTMLHeadingElement>, HTMLHeadingElement>, never>>'.
src/components/UserDashboard/components/AboutSection.tsx(90,17): error TS2345: Argument of type '({ theme }: ExecutionContext & FastOmit<Omit<HTMLAttributesWithoutMotionProps<ButtonHTMLAttributes<HTMLButtonElement>, HTMLButtonElement> & MotionProps & RefAttributes<...>, "ref"> & { ...; }, never>) => {}' is not assignable to parameter of type 'Interpolation<FastOmit<Omit<HTMLAttributesWithoutMotionProps<ButtonHTMLAttributes<HTMLButtonElement>, HTMLButtonElement> & MotionProps & RefAttributes<...>, "ref"> & { ...; }, never>>'.
  Type '({ theme }: ExecutionContext & FastOmit<Omit<HTMLAttributesWithoutMotionProps<ButtonHTMLAttributes<HTMLButtonElement>, HTMLButtonElement> & MotionProps & RefAttributes<...>, "ref"> & { ...; }, never>) => {}' is not assignable to type 'StyleFunction<FastOmit<Omit<HTMLAttributesWithoutMotionProps<ButtonHTMLAttributes<HTMLButtonElement>, HTMLButtonElement> & MotionProps & RefAttributes<...>, "ref"> & { ...; }, never>>'.
    Type '{}' is not assignable to type 'Interpolation<FastOmit<Omit<HTMLAttributesWithoutMotionProps<ButtonHTMLAttributes<HTMLButtonElement>, HTMLButtonElement> & MotionProps & RefAttributes<...>, "ref"> & { ...; }, never>>'.
src/components/UserDashboard/components/AboutSection.tsx(92,53): error TS2339: Property 'subtle' does not exist on type '{}'.
src/components/UserDashboard/components/AboutSection.tsx(118,17): error TS2345: Argument of type '({ theme }: ExecutionContext & FastOmit<DetailedHTMLProps<HTMLAttributes<HTMLDivElement>, HTMLDivElement>, never>) => {}' is not assignable to parameter of type 'Interpolation<FastOmit<DetailedHTMLProps<HTMLAttributes<HTMLDivElement>, HTMLDivElement>, never>>'.
  Type '({ theme }: ExecutionContext & FastOmit<DetailedHTMLProps<HTMLAttributes<HTMLDivElement>, HTMLDivElement>, never>) => {}' is not assignable to type 'StyleFunction<FastOmit<DetailedHTMLProps<HTMLAttributes<HTMLDivElement>, HTMLDivElement>, never>>'.
    Type '{}' is not assignable to type 'Interpolation<FastOmit<DetailedHTMLProps<HTMLAttributes<HTMLDivElement>, HTMLDivElement>, never>>'.
src/components/UserDashboard/components/AboutSection.tsx(144,12): error TS2345: Argument of type '({ theme }: ExecutionContext & FastOmit<DetailedHTMLProps<HTMLAttributes<HTMLParagraphElement>, HTMLParagraphElement>, never>) => {}' is not assignable to parameter of type 'Interpolation<FastOmit<DetailedHTMLProps<HTMLAttributes<HTMLParagraphElement>, HTMLParagraphElement>, never>>'.
  Type '({ theme }: ExecutionContext & FastOmit<DetailedHTMLProps<HTMLAttributes<HTMLParagraphElement>, HTMLParagraphElement>, never>) => {}' is not assignable to type 'StyleFunction<FastOmit<DetailedHTMLProps<HTMLAttributes<HTMLParagraphElement>, HTMLParagraphElement>, never>>'.
    Type '{}' is not assignable to type 'Interpolation<FastOmit<DetailedHTMLProps<HTMLAttributes<HTMLParagraphElement>, HTMLParagraphElement>, never>>'.
src/components/UserDashboard/components/AboutSection.tsx(151,12): error TS2345: Argument of type '({ theme }: ExecutionContext & FastOmit<DetailedHTMLProps<HTMLAttributes<HTMLParagraphElement>, HTMLParagraphElement>, never>) => {}' is not assignable to parameter of type 'Interpolation<FastOmit<DetailedHTMLProps<HTMLAttributes<HTMLParagraphElement>, HTMLParagraphElement>, never>>'.
  Type '({ theme }: ExecutionContext & FastOmit<DetailedHTMLProps<HTMLAttributes<HTMLParagraphElement>, HTMLParagraphElement>, never>) => {}' is not assignable to type 'StyleFunction<FastOmit<DetailedHTMLProps<HTMLAttributes<HTMLParagraphElement>, HTMLParagraphElement>, never>>'.
    Type '{}' is not assignable to type 'Interpolation<FastOmit<DetailedHTMLProps<HTMLAttributes<HTMLParagraphElement>, HTMLParagraphElement>, never>>'.
src/components/UserDashboard/components/AboutSection.tsx(164,17): error TS2345: Argument of type '({ theme }: ExecutionContext & FastOmit<Omit<HTMLAttributesWithoutMotionProps<HTMLAttributes<HTMLDivElement>, HTMLDivElement> & MotionProps & RefAttributes<...>, "ref"> & { ...; }, never>) => {}' is not assignable to parameter of type 'Interpolation<FastOmit<Omit<HTMLAttributesWithoutMotionProps<HTMLAttributes<HTMLDivElement>, HTMLDivElement> & MotionProps & RefAttributes<...>, "ref"> & { ...; }, never>>'.
  Type '({ theme }: ExecutionContext & FastOmit<Omit<HTMLAttributesWithoutMotionProps<HTMLAttributes<HTMLDivElement>, HTMLDivElement> & MotionProps & RefAttributes<...>, "ref"> & { ...; }, never>) => {}' is not assignable to type 'StyleFunction<FastOmit<Omit<HTMLAttributesWithoutMotionProps<HTMLAttributes<HTMLDivElement>, HTMLDivElement> & MotionProps & RefAttributes<...>, "ref"> & { ...; }, never>>'.
    Type '{}' is not assignable to type 'Interpolation<FastOmit<Omit<HTMLAttributesWithoutMotionProps<HTMLAttributes<HTMLDivElement>, HTMLDivElement> & MotionProps & RefAttributes<...>, "ref"> & { ...; }, never>>'.
src/components/UserDashboard/components/AboutSection.tsx(184,12): error TS2345: Argument of type '({ theme }: ExecutionContext & FastOmit<DetailedHTMLProps<HTMLAttributes<HTMLHeadingElement>, HTMLHeadingElement>, never>) => {}' is not assignable to parameter of type 'Interpolation<FastOmit<DetailedHTMLProps<HTMLAttributes<HTMLHeadingElement>, HTMLHeadingElement>, never>>'.
  Type '({ theme }: ExecutionContext & FastOmit<DetailedHTMLProps<HTMLAttributes<HTMLHeadingElement>, HTMLHeadingElement>, never>) => {}' is not assignable to type 'StyleFunction<FastOmit<DetailedHTMLProps<HTMLAttributes<HTMLHeadingElement>, HTMLHeadingElement>, never>>'.
    Type '{}' is not assignable to type 'Interpolation<FastOmit<DetailedHTMLProps<HTMLAttributes<HTMLHeadingElement>, HTMLHeadingElement>, never>>'.
src/components/UserDashboard/components/AboutSection.tsx(192,17): error TS2345: Argument of type '({ $completed, theme }: ExecutionContext & FastOmit<DetailedHTMLProps<HTMLAttributes<HTMLSpanElement>, HTMLSpanElement>, "$completed"> & { ...; }) => {}' is not assignable to parameter of type 'Interpolation<Substitute<DetailedHTMLProps<HTMLAttributes<HTMLSpanElement>, HTMLSpanElement>, { $completed?: boolean | undefined; }>>'.
  Type '({ $completed, theme }: ExecutionContext & FastOmit<DetailedHTMLProps<HTMLAttributes<HTMLSpanElement>, HTMLSpanElement>, "$completed"> & { ...; }) => {}' is not assignable to type 'StyleFunction<Substitute<DetailedHTMLProps<HTMLAttributes<HTMLSpanElement>, HTMLSpanElement>, { $completed?: boolean | undefined; }>>'.
    Type '{}' is not assignable to type 'Interpolation<Substitute<DetailedHTMLProps<HTMLAttributes<HTMLSpanElement>, HTMLSpanElement>, { $completed?: boolean | undefined; }>>'.
src/components/UserDashboard/components/AboutSection.tsx(205,12): error TS2345: Argument of type '({ theme }: ExecutionContext & FastOmit<DetailedHTMLProps<HTMLAttributes<HTMLParagraphElement>, HTMLParagraphElement>, never>) => {}' is not assignable to parameter of type 'Interpolation<FastOmit<DetailedHTMLProps<HTMLAttributes<HTMLParagraphElement>, HTMLParagraphElement>, never>>'.
  Type '({ theme }: ExecutionContext & FastOmit<DetailedHTMLProps<HTMLAttributes<HTMLParagraphElement>, HTMLParagraphElement>, never>) => {}' is not assignable to type 'StyleFunction<FastOmit<DetailedHTMLProps<HTMLAttributes<HTMLParagraphElement>, HTMLParagraphElement>, never>>'.
    Type '{}' is not assignable to type 'Interpolation<FastOmit<DetailedHTMLProps<HTMLAttributes<HTMLParagraphElement>, HTMLParagraphElement>, never>>'.
src/components/UserDashboard/components/AboutSection.tsx(214,17): error TS2345: Argument of type '({ theme }: ExecutionContext & FastOmit<DetailedHTMLProps<HTMLAttributes<HTMLDivElement>, HTMLDivElement>, never>) => {}' is not assignable to parameter of type 'Interpolation<FastOmit<DetailedHTMLProps<HTMLAttributes<HTMLDivElement>, HTMLDivElement>, never>>'.
  Type '({ theme }: ExecutionContext & FastOmit<DetailedHTMLProps<HTMLAttributes<HTMLDivElement>, HTMLDivElement>, never>) => {}' is not assignable to type 'StyleFunction<FastOmit<DetailedHTMLProps<HTMLAttributes<HTMLDivElement>, HTMLDivElement>, never>>'.
    Type '{}' is not assignable to type 'Interpolation<FastOmit<DetailedHTMLProps<HTMLAttributes<HTMLDivElement>, HTMLDivElement>, never>>'.
src/components/UserDashboard/components/AboutSection.tsx(228,12): error TS2345: Argument of type '({ theme }: ExecutionContext & FastOmit<DetailedHTMLProps<HTMLAttributes<HTMLParagraphElement>, HTMLParagraphElement>, never>) => {}' is not assignable to parameter of type 'Interpolation<FastOmit<DetailedHTMLProps<HTMLAttributes<HTMLParagraphElement>, HTMLParagraphElement>, never>>'.
  Type '({ theme }: ExecutionContext & FastOmit<DetailedHTMLProps<HTMLAttributes<HTMLParagraphElement>, HTMLParagraphElement>, never>) => {}' is not assignable to type 'StyleFunction<FastOmit<DetailedHTMLProps<HTMLAttributes<HTMLParagraphElement>, HTMLParagraphElement>, never>>'.
    Type '{}' is not assignable to type 'Interpolation<FastOmit<DetailedHTMLProps<HTMLAttributes<HTMLParagraphElement>, HTMLParagraphElement>, never>>'.
src/components/UserDashboard/components/AboutSection.tsx(241,17): error TS2345: Argument of type '({ theme }: ExecutionContext & FastOmit<Omit<HTMLAttributesWithoutMotionProps<HTMLAttributes<HTMLDivElement>, HTMLDivElement> & MotionProps & RefAttributes<...>, "ref"> & { ...; }, never>) => {}' is not assignable to parameter of type 'Interpolation<FastOmit<Omit<HTMLAttributesWithoutMotionProps<HTMLAttributes<HTMLDivElement>, HTMLDivElement> & MotionProps & RefAttributes<...>, "ref"> & { ...; }, never>>'.
  Type '({ theme }: ExecutionContext & FastOmit<Omit<HTMLAttributesWithoutMotionProps<HTMLAttributes<HTMLDivElement>, HTMLDivElement> & MotionProps & RefAttributes<...>, "ref"> & { ...; }, never>) => {}' is not assignable to type 'StyleFunction<FastOmit<Omit<HTMLAttributesWithoutMotionProps<HTMLAttributes<HTMLDivElement>, HTMLDivElement> & MotionProps & RefAttributes<...>, "ref"> & { ...; }, never>>'.
    Type '{}' is not assignable to type 'Interpolation<FastOmit<Omit<HTMLAttributesWithoutMotionProps<HTMLAttributes<HTMLDivElement>, HTMLDivElement> & MotionProps & RefAttributes<...>, "ref"> & { ...; }, never>>'.
src/components/UserDashboard/components/AboutSection.tsx(269,12): error TS2345: Argument of type '({ theme }: ExecutionContext & FastOmit<DetailedHTMLProps<HTMLAttributes<HTMLHeadingElement>, HTMLHeadingElement>, never>) => {}' is not assignable to parameter of type 'Interpolation<FastOmit<DetailedHTMLProps<HTMLAttributes<HTMLHeadingElement>, HTMLHeadingElement>, never>>'.
  Type '({ theme }: ExecutionContext & FastOmit<DetailedHTMLProps<HTMLAttributes<HTMLHeadingElement>, HTMLHeadingElement>, never>) => {}' is not assignable to type 'StyleFunction<FastOmit<DetailedHTMLProps<HTMLAttributes<HTMLHeadingElement>, HTMLHeadingElement>, never>>'.
    Type '{}' is not assignable to type 'Interpolation<FastOmit<DetailedHTMLProps<HTMLAttributes<HTMLHeadingElement>, HTMLHeadingElement>, never>>'.
src/components/UserDashboard/components/AboutSection.tsx(276,12): error TS2345: Argument of type '({ theme }: ExecutionContext & FastOmit<DetailedHTMLProps<HTMLAttributes<HTMLParagraphElement>, HTMLParagraphElement>, never>) => {}' is not assignable to parameter of type 'Interpolation<FastOmit<DetailedHTMLProps<HTMLAttributes<HTMLParagraphElement>, HTMLParagraphElement>, never>>'.
  Type '({ theme }: ExecutionContext & FastOmit<DetailedHTMLProps<HTMLAttributes<HTMLParagraphElement>, HTMLParagraphElement>, never>) => {}' is not assignable to type 'StyleFunction<FastOmit<DetailedHTMLProps<HTMLAttributes<HTMLParagraphElement>, HTMLParagraphElement>, never>>'.
    Type '{}' is not assignable to type 'Interpolation<FastOmit<DetailedHTMLProps<HTMLAttributes<HTMLParagraphElement>, HTMLParagraphElement>, never>>'.
src/components/UserDashboard/components/AboutSection.tsx(283,12): error TS2345: Argument of type '({ theme }: ExecutionContext & FastOmit<DetailedHTMLProps<HTMLAttributes<HTMLParagraphElement>, HTMLParagraphElement>, never>) => {}' is not assignable to parameter of type 'Interpolation<FastOmit<DetailedHTMLProps<HTMLAttributes<HTMLParagraphElement>, HTMLParagraphElement>, never>>'.
  Type '({ theme }: ExecutionContext & FastOmit<DetailedHTMLProps<HTMLAttributes<HTMLParagraphElement>, HTMLParagraphElement>, never>) => {}' is not assignable to type 'StyleFunction<FastOmit<DetailedHTMLProps<HTMLAttributes<HTMLParagraphElement>, HTMLParagraphElement>, never>>'.
    Type '{}' is not assignable to type 'Interpolation<FastOmit<DetailedHTMLProps<HTMLAttributes<HTMLParagraphElement>, HTMLParagraphElement>, never>>'.
src/components/UserDashboard/components/AboutSection.tsx(292,17): error TS2345: Argument of type '({ theme }: ExecutionContext & FastOmit<Omit<HTMLAttributesWithoutMotionProps<ButtonHTMLAttributes<HTMLButtonElement>, HTMLButtonElement> & MotionProps & RefAttributes<...>, "ref"> & { ...; }, never>) => {}' is not assignable to parameter of type 'Interpolation<FastOmit<Omit<HTMLAttributesWithoutMotionProps<ButtonHTMLAttributes<HTMLButtonElement>, HTMLButtonElement> & MotionProps & RefAttributes<...>, "ref"> & { ...; }, never>>'.
  Type '({ theme }: ExecutionContext & FastOmit<Omit<HTMLAttributesWithoutMotionProps<ButtonHTMLAttributes<HTMLButtonElement>, HTMLButtonElement> & MotionProps & RefAttributes<...>, "ref"> & { ...; }, never>) => {}' is not assignable to type 'StyleFunction<FastOmit<Omit<HTMLAttributesWithoutMotionProps<ButtonHTMLAttributes<HTMLButtonElement>, HTMLButtonElement> & MotionProps & RefAttributes<...>, "ref"> & { ...; }, never>>'.
    Type '{}' is not assignable to type 'Interpolation<FastOmit<Omit<HTMLAttributesWithoutMotionProps<ButtonHTMLAttributes<HTMLButtonElement>, HTMLButtonElement> & MotionProps & RefAttributes<...>, "ref"> & { ...; }, never>>'.
src/components/UserDashboard/components/AboutSection.tsx(293,54): error TS2339: Property 'elegant' does not exist on type '{}'.
src/components/UserDashboard/components/ActivitySection.tsx(36,17): error TS2345: Argument of type '({ theme }: ExecutionContext & FastOmit<Omit<HTMLAttributesWithoutMotionProps<HTMLAttributes<HTMLDivElement>, HTMLDivElement> & MotionProps & RefAttributes<...>, "ref"> & { ...; }, never>) => {}' is not assignable to parameter of type 'Interpolation<FastOmit<Omit<HTMLAttributesWithoutMotionProps<HTMLAttributes<HTMLDivElement>, HTMLDivElement> & MotionProps & RefAttributes<...>, "ref"> & { ...; }, never>>'.
  Type '({ theme }: ExecutionContext & FastOmit<Omit<HTMLAttributesWithoutMotionProps<HTMLAttributes<HTMLDivElement>, HTMLDivElement> & MotionProps & RefAttributes<...>, "ref"> & { ...; }, never>) => {}' is not assignable to type 'StyleFunction<FastOmit<Omit<HTMLAttributesWithoutMotionProps<HTMLAttributes<HTMLDivElement>, HTMLDivElement> & MotionProps & RefAttributes<...>, "ref"> & { ...; }, never>>'.
    Type '{}' is not assignable to type 'Interpolation<FastOmit<Omit<HTMLAttributesWithoutMotionProps<HTMLAttributes<HTMLDivElement>, HTMLDivElement> & MotionProps & RefAttributes<...>, "ref"> & { ...; }, never>>'.
src/components/UserDashboard/components/ActivitySection.tsx(38,53): error TS2339: Property 'elegant' does not exist on type '{}'.
src/components/UserDashboard/components/ActivitySection.tsx(51,7): error TS2451: Cannot redeclare block-scoped variable 'ActivityHeader'.
src/components/UserDashboard/components/ActivitySection.tsx(64,7): error TS2451: Cannot redeclare block-scoped variable 'ActivityTitle'.
src/components/UserDashboard/components/ActivitySection.tsx(65,12): error TS2345: Argument of type '({ theme }: ExecutionContext & FastOmit<DetailedHTMLProps<HTMLAttributes<HTMLHeadingElement>, HTMLHeadingElement>, never>) => {}' is not assignable to parameter of type 'Interpolation<FastOmit<DetailedHTMLProps<HTMLAttributes<HTMLHeadingElement>, HTMLHeadingElement>, never>>'.
  Type '({ theme }: ExecutionContext & FastOmit<DetailedHTMLProps<HTMLAttributes<HTMLHeadingElement>, HTMLHeadingElement>, never>) => {}' is not assignable to type 'StyleFunction<FastOmit<DetailedHTMLProps<HTMLAttributes<HTMLHeadingElement>, HTMLHeadingElement>, never>>'.
    Type '{}' is not assignable to type 'Interpolation<FastOmit<DetailedHTMLProps<HTMLAttributes<HTMLHeadingElement>, HTMLHeadingElement>, never>>'.
src/components/UserDashboard/components/ActivitySection.tsx(95,17): error TS2345: Argument of type '({ $active, theme }: ExecutionContext & FastOmit<Omit<HTMLAttributesWithoutMotionProps<ButtonHTMLAttributes<HTMLButtonElement>, HTMLButtonElement> & MotionProps & RefAttributes<...>, "ref"> & { ...; }, "$active"> & { ...; }) => {}' is not assignable to parameter of type 'Interpolation<Substitute<Omit<HTMLAttributesWithoutMotionProps<ButtonHTMLAttributes<HTMLButtonElement>, HTMLButtonElement> & MotionProps & RefAttributes<...>, "ref"> & { ...; }, { ...; }>>'.
  Type '({ $active, theme }: ExecutionContext & FastOmit<Omit<HTMLAttributesWithoutMotionProps<ButtonHTMLAttributes<HTMLButtonElement>, HTMLButtonElement> & MotionProps & RefAttributes<...>, "ref"> & { ...; }, "$active"> & { ...; }) => {}' is not assignable to type 'StyleFunction<Substitute<Omit<HTMLAttributesWithoutMotionProps<ButtonHTMLAttributes<HTMLButtonElement>, HTMLButtonElement> & MotionProps & RefAttributes<...>, "ref"> & { ...; }, { ...; }>>'.
    Type '{}' is not assignable to type 'Interpolation<Substitute<Omit<HTMLAttributesWithoutMotionProps<ButtonHTMLAttributes<HTMLButtonElement>, HTMLButtonElement> & MotionProps & RefAttributes<...>, "ref"> & { ...; }, { ...; }>>'.
src/components/UserDashboard/components/ActivitySection.tsx(108,24): error TS2339: Property 'subtle' does not exist on type '{}'.
src/components/UserDashboard/components/ActivitySection.tsx(136,17): error TS2345: Argument of type '({ theme }: ExecutionContext & FastOmit<Omit<HTMLAttributesWithoutMotionProps<HTMLAttributes<HTMLDivElement>, HTMLDivElement> & MotionProps & RefAttributes<...>, "ref"> & { ...; }, never>) => {}' is not assignable to parameter of type 'Interpolation<FastOmit<Omit<HTMLAttributesWithoutMotionProps<HTMLAttributes<HTMLDivElement>, HTMLDivElement> & MotionProps & RefAttributes<...>, "ref"> & { ...; }, never>>'.
  Type '({ theme }: ExecutionContext & FastOmit<Omit<HTMLAttributesWithoutMotionProps<HTMLAttributes<HTMLDivElement>, HTMLDivElement> & MotionProps & RefAttributes<...>, "ref"> & { ...; }, never>) => {}' is not assignable to type 'StyleFunction<FastOmit<Omit<HTMLAttributesWithoutMotionProps<HTMLAttributes<HTMLDivElement>, HTMLDivElement> & MotionProps & RefAttributes<...>, "ref"> & { ...; }, never>>'.
    Type '{}' is not assignable to type 'Interpolation<FastOmit<Omit<HTMLAttributesWithoutMotionProps<HTMLAttributes<HTMLDivElement>, HTMLDivElement> & MotionProps & RefAttributes<...>, "ref"> & { ...; }, never>>'.
src/components/UserDashboard/components/ActivitySection.tsx(137,53): error TS2339: Property 'subtle' does not exist on type '{}'.
src/components/UserDashboard/components/ActivitySection.tsx(161,12): error TS2345: Argument of type '({ theme }: ExecutionContext & FastOmit<DetailedHTMLProps<HTMLAttributes<HTMLHeadingElement>, HTMLHeadingElement>, never>) => {}' is not assignable to parameter of type 'Interpolation<FastOmit<DetailedHTMLProps<HTMLAttributes<HTMLHeadingElement>, HTMLHeadingElement>, never>>'.
  Type '({ theme }: ExecutionContext & FastOmit<DetailedHTMLProps<HTMLAttributes<HTMLHeadingElement>, HTMLHeadingElement>, never>) => {}' is not assignable to type 'StyleFunction<FastOmit<DetailedHTMLProps<HTMLAttributes<HTMLHeadingElement>, HTMLHeadingElement>, never>>'.
    Type '{}' is not assignable to type 'Interpolation<FastOmit<DetailedHTMLProps<HTMLAttributes<HTMLHeadingElement>, HTMLHeadingElement>, never>>'.
src/components/UserDashboard/components/ActivitySection.tsx(168,12): error TS2345: Argument of type '({ theme }: ExecutionContext & FastOmit<DetailedHTMLProps<HTMLAttributes<HTMLParagraphElement>, HTMLParagraphElement>, never>) => {}' is not assignable to parameter of type 'Interpolation<FastOmit<DetailedHTMLProps<HTMLAttributes<HTMLParagraphElement>, HTMLParagraphElement>, never>>'.
  Type '({ theme }: ExecutionContext & FastOmit<DetailedHTMLProps<HTMLAttributes<HTMLParagraphElement>, HTMLParagraphElement>, never>) => {}' is not assignable to type 'StyleFunction<FastOmit<DetailedHTMLProps<HTMLAttributes<HTMLParagraphElement>, HTMLParagraphElement>, never>>'.
    Type '{}' is not assignable to type 'Interpolation<FastOmit<DetailedHTMLProps<HTMLAttributes<HTMLParagraphElement>, HTMLParagraphElement>, never>>'.
src/components/UserDashboard/components/ActivitySection.tsx(181,17): error TS2345: Argument of type '({ theme }: ExecutionContext & FastOmit<Omit<HTMLAttributesWithoutMotionProps<HTMLAttributes<HTMLDivElement>, HTMLDivElement> & MotionProps & RefAttributes<...>, "ref"> & { ...; }, never>) => {}' is not assignable to parameter of type 'Interpolation<FastOmit<Omit<HTMLAttributesWithoutMotionProps<HTMLAttributes<HTMLDivElement>, HTMLDivElement> & MotionProps & RefAttributes<...>, "ref"> & { ...; }, never>>'.
  Type '({ theme }: ExecutionContext & FastOmit<Omit<HTMLAttributesWithoutMotionProps<HTMLAttributes<HTMLDivElement>, HTMLDivElement> & MotionProps & RefAttributes<...>, "ref"> & { ...; }, never>) => {}' is not assignable to type 'StyleFunction<FastOmit<Omit<HTMLAttributesWithoutMotionProps<HTMLAttributes<HTMLDivElement>, HTMLDivElement> & MotionProps & RefAttributes<...>, "ref"> & { ...; }, never>>'.
    Type '{}' is not assignable to type 'Interpolation<FastOmit<Omit<HTMLAttributesWithoutMotionProps<HTMLAttributes<HTMLDivElement>, HTMLDivElement> & MotionProps & RefAttributes<...>, "ref"> & { ...; }, never>>'.
src/components/UserDashboard/components/ActivitySection.tsx(182,53): error TS2339: Property 'subtle' does not exist on type '{}'.
src/components/UserDashboard/components/ActivitySection.tsx(213,7): error TS2451: Cannot redeclare block-scoped variable 'ActivityHeader'.
src/components/UserDashboard/components/ActivitySection.tsx(225,7): error TS2451: Cannot redeclare block-scoped variable 'ActivityTitle'.
src/components/UserDashboard/components/ActivitySection.tsx(226,12): error TS2345: Argument of type '({ theme }: ExecutionContext & FastOmit<DetailedHTMLProps<HTMLAttributes<HTMLHeadingElement>, HTMLHeadingElement>, never>) => {}' is not assignable to parameter of type 'Interpolation<FastOmit<DetailedHTMLProps<HTMLAttributes<HTMLHeadingElement>, HTMLHeadingElement>, never>>'.
  Type '({ theme }: ExecutionContext & FastOmit<DetailedHTMLProps<HTMLAttributes<HTMLHeadingElement>, HTMLHeadingElement>, never>) => {}' is not assignable to type 'StyleFunction<FastOmit<DetailedHTMLProps<HTMLAttributes<HTMLHeadingElement>, HTMLHeadingElement>, never>>'.
    Type '{}' is not assignable to type 'Interpolation<FastOmit<DetailedHTMLProps<HTMLAttributes<HTMLHeadingElement>, HTMLHeadingElement>, never>>'.
src/components/UserDashboard/components/ActivitySection.tsx(234,12): error TS2345: Argument of type '({ theme }: ExecutionContext & FastOmit<DetailedHTMLProps<HTMLAttributes<HTMLParagraphElement>, HTMLParagraphElement>, never>) => {}' is not assignable to parameter of type 'Interpolation<FastOmit<DetailedHTMLProps<HTMLAttributes<HTMLParagraphElement>, HTMLParagraphElement>, never>>'.
  Type '({ theme }: ExecutionContext & FastOmit<DetailedHTMLProps<HTMLAttributes<HTMLParagraphElement>, HTMLParagraphElement>, never>) => {}' is not assignable to type 'StyleFunction<FastOmit<DetailedHTMLProps<HTMLAttributes<HTMLParagraphElement>, HTMLParagraphElement>, never>>'.
    Type '{}' is not assignable to type 'Interpolation<FastOmit<DetailedHTMLProps<HTMLAttributes<HTMLParagraphElement>, HTMLParagraphElement>, never>>'.
src/components/UserDashboard/components/ActivitySection.tsx(245,12): error TS2345: Argument of type '({ theme }: ExecutionContext & FastOmit<DetailedHTMLProps<HTMLAttributes<HTMLParagraphElement>, HTMLParagraphElement>, never>) => {}' is not assignable to parameter of type 'Interpolation<FastOmit<DetailedHTMLProps<HTMLAttributes<HTMLParagraphElement>, HTMLParagraphElement>, never>>'.
  Type '({ theme }: ExecutionContext & FastOmit<DetailedHTMLProps<HTMLAttributes<HTMLParagraphElement>, HTMLParagraphElement>, never>) => {}' is not assignable to type 'StyleFunction<FastOmit<DetailedHTMLProps<HTMLAttributes<HTMLParagraphElement>, HTMLParagraphElement>, never>>'.
    Type '{}' is not assignable to type 'Interpolation<FastOmit<DetailedHTMLProps<HTMLAttributes<HTMLParagraphElement>, HTMLParagraphElement>, never>>'.
src/components/UserDashboard/components/ActivitySection.tsx(256,12): error TS2345: Argument of type '({ theme }: ExecutionContext & FastOmit<DetailedHTMLProps<HTMLAttributes<HTMLDivElement>, HTMLDivElement>, never>) => {}' is not assignable to parameter of type 'Interpolation<FastOmit<DetailedHTMLProps<HTMLAttributes<HTMLDivElement>, HTMLDivElement>, never>>'.
  Type '({ theme }: ExecutionContext & FastOmit<DetailedHTMLProps<HTMLAttributes<HTMLDivElement>, HTMLDivElement>, never>) => {}' is not assignable to type 'StyleFunction<FastOmit<DetailedHTMLProps<HTMLAttributes<HTMLDivElement>, HTMLDivElement>, never>>'.
    Type '{}' is not assignable to type 'Interpolation<FastOmit<DetailedHTMLProps<HTMLAttributes<HTMLDivElement>, HTMLDivElement>, never>>'.
src/components/UserDashboard/components/ActivitySection.tsx(268,17): error TS2345: Argument of type '({ theme }: ExecutionContext & FastOmit<Omit<HTMLAttributesWithoutMotionProps<ButtonHTMLAttributes<HTMLButtonElement>, HTMLButtonElement> & MotionProps & RefAttributes<...>, "ref"> & { ...; }, never>) => {}' is not assignable to parameter of type 'Interpolation<FastOmit<Omit<HTMLAttributesWithoutMotionProps<ButtonHTMLAttributes<HTMLButtonElement>, HTMLButtonElement> & MotionProps & RefAttributes<...>, "ref"> & { ...; }, never>>'.
  Type '({ theme }: ExecutionContext & FastOmit<Omit<HTMLAttributesWithoutMotionProps<ButtonHTMLAttributes<HTMLButtonElement>, HTMLButtonElement> & MotionProps & RefAttributes<...>, "ref"> & { ...; }, never>) => {}' is not assignable to type 'StyleFunction<FastOmit<Omit<HTMLAttributesWithoutMotionProps<ButtonHTMLAttributes<HTMLButtonElement>, HTMLButtonElement> & MotionProps & RefAttributes<...>, "ref"> & { ...; }, never>>'.
    Type '{}' is not assignable to type 'Interpolation<FastOmit<Omit<HTMLAttributesWithoutMotionProps<ButtonHTMLAttributes<HTMLButtonElement>, HTMLButtonElement> & MotionProps & RefAttributes<...>, "ref"> & { ...; }, never>>'.
src/components/UserDashboard/components/ActivitySection.tsx(269,53): error TS2339: Property 'subtle' does not exist on type '{}'.
src/components/UserDashboard/components/ActivitySection.tsx(291,12): error TS2345: Argument of type '({ theme }: ExecutionContext & FastOmit<DetailedHTMLProps<HTMLAttributes<HTMLDivElement>, HTMLDivElement>, never>) => {}' is not assignable to parameter of type 'Interpolation<FastOmit<DetailedHTMLProps<HTMLAttributes<HTMLDivElement>, HTMLDivElement>, never>>'.
  Type '({ theme }: ExecutionContext & FastOmit<DetailedHTMLProps<HTMLAttributes<HTMLDivElement>, HTMLDivElement>, never>) => {}' is not assignable to type 'StyleFunction<FastOmit<DetailedHTMLProps<HTMLAttributes<HTMLDivElement>, HTMLDivElement>, never>>'.
    Type '{}' is not assignable to type 'Interpolation<FastOmit<DetailedHTMLProps<HTMLAttributes<HTMLDivElement>, HTMLDivElement>, never>>'.
src/components/UserDashboard/components/ActivitySection.tsx(297,17): error TS2345: Argument of type '({ theme }: ExecutionContext & FastOmit<DetailedHTMLProps<HTMLAttributes<HTMLDivElement>, HTMLDivElement>, never>) => {}' is not assignable to parameter of type 'Interpolation<FastOmit<DetailedHTMLProps<HTMLAttributes<HTMLDivElement>, HTMLDivElement>, never>>'.
  Type '({ theme }: ExecutionContext & FastOmit<DetailedHTMLProps<HTMLAttributes<HTMLDivElement>, HTMLDivElement>, never>) => {}' is not assignable to type 'StyleFunction<FastOmit<DetailedHTMLProps<HTMLAttributes<HTMLDivElement>, HTMLDivElement>, never>>'.
    Type '{}' is not assignable to type 'Interpolation<FastOmit<DetailedHTMLProps<HTMLAttributes<HTMLDivElement>, HTMLDivElement>, never>>'.
src/components/UserDashboard/components/CommunityFeed.tsx(25,17): error TS2345: Argument of type '({ theme }: ExecutionContext & FastOmit<Omit<HTMLAttributesWithoutMotionProps<HTMLAttributes<HTMLDivElement>, HTMLDivElement> & MotionProps & RefAttributes<...>, "ref"> & { ...; }, never>) => {}' is not assignable to parameter of type 'Interpolation<FastOmit<Omit<HTMLAttributesWithoutMotionProps<HTMLAttributes<HTMLDivElement>, HTMLDivElement> & MotionProps & RefAttributes<...>, "ref"> & { ...; }, never>>'.
  Type '({ theme }: ExecutionContext & FastOmit<Omit<HTMLAttributesWithoutMotionProps<HTMLAttributes<HTMLDivElement>, HTMLDivElement> & MotionProps & RefAttributes<...>, "ref"> & { ...; }, never>) => {}' is not assignable to type 'StyleFunction<FastOmit<Omit<HTMLAttributesWithoutMotionProps<HTMLAttributes<HTMLDivElement>, HTMLDivElement> & MotionProps & RefAttributes<...>, "ref"> & { ...; }, never>>'.
    Type '{}' is not assignable to type 'Interpolation<FastOmit<Omit<HTMLAttributesWithoutMotionProps<HTMLAttributes<HTMLDivElement>, HTMLDivElement> & MotionProps & RefAttributes<...>, "ref"> & { ...; }, never>>'.
src/components/UserDashboard/components/CommunityFeed.tsx(27,53): error TS2339: Property 'elegant' does not exist on type '{}'.
src/components/UserDashboard/components/CommunityFeed.tsx(54,12): error TS2345: Argument of type '({ theme }: ExecutionContext & FastOmit<DetailedHTMLProps<HTMLAttributes<HTMLHeadingElement>, HTMLHeadingElement>, never>) => {}' is not assignable to parameter of type 'Interpolation<FastOmit<DetailedHTMLProps<HTMLAttributes<HTMLHeadingElement>, HTMLHeadingElement>, never>>'.
  Type '({ theme }: ExecutionContext & FastOmit<DetailedHTMLProps<HTMLAttributes<HTMLHeadingElement>, HTMLHeadingElement>, never>) => {}' is not assignable to type 'StyleFunction<FastOmit<DetailedHTMLProps<HTMLAttributes<HTMLHeadingElement>, HTMLHeadingElement>, never>>'.
    Type '{}' is not assignable to type 'Interpolation<FastOmit<DetailedHTMLProps<HTMLAttributes<HTMLHeadingElement>, HTMLHeadingElement>, never>>'.
src/components/UserDashboard/components/CommunityFeed.tsx(69,17): error TS2345: Argument of type '({ theme }: ExecutionContext & FastOmit<DetailedHTMLProps<HTMLAttributes<HTMLDivElement>, HTMLDivElement>, never>) => {}' is not assignable to parameter of type 'Interpolation<FastOmit<DetailedHTMLProps<HTMLAttributes<HTMLDivElement>, HTMLDivElement>, never>>'.
  Type '({ theme }: ExecutionContext & FastOmit<DetailedHTMLProps<HTMLAttributes<HTMLDivElement>, HTMLDivElement>, never>) => {}' is not assignable to type 'StyleFunction<FastOmit<DetailedHTMLProps<HTMLAttributes<HTMLDivElement>, HTMLDivElement>, never>>'.
    Type '{}' is not assignable to type 'Interpolation<FastOmit<DetailedHTMLProps<HTMLAttributes<HTMLDivElement>, HTMLDivElement>, never>>'.
src/components/UserDashboard/components/CommunityFeed.tsx(70,53): error TS2339: Property 'subtle' does not exist on type '{}'.
src/components/UserDashboard/components/CommunityFeed.tsx(79,17): error TS2345: Argument of type '({ theme }: ExecutionContext & FastOmit<DetailedHTMLProps<TextareaHTMLAttributes<HTMLTextAreaElement>, HTMLTextAreaElement>, never>) => {}' is not assignable to parameter of type 'Interpolation<FastOmit<DetailedHTMLProps<TextareaHTMLAttributes<HTMLTextAreaElement>, HTMLTextAreaElement>, never>>'.
  Type '({ theme }: ExecutionContext & FastOmit<DetailedHTMLProps<TextareaHTMLAttributes<HTMLTextAreaElement>, HTMLTextAreaElement>, never>) => {}' is not assignable to type 'StyleFunction<FastOmit<DetailedHTMLProps<TextareaHTMLAttributes<HTMLTextAreaElement>, HTMLTextAreaElement>, never>>'.
    Type '{}' is not assignable to type 'Interpolation<FastOmit<DetailedHTMLProps<TextareaHTMLAttributes<HTMLTextAreaElement>, HTMLTextAreaElement>, never>>'.
src/components/UserDashboard/components/CommunityFeed.tsx(80,53): error TS2339: Property 'subtle' does not exist on type '{}'.
src/components/UserDashboard/components/CommunityFeed.tsx(124,17): error TS2345: Argument of type '({ theme }: ExecutionContext & FastOmit<Omit<HTMLAttributesWithoutMotionProps<ButtonHTMLAttributes<HTMLButtonElement>, HTMLButtonElement> & MotionProps & RefAttributes<...>, "ref"> & { ...; }, never>) => {}' is not assignable to parameter of type 'Interpolation<FastOmit<Omit<HTMLAttributesWithoutMotionProps<ButtonHTMLAttributes<HTMLButtonElement>, HTMLButtonElement> & MotionProps & RefAttributes<...>, "ref"> & { ...; }, never>>'.
  Type '({ theme }: ExecutionContext & FastOmit<Omit<HTMLAttributesWithoutMotionProps<ButtonHTMLAttributes<HTMLButtonElement>, HTMLButtonElement> & MotionProps & RefAttributes<...>, "ref"> & { ...; }, never>) => {}' is not assignable to type 'StyleFunction<FastOmit<Omit<HTMLAttributesWithoutMotionProps<ButtonHTMLAttributes<HTMLButtonElement>, HTMLButtonElement> & MotionProps & RefAttributes<...>, "ref"> & { ...; }, never>>'.
    Type '{}' is not assignable to type 'Interpolation<FastOmit<Omit<HTMLAttributesWithoutMotionProps<ButtonHTMLAttributes<HTMLButtonElement>, HTMLButtonElement> & MotionProps & RefAttributes<...>, "ref"> & { ...; }, never>>'.
src/components/UserDashboard/components/CommunityFeed.tsx(125,53): error TS2339: Property 'subtle' does not exist on type '{}'.
src/components/UserDashboard/components/CommunityFeed.tsx(170,17): error TS2345: Argument of type '({ theme }: ExecutionContext & FastOmit<Omit<HTMLAttributesWithoutMotionProps<HTMLAttributes<HTMLDivElement>, HTMLDivElement> & MotionProps & RefAttributes<...>, "ref"> & { ...; }, never>) => {}' is not assignable to parameter of type 'Interpolation<FastOmit<Omit<HTMLAttributesWithoutMotionProps<HTMLAttributes<HTMLDivElement>, HTMLDivElement> & MotionProps & RefAttributes<...>, "ref"> & { ...; }, never>>'.
  Type '({ theme }: ExecutionContext & FastOmit<Omit<HTMLAttributesWithoutMotionProps<HTMLAttributes<HTMLDivElement>, HTMLDivElement> & MotionProps & RefAttributes<...>, "ref"> & { ...; }, never>) => {}' is not assignable to type 'StyleFunction<FastOmit<Omit<HTMLAttributesWithoutMotionProps<HTMLAttributes<HTMLDivElement>, HTMLDivElement> & MotionProps & RefAttributes<...>, "ref"> & { ...; }, never>>'.
    Type '{}' is not assignable to type 'Interpolation<FastOmit<Omit<HTMLAttributesWithoutMotionProps<HTMLAttributes<HTMLDivElement>, HTMLDivElement> & MotionProps & RefAttributes<...>, "ref"> & { ...; }, never>>'.
src/components/UserDashboard/components/CommunityFeed.tsx(171,53): error TS2339: Property 'elegant' does not exist on type '{}'.
src/components/UserDashboard/components/CommunityFeed.tsx(193,17): error TS2345: Argument of type '({ $image, theme }: ExecutionContext & FastOmit<DetailedHTMLProps<HTMLAttributes<HTMLDivElement>, HTMLDivElement>, "$image"> & { ...; }) => {}' is not assignable to parameter of type 'Interpolation<Substitute<DetailedHTMLProps<HTMLAttributes<HTMLDivElement>, HTMLDivElement>, { $image?: string | undefined; }>>'.
  Type '({ $image, theme }: ExecutionContext & FastOmit<DetailedHTMLProps<HTMLAttributes<HTMLDivElement>, HTMLDivElement>, "$image"> & { ...; }) => {}' is not assignable to type 'StyleFunction<Substitute<DetailedHTMLProps<HTMLAttributes<HTMLDivElement>, HTMLDivElement>, { $image?: string | undefined; }>>'.
    Type '{}' is not assignable to type 'Interpolation<Substitute<DetailedHTMLProps<HTMLAttributes<HTMLDivElement>, HTMLDivElement>, { $image?: string | undefined; }>>'.
src/components/UserDashboard/components/CommunityFeed.tsx(211,12): error TS2345: Argument of type '({ theme }: ExecutionContext & FastOmit<DetailedHTMLProps<HTMLAttributes<HTMLHeadingElement>, HTMLHeadingElement>, never>) => {}' is not assignable to parameter of type 'Interpolation<FastOmit<DetailedHTMLProps<HTMLAttributes<HTMLHeadingElement>, HTMLHeadingElement>, never>>'.
  Type '({ theme }: ExecutionContext & FastOmit<DetailedHTMLProps<HTMLAttributes<HTMLHeadingElement>, HTMLHeadingElement>, never>) => {}' is not assignable to type 'StyleFunction<FastOmit<DetailedHTMLProps<HTMLAttributes<HTMLHeadingElement>, HTMLHeadingElement>, never>>'.
    Type '{}' is not assignable to type 'Interpolation<FastOmit<DetailedHTMLProps<HTMLAttributes<HTMLHeadingElement>, HTMLHeadingElement>, never>>'.
src/components/UserDashboard/components/CommunityFeed.tsx(218,12): error TS2345: Argument of type '({ theme }: ExecutionContext & FastOmit<DetailedHTMLProps<HTMLAttributes<HTMLParagraphElement>, HTMLParagraphElement>, never>) => {}' is not assignable to parameter of type 'Interpolation<FastOmit<DetailedHTMLProps<HTMLAttributes<HTMLParagraphElement>, HTMLParagraphElement>, never>>'.
  Type '({ theme }: ExecutionContext & FastOmit<DetailedHTMLProps<HTMLAttributes<HTMLParagraphElement>, HTMLParagraphElement>, never>) => {}' is not assignable to type 'StyleFunction<FastOmit<DetailedHTMLProps<HTMLAttributes<HTMLParagraphElement>, HTMLParagraphElement>, never>>'.
    Type '{}' is not assignable to type 'Interpolation<FastOmit<DetailedHTMLProps<HTMLAttributes<HTMLParagraphElement>, HTMLParagraphElement>, never>>'.
src/components/UserDashboard/components/CommunityFeed.tsx(228,12): error TS2345: Argument of type '({ theme }: ExecutionContext & FastOmit<DetailedHTMLProps<HTMLAttributes<HTMLParagraphElement>, HTMLParagraphElement>, never>) => {}' is not assignable to parameter of type 'Interpolation<FastOmit<DetailedHTMLProps<HTMLAttributes<HTMLParagraphElement>, HTMLParagraphElement>, never>>'.
  Type '({ theme }: ExecutionContext & FastOmit<DetailedHTMLProps<HTMLAttributes<HTMLParagraphElement>, HTMLParagraphElement>, never>) => {}' is not assignable to type 'StyleFunction<FastOmit<DetailedHTMLProps<HTMLAttributes<HTMLParagraphElement>, HTMLParagraphElement>, never>>'.
    Type '{}' is not assignable to type 'Interpolation<FastOmit<DetailedHTMLProps<HTMLAttributes<HTMLParagraphElement>, HTMLParagraphElement>, never>>'.
src/components/UserDashboard/components/CommunityFeed.tsx(240,57): error TS2339: Property 'subtle' does not exist on type '{}'.
src/components/UserDashboard/components/CommunityFeed.tsx(257,12): error TS2345: Argument of type '({ $active, theme }: ExecutionContext & FastOmit<Omit<HTMLAttributesWithoutMotionProps<ButtonHTMLAttributes<HTMLButtonElement>, HTMLButtonElement> & MotionProps & RefAttributes<...>, "ref"> & { ...; }, "$active"> & { ...; }) => {}' is not assignable to parameter of type 'Interpolation<Substitute<Omit<HTMLAttributesWithoutMotionProps<ButtonHTMLAttributes<HTMLButtonElement>, HTMLButtonElement> & MotionProps & RefAttributes<...>, "ref"> & { ...; }, { ...; }>>'.
  Type '({ $active, theme }: ExecutionContext & FastOmit<Omit<HTMLAttributesWithoutMotionProps<ButtonHTMLAttributes<HTMLButtonElement>, HTMLButtonElement> & MotionProps & RefAttributes<...>, "ref"> & { ...; }, "$active"> & { ...; }) => {}' is not assignable to type 'StyleFunction<Substitute<Omit<HTMLAttributesWithoutMotionProps<ButtonHTMLAttributes<HTMLButtonElement>, HTMLButtonElement> & MotionProps & RefAttributes<...>, "ref"> & { ...; }, { ...; }>>'.
    Type '{}' is not assignable to type 'Interpolation<Substitute<Omit<HTMLAttributesWithoutMotionProps<ButtonHTMLAttributes<HTMLButtonElement>, HTMLButtonElement> & MotionProps & RefAttributes<...>, "ref"> & { ...; }, { ...; }>>'.
src/components/UserDashboard/components/CommunityFeed.tsx(459,34): error TS2769: No overload matches this call.
  Overload 1 of 2, '(props: PolymorphicComponentProps<"web", Substitute<DetailedHTMLProps<HTMLAttributes<HTMLDivElement>, HTMLDivElement>, { $image?: string | undefined; }>, void, void, {}, {}>): Element', gave the following error.
    Type 'null' is not assignable to type 'string | undefined'.
  Overload 2 of 2, '(props: Substitute<DetailedHTMLProps<HTMLAttributes<HTMLDivElement>, HTMLDivElement>, { $image?: string | undefined; }>): ReactNode', gave the following error.
    Type 'null' is not assignable to type 'string | undefined'.
src/components/UserDashboard/components/CreativeGallery.tsx(27,17): error TS2345: Argument of type '({ theme }: ExecutionContext & FastOmit<Omit<HTMLAttributesWithoutMotionProps<HTMLAttributes<HTMLDivElement>, HTMLDivElement> & MotionProps & RefAttributes<...>, "ref"> & { ...; }, never>) => {}' is not assignable to parameter of type 'Interpolation<FastOmit<Omit<HTMLAttributesWithoutMotionProps<HTMLAttributes<HTMLDivElement>, HTMLDivElement> & MotionProps & RefAttributes<...>, "ref"> & { ...; }, never>>'.
  Type '({ theme }: ExecutionContext & FastOmit<Omit<HTMLAttributesWithoutMotionProps<HTMLAttributes<HTMLDivElement>, HTMLDivElement> & MotionProps & RefAttributes<...>, "ref"> & { ...; }, never>) => {}' is not assignable to type 'StyleFunction<FastOmit<Omit<HTMLAttributesWithoutMotionProps<HTMLAttributes<HTMLDivElement>, HTMLDivElement> & MotionProps & RefAttributes<...>, "ref"> & { ...; }, never>>'.
    Type '{}' is not assignable to type 'Interpolation<FastOmit<Omit<HTMLAttributesWithoutMotionProps<HTMLAttributes<HTMLDivElement>, HTMLDivElement> & MotionProps & RefAttributes<...>, "ref"> & { ...; }, never>>'.
src/components/UserDashboard/components/CreativeGallery.tsx(29,53): error TS2339: Property 'elegant' does not exist on type '{}'.
src/components/UserDashboard/components/CreativeGallery.tsx(56,12): error TS2345: Argument of type '({ theme }: ExecutionContext & FastOmit<DetailedHTMLProps<HTMLAttributes<HTMLHeadingElement>, HTMLHeadingElement>, never>) => {}' is not assignable to parameter of type 'Interpolation<FastOmit<DetailedHTMLProps<HTMLAttributes<HTMLHeadingElement>, HTMLHeadingElement>, never>>'.
  Type '({ theme }: ExecutionContext & FastOmit<DetailedHTMLProps<HTMLAttributes<HTMLHeadingElement>, HTMLHeadingElement>, never>) => {}' is not assignable to type 'StyleFunction<FastOmit<DetailedHTMLProps<HTMLAttributes<HTMLHeadingElement>, HTMLHeadingElement>, never>>'.
    Type '{}' is not assignable to type 'Interpolation<FastOmit<DetailedHTMLProps<HTMLAttributes<HTMLHeadingElement>, HTMLHeadingElement>, never>>'.
src/components/UserDashboard/components/CreativeGallery.tsx(108,17): error TS2345: Argument of type '({ $active, theme }: ExecutionContext & FastOmit<Omit<HTMLAttributesWithoutMotionProps<HTMLAttributes<HTMLDivElement>, HTMLDivElement> & MotionProps & RefAttributes<...>, "ref"> & { ...; }, "$active"> & { ...; }) => {}' is not assignable to parameter of type 'Interpolation<Substitute<Omit<HTMLAttributesWithoutMotionProps<HTMLAttributes<HTMLDivElement>, HTMLDivElement> & MotionProps & RefAttributes<...>, "ref"> & { ...; }, { ...; }>>'.
  Type '({ $active, theme }: ExecutionContext & FastOmit<Omit<HTMLAttributesWithoutMotionProps<HTMLAttributes<HTMLDivElement>, HTMLDivElement> & MotionProps & RefAttributes<...>, "ref"> & { ...; }, "$active"> & { ...; }) => {}' is not assignable to type 'StyleFunction<Substitute<Omit<HTMLAttributesWithoutMotionProps<HTMLAttributes<HTMLDivElement>, HTMLDivElement> & MotionProps & RefAttributes<...>, "ref"> & { ...; }, { ...; }>>'.
    Type '{}' is not assignable to type 'Interpolation<Substitute<Omit<HTMLAttributesWithoutMotionProps<HTMLAttributes<HTMLDivElement>, HTMLDivElement> & MotionProps & RefAttributes<...>, "ref"> & { ...; }, { ...; }>>'.
src/components/UserDashboard/components/CreativeGallery.tsx(121,24): error TS2339: Property 'subtle' does not exist on type '{}'.
src/components/UserDashboard/components/CreativeGallery.tsx(152,17): error TS2345: Argument of type '({ theme }: ExecutionContext & FastOmit<Omit<HTMLAttributesWithoutMotionProps<HTMLAttributes<HTMLDivElement>, HTMLDivElement> & MotionProps & RefAttributes<...>, "ref"> & { ...; }, never>) => {}' is not assignable to parameter of type 'Interpolation<FastOmit<Omit<HTMLAttributesWithoutMotionProps<HTMLAttributes<HTMLDivElement>, HTMLDivElement> & MotionProps & RefAttributes<...>, "ref"> & { ...; }, never>>'.
  Type '({ theme }: ExecutionContext & FastOmit<Omit<HTMLAttributesWithoutMotionProps<HTMLAttributes<HTMLDivElement>, HTMLDivElement> & MotionProps & RefAttributes<...>, "ref"> & { ...; }, never>) => {}' is not assignable to type 'StyleFunction<FastOmit<Omit<HTMLAttributesWithoutMotionProps<HTMLAttributes<HTMLDivElement>, HTMLDivElement> & MotionProps & RefAttributes<...>, "ref"> & { ...; }, never>>'.
    Type '{}' is not assignable to type 'Interpolation<FastOmit<Omit<HTMLAttributesWithoutMotionProps<HTMLAttributes<HTMLDivElement>, HTMLDivElement> & MotionProps & RefAttributes<...>, "ref"> & { ...; }, never>>'.
src/components/UserDashboard/components/CreativeGallery.tsx(153,53): error TS2339: Property 'elegant' does not exist on type '{}'.
src/components/UserDashboard/components/CreativeGallery.tsx(225,12): error TS2345: Argument of type '({ theme }: ExecutionContext & FastOmit<DetailedHTMLProps<HTMLAttributes<HTMLHeadingElement>, HTMLHeadingElement>, never>) => {}' is not assignable to parameter of type 'Interpolation<FastOmit<DetailedHTMLProps<HTMLAttributes<HTMLHeadingElement>, HTMLHeadingElement>, never>>'.
  Type '({ theme }: ExecutionContext & FastOmit<DetailedHTMLProps<HTMLAttributes<HTMLHeadingElement>, HTMLHeadingElement>, never>) => {}' is not assignable to type 'StyleFunction<FastOmit<DetailedHTMLProps<HTMLAttributes<HTMLHeadingElement>, HTMLHeadingElement>, never>>'.
    Type '{}' is not assignable to type 'Interpolation<FastOmit<DetailedHTMLProps<HTMLAttributes<HTMLHeadingElement>, HTMLHeadingElement>, never>>'.
src/components/UserDashboard/components/CreativeGallery.tsx(233,12): error TS2345: Argument of type '({ theme }: ExecutionContext & FastOmit<DetailedHTMLProps<HTMLAttributes<HTMLParagraphElement>, HTMLParagraphElement>, never>) => {}' is not assignable to parameter of type 'Interpolation<FastOmit<DetailedHTMLProps<HTMLAttributes<HTMLParagraphElement>, HTMLParagraphElement>, never>>'.
  Type '({ theme }: ExecutionContext & FastOmit<DetailedHTMLProps<HTMLAttributes<HTMLParagraphElement>, HTMLParagraphElement>, never>) => {}' is not assignable to type 'StyleFunction<FastOmit<DetailedHTMLProps<HTMLAttributes<HTMLParagraphElement>, HTMLParagraphElement>, never>>'.
    Type '{}' is not assignable to type 'Interpolation<FastOmit<DetailedHTMLProps<HTMLAttributes<HTMLParagraphElement>, HTMLParagraphElement>, never>>'.
src/components/UserDashboard/components/CreativeGallery.tsx(247,12): error TS2345: Argument of type '({ theme }: ExecutionContext & FastOmit<DetailedHTMLProps<HTMLAttributes<HTMLDivElement>, HTMLDivElement>, never>) => {}' is not assignable to parameter of type 'Interpolation<FastOmit<DetailedHTMLProps<HTMLAttributes<HTMLDivElement>, HTMLDivElement>, never>>'.
  Type '({ theme }: ExecutionContext & FastOmit<DetailedHTMLProps<HTMLAttributes<HTMLDivElement>, HTMLDivElement>, never>) => {}' is not assignable to type 'StyleFunction<FastOmit<DetailedHTMLProps<HTMLAttributes<HTMLDivElement>, HTMLDivElement>, never>>'.
    Type '{}' is not assignable to type 'Interpolation<FastOmit<DetailedHTMLProps<HTMLAttributes<HTMLDivElement>, HTMLDivElement>, never>>'.
src/components/UserDashboard/components/CreativeGallery.tsx(258,54): error TS2339: Property 'elegant' does not exist on type '{}'.
src/components/UserDashboard/components/CreativeGallery.tsx(269,17): error TS2345: Argument of type '({ theme }: ExecutionContext & FastOmit<Omit<HTMLAttributesWithoutMotionProps<HTMLAttributes<HTMLDivElement>, HTMLDivElement> & MotionProps & RefAttributes<...>, "ref"> & { ...; }, never>) => {}' is not assignable to parameter of type 'Interpolation<FastOmit<Omit<HTMLAttributesWithoutMotionProps<HTMLAttributes<HTMLDivElement>, HTMLDivElement> & MotionProps & RefAttributes<...>, "ref"> & { ...; }, never>>'.
  Type '({ theme }: ExecutionContext & FastOmit<Omit<HTMLAttributesWithoutMotionProps<HTMLAttributes<HTMLDivElement>, HTMLDivElement> & MotionProps & RefAttributes<...>, "ref"> & { ...; }, never>) => {}' is not assignable to type 'StyleFunction<FastOmit<Omit<HTMLAttributesWithoutMotionProps<HTMLAttributes<HTMLDivElement>, HTMLDivElement> & MotionProps & RefAttributes<...>, "ref"> & { ...; }, never>>'.
    Type '{}' is not assignable to type 'Interpolation<FastOmit<Omit<HTMLAttributesWithoutMotionProps<HTMLAttributes<HTMLDivElement>, HTMLDivElement> & MotionProps & RefAttributes<...>, "ref"> & { ...; }, never>>'.
src/components/UserDashboard/components/CreativeGallery.tsx(291,12): error TS2345: Argument of type '({ theme }: ExecutionContext & FastOmit<DetailedHTMLProps<HTMLAttributes<HTMLHeadingElement>, HTMLHeadingElement>, never>) => {}' is not assignable to parameter of type 'Interpolation<FastOmit<DetailedHTMLProps<HTMLAttributes<HTMLHeadingElement>, HTMLHeadingElement>, never>>'.
  Type '({ theme }: ExecutionContext & FastOmit<DetailedHTMLProps<HTMLAttributes<HTMLHeadingElement>, HTMLHeadingElement>, never>) => {}' is not assignable to type 'StyleFunction<FastOmit<DetailedHTMLProps<HTMLAttributes<HTMLHeadingElement>, HTMLHeadingElement>, never>>'.
    Type '{}' is not assignable to type 'Interpolation<FastOmit<DetailedHTMLProps<HTMLAttributes<HTMLHeadingElement>, HTMLHeadingElement>, never>>'.
src/components/UserDashboard/components/CreativeGallery.tsx(298,12): error TS2345: Argument of type '({ theme }: ExecutionContext & FastOmit<DetailedHTMLProps<HTMLAttributes<HTMLParagraphElement>, HTMLParagraphElement>, never>) => {}' is not assignable to parameter of type 'Interpolation<FastOmit<DetailedHTMLProps<HTMLAttributes<HTMLParagraphElement>, HTMLParagraphElement>, never>>'.
  Type '({ theme }: ExecutionContext & FastOmit<DetailedHTMLProps<HTMLAttributes<HTMLParagraphElement>, HTMLParagraphElement>, never>) => {}' is not assignable to type 'StyleFunction<FastOmit<DetailedHTMLProps<HTMLAttributes<HTMLParagraphElement>, HTMLParagraphElement>, never>>'.
    Type '{}' is not assignable to type 'Interpolation<FastOmit<DetailedHTMLProps<HTMLAttributes<HTMLParagraphElement>, HTMLParagraphElement>, never>>'.
src/components/UserDashboard/components/PhotoGallery.tsx(26,17): error TS2345: Argument of type '({ theme }: ExecutionContext & FastOmit<Omit<HTMLAttributesWithoutMotionProps<HTMLAttributes<HTMLDivElement>, HTMLDivElement> & MotionProps & RefAttributes<...>, "ref"> & { ...; }, never>) => {}' is not assignable to parameter of type 'Interpolation<FastOmit<Omit<HTMLAttributesWithoutMotionProps<HTMLAttributes<HTMLDivElement>, HTMLDivElement> & MotionProps & RefAttributes<...>, "ref"> & { ...; }, never>>'.
  Type '({ theme }: ExecutionContext & FastOmit<Omit<HTMLAttributesWithoutMotionProps<HTMLAttributes<HTMLDivElement>, HTMLDivElement> & MotionProps & RefAttributes<...>, "ref"> & { ...; }, never>) => {}' is not assignable to type 'StyleFunction<FastOmit<Omit<HTMLAttributesWithoutMotionProps<HTMLAttributes<HTMLDivElement>, HTMLDivElement> & MotionProps & RefAttributes<...>, "ref"> & { ...; }, never>>'.
    Type '{}' is not assignable to type 'Interpolation<FastOmit<Omit<HTMLAttributesWithoutMotionProps<HTMLAttributes<HTMLDivElement>, HTMLDivElement> & MotionProps & RefAttributes<...>, "ref"> & { ...; }, never>>'.
src/components/UserDashboard/components/PhotoGallery.tsx(28,53): error TS2339: Property 'elegant' does not exist on type '{}'.
src/components/UserDashboard/components/PhotoGallery.tsx(55,12): error TS2345: Argument of type '({ theme }: ExecutionContext & FastOmit<DetailedHTMLProps<HTMLAttributes<HTMLHeadingElement>, HTMLHeadingElement>, never>) => {}' is not assignable to parameter of type 'Interpolation<FastOmit<DetailedHTMLProps<HTMLAttributes<HTMLHeadingElement>, HTMLHeadingElement>, never>>'.
  Type '({ theme }: ExecutionContext & FastOmit<DetailedHTMLProps<HTMLAttributes<HTMLHeadingElement>, HTMLHeadingElement>, never>) => {}' is not assignable to type 'StyleFunction<FastOmit<DetailedHTMLProps<HTMLAttributes<HTMLHeadingElement>, HTMLHeadingElement>, never>>'.
    Type '{}' is not assignable to type 'Interpolation<FastOmit<DetailedHTMLProps<HTMLAttributes<HTMLHeadingElement>, HTMLHeadingElement>, never>>'.
src/components/UserDashboard/components/PhotoGallery.tsx(107,17): error TS2345: Argument of type '({ theme }: ExecutionContext & FastOmit<DetailedHTMLProps<InputHTMLAttributes<HTMLInputElement>, HTMLInputElement>, never>) => {}' is not assignable to parameter of type 'Interpolation<FastOmit<DetailedHTMLProps<InputHTMLAttributes<HTMLInputElement>, HTMLInputElement>, never>>'.
  Type '({ theme }: ExecutionContext & FastOmit<DetailedHTMLProps<InputHTMLAttributes<HTMLInputElement>, HTMLInputElement>, never>) => {}' is not assignable to type 'StyleFunction<FastOmit<DetailedHTMLProps<InputHTMLAttributes<HTMLInputElement>, HTMLInputElement>, never>>'.
    Type '{}' is not assignable to type 'Interpolation<FastOmit<DetailedHTMLProps<InputHTMLAttributes<HTMLInputElement>, HTMLInputElement>, never>>'.
src/components/UserDashboard/components/PhotoGallery.tsx(108,53): error TS2339: Property 'subtle' does not exist on type '{}'.
src/components/UserDashboard/components/PhotoGallery.tsx(130,17): error TS2345: Argument of type '({ $active, theme }: ExecutionContext & FastOmit<Omit<HTMLAttributesWithoutMotionProps<ButtonHTMLAttributes<HTMLButtonElement>, HTMLButtonElement> & MotionProps & RefAttributes<...>, "ref"> & { ...; }, "$active"> & { ...; }) => {}' is not assignable to parameter of type 'Interpolation<Substitute<Omit<HTMLAttributesWithoutMotionProps<ButtonHTMLAttributes<HTMLButtonElement>, HTMLButtonElement> & MotionProps & RefAttributes<...>, "ref"> & { ...; }, { ...; }>>'.
  Type '({ $active, theme }: ExecutionContext & FastOmit<Omit<HTMLAttributesWithoutMotionProps<ButtonHTMLAttributes<HTMLButtonElement>, HTMLButtonElement> & MotionProps & RefAttributes<...>, "ref"> & { ...; }, "$active"> & { ...; }) => {}' is not assignable to type 'StyleFunction<Substitute<Omit<HTMLAttributesWithoutMotionProps<ButtonHTMLAttributes<HTMLButtonElement>, HTMLButtonElement> & MotionProps & RefAttributes<...>, "ref"> & { ...; }, { ...; }>>'.
    Type '{}' is not assignable to type 'Interpolation<Substitute<Omit<HTMLAttributesWithoutMotionProps<ButtonHTMLAttributes<HTMLButtonElement>, HTMLButtonElement> & MotionProps & RefAttributes<...>, "ref"> & { ...; }, { ...; }>>'.
src/components/UserDashboard/components/PhotoGallery.tsx(143,24): error TS2339: Property 'subtle' does not exist on type '{}'.
src/components/UserDashboard/components/PhotoGallery.tsx(173,17): error TS2345: Argument of type '({ theme }: ExecutionContext & FastOmit<Omit<HTMLAttributesWithoutMotionProps<HTMLAttributes<HTMLDivElement>, HTMLDivElement> & MotionProps & RefAttributes<...>, "ref"> & { ...; }, never>) => {}' is not assignable to parameter of type 'Interpolation<FastOmit<Omit<HTMLAttributesWithoutMotionProps<HTMLAttributes<HTMLDivElement>, HTMLDivElement> & MotionProps & RefAttributes<...>, "ref"> & { ...; }, never>>'.
  Type '({ theme }: ExecutionContext & FastOmit<Omit<HTMLAttributesWithoutMotionProps<HTMLAttributes<HTMLDivElement>, HTMLDivElement> & MotionProps & RefAttributes<...>, "ref"> & { ...; }, never>) => {}' is not assignable to type 'StyleFunction<FastOmit<Omit<HTMLAttributesWithoutMotionProps<HTMLAttributes<HTMLDivElement>, HTMLDivElement> & MotionProps & RefAttributes<...>, "ref"> & { ...; }, never>>'.
    Type '{}' is not assignable to type 'Interpolation<FastOmit<Omit<HTMLAttributesWithoutMotionProps<HTMLAttributes<HTMLDivElement>, HTMLDivElement> & MotionProps & RefAttributes<...>, "ref"> & { ...; }, never>>'.
src/components/UserDashboard/components/PhotoGallery.tsx(174,53): error TS2339: Property 'elegant' does not exist on type '{}'.
src/components/UserDashboard/components/PhotoGallery.tsx(285,19): error TS2345: Argument of type '({ theme }: ExecutionContext & FastOmit<Omit<HTMLAttributesWithoutMotionProps<ButtonHTMLAttributes<HTMLButtonElement>, HTMLButtonElement> & MotionProps & RefAttributes<...>, "ref"> & { ...; }, never>) => {}' is not assignable to parameter of type 'Interpolation<FastOmit<Omit<HTMLAttributesWithoutMotionProps<ButtonHTMLAttributes<HTMLButtonElement>, HTMLButtonElement> & MotionProps & RefAttributes<...>, "ref"> & { ...; }, never>>'.
  Type '({ theme }: ExecutionContext & FastOmit<Omit<HTMLAttributesWithoutMotionProps<ButtonHTMLAttributes<HTMLButtonElement>, HTMLButtonElement> & MotionProps & RefAttributes<...>, "ref"> & { ...; }, never>) => {}' is not assignable to type 'StyleFunction<FastOmit<Omit<HTMLAttributesWithoutMotionProps<ButtonHTMLAttributes<HTMLButtonElement>, HTMLButtonElement> & MotionProps & RefAttributes<...>, "ref"> & { ...; }, never>>'.
    Type '{}' is not assignable to type 'Interpolation<FastOmit<Omit<HTMLAttributesWithoutMotionProps<ButtonHTMLAttributes<HTMLButtonElement>, HTMLButtonElement> & MotionProps & RefAttributes<...>, "ref"> & { ...; }, never>>'.
src/components/UserDashboard/components/PhotoGallery.tsx(291,54): error TS2339: Property 'elegant' does not exist on type '{}'.
src/components/UserDashboard/components/PhotoGallery.tsx(302,17): error TS2345: Argument of type '({ theme }: ExecutionContext & FastOmit<Omit<HTMLAttributesWithoutMotionProps<HTMLAttributes<HTMLDivElement>, HTMLDivElement> & MotionProps & RefAttributes<...>, "ref"> & { ...; }, never>) => {}' is not assignable to parameter of type 'Interpolation<FastOmit<Omit<HTMLAttributesWithoutMotionProps<HTMLAttributes<HTMLDivElement>, HTMLDivElement> & MotionProps & RefAttributes<...>, "ref"> & { ...; }, never>>'.
  Type '({ theme }: ExecutionContext & FastOmit<Omit<HTMLAttributesWithoutMotionProps<HTMLAttributes<HTMLDivElement>, HTMLDivElement> & MotionProps & RefAttributes<...>, "ref"> & { ...; }, never>) => {}' is not assignable to type 'StyleFunction<FastOmit<Omit<HTMLAttributesWithoutMotionProps<HTMLAttributes<HTMLDivElement>, HTMLDivElement> & MotionProps & RefAttributes<...>, "ref"> & { ...; }, never>>'.
    Type '{}' is not assignable to type 'Interpolation<FastOmit<Omit<HTMLAttributesWithoutMotionProps<HTMLAttributes<HTMLDivElement>, HTMLDivElement> & MotionProps & RefAttributes<...>, "ref"> & { ...; }, never>>'.
src/components/UserDashboard/components/PhotoGallery.tsx(324,12): error TS2345: Argument of type '({ theme }: ExecutionContext & FastOmit<DetailedHTMLProps<HTMLAttributes<HTMLHeadingElement>, HTMLHeadingElement>, never>) => {}' is not assignable to parameter of type 'Interpolation<FastOmit<DetailedHTMLProps<HTMLAttributes<HTMLHeadingElement>, HTMLHeadingElement>, never>>'.
  Type '({ theme }: ExecutionContext & FastOmit<DetailedHTMLProps<HTMLAttributes<HTMLHeadingElement>, HTMLHeadingElement>, never>) => {}' is not assignable to type 'StyleFunction<FastOmit<DetailedHTMLProps<HTMLAttributes<HTMLHeadingElement>, HTMLHeadingElement>, never>>'.
    Type '{}' is not assignable to type 'Interpolation<FastOmit<DetailedHTMLProps<HTMLAttributes<HTMLHeadingElement>, HTMLHeadingElement>, never>>'.
src/components/UserDashboard/components/PhotoGallery.tsx(331,12): error TS2345: Argument of type '({ theme }: ExecutionContext & FastOmit<DetailedHTMLProps<HTMLAttributes<HTMLParagraphElement>, HTMLParagraphElement>, never>) => {}' is not assignable to parameter of type 'Interpolation<FastOmit<DetailedHTMLProps<HTMLAttributes<HTMLParagraphElement>, HTMLParagraphElement>, never>>'.
  Type '({ theme }: ExecutionContext & FastOmit<DetailedHTMLProps<HTMLAttributes<HTMLParagraphElement>, HTMLParagraphElement>, never>) => {}' is not assignable to type 'StyleFunction<FastOmit<DetailedHTMLProps<HTMLAttributes<HTMLParagraphElement>, HTMLParagraphElement>, never>>'.
    Type '{}' is not assignable to type 'Interpolation<FastOmit<DetailedHTMLProps<HTMLAttributes<HTMLParagraphElement>, HTMLParagraphElement>, never>>'.
src/components/UserDashboard/UserDashboard-optimized.tsx(111,17): error TS2345: Argument of type '({ theme }: ExecutionContext & FastOmit<Omit<HTMLAttributesWithoutMotionProps<HTMLAttributes<HTMLDivElement>, HTMLDivElement> & MotionProps & RefAttributes<...>, "ref"> & { ...; }, never>) => {}' is not assignable to parameter of type 'Interpolation<FastOmit<Omit<HTMLAttributesWithoutMotionProps<HTMLAttributes<HTMLDivElement>, HTMLDivElement> & MotionProps & RefAttributes<...>, "ref"> & { ...; }, never>>'.
  Type '({ theme }: ExecutionContext & FastOmit<Omit<HTMLAttributesWithoutMotionProps<HTMLAttributes<HTMLDivElement>, HTMLDivElement> & MotionProps & RefAttributes<...>, "ref"> & { ...; }, never>) => {}' is not assignable to type 'StyleFunction<FastOmit<Omit<HTMLAttributesWithoutMotionProps<HTMLAttributes<HTMLDivElement>, HTMLDivElement> & MotionProps & RefAttributes<...>, "ref"> & { ...; }, never>>'.
    Type '{}' is not assignable to type 'Interpolation<FastOmit<Omit<HTMLAttributesWithoutMotionProps<HTMLAttributes<HTMLDivElement>, HTMLDivElement> & MotionProps & RefAttributes<...>, "ref"> & { ...; }, never>>'.
src/components/UserDashboard/UserDashboard-optimized.tsx(157,17): error TS2345: Argument of type '({ theme }: ExecutionContext & FastOmit<Omit<HTMLAttributesWithoutMotionProps<HTMLAttributes<HTMLDivElement>, HTMLDivElement> & MotionProps & RefAttributes<...>, "ref"> & { ...; }, never>) => {}' is not assignable to parameter of type 'Interpolation<FastOmit<Omit<HTMLAttributesWithoutMotionProps<HTMLAttributes<HTMLDivElement>, HTMLDivElement> & MotionProps & RefAttributes<...>, "ref"> & { ...; }, never>>'.
  Type '({ theme }: ExecutionContext & FastOmit<Omit<HTMLAttributesWithoutMotionProps<HTMLAttributes<HTMLDivElement>, HTMLDivElement> & MotionProps & RefAttributes<...>, "ref"> & { ...; }, never>) => {}' is not assignable to type 'StyleFunction<FastOmit<Omit<HTMLAttributesWithoutMotionProps<HTMLAttributes<HTMLDivElement>, HTMLDivElement> & MotionProps & RefAttributes<...>, "ref"> & { ...; }, never>>'.
    Type '{}' is not assignable to type 'Interpolation<FastOmit<Omit<HTMLAttributesWithoutMotionProps<HTMLAttributes<HTMLDivElement>, HTMLDivElement> & MotionProps & RefAttributes<...>, "ref"> & { ...; }, never>>'.
src/components/UserDashboard/UserDashboard-optimized.tsx(159,53): error TS2339: Property 'elegant' does not exist on type '{}'.
src/components/UserDashboard/UserDashboard-optimized.tsx(187,17): error TS2345: Argument of type '({ $backgroundImage, theme }: ExecutionContext & FastOmit<DetailedHTMLProps<HTMLAttributes<HTMLDivElement>, HTMLDivElement>, "$backgroundImage"> & { ...; }) => {}' is not assignable to parameter of type 'Interpolation<Substitute<DetailedHTMLProps<HTMLAttributes<HTMLDivElement>, HTMLDivElement>, { $backgroundImage?: string | undefined; }>>'.
  Type '({ $backgroundImage, theme }: ExecutionContext & FastOmit<DetailedHTMLProps<HTMLAttributes<HTMLDivElement>, HTMLDivElement>, "$backgroundImage"> & { ...; }) => {}' is not assignable to type 'StyleFunction<Substitute<DetailedHTMLProps<HTMLAttributes<HTMLDivElement>, HTMLDivElement>, { $backgroundImage?: string | undefined; }>>'.
    Type '{}' is not assignable to type 'Interpolation<Substitute<DetailedHTMLProps<HTMLAttributes<HTMLDivElement>, HTMLDivElement>, { $backgroundImage?: string | undefined; }>>'.
src/components/UserDashboard/UserDashboard-optimized.tsx(305,9): error TS2345: Argument of type '({ theme }: ExecutionContext & FastOmit<Omit<HTMLAttributesWithoutMotionProps<HTMLAttributes<HTMLDivElement>, HTMLDivElement> & MotionProps & RefAttributes<...>, "ref"> & { ...; }, never>) => {}' is not assignable to parameter of type 'Interpolation<FastOmit<Omit<HTMLAttributesWithoutMotionProps<HTMLAttributes<HTMLDivElement>, HTMLDivElement> & MotionProps & RefAttributes<...>, "ref"> & { ...; }, never>>'.
  Type '({ theme }: ExecutionContext & FastOmit<Omit<HTMLAttributesWithoutMotionProps<HTMLAttributes<HTMLDivElement>, HTMLDivElement> & MotionProps & RefAttributes<...>, "ref"> & { ...; }, never>) => {}' is not assignable to type 'StyleFunction<FastOmit<Omit<HTMLAttributesWithoutMotionProps<HTMLAttributes<HTMLDivElement>, HTMLDivElement> & MotionProps & RefAttributes<...>, "ref"> & { ...; }, never>>'.
    Type '{}' is not assignable to type 'Interpolation<FastOmit<Omit<HTMLAttributesWithoutMotionProps<HTMLAttributes<HTMLDivElement>, HTMLDivElement> & MotionProps & RefAttributes<...>, "ref"> & { ...; }, never>>'.
src/components/UserDashboard/UserDashboard-optimized.tsx(399,25): error TS2769: No overload matches this call.
  Overload 1 of 2, '(styles: Styles<object>, ...interpolations: Interpolation<object>[]): RuleSet<object>', gave the following error.
    Argument of type '{}' is not assignable to parameter of type 'Interpolation<object>'.
  Overload 2 of 2, '(styles: Styles<object>, ...interpolations: Interpolation<object>[]): RuleSet<object>', gave the following error.
    Argument of type '{}' is not assignable to parameter of type 'Interpolation<object>'.
src/components/UserDashboard/UserDashboard-optimized.tsx(428,7): error TS2345: Argument of type '({ theme }: ExecutionContext & FastOmit<Omit<HTMLAttributesWithoutMotionProps<ButtonHTMLAttributes<HTMLButtonElement>, HTMLButtonElement> & MotionProps & RefAttributes<...>, "ref"> & { ...; }, never>) => {}' is not assignable to parameter of type 'Interpolation<FastOmit<Omit<HTMLAttributesWithoutMotionProps<ButtonHTMLAttributes<HTMLButtonElement>, HTMLButtonElement> & MotionProps & RefAttributes<...>, "ref"> & { ...; }, never>>'.
  Type '({ theme }: ExecutionContext & FastOmit<Omit<HTMLAttributesWithoutMotionProps<ButtonHTMLAttributes<HTMLButtonElement>, HTMLButtonElement> & MotionProps & RefAttributes<...>, "ref"> & { ...; }, never>) => {}' is not assignable to type 'StyleFunction<FastOmit<Omit<HTMLAttributesWithoutMotionProps<ButtonHTMLAttributes<HTMLButtonElement>, HTMLButtonElement> & MotionProps & RefAttributes<...>, "ref"> & { ...; }, never>>'.
    Type '{}' is not assignable to type 'Interpolation<FastOmit<Omit<HTMLAttributesWithoutMotionProps<ButtonHTMLAttributes<HTMLButtonElement>, HTMLButtonElement> & MotionProps & RefAttributes<...>, "ref"> & { ...; }, never>>'.
src/components/UserDashboard/UserDashboard-optimized.tsx(532,7): error TS2345: Argument of type '({ theme }: ExecutionContext & FastOmit<DetailedHTMLProps<HTMLAttributes<HTMLHeadingElement>, HTMLHeadingElement>, never>) => {}' is not assignable to parameter of type 'Interpolation<FastOmit<DetailedHTMLProps<HTMLAttributes<HTMLHeadingElement>, HTMLHeadingElement>, never>>'.
  Type '({ theme }: ExecutionContext & FastOmit<DetailedHTMLProps<HTMLAttributes<HTMLHeadingElement>, HTMLHeadingElement>, never>) => {}' is not assignable to type 'StyleFunction<FastOmit<DetailedHTMLProps<HTMLAttributes<HTMLHeadingElement>, HTMLHeadingElement>, never>>'.
    Type '{}' is not assignable to type 'Interpolation<FastOmit<DetailedHTMLProps<HTMLAttributes<HTMLHeadingElement>, HTMLHeadingElement>, never>>'.
src/components/UserDashboard/UserDashboard-optimized.tsx(581,12): error TS2345: Argument of type '({ theme }: ExecutionContext & FastOmit<DetailedHTMLProps<HTMLAttributes<HTMLParagraphElement>, HTMLParagraphElement>, never>) => {}' is not assignable to parameter of type 'Interpolation<FastOmit<DetailedHTMLProps<HTMLAttributes<HTMLParagraphElement>, HTMLParagraphElement>, never>>'.
  Type '({ theme }: ExecutionContext & FastOmit<DetailedHTMLProps<HTMLAttributes<HTMLParagraphElement>, HTMLParagraphElement>, never>) => {}' is not assignable to type 'StyleFunction<FastOmit<DetailedHTMLProps<HTMLAttributes<HTMLParagraphElement>, HTMLParagraphElement>, never>>'.
    Type '{}' is not assignable to type 'Interpolation<FastOmit<DetailedHTMLProps<HTMLAttributes<HTMLParagraphElement>, HTMLParagraphElement>, never>>'.
src/components/UserDashboard/UserDashboard-optimized.tsx(607,7): error TS2345: Argument of type '({ theme }: ExecutionContext & FastOmit<Omit<HTMLAttributesWithoutMotionProps<HTMLAttributes<HTMLSpanElement>, HTMLSpanElement> & MotionProps & RefAttributes<...>, "ref"> & { ...; }, never>) => {}' is not assignable to parameter of type 'Interpolation<FastOmit<Omit<HTMLAttributesWithoutMotionProps<HTMLAttributes<HTMLSpanElement>, HTMLSpanElement> & MotionProps & RefAttributes<...>, "ref"> & { ...; }, never>>'.
  Type '({ theme }: ExecutionContext & FastOmit<Omit<HTMLAttributesWithoutMotionProps<HTMLAttributes<HTMLSpanElement>, HTMLSpanElement> & MotionProps & RefAttributes<...>, "ref"> & { ...; }, never>) => {}' is not assignable to type 'StyleFunction<FastOmit<Omit<HTMLAttributesWithoutMotionProps<HTMLAttributes<HTMLSpanElement>, HTMLSpanElement> & MotionProps & RefAttributes<...>, "ref"> & { ...; }, never>>'.
    Type '{}' is not assignable to type 'Interpolation<FastOmit<Omit<HTMLAttributesWithoutMotionProps<HTMLAttributes<HTMLSpanElement>, HTMLSpanElement> & MotionProps & RefAttributes<...>, "ref"> & { ...; }, never>>'.
src/components/UserDashboard/UserDashboard-optimized.tsx(707,17): error TS2345: Argument of type '({ theme }: ExecutionContext & FastOmit<Omit<HTMLAttributesWithoutMotionProps<HTMLAttributes<HTMLDivElement>, HTMLDivElement> & MotionProps & RefAttributes<...>, "ref"> & { ...; }, never>) => {}' is not assignable to parameter of type 'Interpolation<FastOmit<Omit<HTMLAttributesWithoutMotionProps<HTMLAttributes<HTMLDivElement>, HTMLDivElement> & MotionProps & RefAttributes<...>, "ref"> & { ...; }, never>>'.
  Type '({ theme }: ExecutionContext & FastOmit<Omit<HTMLAttributesWithoutMotionProps<HTMLAttributes<HTMLDivElement>, HTMLDivElement> & MotionProps & RefAttributes<...>, "ref"> & { ...; }, never>) => {}' is not assignable to type 'StyleFunction<FastOmit<Omit<HTMLAttributesWithoutMotionProps<HTMLAttributes<HTMLDivElement>, HTMLDivElement> & MotionProps & RefAttributes<...>, "ref"> & { ...; }, never>>'.
    Type '{}' is not assignable to type 'Interpolation<FastOmit<Omit<HTMLAttributesWithoutMotionProps<HTMLAttributes<HTMLDivElement>, HTMLDivElement> & MotionProps & RefAttributes<...>, "ref"> & { ...; }, never>>'.
src/components/UserDashboard/UserDashboard-optimized.tsx(769,7): error TS2345: Argument of type '({ theme }: ExecutionContext & FastOmit<DetailedHTMLProps<HTMLAttributes<HTMLDivElement>, HTMLDivElement>, never>) => {}' is not assignable to parameter of type 'Interpolation<FastOmit<DetailedHTMLProps<HTMLAttributes<HTMLDivElement>, HTMLDivElement>, never>>'.
  Type '({ theme }: ExecutionContext & FastOmit<DetailedHTMLProps<HTMLAttributes<HTMLDivElement>, HTMLDivElement>, never>) => {}' is not assignable to type 'StyleFunction<FastOmit<DetailedHTMLProps<HTMLAttributes<HTMLDivElement>, HTMLDivElement>, never>>'.
    Type '{}' is not assignable to type 'Interpolation<FastOmit<DetailedHTMLProps<HTMLAttributes<HTMLDivElement>, HTMLDivElement>, never>>'.
src/components/UserDashboard/UserDashboard-optimized.tsx(802,12): error TS2345: Argument of type '({ theme }: ExecutionContext & FastOmit<DetailedHTMLProps<HTMLAttributes<HTMLDivElement>, HTMLDivElement>, never>) => {}' is not assignable to parameter of type 'Interpolation<FastOmit<DetailedHTMLProps<HTMLAttributes<HTMLDivElement>, HTMLDivElement>, never>>'.
  Type '({ theme }: ExecutionContext & FastOmit<DetailedHTMLProps<HTMLAttributes<HTMLDivElement>, HTMLDivElement>, never>) => {}' is not assignable to type 'StyleFunction<FastOmit<DetailedHTMLProps<HTMLAttributes<HTMLDivElement>, HTMLDivElement>, never>>'.
    Type '{}' is not assignable to type 'Interpolation<FastOmit<DetailedHTMLProps<HTMLAttributes<HTMLDivElement>, HTMLDivElement>, never>>'.
src/components/UserDashboard/UserDashboard-optimized.tsx(826,12): error TS2345: Argument of type '({ theme }: ExecutionContext & FastOmit<DetailedHTMLProps<HTMLAttributes<HTMLParagraphElement>, HTMLParagraphElement>, never>) => {}' is not assignable to parameter of type 'Interpolation<FastOmit<DetailedHTMLProps<HTMLAttributes<HTMLParagraphElement>, HTMLParagraphElement>, never>>'.
  Type '({ theme }: ExecutionContext & FastOmit<DetailedHTMLProps<HTMLAttributes<HTMLParagraphElement>, HTMLParagraphElement>, never>) => {}' is not assignable to type 'StyleFunction<FastOmit<DetailedHTMLProps<HTMLAttributes<HTMLParagraphElement>, HTMLParagraphElement>, never>>'.
    Type '{}' is not assignable to type 'Interpolation<FastOmit<DetailedHTMLProps<HTMLAttributes<HTMLParagraphElement>, HTMLParagraphElement>, never>>'.
src/components/UserDashboard/UserDashboard-optimized.tsx(849,17): error TS2345: Argument of type '({ theme }: ExecutionContext & FastOmit<Omit<HTMLAttributesWithoutMotionProps<ButtonHTMLAttributes<HTMLButtonElement>, HTMLButtonElement> & MotionProps & RefAttributes<...>, "ref"> & { ...; }, never>) => {}' is not assignable to parameter of type 'Interpolation<FastOmit<Omit<HTMLAttributesWithoutMotionProps<ButtonHTMLAttributes<HTMLButtonElement>, HTMLButtonElement> & MotionProps & RefAttributes<...>, "ref"> & { ...; }, never>>'.
  Type '({ theme }: ExecutionContext & FastOmit<Omit<HTMLAttributesWithoutMotionProps<ButtonHTMLAttributes<HTMLButtonElement>, HTMLButtonElement> & MotionProps & RefAttributes<...>, "ref"> & { ...; }, never>) => {}' is not assignable to type 'StyleFunction<FastOmit<Omit<HTMLAttributesWithoutMotionProps<ButtonHTMLAttributes<HTMLButtonElement>, HTMLButtonElement> & MotionProps & RefAttributes<...>, "ref"> & { ...; }, never>>'.
    Type '{}' is not assignable to type 'Interpolation<FastOmit<Omit<HTMLAttributesWithoutMotionProps<ButtonHTMLAttributes<HTMLButtonElement>, HTMLButtonElement> & MotionProps & RefAttributes<...>, "ref"> & { ...; }, never>>'.
src/components/UserDashboard/UserDashboard-optimized.tsx(874,17): error TS2345: Argument of type '({ theme }: ExecutionContext & FastOmit<Omit<HTMLAttributesWithoutMotionProps<ButtonHTMLAttributes<HTMLButtonElement>, HTMLButtonElement> & MotionProps & RefAttributes<...>, "ref"> & { ...; }, never>) => {}' is not assignable to parameter of type 'Interpolation<FastOmit<Omit<HTMLAttributesWithoutMotionProps<ButtonHTMLAttributes<HTMLButtonElement>, HTMLButtonElement> & MotionProps & RefAttributes<...>, "ref"> & { ...; }, never>>'.
  Type '({ theme }: ExecutionContext & FastOmit<Omit<HTMLAttributesWithoutMotionProps<ButtonHTMLAttributes<HTMLButtonElement>, HTMLButtonElement> & MotionProps & RefAttributes<...>, "ref"> & { ...; }, never>) => {}' is not assignable to type 'StyleFunction<FastOmit<Omit<HTMLAttributesWithoutMotionProps<ButtonHTMLAttributes<HTMLButtonElement>, HTMLButtonElement> & MotionProps & RefAttributes<...>, "ref"> & { ...; }, never>>'.
    Type '{}' is not assignable to type 'Interpolation<FastOmit<Omit<HTMLAttributesWithoutMotionProps<ButtonHTMLAttributes<HTMLButtonElement>, HTMLButtonElement> & MotionProps & RefAttributes<...>, "ref"> & { ...; }, never>>'.
src/components/UserDashboard/UserDashboard-optimized.tsx(876,53): error TS2339: Property 'elegant' does not exist on type '{}'.
src/components/UserDashboard/UserDashboard-optimized.tsx(911,17): error TS2345: Argument of type '({ theme }: ExecutionContext & FastOmit<Omit<HTMLAttributesWithoutMotionProps<HTMLAttributes<HTMLDivElement>, HTMLDivElement> & MotionProps & RefAttributes<...>, "ref"> & { ...; }, never>) => {}' is not assignable to parameter of type 'Interpolation<FastOmit<Omit<HTMLAttributesWithoutMotionProps<HTMLAttributes<HTMLDivElement>, HTMLDivElement> & MotionProps & RefAttributes<...>, "ref"> & { ...; }, never>>'.
  Type '({ theme }: ExecutionContext & FastOmit<Omit<HTMLAttributesWithoutMotionProps<HTMLAttributes<HTMLDivElement>, HTMLDivElement> & MotionProps & RefAttributes<...>, "ref"> & { ...; }, never>) => {}' is not assignable to type 'StyleFunction<FastOmit<Omit<HTMLAttributesWithoutMotionProps<HTMLAttributes<HTMLDivElement>, HTMLDivElement> & MotionProps & RefAttributes<...>, "ref"> & { ...; }, never>>'.
    Type '{}' is not assignable to type 'Interpolation<FastOmit<Omit<HTMLAttributesWithoutMotionProps<HTMLAttributes<HTMLDivElement>, HTMLDivElement> & MotionProps & RefAttributes<...>, "ref"> & { ...; }, never>>'.
src/components/UserDashboard/UserDashboard-optimized.tsx(913,53): error TS2339: Property 'elegant' does not exist on type '{}'.
src/components/UserDashboard/UserDashboard-optimized.tsx(920,12): error TS2345: Argument of type '({ theme }: ExecutionContext & FastOmit<DetailedHTMLProps<HTMLAttributes<HTMLHeadingElement>, HTMLHeadingElement>, never>) => {}' is not assignable to parameter of type 'Interpolation<FastOmit<DetailedHTMLProps<HTMLAttributes<HTMLHeadingElement>, HTMLHeadingElement>, never>>'.
  Type '({ theme }: ExecutionContext & FastOmit<DetailedHTMLProps<HTMLAttributes<HTMLHeadingElement>, HTMLHeadingElement>, never>) => {}' is not assignable to type 'StyleFunction<FastOmit<DetailedHTMLProps<HTMLAttributes<HTMLHeadingElement>, HTMLHeadingElement>, never>>'.
    Type '{}' is not assignable to type 'Interpolation<FastOmit<DetailedHTMLProps<HTMLAttributes<HTMLHeadingElement>, HTMLHeadingElement>, never>>'.
src/components/UserDashboard/UserDashboard-optimized.tsx(937,17): error TS2345: Argument of type '({ theme }: ExecutionContext & FastOmit<DetailedHTMLProps<HTMLAttributes<HTMLDivElement>, HTMLDivElement>, never>) => {}' is not assignable to parameter of type 'Interpolation<FastOmit<DetailedHTMLProps<HTMLAttributes<HTMLDivElement>, HTMLDivElement>, never>>'.
  Type '({ theme }: ExecutionContext & FastOmit<DetailedHTMLProps<HTMLAttributes<HTMLDivElement>, HTMLDivElement>, never>) => {}' is not assignable to type 'StyleFunction<FastOmit<DetailedHTMLProps<HTMLAttributes<HTMLDivElement>, HTMLDivElement>, never>>'.
    Type '{}' is not assignable to type 'Interpolation<FastOmit<DetailedHTMLProps<HTMLAttributes<HTMLDivElement>, HTMLDivElement>, never>>'.
src/components/UserDashboard/UserDashboard-optimized.tsx(939,53): error TS2339: Property 'elegant' does not exist on type '{}'.
src/components/UserDashboard/UserDashboard-optimized.tsx(952,17): error TS2345: Argument of type '({ $active, theme }: ExecutionContext & FastOmit<Omit<HTMLAttributesWithoutMotionProps<ButtonHTMLAttributes<HTMLButtonElement>, HTMLButtonElement> & MotionProps & RefAttributes<...>, "ref"> & { ...; }, "$active"> & { ...; }) => {}' is not assignable to parameter of type 'Interpolation<Substitute<Omit<HTMLAttributesWithoutMotionProps<ButtonHTMLAttributes<HTMLButtonElement>, HTMLButtonElement> & MotionProps & RefAttributes<...>, "ref"> & { ...; }, { ...; }>>'.
  Type '({ $active, theme }: ExecutionContext & FastOmit<Omit<HTMLAttributesWithoutMotionProps<ButtonHTMLAttributes<HTMLButtonElement>, HTMLButtonElement> & MotionProps & RefAttributes<...>, "ref"> & { ...; }, "$active"> & { ...; }) => {}' is not assignable to type 'StyleFunction<Substitute<Omit<HTMLAttributesWithoutMotionProps<ButtonHTMLAttributes<HTMLButtonElement>, HTMLButtonElement> & MotionProps & RefAttributes<...>, "ref"> & { ...; }, { ...; }>>'.
    Type '{}' is not assignable to type 'Interpolation<Substitute<Omit<HTMLAttributesWithoutMotionProps<ButtonHTMLAttributes<HTMLButtonElement>, HTMLButtonElement> & MotionProps & RefAttributes<...>, "ref"> & { ...; }, { ...; }>>'.
src/components/UserDashboard/UserDashboard-optimized.tsx(982,12): error TS2345: Argument of type '({ theme }: ExecutionContext & FastOmit<DetailedHTMLProps<HTMLAttributes<HTMLDivElement>, HTMLDivElement>, never>) => {}' is not assignable to parameter of type 'Interpolation<FastOmit<DetailedHTMLProps<HTMLAttributes<HTMLDivElement>, HTMLDivElement>, never>>'.
  Type '({ theme }: ExecutionContext & FastOmit<DetailedHTMLProps<HTMLAttributes<HTMLDivElement>, HTMLDivElement>, never>) => {}' is not assignable to type 'StyleFunction<FastOmit<DetailedHTMLProps<HTMLAttributes<HTMLDivElement>, HTMLDivElement>, never>>'.
    Type '{}' is not assignable to type 'Interpolation<FastOmit<DetailedHTMLProps<HTMLAttributes<HTMLDivElement>, HTMLDivElement>, never>>'.
src/components/UserDashboard/UserDashboard-optimized.tsx(1185,15): error TS2769: No overload matches this call.
  Overload 1 of 2, '(props: PolymorphicComponentProps<"web", Substitute<DetailedHTMLProps<HTMLAttributes<HTMLDivElement>, HTMLDivElement>, { $backgroundImage?: string | undefined; }>, void, void, {}, {}>): Element', gave the following error.
    Type 'string | null' is not assignable to type 'string | undefined'.
      Type 'null' is not assignable to type 'string | undefined'.
  Overload 2 of 2, '(props: Substitute<DetailedHTMLProps<HTMLAttributes<HTMLDivElement>, HTMLDivElement>, { $backgroundImage?: string | undefined; }>): ReactNode', gave the following error.
    Type 'string | null' is not assignable to type 'string | undefined'.
      Type 'null' is not assignable to type 'string | undefined'.
src/components/UserDashboard/UserDashboard-optimized.tsx(1229,18): error TS2532: Object is possibly 'undefined'.
src/components/UserDashboard/UserDashboard-optimized.tsx(1229,59): error TS2532: Object is possibly 'undefined'.
src/components/UserDashboard/UserDashboard-optimized.tsx(1248,27): error TS2339: Property 'bio' does not exist on type 'UserProfile'.
src/components/UserDashboard/UserDashboard.tsx(68,3): error TS2305: Module '"lucide-react"' has no exported member 'Handshake'.
src/components/UserDashboard/UserDashboard.tsx(94,3): error TS2305: Module '"lucide-react"' has no exported member 'Certificate'.
src/components/UserDashboard/UserDashboard.tsx(280,12): error TS2345: Argument of type '({ theme }: ExecutionContext & FastOmit<DetailedHTMLProps<HTMLAttributes<HTMLSpanElement>, HTMLSpanElement>, never>) => unknown' is not assignable to parameter of type 'Interpolation<FastOmit<DetailedHTMLProps<HTMLAttributes<HTMLSpanElement>, HTMLSpanElement>, never>>'.
  Type '({ theme }: ExecutionContext & FastOmit<DetailedHTMLProps<HTMLAttributes<HTMLSpanElement>, HTMLSpanElement>, never>) => unknown' is not assignable to type 'StyleFunction<FastOmit<DetailedHTMLProps<HTMLAttributes<HTMLSpanElement>, HTMLSpanElement>, never>>'.
    Type 'unknown' is not assignable to type 'Interpolation<FastOmit<DetailedHTMLProps<HTMLAttributes<HTMLSpanElement>, HTMLSpanElement>, never>>'.
src/components/UserDashboard/UserDashboard.tsx(280,27): error TS18048: 'theme.colors' is possibly 'undefined'.
src/components/UserDashboard/UserDashboard.tsx(282,19): error TS2339: Property '$performanceLevel' does not exist on type 'ExecutionContext & FastOmit<DetailedHTMLProps<HTMLAttributes<HTMLSpanElement>, HTMLSpanElement>, never>'.
src/components/UserDashboard/UserDashboard.tsx(299,12): error TS2345: Argument of type '({ theme }: ExecutionContext & FastOmit<DetailedHTMLProps<HTMLAttributes<HTMLDivElement>, HTMLDivElement>, never>) => unknown' is not assignable to parameter of type 'Interpolation<FastOmit<DetailedHTMLProps<HTMLAttributes<HTMLDivElement>, HTMLDivElement>, never>>'.
  Type '({ theme }: ExecutionContext & FastOmit<DetailedHTMLProps<HTMLAttributes<HTMLDivElement>, HTMLDivElement>, never>) => unknown' is not assignable to type 'StyleFunction<FastOmit<DetailedHTMLProps<HTMLAttributes<HTMLDivElement>, HTMLDivElement>, never>>'.
    Type 'unknown' is not assignable to type 'Interpolation<FastOmit<DetailedHTMLProps<HTMLAttributes<HTMLDivElement>, HTMLDivElement>, never>>'.
src/components/UserDashboard/UserDashboard.tsx(299,27): error TS18048: 'theme.colors' is possibly 'undefined'.
src/components/UserDashboard/UserDashboard.tsx(300,19): error TS2339: Property '$performanceLevel' does not exist on type 'ExecutionContext & FastOmit<DetailedHTMLProps<HTMLAttributes<HTMLDivElement>, HTMLDivElement>, never>'.
src/components/UserDashboard/UserDashboard.tsx(320,17): error TS2345: Argument of type '({ theme }: ExecutionContext & FastOmit<Omit<HTMLAttributesWithoutMotionProps<HTMLAttributes<HTMLDivElement>, HTMLDivElement> & MotionProps & RefAttributes<...>, "ref"> & { ...; }, never>) => unknown' is not assignable to parameter of type 'Interpolation<FastOmit<Omit<HTMLAttributesWithoutMotionProps<HTMLAttributes<HTMLDivElement>, HTMLDivElement> & MotionProps & RefAttributes<...>, "ref"> & { ...; }, never>>'.
  Type '({ theme }: ExecutionContext & FastOmit<Omit<HTMLAttributesWithoutMotionProps<HTMLAttributes<HTMLDivElement>, HTMLDivElement> & MotionProps & RefAttributes<...>, "ref"> & { ...; }, never>) => unknown' is not assignable to type 'StyleFunction<FastOmit<Omit<HTMLAttributesWithoutMotionProps<HTMLAttributes<HTMLDivElement>, HTMLDivElement> & MotionProps & RefAttributes<...>, "ref"> & { ...; }, never>>'.
    Type 'unknown' is not assignable to type 'Interpolation<FastOmit<Omit<HTMLAttributesWithoutMotionProps<HTMLAttributes<HTMLDivElement>, HTMLDivElement> & MotionProps & RefAttributes<...>, "ref"> & { ...; }, never>>'.
src/components/UserDashboard/UserDashboard.tsx(320,32): error TS18048: 'theme.background' is possibly 'undefined'.
src/components/UserDashboard/UserDashboard.tsx(342,17): error TS2345: Argument of type '({ theme }: ExecutionContext & FastOmit<Omit<HTMLAttributesWithoutMotionProps<HTMLAttributes<HTMLDivElement>, HTMLDivElement> & MotionProps & RefAttributes<...>, "ref"> & { ...; }, never>) => unknown' is not assignable to parameter of type 'Interpolation<FastOmit<Omit<HTMLAttributesWithoutMotionProps<HTMLAttributes<HTMLDivElement>, HTMLDivElement> & MotionProps & RefAttributes<...>, "ref"> & { ...; }, never>>'.
  Type '({ theme }: ExecutionContext & FastOmit<Omit<HTMLAttributesWithoutMotionProps<HTMLAttributes<HTMLDivElement>, HTMLDivElement> & MotionProps & RefAttributes<...>, "ref"> & { ...; }, never>) => unknown' is not assignable to type 'StyleFunction<FastOmit<Omit<HTMLAttributesWithoutMotionProps<HTMLAttributes<HTMLDivElement>, HTMLDivElement> & MotionProps & RefAttributes<...>, "ref"> & { ...; }, never>>'.
    Type 'unknown' is not assignable to type 'Interpolation<FastOmit<Omit<HTMLAttributesWithoutMotionProps<HTMLAttributes<HTMLDivElement>, HTMLDivElement> & MotionProps & RefAttributes<...>, "ref"> & { ...; }, never>>'.
src/components/UserDashboard/UserDashboard.tsx(342,32): error TS18048: 'theme.gradients' is possibly 'undefined'.
src/components/UserDashboard/UserDashboard.tsx(344,38): error TS18046: 'theme.borders' is of type 'unknown'.
src/components/UserDashboard/UserDashboard.tsx(345,32): error TS18048: 'theme.shadows' is possibly 'undefined'.
src/components/UserDashboard/UserDashboard.tsx(345,46): error TS2339: Property 'cosmic' does not exist on type 'string[] | Record<string, unknown>'.
  Property 'cosmic' does not exist on type 'string[]'.
src/components/UserDashboard/UserDashboard.tsx(349,16): error TS2339: Property '$backgroundImage' does not exist on type 'ExecutionContext & FastOmit<DetailedHTMLProps<HTMLAttributes<HTMLDivElement>, HTMLDivElement>, never>'.
src/components/UserDashboard/UserDashboard.tsx(351,17): error TS2345: Argument of type '({ $backgroundImage, theme }: ExecutionContext & FastOmit<DetailedHTMLProps<HTMLAttributes<HTMLDivElement>, HTMLDivElement>, never>) => unknown' is not assignable to parameter of type 'Interpolation<FastOmit<DetailedHTMLProps<HTMLAttributes<HTMLDivElement>, HTMLDivElement>, never>>'.
  Type '({ $backgroundImage, theme }: ExecutionContext & FastOmit<DetailedHTMLProps<HTMLAttributes<HTMLDivElement>, HTMLDivElement>, never>) => unknown' is not assignable to type 'StyleFunction<FastOmit<DetailedHTMLProps<HTMLAttributes<HTMLDivElement>, HTMLDivElement>, never>>'.
    Type 'unknown' is not assignable to type 'Interpolation<FastOmit<DetailedHTMLProps<HTMLAttributes<HTMLDivElement>, HTMLDivElement>, never>>'.
src/components/UserDashboard/UserDashboard.tsx(351,20): error TS2339: Property '$backgroundImage' does not exist on type 'ExecutionContext & FastOmit<DetailedHTMLProps<HTMLAttributes<HTMLDivElement>, HTMLDivElement>, never>'.
src/components/UserDashboard/UserDashboard.tsx(354,9): error TS18048: 'theme.gradients' is possibly 'undefined'.
src/components/UserDashboard/UserDashboard.tsx(363,18): error TS2339: Property '$backgroundImage' does not exist on type 'ExecutionContext & FastOmit<DetailedHTMLProps<HTMLAttributes<HTMLDivElement>, HTMLDivElement>, never>'.
src/components/UserDashboard/UserDashboard.tsx(373,63): error TS18048: 'theme.background' is possibly 'undefined'.
src/components/UserDashboard/UserDashboard.tsx(389,17): error TS2339: Property '$hasImage' does not exist on type 'ExecutionContext & FastOmit<Omit<HTMLAttributesWithoutMotionProps<HTMLAttributes<HTMLDivElement>, HTMLDivElement> & MotionProps & RefAttributes<...>, "ref"> & { ...; }, never>'.
src/components/UserDashboard/UserDashboard.tsx(402,8): error TS2339: Property '$hasBackgroundImage' does not exist on type 'ExecutionContext & FastOmit<DetailedHTMLProps<HTMLAttributes<HTMLDivElement>, HTMLDivElement>, never>'.
src/components/UserDashboard/UserDashboard.tsx(409,10): error TS2339: Property '$hasBackgroundImage' does not exist on type 'ExecutionContext & FastOmit<DetailedHTMLProps<HTMLAttributes<HTMLDivElement>, HTMLDivElement>, never>'.
src/components/UserDashboard/UserDashboard.tsx(433,23): error TS2345: Argument of type '({ theme }: ExecutionContext & FastOmit<DetailedHTMLProps<HTMLAttributes<HTMLDivElement>, HTMLDivElement>, never>) => unknown' is not assignable to parameter of type 'Interpolation<FastOmit<DetailedHTMLProps<HTMLAttributes<HTMLDivElement>, HTMLDivElement>, never>>'.
  Type '({ theme }: ExecutionContext & FastOmit<DetailedHTMLProps<HTMLAttributes<HTMLDivElement>, HTMLDivElement>, never>) => unknown' is not assignable to type 'StyleFunction<FastOmit<DetailedHTMLProps<HTMLAttributes<HTMLDivElement>, HTMLDivElement>, never>>'.
    Type 'unknown' is not assignable to type 'Interpolation<FastOmit<DetailedHTMLProps<HTMLAttributes<HTMLDivElement>, HTMLDivElement>, never>>'.
src/components/UserDashboard/UserDashboard.tsx(433,38): error TS18048: 'theme.colors' is possibly 'undefined'.
src/components/UserDashboard/UserDashboard.tsx(434,20): error TS2339: Property '$image' does not exist on type 'ExecutionContext & FastOmit<DetailedHTMLProps<HTMLAttributes<HTMLDivElement>, HTMLDivElement>, never>'.
src/components/UserDashboard/UserDashboard.tsx(437,9): error TS18048: 'theme.gradients' is possibly 'undefined'.
src/components/UserDashboard/UserDashboard.tsx(443,32): error TS18048: 'theme.shadows' is possibly 'undefined'.
src/components/UserDashboard/UserDashboard.tsx(443,46): error TS2339: Property 'cosmic' does not exist on type 'string[] | Record<string, unknown>'.
  Property 'cosmic' does not exist on type 'string[]'.
src/components/UserDashboard/UserDashboard.tsx(444,19): error TS2339: Property '$enableLuxury' does not exist on type 'ExecutionContext & FastOmit<DetailedHTMLProps<HTMLAttributes<HTMLDivElement>, HTMLDivElement>, never>'.
src/components/UserDashboard/UserDashboard.tsx(444,34): error TS2339: Property '$performanceLevel' does not exist on type 'ExecutionContext & FastOmit<DetailedHTMLProps<HTMLAttributes<HTMLDivElement>, HTMLDivElement>, never>'.
src/components/UserDashboard/UserDashboard.tsx(453,27): error TS18048: 'theme.text' is possibly 'undefined'.
src/components/UserDashboard/UserDashboard.tsx(465,34): error TS18048: 'theme.shadows' is possibly 'undefined'.
src/components/UserDashboard/UserDashboard.tsx(465,48): error TS2339: Property 'primary' does not exist on type 'string[] | Record<string, unknown>'.
  Property 'primary' does not exist on type 'string[]'.
src/components/UserDashboard/UserDashboard.tsx(480,17): error TS2345: Argument of type '({ theme }: ExecutionContext & FastOmit<Omit<HTMLAttributesWithoutMotionProps<ButtonHTMLAttributes<HTMLButtonElement>, HTMLButtonElement> & MotionProps & RefAttributes<...>, "ref"> & { ...; }, never>) => unknown' is not assignable to parameter of type 'Interpolation<FastOmit<Omit<HTMLAttributesWithoutMotionProps<ButtonHTMLAttributes<HTMLButtonElement>, HTMLButtonElement> & MotionProps & RefAttributes<...>, "ref"> & { ...; }, never>>'.
  Type '({ theme }: ExecutionContext & FastOmit<Omit<HTMLAttributesWithoutMotionProps<ButtonHTMLAttributes<HTMLButtonElement>, HTMLButtonElement> & MotionProps & RefAttributes<...>, "ref"> & { ...; }, never>) => unknown' is not assignable to type 'StyleFunction<FastOmit<Omit<HTMLAttributesWithoutMotionProps<ButtonHTMLAttributes<HTMLButtonElement>, HTMLButtonElement> & MotionProps & RefAttributes<...>, "ref"> & { ...; }, never>>'.
    Type 'unknown' is not assignable to type 'Interpolation<FastOmit<Omit<HTMLAttributesWithoutMotionProps<ButtonHTMLAttributes<HTMLButtonElement>, HTMLButtonElement> & MotionProps & RefAttributes<...>, "ref"> & { ...; }, never>>'.
src/components/UserDashboard/UserDashboard.tsx(480,32): error TS18048: 'theme.gradients' is possibly 'undefined'.
src/components/UserDashboard/UserDashboard.tsx(481,38): error TS18048: 'theme.background' is possibly 'undefined'.
src/components/UserDashboard/UserDashboard.tsx(488,32): error TS18048: 'theme.shadows' is possibly 'undefined'.
src/components/UserDashboard/UserDashboard.tsx(488,46): error TS2339: Property 'primary' does not exist on type 'string[] | Record<string, unknown>'.
  Property 'primary' does not exist on type 'string[]'.
src/components/UserDashboard/UserDashboard.tsx(492,34): error TS18048: 'theme.shadows' is possibly 'undefined'.
src/components/UserDashboard/UserDashboard.tsx(492,48): error TS2339: Property 'cosmic' does not exist on type 'string[] | Record<string, unknown>'.
  Property 'cosmic' does not exist on type 'string[]'.
src/components/UserDashboard/UserDashboard.tsx(515,17): error TS2345: Argument of type '({ theme }: ExecutionContext & FastOmit<DetailedHTMLProps<HTMLAttributes<HTMLHeadingElement>, HTMLHeadingElement>, never>) => unknown' is not assignable to parameter of type 'Interpolation<FastOmit<DetailedHTMLProps<HTMLAttributes<HTMLHeadingElement>, HTMLHeadingElement>, never>>'.
  Type '({ theme }: ExecutionContext & FastOmit<DetailedHTMLProps<HTMLAttributes<HTMLHeadingElement>, HTMLHeadingElement>, never>) => unknown' is not assignable to type 'StyleFunction<FastOmit<DetailedHTMLProps<HTMLAttributes<HTMLHeadingElement>, HTMLHeadingElement>, never>>'.
    Type 'unknown' is not assignable to type 'Interpolation<FastOmit<DetailedHTMLProps<HTMLAttributes<HTMLHeadingElement>, HTMLHeadingElement>, never>>'.
src/components/UserDashboard/UserDashboard.tsx(515,32): error TS18048: 'theme.gradients' is possibly 'undefined'.
src/components/UserDashboard/UserDashboard.tsx(520,19): error TS2339: Property '$performanceLevel' does not exist on type 'ExecutionContext & FastOmit<DetailedHTMLProps<HTMLAttributes<HTMLHeadingElement>, HTMLHeadingElement>, never>'.
src/components/UserDashboard/UserDashboard.tsx(542,12): error TS2345: Argument of type '({ theme }: ExecutionContext & FastOmit<DetailedHTMLProps<HTMLAttributes<HTMLParagraphElement>, HTMLParagraphElement>, never>) => unknown' is not assignable to parameter of type 'Interpolation<FastOmit<DetailedHTMLProps<HTMLAttributes<HTMLParagraphElement>, HTMLParagraphElement>, never>>'.
  Type '({ theme }: ExecutionContext & FastOmit<DetailedHTMLProps<HTMLAttributes<HTMLParagraphElement>, HTMLParagraphElement>, never>) => unknown' is not assignable to type 'StyleFunction<FastOmit<DetailedHTMLProps<HTMLAttributes<HTMLParagraphElement>, HTMLParagraphElement>, never>>'.
    Type 'unknown' is not assignable to type 'Interpolation<FastOmit<DetailedHTMLProps<HTMLAttributes<HTMLParagraphElement>, HTMLParagraphElement>, never>>'.
src/components/UserDashboard/UserDashboard.tsx(542,27): error TS18048: 'theme.text' is possibly 'undefined'.
src/components/UserDashboard/UserDashboard.tsx(556,17): error TS2345: Argument of type '({ theme }: ExecutionContext & FastOmit<Omit<HTMLAttributesWithoutMotionProps<HTMLAttributes<HTMLSpanElement>, HTMLSpanElement> & MotionProps & RefAttributes<...>, "ref"> & { ...; }, never>) => unknown' is not assignable to parameter of type 'Interpolation<FastOmit<Omit<HTMLAttributesWithoutMotionProps<HTMLAttributes<HTMLSpanElement>, HTMLSpanElement> & MotionProps & RefAttributes<...>, "ref"> & { ...; }, never>>'.
  Type '({ theme }: ExecutionContext & FastOmit<Omit<HTMLAttributesWithoutMotionProps<HTMLAttributes<HTMLSpanElement>, HTMLSpanElement> & MotionProps & RefAttributes<...>, "ref"> & { ...; }, never>) => unknown' is not assignable to type 'StyleFunction<FastOmit<Omit<HTMLAttributesWithoutMotionProps<HTMLAttributes<HTMLSpanElement>, HTMLSpanElement> & MotionProps & RefAttributes<...>, "ref"> & { ...; }, never>>'.
    Type 'unknown' is not assignable to type 'Interpolation<FastOmit<Omit<HTMLAttributesWithoutMotionProps<HTMLAttributes<HTMLSpanElement>, HTMLSpanElement> & MotionProps & RefAttributes<...>, "ref"> & { ...; }, never>>'.
src/components/UserDashboard/UserDashboard.tsx(556,32): error TS18048: 'theme.gradients' is possibly 'undefined'.
src/components/UserDashboard/UserDashboard.tsx(561,32): error TS18048: 'theme.shadows' is possibly 'undefined'.
src/components/UserDashboard/UserDashboard.tsx(561,46): error TS2339: Property 'primary' does not exist on type 'string[] | Record<string, unknown>'.
  Property 'primary' does not exist on type 'string[]'.
src/components/UserDashboard/UserDashboard.tsx(562,19): error TS2339: Property '$performanceLevel' does not exist on type 'ExecutionContext & FastOmit<Omit<HTMLAttributesWithoutMotionProps<HTMLAttributes<HTMLSpanElement>, HTMLSpanElement> & MotionProps & RefAttributes<...>, "ref"> & { ...; }, never>'.
src/components/UserDashboard/UserDashboard.tsx(593,20): error TS2339: Property '$enableAnimations' does not exist on type 'ExecutionContext & FastOmit<Omit<HTMLAttributesWithoutMotionProps<HTMLAttributes<HTMLDivElement>, HTMLDivElement> & MotionProps & RefAttributes<...>, "ref"> & { ...; }, never>'.
src/components/UserDashboard/UserDashboard.tsx(598,21): error TS2339: Property '$enableAnimations' does not exist on type 'ExecutionContext & FastOmit<Omit<HTMLAttributesWithoutMotionProps<HTMLAttributes<HTMLDivElement>, HTMLDivElement> & MotionProps & RefAttributes<...>, "ref"> & { ...; }, never>'.
src/components/UserDashboard/UserDashboard.tsx(619,12): error TS2345: Argument of type '({ theme }: ExecutionContext & FastOmit<DetailedHTMLProps<HTMLAttributes<HTMLDivElement>, HTMLDivElement>, never>) => unknown' is not assignable to parameter of type 'Interpolation<FastOmit<DetailedHTMLProps<HTMLAttributes<HTMLDivElement>, HTMLDivElement>, never>>'.
  Type '({ theme }: ExecutionContext & FastOmit<DetailedHTMLProps<HTMLAttributes<HTMLDivElement>, HTMLDivElement>, never>) => unknown' is not assignable to type 'StyleFunction<FastOmit<DetailedHTMLProps<HTMLAttributes<HTMLDivElement>, HTMLDivElement>, never>>'.
    Type 'unknown' is not assignable to type 'Interpolation<FastOmit<DetailedHTMLProps<HTMLAttributes<HTMLDivElement>, HTMLDivElement>, never>>'.
src/components/UserDashboard/UserDashboard.tsx(619,27): error TS18048: 'theme.colors' is possibly 'undefined'.
src/components/UserDashboard/UserDashboard.tsx(620,19): error TS2339: Property '$performanceLevel' does not exist on type 'ExecutionContext & FastOmit<DetailedHTMLProps<HTMLAttributes<HTMLDivElement>, HTMLDivElement>, never>'.
src/components/UserDashboard/UserDashboard.tsx(641,12): error TS2345: Argument of type '({ theme }: ExecutionContext & FastOmit<DetailedHTMLProps<HTMLAttributes<HTMLDivElement>, HTMLDivElement>, never>) => unknown' is not assignable to parameter of type 'Interpolation<FastOmit<DetailedHTMLProps<HTMLAttributes<HTMLDivElement>, HTMLDivElement>, never>>'.
  Type '({ theme }: ExecutionContext & FastOmit<DetailedHTMLProps<HTMLAttributes<HTMLDivElement>, HTMLDivElement>, never>) => unknown' is not assignable to type 'StyleFunction<FastOmit<DetailedHTMLProps<HTMLAttributes<HTMLDivElement>, HTMLDivElement>, never>>'.
    Type 'unknown' is not assignable to type 'Interpolation<FastOmit<DetailedHTMLProps<HTMLAttributes<HTMLDivElement>, HTMLDivElement>, never>>'.
src/components/UserDashboard/UserDashboard.tsx(641,27): error TS18048: 'theme.text' is possibly 'undefined'.
src/components/UserDashboard/UserDashboard.tsx(647,12): error TS2345: Argument of type '({ theme }: ExecutionContext & FastOmit<DetailedHTMLProps<HTMLAttributes<HTMLParagraphElement>, HTMLParagraphElement>, never>) => unknown' is not assignable to parameter of type 'Interpolation<FastOmit<DetailedHTMLProps<HTMLAttributes<HTMLParagraphElement>, HTMLParagraphElement>, never>>'.
  Type '({ theme }: ExecutionContext & FastOmit<DetailedHTMLProps<HTMLAttributes<HTMLParagraphElement>, HTMLParagraphElement>, never>) => unknown' is not assignable to type 'StyleFunction<FastOmit<DetailedHTMLProps<HTMLAttributes<HTMLParagraphElement>, HTMLParagraphElement>, never>>'.
    Type 'unknown' is not assignable to type 'Interpolation<FastOmit<DetailedHTMLProps<HTMLAttributes<HTMLParagraphElement>, HTMLParagraphElement>, never>>'.
src/components/UserDashboard/UserDashboard.tsx(647,27): error TS18048: 'theme.text' is possibly 'undefined'.
src/components/UserDashboard/UserDashboard.tsx(670,17): error TS2345: Argument of type '({ theme }: ExecutionContext & FastOmit<Omit<HTMLAttributesWithoutMotionProps<ButtonHTMLAttributes<HTMLButtonElement>, HTMLButtonElement> & MotionProps & RefAttributes<...>, "ref"> & { ...; }, never>) => unknown' is not assignable to parameter of type 'Interpolation<FastOmit<Omit<HTMLAttributesWithoutMotionProps<ButtonHTMLAttributes<HTMLButtonElement>, HTMLButtonElement> & MotionProps & RefAttributes<...>, "ref"> & { ...; }, never>>'.
  Type '({ theme }: ExecutionContext & FastOmit<Omit<HTMLAttributesWithoutMotionProps<ButtonHTMLAttributes<HTMLButtonElement>, HTMLButtonElement> & MotionProps & RefAttributes<...>, "ref"> & { ...; }, never>) => unknown' is not assignable to type 'StyleFunction<FastOmit<Omit<HTMLAttributesWithoutMotionProps<ButtonHTMLAttributes<HTMLButtonElement>, HTMLButtonElement> & MotionProps & RefAttributes<...>, "ref"> & { ...; }, never>>'.
    Type 'unknown' is not assignable to type 'Interpolation<FastOmit<Omit<HTMLAttributesWithoutMotionProps<ButtonHTMLAttributes<HTMLButtonElement>, HTMLButtonElement> & MotionProps & RefAttributes<...>, "ref"> & { ...; }, never>>'.
src/components/UserDashboard/UserDashboard.tsx(670,32): error TS18048: 'theme.gradients' is possibly 'undefined'.
src/components/UserDashboard/UserDashboard.tsx(677,32): error TS18048: 'theme.shadows' is possibly 'undefined'.
src/components/UserDashboard/UserDashboard.tsx(677,46): error TS2339: Property 'primary' does not exist on type 'string[] | Record<string, unknown>'.
  Property 'primary' does not exist on type 'string[]'.
src/components/UserDashboard/UserDashboard.tsx(681,34): error TS18048: 'theme.shadows' is possibly 'undefined'.
src/components/UserDashboard/UserDashboard.tsx(681,48): error TS2339: Property 'cosmic' does not exist on type 'string[] | Record<string, unknown>'.
  Property 'cosmic' does not exist on type 'string[]'.
src/components/UserDashboard/UserDashboard.tsx(696,17): error TS2345: Argument of type '({ theme }: ExecutionContext & FastOmit<Omit<HTMLAttributesWithoutMotionProps<ButtonHTMLAttributes<HTMLButtonElement>, HTMLButtonElement> & MotionProps & RefAttributes<...>, "ref"> & { ...; }, never>) => unknown' is not assignable to parameter of type 'Interpolation<FastOmit<Omit<HTMLAttributesWithoutMotionProps<ButtonHTMLAttributes<HTMLButtonElement>, HTMLButtonElement> & MotionProps & RefAttributes<...>, "ref"> & { ...; }, never>>'.
  Type '({ theme }: ExecutionContext & FastOmit<Omit<HTMLAttributesWithoutMotionProps<ButtonHTMLAttributes<HTMLButtonElement>, HTMLButtonElement> & MotionProps & RefAttributes<...>, "ref"> & { ...; }, never>) => unknown' is not assignable to type 'StyleFunction<FastOmit<Omit<HTMLAttributesWithoutMotionProps<ButtonHTMLAttributes<HTMLButtonElement>, HTMLButtonElement> & MotionProps & RefAttributes<...>, "ref"> & { ...; }, never>>'.
    Type 'unknown' is not assignable to type 'Interpolation<FastOmit<Omit<HTMLAttributesWithoutMotionProps<ButtonHTMLAttributes<HTMLButtonElement>, HTMLButtonElement> & MotionProps & RefAttributes<...>, "ref"> & { ...; }, never>>'.
src/components/UserDashboard/UserDashboard.tsx(696,32): error TS18048: 'theme.background' is possibly 'undefined'.
src/components/UserDashboard/UserDashboard.tsx(697,27): error TS18048: 'theme.text' is possibly 'undefined'.
src/components/UserDashboard/UserDashboard.tsx(698,38): error TS18046: 'theme.borders' is of type 'unknown'.
src/components/UserDashboard/UserDashboard.tsx(704,34): error TS18048: 'theme.gradients' is possibly 'undefined'.
src/components/UserDashboard/UserDashboard.tsx(706,34): error TS18048: 'theme.shadows' is possibly 'undefined'.
src/components/UserDashboard/UserDashboard.tsx(706,48): error TS2339: Property 'primary' does not exist on type 'string[] | Record<string, unknown>'.
  Property 'primary' does not exist on type 'string[]'.
src/components/UserDashboard/UserDashboard.tsx(734,17): error TS2345: Argument of type '({ theme }: ExecutionContext & FastOmit<Omit<HTMLAttributesWithoutMotionProps<HTMLAttributes<HTMLDivElement>, HTMLDivElement> & MotionProps & RefAttributes<...>, "ref"> & { ...; }, never>) => unknown' is not assignable to parameter of type 'Interpolation<FastOmit<Omit<HTMLAttributesWithoutMotionProps<HTMLAttributes<HTMLDivElement>, HTMLDivElement> & MotionProps & RefAttributes<...>, "ref"> & { ...; }, never>>'.
  Type '({ theme }: ExecutionContext & FastOmit<Omit<HTMLAttributesWithoutMotionProps<HTMLAttributes<HTMLDivElement>, HTMLDivElement> & MotionProps & RefAttributes<...>, "ref"> & { ...; }, never>) => unknown' is not assignable to type 'StyleFunction<FastOmit<Omit<HTMLAttributesWithoutMotionProps<HTMLAttributes<HTMLDivElement>, HTMLDivElement> & MotionProps & RefAttributes<...>, "ref"> & { ...; }, never>>'.
    Type 'unknown' is not assignable to type 'Interpolation<FastOmit<Omit<HTMLAttributesWithoutMotionProps<HTMLAttributes<HTMLDivElement>, HTMLDivElement> & MotionProps & RefAttributes<...>, "ref"> & { ...; }, never>>'.
src/components/UserDashboard/UserDashboard.tsx(734,32): error TS18048: 'theme.gradients' is possibly 'undefined'.
src/components/UserDashboard/UserDashboard.tsx(736,38): error TS18046: 'theme.borders' is of type 'unknown'.
src/components/UserDashboard/UserDashboard.tsx(739,32): error TS18048: 'theme.shadows' is possibly 'undefined'.
src/components/UserDashboard/UserDashboard.tsx(739,46): error TS2339: Property 'elevation' does not exist on type 'string[] | Record<string, unknown>'.
  Property 'elevation' does not exist on type 'string[]'.
src/components/UserDashboard/UserDashboard.tsx(743,12): error TS2345: Argument of type '({ theme }: ExecutionContext & FastOmit<DetailedHTMLProps<HTMLAttributes<HTMLHeadingElement>, HTMLHeadingElement>, never>) => unknown' is not assignable to parameter of type 'Interpolation<FastOmit<DetailedHTMLProps<HTMLAttributes<HTMLHeadingElement>, HTMLHeadingElement>, never>>'.
  Type '({ theme }: ExecutionContext & FastOmit<DetailedHTMLProps<HTMLAttributes<HTMLHeadingElement>, HTMLHeadingElement>, never>) => unknown' is not assignable to type 'StyleFunction<FastOmit<DetailedHTMLProps<HTMLAttributes<HTMLHeadingElement>, HTMLHeadingElement>, never>>'.
    Type 'unknown' is not assignable to type 'Interpolation<FastOmit<DetailedHTMLProps<HTMLAttributes<HTMLHeadingElement>, HTMLHeadingElement>, never>>'.
src/components/UserDashboard/UserDashboard.tsx(743,27): error TS18048: 'theme.text' is possibly 'undefined'.
src/components/UserDashboard/UserDashboard.tsx(760,17): error TS2345: Argument of type '({ theme }: ExecutionContext & FastOmit<DetailedHTMLProps<HTMLAttributes<HTMLDivElement>, HTMLDivElement>, never>) => unknown' is not assignable to parameter of type 'Interpolation<FastOmit<DetailedHTMLProps<HTMLAttributes<HTMLDivElement>, HTMLDivElement>, never>>'.
  Type '({ theme }: ExecutionContext & FastOmit<DetailedHTMLProps<HTMLAttributes<HTMLDivElement>, HTMLDivElement>, never>) => unknown' is not assignable to type 'StyleFunction<FastOmit<DetailedHTMLProps<HTMLAttributes<HTMLDivElement>, HTMLDivElement>, never>>'.
    Type 'unknown' is not assignable to type 'Interpolation<FastOmit<DetailedHTMLProps<HTMLAttributes<HTMLDivElement>, HTMLDivElement>, never>>'.
src/components/UserDashboard/UserDashboard.tsx(760,32): error TS18048: 'theme.gradients' is possibly 'undefined'.
src/components/UserDashboard/UserDashboard.tsx(762,38): error TS18046: 'theme.borders' is of type 'unknown'.
src/components/UserDashboard/UserDashboard.tsx(774,34): error TS18046: 'theme.borders' is of type 'unknown'.
src/components/UserDashboard/UserDashboard.tsx(795,17): error TS2345: Argument of type '({ $active, theme }: ExecutionContext & FastOmit<Omit<HTMLAttributesWithoutMotionProps<ButtonHTMLAttributes<HTMLButtonElement>, HTMLButtonElement> & MotionProps & RefAttributes<...>, "ref"> & { ...; }, never>) => unknown' is not assignable to parameter of type 'Interpolation<FastOmit<Omit<HTMLAttributesWithoutMotionProps<ButtonHTMLAttributes<HTMLButtonElement>, HTMLButtonElement> & MotionProps & RefAttributes<...>, "ref"> & { ...; }, never>>'.
  Type '({ $active, theme }: ExecutionContext & FastOmit<Omit<HTMLAttributesWithoutMotionProps<ButtonHTMLAttributes<HTMLButtonElement>, HTMLButtonElement> & MotionProps & RefAttributes<...>, "ref"> & { ...; }, never>) => unknown' is not assignable to type 'StyleFunction<FastOmit<Omit<HTMLAttributesWithoutMotionProps<ButtonHTMLAttributes<HTMLButtonElement>, HTMLButtonElement> & MotionProps & RefAttributes<...>, "ref"> & { ...; }, never>>'.
    Type 'unknown' is not assignable to type 'Interpolation<FastOmit<Omit<HTMLAttributesWithoutMotionProps<ButtonHTMLAttributes<HTMLButtonElement>, HTMLButtonElement> & MotionProps & RefAttributes<...>, "ref"> & { ...; }, never>>'.
src/components/UserDashboard/UserDashboard.tsx(795,20): error TS2339: Property '$active' does not exist on type 'ExecutionContext & FastOmit<Omit<HTMLAttributesWithoutMotionProps<ButtonHTMLAttributes<HTMLButtonElement>, HTMLButtonElement> & MotionProps & RefAttributes<...>, "ref"> & { ...; }, never>'.
src/components/UserDashboard/UserDashboard.tsx(796,15): error TS18048: 'theme.gradients' is possibly 'undefined'.
src/components/UserDashboard/UserDashboard.tsx(798,15): error TS2339: Property '$active' does not exist on type 'ExecutionContext & FastOmit<Omit<HTMLAttributesWithoutMotionProps<ButtonHTMLAttributes<HTMLButtonElement>, HTMLButtonElement> & MotionProps & RefAttributes<...>, "ref"> & { ...; }, never>'.
src/components/UserDashboard/UserDashboard.tsx(799,25): error TS18048: 'theme.text' is possibly 'undefined'.
src/components/UserDashboard/UserDashboard.tsx(804,21): error TS2339: Property '$active' does not exist on type 'ExecutionContext & FastOmit<Omit<HTMLAttributesWithoutMotionProps<ButtonHTMLAttributes<HTMLButtonElement>, HTMLButtonElement> & MotionProps & RefAttributes<...>, "ref"> & { ...; }, never>'.
src/components/UserDashboard/UserDashboard.tsx(808,22): error TS2339: Property '$active' does not exist on type 'ExecutionContext & FastOmit<Omit<HTMLAttributesWithoutMotionProps<ButtonHTMLAttributes<HTMLButtonElement>, HTMLButtonElement> & MotionProps & RefAttributes<...>, "ref"> & { ...; }, never>'.
src/components/UserDashboard/UserDashboard.tsx(809,17): error TS18048: 'theme.gradients' is possibly 'undefined'.
src/components/UserDashboard/UserDashboard.tsx(809,43): error TS18048: 'theme.background' is possibly 'undefined'.
src/components/UserDashboard/UserDashboard.tsx(811,17): error TS2339: Property '$active' does not exist on type 'ExecutionContext & FastOmit<Omit<HTMLAttributesWithoutMotionProps<ButtonHTMLAttributes<HTMLButtonElement>, HTMLButtonElement> & MotionProps & RefAttributes<...>, "ref"> & { ...; }, never>'.
src/components/UserDashboard/UserDashboard.tsx(812,27): error TS18048: 'theme.text' is possibly 'undefined'.
src/components/UserDashboard/UserDashboard.tsx(826,17): error TS2345: Argument of type '({ theme }: ExecutionContext & FastOmit<Omit<HTMLAttributesWithoutMotionProps<HTMLAttributes<HTMLDivElement>, HTMLDivElement> & MotionProps & RefAttributes<...>, "ref"> & { ...; }, never>) => unknown' is not assignable to parameter of type 'Interpolation<FastOmit<Omit<HTMLAttributesWithoutMotionProps<HTMLAttributes<HTMLDivElement>, HTMLDivElement> & MotionProps & RefAttributes<...>, "ref"> & { ...; }, never>>'.
  Type '({ theme }: ExecutionContext & FastOmit<Omit<HTMLAttributesWithoutMotionProps<HTMLAttributes<HTMLDivElement>, HTMLDivElement> & MotionProps & RefAttributes<...>, "ref"> & { ...; }, never>) => unknown' is not assignable to type 'StyleFunction<FastOmit<Omit<HTMLAttributesWithoutMotionProps<HTMLAttributes<HTMLDivElement>, HTMLDivElement> & MotionProps & RefAttributes<...>, "ref"> & { ...; }, never>>'.
    Type 'unknown' is not assignable to type 'Interpolation<FastOmit<Omit<HTMLAttributesWithoutMotionProps<HTMLAttributes<HTMLDivElement>, HTMLDivElement> & MotionProps & RefAttributes<...>, "ref"> & { ...; }, never>>'.
src/components/UserDashboard/UserDashboard.tsx(826,32): error TS18048: 'theme.gradients' is possibly 'undefined'.
src/components/UserDashboard/UserDashboard.tsx(828,38): error TS18046: 'theme.borders' is of type 'unknown'.
src/components/UserDashboard/UserDashboard.tsx(831,32): error TS18048: 'theme.shadows' is possibly 'undefined'.
src/components/UserDashboard/UserDashboard.tsx(831,46): error TS2339: Property 'elevation' does not exist on type 'string[] | Record<string, unknown>'.
  Property 'elevation' does not exist on type 'string[]'.
src/components/UserDashboard/UserDashboard.tsx(849,17): error TS2345: Argument of type '({ theme }: ExecutionContext & FastOmit<Omit<HTMLAttributesWithoutMotionProps<HTMLAttributes<HTMLDivElement>, HTMLDivElement> & MotionProps & RefAttributes<...>, "ref"> & { ...; }, never>) => unknown' is not assignable to parameter of type 'Interpolation<FastOmit<Omit<HTMLAttributesWithoutMotionProps<HTMLAttributes<HTMLDivElement>, HTMLDivElement> & MotionProps & RefAttributes<...>, "ref"> & { ...; }, never>>'.
  Type '({ theme }: ExecutionContext & FastOmit<Omit<HTMLAttributesWithoutMotionProps<HTMLAttributes<HTMLDivElement>, HTMLDivElement> & MotionProps & RefAttributes<...>, "ref"> & { ...; }, never>) => unknown' is not assignable to type 'StyleFunction<FastOmit<Omit<HTMLAttributesWithoutMotionProps<HTMLAttributes<HTMLDivElement>, HTMLDivElement> & MotionProps & RefAttributes<...>, "ref"> & { ...; }, never>>'.
    Type 'unknown' is not assignable to type 'Interpolation<FastOmit<Omit<HTMLAttributesWithoutMotionProps<HTMLAttributes<HTMLDivElement>, HTMLDivElement> & MotionProps & RefAttributes<...>, "ref"> & { ...; }, never>>'.
src/components/UserDashboard/UserDashboard.tsx(849,32): error TS18048: 'theme.gradients' is possibly 'undefined'.
src/components/UserDashboard/UserDashboard.tsx(850,38): error TS18046: 'theme.borders' is of type 'unknown'.
src/components/UserDashboard/UserDashboard.tsx(858,34): error TS18048: 'theme.shadows' is possibly 'undefined'.
src/components/UserDashboard/UserDashboard.tsx(858,48): error TS2339: Property 'primary' does not exist on type 'string[] | Record<string, unknown>'.
  Property 'primary' does not exist on type 'string[]'.
src/components/UserDashboard/UserDashboard.tsx(871,17): error TS2345: Argument of type '({ theme }: ExecutionContext & FastOmit<Omit<HTMLAttributesWithoutMotionProps<HTMLAttributes<HTMLDivElement>, HTMLDivElement> & MotionProps & RefAttributes<...>, "ref"> & { ...; }, never>) => unknown' is not assignable to parameter of type 'Interpolation<FastOmit<Omit<HTMLAttributesWithoutMotionProps<HTMLAttributes<HTMLDivElement>, HTMLDivElement> & MotionProps & RefAttributes<...>, "ref"> & { ...; }, never>>'.
  Type '({ theme }: ExecutionContext & FastOmit<Omit<HTMLAttributesWithoutMotionProps<HTMLAttributes<HTMLDivElement>, HTMLDivElement> & MotionProps & RefAttributes<...>, "ref"> & { ...; }, never>) => unknown' is not assignable to type 'StyleFunction<FastOmit<Omit<HTMLAttributesWithoutMotionProps<HTMLAttributes<HTMLDivElement>, HTMLDivElement> & MotionProps & RefAttributes<...>, "ref"> & { ...; }, never>>'.
    Type 'unknown' is not assignable to type 'Interpolation<FastOmit<Omit<HTMLAttributesWithoutMotionProps<HTMLAttributes<HTMLDivElement>, HTMLDivElement> & MotionProps & RefAttributes<...>, "ref"> & { ...; }, never>>'.
src/components/UserDashboard/UserDashboard.tsx(871,32): error TS18048: 'theme.background' is possibly 'undefined'.
src/components/UserDashboard/UserDashboard.tsx(872,39): error TS18046: 'theme.borders' is of type 'unknown'.
src/components/UserDashboard/UserDashboard.tsx(879,27): error TS18048: 'theme.text' is possibly 'undefined'.
src/components/UserDashboard/UserDashboard.tsx(882,34): error TS18048: 'theme.gradients' is possibly 'undefined'.
src/components/UserDashboard/UserDashboard.tsx(883,36): error TS18048: 'theme.colors' is possibly 'undefined'.
src/components/UserDashboard/UserDashboard.tsx(884,29): error TS18048: 'theme.colors' is possibly 'undefined'.
src/components/UserDashboard/UserDashboard.tsx(912,27): error TS2345: Argument of type '({ theme }: ExecutionContext & FastOmit<Omit<HTMLAttributesWithoutMotionProps<HTMLAttributes<HTMLDivElement>, HTMLDivElement> & MotionProps & RefAttributes<...>, "ref"> & { ...; }, never>) => unknown' is not assignable to parameter of type 'Interpolation<FastOmit<Omit<HTMLAttributesWithoutMotionProps<HTMLAttributes<HTMLDivElement>, HTMLDivElement> & MotionProps & RefAttributes<...>, "ref"> & { ...; }, never>>'.
  Type '({ theme }: ExecutionContext & FastOmit<Omit<HTMLAttributesWithoutMotionProps<HTMLAttributes<HTMLDivElement>, HTMLDivElement> & MotionProps & RefAttributes<...>, "ref"> & { ...; }, never>) => unknown' is not assignable to type 'StyleFunction<FastOmit<Omit<HTMLAttributesWithoutMotionProps<HTMLAttributes<HTMLDivElement>, HTMLDivElement> & MotionProps & RefAttributes<...>, "ref"> & { ...; }, never>>'.
    Type 'unknown' is not assignable to type 'Interpolation<FastOmit<Omit<HTMLAttributesWithoutMotionProps<HTMLAttributes<HTMLDivElement>, HTMLDivElement> & MotionProps & RefAttributes<...>, "ref"> & { ...; }, never>>'.
src/components/UserDashboard/UserDashboard.tsx(912,42): error TS18048: 'theme.colors' is possibly 'undefined'.
src/components/UserDashboard/UserDashboard.tsx(919,12): error TS2345: Argument of type '({ theme }: ExecutionContext & FastOmit<DetailedHTMLProps<HTMLAttributes<HTMLParagraphElement>, HTMLParagraphElement>, never>) => unknown' is not assignable to parameter of type 'Interpolation<FastOmit<DetailedHTMLProps<HTMLAttributes<HTMLParagraphElement>, HTMLParagraphElement>, never>>'.
  Type '({ theme }: ExecutionContext & FastOmit<DetailedHTMLProps<HTMLAttributes<HTMLParagraphElement>, HTMLParagraphElement>, never>) => unknown' is not assignable to type 'StyleFunction<FastOmit<DetailedHTMLProps<HTMLAttributes<HTMLParagraphElement>, HTMLParagraphElement>, never>>'.
    Type 'unknown' is not assignable to type 'Interpolation<FastOmit<DetailedHTMLProps<HTMLAttributes<HTMLParagraphElement>, HTMLParagraphElement>, never>>'.
src/components/UserDashboard/UserDashboard.tsx(919,27): error TS18048: 'theme.text' is possibly 'undefined'.
src/components/UserDashboard/UserDashboard.tsx(968,17): error TS2345: Argument of type '({ theme }: ExecutionContext & FastOmit<Omit<HTMLAttributesWithoutMotionProps<HTMLAttributes<HTMLDivElement>, HTMLDivElement> & MotionProps & RefAttributes<...>, "ref"> & { ...; }, never>) => unknown' is not assignable to parameter of type 'Interpolation<FastOmit<Omit<HTMLAttributesWithoutMotionProps<HTMLAttributes<HTMLDivElement>, HTMLDivElement> & MotionProps & RefAttributes<...>, "ref"> & { ...; }, never>>'.
  Type '({ theme }: ExecutionContext & FastOmit<Omit<HTMLAttributesWithoutMotionProps<HTMLAttributes<HTMLDivElement>, HTMLDivElement> & MotionProps & RefAttributes<...>, "ref"> & { ...; }, never>) => unknown' is not assignable to type 'StyleFunction<FastOmit<Omit<HTMLAttributesWithoutMotionProps<HTMLAttributes<HTMLDivElement>, HTMLDivElement> & MotionProps & RefAttributes<...>, "ref"> & { ...; }, never>>'.
    Type 'unknown' is not assignable to type 'Interpolation<FastOmit<Omit<HTMLAttributesWithoutMotionProps<HTMLAttributes<HTMLDivElement>, HTMLDivElement> & MotionProps & RefAttributes<...>, "ref"> & { ...; }, never>>'.
src/components/UserDashboard/UserDashboard.tsx(968,32): error TS18048: 'theme.gradients' is possibly 'undefined'.
src/components/UserDashboard/UserDashboard.tsx(970,38): error TS18046: 'theme.borders' is of type 'unknown'.
src/components/UserDashboard/UserDashboard.tsx(990,21): error TS2339: Property '$enableAnimations' does not exist on type 'ExecutionContext & FastOmit<Omit<HTMLAttributesWithoutMotionProps<HTMLAttributes<HTMLDivElement>, HTMLDivElement> & MotionProps & RefAttributes<...>, "ref"> & { ...; }, never>'.
src/components/UserDashboard/UserDashboard.tsx(1000,34): error TS18048: 'theme.background' is possibly 'undefined'.
src/components/UserDashboard/UserDashboard.tsx(1034,12): error TS2345: Argument of type '({ theme }: ExecutionContext & FastOmit<DetailedHTMLProps<HTMLAttributes<HTMLHeadingElement>, HTMLHeadingElement>, never>) => unknown' is not assignable to parameter of type 'Interpolation<FastOmit<DetailedHTMLProps<HTMLAttributes<HTMLHeadingElement>, HTMLHeadingElement>, never>>'.
  Type '({ theme }: ExecutionContext & FastOmit<DetailedHTMLProps<HTMLAttributes<HTMLHeadingElement>, HTMLHeadingElement>, never>) => unknown' is not assignable to type 'StyleFunction<FastOmit<DetailedHTMLProps<HTMLAttributes<HTMLHeadingElement>, HTMLHeadingElement>, never>>'.
    Type 'unknown' is not assignable to type 'Interpolation<FastOmit<DetailedHTMLProps<HTMLAttributes<HTMLHeadingElement>, HTMLHeadingElement>, never>>'.
src/components/UserDashboard/UserDashboard.tsx(1034,27): error TS18048: 'theme.text' is possibly 'undefined'.
src/components/UserDashboard/UserDashboard.tsx(1045,19): error TS2339: Property '$performanceLevel' does not exist on type 'ExecutionContext & FastOmit<DetailedHTMLProps<HTMLAttributes<HTMLHeadingElement>, HTMLHeadingElement>, never>'.
src/components/UserDashboard/UserDashboard.tsx(1067,17): error TS2345: Argument of type '({ theme }: ExecutionContext & FastOmit<Omit<HTMLAttributesWithoutMotionProps<HTMLAttributes<HTMLDivElement>, HTMLDivElement> & MotionProps & RefAttributes<...>, "ref"> & { ...; }, never>) => unknown' is not assignable to parameter of type 'Interpolation<FastOmit<Omit<HTMLAttributesWithoutMotionProps<HTMLAttributes<HTMLDivElement>, HTMLDivElement> & MotionProps & RefAttributes<...>, "ref"> & { ...; }, never>>'.
  Type '({ theme }: ExecutionContext & FastOmit<Omit<HTMLAttributesWithoutMotionProps<HTMLAttributes<HTMLDivElement>, HTMLDivElement> & MotionProps & RefAttributes<...>, "ref"> & { ...; }, never>) => unknown' is not assignable to type 'StyleFunction<FastOmit<Omit<HTMLAttributesWithoutMotionProps<HTMLAttributes<HTMLDivElement>, HTMLDivElement> & MotionProps & RefAttributes<...>, "ref"> & { ...; }, never>>'.
    Type 'unknown' is not assignable to type 'Interpolation<FastOmit<Omit<HTMLAttributesWithoutMotionProps<HTMLAttributes<HTMLDivElement>, HTMLDivElement> & MotionProps & RefAttributes<...>, "ref"> & { ...; }, never>>'.
src/components/UserDashboard/UserDashboard.tsx(1067,32): error TS18048: 'theme.background' is possibly 'undefined'.
src/components/UserDashboard/UserDashboard.tsx(1069,38): error TS18046: 'theme.borders' is of type 'unknown'.
src/components/UserDashboard/UserDashboard.tsx(1102,17): error TS2345: Argument of type '({ theme }: ExecutionContext & FastOmit<DetailedHTMLProps<TextareaHTMLAttributes<HTMLTextAreaElement>, HTMLTextAreaElement>, never>) => unknown' is not assignable to parameter of type 'Interpolation<FastOmit<DetailedHTMLProps<TextareaHTMLAttributes<HTMLTextAreaElement>, HTMLTextAreaElement>, never>>'.
  Type '({ theme }: ExecutionContext & FastOmit<DetailedHTMLProps<TextareaHTMLAttributes<HTMLTextAreaElement>, HTMLTextAreaElement>, never>) => unknown' is not assignable to type 'StyleFunction<FastOmit<DetailedHTMLProps<TextareaHTMLAttributes<HTMLTextAreaElement>, HTMLTextAreaElement>, never>>'.
    Type 'unknown' is not assignable to type 'Interpolation<FastOmit<DetailedHTMLProps<TextareaHTMLAttributes<HTMLTextAreaElement>, HTMLTextAreaElement>, never>>'.
src/components/UserDashboard/UserDashboard.tsx(1102,32): error TS18048: 'theme.background' is possibly 'undefined'.
src/components/UserDashboard/UserDashboard.tsx(1103,38): error TS18046: 'theme.borders' is of type 'unknown'.
src/components/UserDashboard/UserDashboard.tsx(1106,27): error TS18048: 'theme.text' is possibly 'undefined'.
src/components/UserDashboard/UserDashboard.tsx(1114,29): error TS18048: 'theme.text' is possibly 'undefined'.
src/components/UserDashboard/UserDashboard.tsx(1119,36): error TS18048: 'theme.colors' is possibly 'undefined'.
src/components/UserDashboard/UserDashboard.tsx(1120,44): error TS18048: 'theme.colors' is possibly 'undefined'.
src/components/UserDashboard/UserDashboard.tsx(1156,17): error TS2345: Argument of type '({ theme }: ExecutionContext & FastOmit<Omit<HTMLAttributesWithoutMotionProps<ButtonHTMLAttributes<HTMLButtonElement>, HTMLButtonElement> & MotionProps & RefAttributes<...>, "ref"> & { ...; }, never>) => unknown' is not assignable to parameter of type 'Interpolation<FastOmit<Omit<HTMLAttributesWithoutMotionProps<ButtonHTMLAttributes<HTMLButtonElement>, HTMLButtonElement> & MotionProps & RefAttributes<...>, "ref"> & { ...; }, never>>'.
  Type '({ theme }: ExecutionContext & FastOmit<Omit<HTMLAttributesWithoutMotionProps<ButtonHTMLAttributes<HTMLButtonElement>, HTMLButtonElement> & MotionProps & RefAttributes<...>, "ref"> & { ...; }, never>) => unknown' is not assignable to type 'StyleFunction<FastOmit<Omit<HTMLAttributesWithoutMotionProps<ButtonHTMLAttributes<HTMLButtonElement>, HTMLButtonElement> & MotionProps & RefAttributes<...>, "ref"> & { ...; }, never>>'.
    Type 'unknown' is not assignable to type 'Interpolation<FastOmit<Omit<HTMLAttributesWithoutMotionProps<ButtonHTMLAttributes<HTMLButtonElement>, HTMLButtonElement> & MotionProps & RefAttributes<...>, "ref"> & { ...; }, never>>'.
src/components/UserDashboard/UserDashboard.tsx(1156,32): error TS18048: 'theme.background' is possibly 'undefined'.
src/components/UserDashboard/UserDashboard.tsx(1157,38): error TS18046: 'theme.borders' is of type 'unknown'.
src/components/UserDashboard/UserDashboard.tsx(1159,27): error TS18048: 'theme.text' is possibly 'undefined'.
src/components/UserDashboard/UserDashboard.tsx(1165,34): error TS18048: 'theme.colors' is possibly 'undefined'.
src/components/UserDashboard/UserDashboard.tsx(1166,36): error TS18048: 'theme.colors' is possibly 'undefined'.
src/components/UserDashboard/UserDashboard.tsx(1167,29): error TS18048: 'theme.colors' is possibly 'undefined'.
src/components/UserDashboard/UserDashboard.tsx(1203,17): error TS2345: Argument of type '({ theme }: ExecutionContext & FastOmit<Omit<HTMLAttributesWithoutMotionProps<HTMLAttributes<HTMLDivElement>, HTMLDivElement> & MotionProps & RefAttributes<...>, "ref"> & { ...; }, never>) => unknown' is not assignable to parameter of type 'Interpolation<FastOmit<Omit<HTMLAttributesWithoutMotionProps<HTMLAttributes<HTMLDivElement>, HTMLDivElement> & MotionProps & RefAttributes<...>, "ref"> & { ...; }, never>>'.
  Type '({ theme }: ExecutionContext & FastOmit<Omit<HTMLAttributesWithoutMotionProps<HTMLAttributes<HTMLDivElement>, HTMLDivElement> & MotionProps & RefAttributes<...>, "ref"> & { ...; }, never>) => unknown' is not assignable to type 'StyleFunction<FastOmit<Omit<HTMLAttributesWithoutMotionProps<HTMLAttributes<HTMLDivElement>, HTMLDivElement> & MotionProps & RefAttributes<...>, "ref"> & { ...; }, never>>'.
    Type 'unknown' is not assignable to type 'Interpolation<FastOmit<Omit<HTMLAttributesWithoutMotionProps<HTMLAttributes<HTMLDivElement>, HTMLDivElement> & MotionProps & RefAttributes<...>, "ref"> & { ...; }, never>>'.
src/components/UserDashboard/UserDashboard.tsx(1203,32): error TS18048: 'theme.background' is possibly 'undefined'.
src/components/UserDashboard/UserDashboard.tsx(1205,38): error TS18046: 'theme.borders' is of type 'unknown'.
src/components/UserDashboard/UserDashboard.tsx(1210,19): error TS2339: Property '$enableAnimations' does not exist on type 'ExecutionContext & FastOmit<Omit<HTMLAttributesWithoutMotionProps<HTMLAttributes<HTMLDivElement>, HTMLDivElement> & MotionProps & RefAttributes<...>, "ref"> & { ...; }, never>'.
src/components/UserDashboard/UserDashboard.tsx(1210,38): error TS2339: Property '$performanceLevel' does not exist on type 'ExecutionContext & FastOmit<Omit<HTMLAttributesWithoutMotionProps<HTMLAttributes<HTMLDivElement>, HTMLDivElement> & MotionProps & RefAttributes<...>, "ref"> & { ...; }, never>'.
src/components/UserDashboard/UserDashboard.tsx(1218,36): error TS18048: 'theme.colors' is possibly 'undefined'.
src/components/UserDashboard/UserDashboard.tsx(1248,17): error TS2345: Argument of type '({ $image, theme }: ExecutionContext & FastOmit<DetailedHTMLProps<HTMLAttributes<HTMLDivElement>, HTMLDivElement>, never>) => unknown' is not assignable to parameter of type 'Interpolation<FastOmit<DetailedHTMLProps<HTMLAttributes<HTMLDivElement>, HTMLDivElement>, never>>'.
  Type '({ $image, theme }: ExecutionContext & FastOmit<DetailedHTMLProps<HTMLAttributes<HTMLDivElement>, HTMLDivElement>, never>) => unknown' is not assignable to type 'StyleFunction<FastOmit<DetailedHTMLProps<HTMLAttributes<HTMLDivElement>, HTMLDivElement>, never>>'.
    Type 'unknown' is not assignable to type 'Interpolation<FastOmit<DetailedHTMLProps<HTMLAttributes<HTMLDivElement>, HTMLDivElement>, never>>'.
src/components/UserDashboard/UserDashboard.tsx(1248,20): error TS2339: Property '$image' does not exist on type 'ExecutionContext & FastOmit<DetailedHTMLProps<HTMLAttributes<HTMLDivElement>, HTMLDivElement>, never>'.
src/components/UserDashboard/UserDashboard.tsx(1249,33): error TS18048: 'theme.gradients' is possibly 'undefined'.
src/components/UserDashboard/UserDashboard.tsx(1253,38): error TS18048: 'theme.colors' is possibly 'undefined'.
src/components/UserDashboard/UserDashboard.tsx(1259,19): error TS2339: Property '$enableAnimations' does not exist on type 'ExecutionContext & FastOmit<DetailedHTMLProps<HTMLAttributes<HTMLDivElement>, HTMLDivElement>, never>'.
src/components/UserDashboard/UserDashboard.tsx(1259,38): error TS2339: Property '$performanceLevel' does not exist on type 'ExecutionContext & FastOmit<DetailedHTMLProps<HTMLAttributes<HTMLDivElement>, HTMLDivElement>, never>'.
src/components/UserDashboard/UserDashboard.tsx(1278,12): error TS2345: Argument of type '({ theme }: ExecutionContext & FastOmit<DetailedHTMLProps<HTMLAttributes<HTMLHeadingElement>, HTMLHeadingElement>, never>) => unknown' is not assignable to parameter of type 'Interpolation<FastOmit<DetailedHTMLProps<HTMLAttributes<HTMLHeadingElement>, HTMLHeadingElement>, never>>'.
  Type '({ theme }: ExecutionContext & FastOmit<DetailedHTMLProps<HTMLAttributes<HTMLHeadingElement>, HTMLHeadingElement>, never>) => unknown' is not assignable to type 'StyleFunction<FastOmit<DetailedHTMLProps<HTMLAttributes<HTMLHeadingElement>, HTMLHeadingElement>, never>>'.
    Type 'unknown' is not assignable to type 'Interpolation<FastOmit<DetailedHTMLProps<HTMLAttributes<HTMLHeadingElement>, HTMLHeadingElement>, never>>'.
src/components/UserDashboard/UserDashboard.tsx(1278,27): error TS18048: 'theme.text' is possibly 'undefined'.
src/components/UserDashboard/UserDashboard.tsx(1285,12): error TS2345: Argument of type '({ theme }: ExecutionContext & FastOmit<DetailedHTMLProps<HTMLAttributes<HTMLParagraphElement>, HTMLParagraphElement>, never>) => unknown' is not assignable to parameter of type 'Interpolation<FastOmit<DetailedHTMLProps<HTMLAttributes<HTMLParagraphElement>, HTMLParagraphElement>, never>>'.
  Type '({ theme }: ExecutionContext & FastOmit<DetailedHTMLProps<HTMLAttributes<HTMLParagraphElement>, HTMLParagraphElement>, never>) => unknown' is not assignable to type 'StyleFunction<FastOmit<DetailedHTMLProps<HTMLAttributes<HTMLParagraphElement>, HTMLParagraphElement>, never>>'.
    Type 'unknown' is not assignable to type 'Interpolation<FastOmit<DetailedHTMLProps<HTMLAttributes<HTMLParagraphElement>, HTMLParagraphElement>, never>>'.
src/components/UserDashboard/UserDashboard.tsx(1285,27): error TS18048: 'theme.text' is possibly 'undefined'.
src/components/UserDashboard/UserDashboard.tsx(1295,12): error TS2345: Argument of type '({ theme }: ExecutionContext & FastOmit<DetailedHTMLProps<HTMLAttributes<HTMLParagraphElement>, HTMLParagraphElement>, never>) => unknown' is not assignable to parameter of type 'Interpolation<FastOmit<DetailedHTMLProps<HTMLAttributes<HTMLParagraphElement>, HTMLParagraphElement>, never>>'.
  Type '({ theme }: ExecutionContext & FastOmit<DetailedHTMLProps<HTMLAttributes<HTMLParagraphElement>, HTMLParagraphElement>, never>) => unknown' is not assignable to type 'StyleFunction<FastOmit<DetailedHTMLProps<HTMLAttributes<HTMLParagraphElement>, HTMLParagraphElement>, never>>'.
    Type 'unknown' is not assignable to type 'Interpolation<FastOmit<DetailedHTMLProps<HTMLAttributes<HTMLParagraphElement>, HTMLParagraphElement>, never>>'.
src/components/UserDashboard/UserDashboard.tsx(1295,27): error TS18048: 'theme.text' is possibly 'undefined'.
src/components/UserDashboard/UserDashboard.tsx(1320,42): error TS18046: 'theme.borders' is of type 'unknown'.
src/components/UserDashboard/UserDashboard.tsx(1355,12): error TS2345: Argument of type '({ $active, theme }: ExecutionContext & FastOmit<Omit<HTMLAttributesWithoutMotionProps<ButtonHTMLAttributes<HTMLButtonElement>, HTMLButtonElement> & MotionProps & RefAttributes<...>, "ref"> & { ...; }, never>) => unknown' is not assignable to parameter of type 'Interpolation<FastOmit<Omit<HTMLAttributesWithoutMotionProps<ButtonHTMLAttributes<HTMLButtonElement>, HTMLButtonElement> & MotionProps & RefAttributes<...>, "ref"> & { ...; }, never>>'.
  Type '({ $active, theme }: ExecutionContext & FastOmit<Omit<HTMLAttributesWithoutMotionProps<ButtonHTMLAttributes<HTMLButtonElement>, HTMLButtonElement> & MotionProps & RefAttributes<...>, "ref"> & { ...; }, never>) => unknown' is not assignable to type 'StyleFunction<FastOmit<Omit<HTMLAttributesWithoutMotionProps<ButtonHTMLAttributes<HTMLButtonElement>, HTMLButtonElement> & MotionProps & RefAttributes<...>, "ref"> & { ...; }, never>>'.
    Type 'unknown' is not assignable to type 'Interpolation<FastOmit<Omit<HTMLAttributesWithoutMotionProps<ButtonHTMLAttributes<HTMLButtonElement>, HTMLButtonElement> & MotionProps & RefAttributes<...>, "ref"> & { ...; }, never>>'.
src/components/UserDashboard/UserDashboard.tsx(1355,15): error TS2339: Property '$active' does not exist on type 'ExecutionContext & FastOmit<Omit<HTMLAttributesWithoutMotionProps<ButtonHTMLAttributes<HTMLButtonElement>, HTMLButtonElement> & MotionProps & RefAttributes<...>, "ref"> & { ...; }, never>'.
src/components/UserDashboard/UserDashboard.tsx(1356,15): error TS18048: 'theme.colors' is possibly 'undefined'.
src/components/UserDashboard/UserDashboard.tsx(1356,38): error TS18048: 'theme.text' is possibly 'undefined'.
src/components/UserDashboard/UserDashboard.tsx(1366,34): error TS18048: 'theme.colors' is possibly 'undefined'.
src/components/UserDashboard/UserDashboard.tsx(1367,29): error TS18048: 'theme.colors' is possibly 'undefined'.
src/components/UserDashboard/UserDashboard.tsx(1416,15): error TS7006: Parameter 'props' implicitly has an 'any' type.
src/components/UserDashboard/UserDashboard.tsx(1421,35): error TS7006: Parameter 'error' implicitly has an 'any' type.
src/components/UserDashboard/UserDashboard.tsx(1425,21): error TS7006: Parameter 'error' implicitly has an 'any' type.
src/components/UserDashboard/UserDashboard.tsx(1425,28): error TS7006: Parameter 'errorInfo' implicitly has an 'any' type.
src/components/UserDashboard/UserDashboard.tsx(1430,20): error TS2339: Property 'hasError' does not exist on type 'Readonly<{}>'.
src/components/UserDashboard/UserDashboard.tsx(1465,23): error TS2339: Property 'children' does not exist on type 'Readonly<{}>'.
src/components/UserDashboard/UserDashboard.tsx(1592,9): error TS2349: This expression is not callable.
  Type 'never' has no call signatures.
src/components/UserDashboard/UserDashboard.tsx(1968,20): error TS2345: Argument of type '(prev: ({ id: number; author: { name: string; username: string; image: null; initials: string; }; content: string; media: { type: string; url: string; }; timestamp: string; interactions: { inspires: number; resonates: number; uplifts: number; comments: number; }; userInteractions: { ...; }; } | { ...; })[]) => ({ .....' is not assignable to parameter of type 'SetStateAction<({ id: number; author: { name: string; username: string; image: null; initials: string; }; content: string; media: { type: string; url: string; }; timestamp: string; interactions: { inspires: number; resonates: number; uplifts: number; comments: number; }; userInteractions: { ...; }; } | { ...; })[]>'.
  Type '(prev: ({ id: number; author: { name: string; username: string; image: null; initials: string; }; content: string; media: { type: string; url: string; }; timestamp: string; interactions: { inspires: number; resonates: number; uplifts: number; comments: number; }; userInteractions: { ...; }; } | { ...; })[]) => ({ .....' is not assignable to type '(prevState: ({ id: number; author: { name: string; username: string; image: null; initials: string; }; content: string; media: { type: string; url: string; }; timestamp: string; interactions: { inspires: number; resonates: number; uplifts: number; comments: number; }; userInteractions: { ...; }; } | { ...; })[]) => ...'.
    Type '({ id: number; author: { name: string; username: string; image: null; initials: string; }; content: string; media: { type: string; url: string; }; timestamp: string; interactions: { inspires: number; resonates: number; uplifts: number; comments: number; }; userInteractions: { ...; }; } | { ...; } | { ...; })[]' is not assignable to type '({ id: number; author: { name: string; username: string; image: null; initials: string; }; content: string; media: { type: string; url: string; }; timestamp: string; interactions: { inspires: number; resonates: number; uplifts: number; comments: number; }; userInteractions: { ...; }; } | { ...; })[]'.
      Type '{ id: number; author: { name: string; username: string; image: null; initials: string; }; content: string; media: { type: string; url: string; }; timestamp: string; interactions: { inspires: number; resonates: number; uplifts: number; comments: number; }; userInteractions: { ...; }; } | { ...; } | { ...; }' is not assignable to type '{ id: number; author: { name: string; username: string; image: null; initials: string; }; content: string; media: { type: string; url: string; }; timestamp: string; interactions: { inspires: number; resonates: number; uplifts: number; comments: number; }; userInteractions: { ...; }; } | { ...; }'.
        Type '{ id: number; author: { name: string; username: string; image: string | undefined; initials: string; }; content: string; media: null; timestamp: string; interactions: { inspires: number; resonates: number; uplifts: number; comments: number; }; userInteractions: { ...; }; }' is not assignable to type '{ id: number; author: { name: string; username: string; image: null; initials: string; }; content: string; media: { type: string; url: string; }; timestamp: string; interactions: { inspires: number; resonates: number; uplifts: number; comments: number; }; userInteractions: { ...; }; } | { ...; }'.
          Type '{ id: number; author: { name: string; username: string; image: string | undefined; initials: string; }; content: string; media: null; timestamp: string; interactions: { inspires: number; resonates: number; uplifts: number; comments: number; }; userInteractions: { ...; }; }' is not assignable to type '{ id: number; author: { name: string; username: string; image: null; initials: string; }; content: string; media: null; timestamp: string; interactions: { inspires: number; resonates: number; uplifts: number; comments: number; }; userInteractions: { ...; }; }'.
            The types of 'author.image' are incompatible between these types.
              Type 'string | undefined' is not assignable to type 'null'.
                Type 'undefined' is not assignable to type 'null'.
src/components/UserDashboard/UserDashboard.tsx(2008,7): error TS2769: No overload matches this call.
  Overload 1 of 2, '(props: PolymorphicComponentProps<"web", FastOmit<Omit<HTMLAttributesWithoutMotionProps<HTMLAttributes<HTMLDivElement>, HTMLDivElement> & MotionProps & RefAttributes<...>, "ref"> & { ...; }, never>, void, void, {}, {}>): Element', gave the following error.
    Type '{ children: Element; $enableAnimations: boolean; initial: { opacity: number; y: number; }; animate: { opacity: number; y: number; }; transition: { duration: number; }; }' is not assignable to type 'IntrinsicAttributes & FastOmit<Substitute<FastOmit<Omit<HTMLAttributesWithoutMotionProps<HTMLAttributes<HTMLDivElement>, HTMLDivElement> & MotionProps & RefAttributes<...>, "ref"> & { ...; }, never>, FastOmit<...>>, keyof ExecutionProps> & FastOmit<...> & { ...; }'.
      Property '$enableAnimations' does not exist on type 'IntrinsicAttributes & FastOmit<Substitute<FastOmit<Omit<HTMLAttributesWithoutMotionProps<HTMLAttributes<HTMLDivElement>, HTMLDivElement> & MotionProps & RefAttributes<...>, "ref"> & { ...; }, never>, FastOmit<...>>, keyof ExecutionProps> & FastOmit<...> & { ...; }'.
  Overload 2 of 2, '(props: FastOmit<Omit<HTMLAttributesWithoutMotionProps<HTMLAttributes<HTMLDivElement>, HTMLDivElement> & MotionProps & RefAttributes<...>, "ref"> & { ...; }, never>): ReactNode', gave the following error.
    Type '{ children: Element; $enableAnimations: boolean; initial: { opacity: number; y: number; }; animate: { opacity: number; y: number; }; transition: { duration: number; }; }' is not assignable to type 'IntrinsicAttributes & FastOmit<Omit<HTMLAttributesWithoutMotionProps<HTMLAttributes<HTMLDivElement>, HTMLDivElement> & MotionProps & RefAttributes<...>, "ref"> & { ...; }, never>'.
      Property '$enableAnimations' does not exist on type 'IntrinsicAttributes & FastOmit<Omit<HTMLAttributesWithoutMotionProps<HTMLAttributes<HTMLDivElement>, HTMLDivElement> & MotionProps & RefAttributes<...>, "ref"> & { ...; }, never>'.
src/components/UserDashboard/UserDashboard.tsx(2015,22): error TS2769: No overload matches this call.
  Overload 1 of 2, '(props: PolymorphicComponentProps<"web", FastOmit<DetailedHTMLProps<HTMLAttributes<HTMLHeadingElement>, HTMLHeadingElement>, never>, void, void, {}, {}>): Element', gave the following error.
    Type '{ children: (string | Element)[]; $performanceLevel: "medium" | "weak" | "powerful"; }' is not assignable to type 'IntrinsicAttributes & FastOmit<Substitute<FastOmit<DetailedHTMLProps<HTMLAttributes<HTMLHeadingElement>, HTMLHeadingElement>, never>, FastOmit<...>>, keyof ExecutionProps> & FastOmit<...> & { ...; }'.
      Property '$performanceLevel' does not exist on type 'IntrinsicAttributes & FastOmit<Substitute<FastOmit<DetailedHTMLProps<HTMLAttributes<HTMLHeadingElement>, HTMLHeadingElement>, never>, FastOmit<...>>, keyof ExecutionProps> & FastOmit<...> & { ...; }'.
  Overload 2 of 2, '(props: FastOmit<DetailedHTMLProps<HTMLAttributes<HTMLHeadingElement>, HTMLHeadingElement>, never>): ReactNode', gave the following error.
    Type '{ children: (string | Element)[]; $performanceLevel: "medium" | "weak" | "powerful"; }' is not assignable to type 'IntrinsicAttributes & FastOmit<DetailedHTMLProps<HTMLAttributes<HTMLHeadingElement>, HTMLHeadingElement>, never>'.
      Property '$performanceLevel' does not exist on type 'IntrinsicAttributes & FastOmit<DetailedHTMLProps<HTMLAttributes<HTMLHeadingElement>, HTMLHeadingElement>, never>'.
src/components/UserDashboard/UserDashboard.tsx(2087,15): error TS2769: No overload matches this call.
  Overload 1 of 2, '(props: PolymorphicComponentProps<"web", FastOmit<Omit<HTMLAttributesWithoutMotionProps<HTMLAttributes<HTMLDivElement>, HTMLDivElement> & MotionProps & RefAttributes<...>, "ref"> & { ...; }, never>, void, void, {}, {}>): Element', gave the following error.
    Type '{ children: Element[]; key: number; $enableAnimations: boolean; $performanceLevel: "medium" | "weak" | "powerful"; initial: { opacity: number; y: number; }; animate: { opacity: number; y: number; }; transition: { ...; }; }' is not assignable to type 'IntrinsicAttributes & FastOmit<Substitute<FastOmit<Omit<HTMLAttributesWithoutMotionProps<HTMLAttributes<HTMLDivElement>, HTMLDivElement> & MotionProps & RefAttributes<...>, "ref"> & { ...; }, never>, FastOmit<...>>, keyof ExecutionProps> & FastOmit<...> & { ...; }'.
      Property '$enableAnimations' does not exist on type 'IntrinsicAttributes & FastOmit<Substitute<FastOmit<Omit<HTMLAttributesWithoutMotionProps<HTMLAttributes<HTMLDivElement>, HTMLDivElement> & MotionProps & RefAttributes<...>, "ref"> & { ...; }, never>, FastOmit<...>>, keyof ExecutionProps> & FastOmit<...> & { ...; }'.
  Overload 2 of 2, '(props: FastOmit<Omit<HTMLAttributesWithoutMotionProps<HTMLAttributes<HTMLDivElement>, HTMLDivElement> & MotionProps & RefAttributes<...>, "ref"> & { ...; }, never>): ReactNode', gave the following error.
    Type '{ children: Element[]; key: number; $enableAnimations: boolean; $performanceLevel: "medium" | "weak" | "powerful"; initial: { opacity: number; y: number; }; animate: { opacity: number; y: number; }; transition: { ...; }; }' is not assignable to type 'IntrinsicAttributes & FastOmit<Omit<HTMLAttributesWithoutMotionProps<HTMLAttributes<HTMLDivElement>, HTMLDivElement> & MotionProps & RefAttributes<...>, "ref"> & { ...; }, never>'.
      Property '$enableAnimations' does not exist on type 'IntrinsicAttributes & FastOmit<Omit<HTMLAttributesWithoutMotionProps<HTMLAttributes<HTMLDivElement>, HTMLDivElement> & MotionProps & RefAttributes<...>, "ref"> & { ...; }, never>'.
src/components/UserDashboard/UserDashboard.tsx(2095,19): error TS2769: No overload matches this call.
  Overload 1 of 2, '(props: PolymorphicComponentProps<"web", FastOmit<DetailedHTMLProps<HTMLAttributes<HTMLDivElement>, HTMLDivElement>, never>, void, void, {}, {}>): Element', gave the following error.
    Type '{ children: string; $image: null; $enableAnimations: boolean; $performanceLevel: "medium" | "weak" | "powerful"; }' is not assignable to type 'IntrinsicAttributes & FastOmit<Substitute<FastOmit<DetailedHTMLProps<HTMLAttributes<HTMLDivElement>, HTMLDivElement>, never>, FastOmit<...>>, keyof ExecutionProps> & FastOmit<...> & { ...; }'.
      Property '$image' does not exist on type 'IntrinsicAttributes & FastOmit<Substitute<FastOmit<DetailedHTMLProps<HTMLAttributes<HTMLDivElement>, HTMLDivElement>, never>, FastOmit<...>>, keyof ExecutionProps> & FastOmit<...> & { ...; }'.
  Overload 2 of 2, '(props: FastOmit<DetailedHTMLProps<HTMLAttributes<HTMLDivElement>, HTMLDivElement>, never>): ReactNode', gave the following error.
    Type '{ children: string; $image: null; $enableAnimations: boolean; $performanceLevel: "medium" | "weak" | "powerful"; }' is not assignable to type 'IntrinsicAttributes & FastOmit<DetailedHTMLProps<HTMLAttributes<HTMLDivElement>, HTMLDivElement>, never>'.
      Property '$image' does not exist on type 'IntrinsicAttributes & FastOmit<DetailedHTMLProps<HTMLAttributes<HTMLDivElement>, HTMLDivElement>, never>'.
src/components/UserDashboard/UserDashboard.tsx(2130,21): error TS2769: No overload matches this call.
  Overload 1 of 2, '(props: PolymorphicComponentProps<"web", FastOmit<Omit<HTMLAttributesWithoutMotionProps<ButtonHTMLAttributes<HTMLButtonElement>, HTMLButtonElement> & MotionProps & RefAttributes<...>, "ref"> & { ...; }, never>, void, void, {}, {}>): Element', gave the following error.
    Type '{ children: (string | number | Element)[]; $active: boolean; onClick: () => void; whileHover: { scale: number; }; whileTap: { scale: number; }; }' is not assignable to type 'IntrinsicAttributes & FastOmit<Substitute<FastOmit<Omit<HTMLAttributesWithoutMotionProps<ButtonHTMLAttributes<HTMLButtonElement>, HTMLButtonElement> & MotionProps & RefAttributes<...>, "ref"> & { ...; }, never>, FastOmit<...>>, keyof ExecutionProps> & FastOmit<...> & { ...; }'.
      Property '$active' does not exist on type 'IntrinsicAttributes & FastOmit<Substitute<FastOmit<Omit<HTMLAttributesWithoutMotionProps<ButtonHTMLAttributes<HTMLButtonElement>, HTMLButtonElement> & MotionProps & RefAttributes<...>, "ref"> & { ...; }, never>, FastOmit<...>>, keyof ExecutionProps> & FastOmit<...> & { ...; }'.
  Overload 2 of 2, '(props: FastOmit<Omit<HTMLAttributesWithoutMotionProps<ButtonHTMLAttributes<HTMLButtonElement>, HTMLButtonElement> & MotionProps & RefAttributes<...>, "ref"> & { ...; }, never>): ReactNode', gave the following error.
    Type '{ children: (string | number | Element)[]; $active: boolean; onClick: () => void; whileHover: { scale: number; }; whileTap: { scale: number; }; }' is not assignable to type 'IntrinsicAttributes & FastOmit<Omit<HTMLAttributesWithoutMotionProps<ButtonHTMLAttributes<HTMLButtonElement>, HTMLButtonElement> & MotionProps & RefAttributes<...>, "ref"> & { ...; }, never>'.
      Property '$active' does not exist on type 'IntrinsicAttributes & FastOmit<Omit<HTMLAttributesWithoutMotionProps<ButtonHTMLAttributes<HTMLButtonElement>, HTMLButtonElement> & MotionProps & RefAttributes<...>, "ref"> & { ...; }, never>'.
src/components/UserDashboard/UserDashboard.tsx(2139,21): error TS2769: No overload matches this call.
  Overload 1 of 2, '(props: PolymorphicComponentProps<"web", FastOmit<Omit<HTMLAttributesWithoutMotionProps<ButtonHTMLAttributes<HTMLButtonElement>, HTMLButtonElement> & MotionProps & RefAttributes<...>, "ref"> & { ...; }, never>, void, void, {}, {}>): Element', gave the following error.
    Type '{ children: (string | number | Element)[]; $active: boolean; onClick: () => void; whileHover: { scale: number; }; whileTap: { scale: number; }; }' is not assignable to type 'IntrinsicAttributes & FastOmit<Substitute<FastOmit<Omit<HTMLAttributesWithoutMotionProps<ButtonHTMLAttributes<HTMLButtonElement>, HTMLButtonElement> & MotionProps & RefAttributes<...>, "ref"> & { ...; }, never>, FastOmit<...>>, keyof ExecutionProps> & FastOmit<...> & { ...; }'.
      Property '$active' does not exist on type 'IntrinsicAttributes & FastOmit<Substitute<FastOmit<Omit<HTMLAttributesWithoutMotionProps<ButtonHTMLAttributes<HTMLButtonElement>, HTMLButtonElement> & MotionProps & RefAttributes<...>, "ref"> & { ...; }, never>, FastOmit<...>>, keyof ExecutionProps> & FastOmit<...> & { ...; }'.
  Overload 2 of 2, '(props: FastOmit<Omit<HTMLAttributesWithoutMotionProps<ButtonHTMLAttributes<HTMLButtonElement>, HTMLButtonElement> & MotionProps & RefAttributes<...>, "ref"> & { ...; }, never>): ReactNode', gave the following error.
    Type '{ children: (string | number | Element)[]; $active: boolean; onClick: () => void; whileHover: { scale: number; }; whileTap: { scale: number; }; }' is not assignable to type 'IntrinsicAttributes & FastOmit<Omit<HTMLAttributesWithoutMotionProps<ButtonHTMLAttributes<HTMLButtonElement>, HTMLButtonElement> & MotionProps & RefAttributes<...>, "ref"> & { ...; }, never>'.
      Property '$active' does not exist on type 'IntrinsicAttributes & FastOmit<Omit<HTMLAttributesWithoutMotionProps<ButtonHTMLAttributes<HTMLButtonElement>, HTMLButtonElement> & MotionProps & RefAttributes<...>, "ref"> & { ...; }, never>'.
src/components/UserDashboard/UserDashboard.tsx(2148,21): error TS2769: No overload matches this call.
  Overload 1 of 2, '(props: PolymorphicComponentProps<"web", FastOmit<Omit<HTMLAttributesWithoutMotionProps<ButtonHTMLAttributes<HTMLButtonElement>, HTMLButtonElement> & MotionProps & RefAttributes<...>, "ref"> & { ...; }, never>, void, void, {}, {}>): Element', gave the following error.
    Type '{ children: (string | number | Element)[]; $active: boolean; onClick: () => void; whileHover: { scale: number; }; whileTap: { scale: number; }; }' is not assignable to type 'IntrinsicAttributes & FastOmit<Substitute<FastOmit<Omit<HTMLAttributesWithoutMotionProps<ButtonHTMLAttributes<HTMLButtonElement>, HTMLButtonElement> & MotionProps & RefAttributes<...>, "ref"> & { ...; }, never>, FastOmit<...>>, keyof ExecutionProps> & FastOmit<...> & { ...; }'.
      Property '$active' does not exist on type 'IntrinsicAttributes & FastOmit<Substitute<FastOmit<Omit<HTMLAttributesWithoutMotionProps<ButtonHTMLAttributes<HTMLButtonElement>, HTMLButtonElement> & MotionProps & RefAttributes<...>, "ref"> & { ...; }, never>, FastOmit<...>>, keyof ExecutionProps> & FastOmit<...> & { ...; }'.
  Overload 2 of 2, '(props: FastOmit<Omit<HTMLAttributesWithoutMotionProps<ButtonHTMLAttributes<HTMLButtonElement>, HTMLButtonElement> & MotionProps & RefAttributes<...>, "ref"> & { ...; }, never>): ReactNode', gave the following error.
    Type '{ children: (string | number | Element)[]; $active: boolean; onClick: () => void; whileHover: { scale: number; }; whileTap: { scale: number; }; }' is not assignable to type 'IntrinsicAttributes & FastOmit<Omit<HTMLAttributesWithoutMotionProps<ButtonHTMLAttributes<HTMLButtonElement>, HTMLButtonElement> & MotionProps & RefAttributes<...>, "ref"> & { ...; }, never>'.
      Property '$active' does not exist on type 'IntrinsicAttributes & FastOmit<Omit<HTMLAttributesWithoutMotionProps<ButtonHTMLAttributes<HTMLButtonElement>, HTMLButtonElement> & MotionProps & RefAttributes<...>, "ref"> & { ...; }, never>'.
src/components/UserDashboard/UserDashboard.tsx(2764,18): error TS2532: Object is possibly 'undefined'.
src/components/UserDashboard/UserDashboard.tsx(2764,56): error TS2532: Object is possibly 'undefined'.
src/components/UserDashboard/UserDashboard.tsx(2889,7): error TS2769: No overload matches this call.
  Overload 1 of 2, '(props: PolymorphicComponentProps<"web", FastOmit<Omit<HTMLAttributesWithoutMotionProps<HTMLAttributes<HTMLDivElement>, HTMLDivElement> & MotionProps & RefAttributes<...>, "ref"> & { ...; }, never>, void, void, {}, {}>): Element', gave the following error.
    Type '{ children: Element[]; $performanceLevel: "medium" | "weak" | "powerful"; initial: { opacity: number; }; animate: { opacity: number; }; transition: { duration: number; }; }' is not assignable to type 'IntrinsicAttributes & FastOmit<Substitute<FastOmit<Omit<HTMLAttributesWithoutMotionProps<HTMLAttributes<HTMLDivElement>, HTMLDivElement> & MotionProps & RefAttributes<...>, "ref"> & { ...; }, never>, FastOmit<...>>, keyof ExecutionProps> & FastOmit<...> & { ...; }'.
      Property '$performanceLevel' does not exist on type 'IntrinsicAttributes & FastOmit<Substitute<FastOmit<Omit<HTMLAttributesWithoutMotionProps<HTMLAttributes<HTMLDivElement>, HTMLDivElement> & MotionProps & RefAttributes<...>, "ref"> & { ...; }, never>, FastOmit<...>>, keyof ExecutionProps> & FastOmit<...> & { ...; }'.
  Overload 2 of 2, '(props: FastOmit<Omit<HTMLAttributesWithoutMotionProps<HTMLAttributes<HTMLDivElement>, HTMLDivElement> & MotionProps & RefAttributes<...>, "ref"> & { ...; }, never>): ReactNode', gave the following error.
    Type '{ children: Element[]; $performanceLevel: "medium" | "weak" | "powerful"; initial: { opacity: number; }; animate: { opacity: number; }; transition: { duration: number; }; }' is not assignable to type 'IntrinsicAttributes & FastOmit<Omit<HTMLAttributesWithoutMotionProps<HTMLAttributes<HTMLDivElement>, HTMLDivElement> & MotionProps & RefAttributes<...>, "ref"> & { ...; }, never>'.
      Property '$performanceLevel' does not exist on type 'IntrinsicAttributes & FastOmit<Omit<HTMLAttributesWithoutMotionProps<HTMLAttributes<HTMLDivElement>, HTMLDivElement> & MotionProps & RefAttributes<...>, "ref"> & { ...; }, never>'.
src/components/UserDashboard/UserDashboard.tsx(2901,37): error TS2769: No overload matches this call.
  Overload 1 of 2, '(props: PolymorphicComponentProps<"web", FastOmit<DetailedHTMLProps<HTMLAttributes<HTMLDivElement>, HTMLDivElement>, never>, void, void, {}, {}>): Element', gave the following error.
    Type '{ children: Element; $backgroundImage: string | null; }' is not assignable to type 'IntrinsicAttributes & FastOmit<Substitute<FastOmit<DetailedHTMLProps<HTMLAttributes<HTMLDivElement>, HTMLDivElement>, never>, FastOmit<...>>, keyof ExecutionProps> & FastOmit<...> & { ...; }'.
      Property '$backgroundImage' does not exist on type 'IntrinsicAttributes & FastOmit<Substitute<FastOmit<DetailedHTMLProps<HTMLAttributes<HTMLDivElement>, HTMLDivElement>, never>, FastOmit<...>>, keyof ExecutionProps> & FastOmit<...> & { ...; }'.
  Overload 2 of 2, '(props: FastOmit<DetailedHTMLProps<HTMLAttributes<HTMLDivElement>, HTMLDivElement>, never>): ReactNode', gave the following error.
    Type '{ children: Element; $backgroundImage: string | null; }' is not assignable to type 'IntrinsicAttributes & FastOmit<DetailedHTMLProps<HTMLAttributes<HTMLDivElement>, HTMLDivElement>, never>'.
      Property '$backgroundImage' does not exist on type 'IntrinsicAttributes & FastOmit<DetailedHTMLProps<HTMLAttributes<HTMLDivElement>, HTMLDivElement>, never>'.
src/components/UserDashboard/UserDashboard.tsx(2903,15): error TS2769: No overload matches this call.
  Overload 1 of 2, '(props: PolymorphicComponentProps<"web", FastOmit<Omit<HTMLAttributesWithoutMotionProps<HTMLAttributes<HTMLDivElement>, HTMLDivElement> & MotionProps & RefAttributes<...>, "ref"> & { ...; }, never>, void, void, {}, {}>): Element', gave the following error.
    Type '{ children: Element[]; $hasImage: boolean; onClick: () => void; whileHover: { opacity: number; } | undefined; whileTap: { scale: number; } | undefined; }' is not assignable to type 'IntrinsicAttributes & FastOmit<Substitute<FastOmit<Omit<HTMLAttributesWithoutMotionProps<HTMLAttributes<HTMLDivElement>, HTMLDivElement> & MotionProps & RefAttributes<...>, "ref"> & { ...; }, never>, FastOmit<...>>, keyof ExecutionProps> & FastOmit<...> & { ...; }'.
      Property '$hasImage' does not exist on type 'IntrinsicAttributes & FastOmit<Substitute<FastOmit<Omit<HTMLAttributesWithoutMotionProps<HTMLAttributes<HTMLDivElement>, HTMLDivElement> & MotionProps & RefAttributes<...>, "ref"> & { ...; }, never>, FastOmit<...>>, keyof ExecutionProps> & FastOmit<...> & { ...; }'.
  Overload 2 of 2, '(props: FastOmit<Omit<HTMLAttributesWithoutMotionProps<HTMLAttributes<HTMLDivElement>, HTMLDivElement> & MotionProps & RefAttributes<...>, "ref"> & { ...; }, never>): ReactNode', gave the following error.
    Type '{ children: Element[]; $hasImage: boolean; onClick: () => void; whileHover: { opacity: number; } | undefined; whileTap: { scale: number; } | undefined; }' is not assignable to type 'IntrinsicAttributes & FastOmit<Omit<HTMLAttributesWithoutMotionProps<HTMLAttributes<HTMLDivElement>, HTMLDivElement> & MotionProps & RefAttributes<...>, "ref"> & { ...; }, never>'.
      Property '$hasImage' does not exist on type 'IntrinsicAttributes & FastOmit<Omit<HTMLAttributesWithoutMotionProps<HTMLAttributes<HTMLDivElement>, HTMLDivElement> & MotionProps & RefAttributes<...>, "ref"> & { ...; }, never>'.
src/components/UserDashboard/UserDashboard.tsx(2915,32): error TS2769: No overload matches this call.
  Overload 1 of 2, '(props: PolymorphicComponentProps<"web", FastOmit<DetailedHTMLProps<HTMLAttributes<HTMLDivElement>, HTMLDivElement>, never>, void, void, {}, {}>): Element', gave the following error.
    Type '{ children: Element; $hasBackgroundImage: boolean; }' is not assignable to type 'IntrinsicAttributes & FastOmit<Substitute<FastOmit<DetailedHTMLProps<HTMLAttributes<HTMLDivElement>, HTMLDivElement>, never>, FastOmit<...>>, keyof ExecutionProps> & FastOmit<...> & { ...; }'.
      Property '$hasBackgroundImage' does not exist on type 'IntrinsicAttributes & FastOmit<Substitute<FastOmit<DetailedHTMLProps<HTMLAttributes<HTMLDivElement>, HTMLDivElement>, never>, FastOmit<...>>, keyof ExecutionProps> & FastOmit<...> & { ...; }'.
  Overload 2 of 2, '(props: FastOmit<DetailedHTMLProps<HTMLAttributes<HTMLDivElement>, HTMLDivElement>, never>): ReactNode', gave the following error.
    Type '{ children: Element; $hasBackgroundImage: boolean; }' is not assignable to type 'IntrinsicAttributes & FastOmit<DetailedHTMLProps<HTMLAttributes<HTMLDivElement>, HTMLDivElement>, never>'.
      Property '$hasBackgroundImage' does not exist on type 'IntrinsicAttributes & FastOmit<DetailedHTMLProps<HTMLAttributes<HTMLDivElement>, HTMLDivElement>, never>'.
src/components/UserDashboard/UserDashboard.tsx(2922,17): error TS2769: No overload matches this call.
  Overload 1 of 2, '(props: PolymorphicComponentProps<"web", FastOmit<DetailedHTMLProps<HTMLAttributes<HTMLDivElement>, HTMLDivElement>, never>, void, void, {}, {}>): Element', gave the following error.
    Type '{ children: string | false; $image: string | undefined; $enableLuxury: boolean; $performanceLevel: "medium" | "weak" | "powerful"; }' is not assignable to type 'IntrinsicAttributes & FastOmit<Substitute<FastOmit<DetailedHTMLProps<HTMLAttributes<HTMLDivElement>, HTMLDivElement>, never>, FastOmit<...>>, keyof ExecutionProps> & FastOmit<...> & { ...; }'.
      Property '$image' does not exist on type 'IntrinsicAttributes & FastOmit<Substitute<FastOmit<DetailedHTMLProps<HTMLAttributes<HTMLDivElement>, HTMLDivElement>, never>, FastOmit<...>>, keyof ExecutionProps> & FastOmit<...> & { ...; }'.
  Overload 2 of 2, '(props: FastOmit<DetailedHTMLProps<HTMLAttributes<HTMLDivElement>, HTMLDivElement>, never>): ReactNode', gave the following error.
    Type '{ children: string | false; $image: string | undefined; $enableLuxury: boolean; $performanceLevel: "medium" | "weak" | "powerful"; }' is not assignable to type 'IntrinsicAttributes & FastOmit<DetailedHTMLProps<HTMLAttributes<HTMLDivElement>, HTMLDivElement>, never>'.
      Property '$image' does not exist on type 'IntrinsicAttributes & FastOmit<DetailedHTMLProps<HTMLAttributes<HTMLDivElement>, HTMLDivElement>, never>'.
src/components/UserDashboard/UserDashboard.tsx(2944,26): error TS2769: No overload matches this call.
  Overload 1 of 2, '(props: PolymorphicComponentProps<"web", FastOmit<DetailedHTMLProps<HTMLAttributes<HTMLHeadingElement>, HTMLHeadingElement>, never>, void, void, {}, {}>): Element', gave the following error.
    Type '{ children: string; $performanceLevel: "medium" | "weak" | "powerful"; }' is not assignable to type 'IntrinsicAttributes & FastOmit<Substitute<FastOmit<DetailedHTMLProps<HTMLAttributes<HTMLHeadingElement>, HTMLHeadingElement>, never>, FastOmit<...>>, keyof ExecutionProps> & FastOmit<...> & { ...; }'.
      Property '$performanceLevel' does not exist on type 'IntrinsicAttributes & FastOmit<Substitute<FastOmit<DetailedHTMLProps<HTMLAttributes<HTMLHeadingElement>, HTMLHeadingElement>, never>, FastOmit<...>>, keyof ExecutionProps> & FastOmit<...> & { ...; }'.
  Overload 2 of 2, '(props: FastOmit<DetailedHTMLProps<HTMLAttributes<HTMLHeadingElement>, HTMLHeadingElement>, never>): ReactNode', gave the following error.
    Type '{ children: string; $performanceLevel: "medium" | "weak" | "powerful"; }' is not assignable to type 'IntrinsicAttributes & FastOmit<DetailedHTMLProps<HTMLAttributes<HTMLHeadingElement>, HTMLHeadingElement>, never>'.
      Property '$performanceLevel' does not exist on type 'IntrinsicAttributes & FastOmit<DetailedHTMLProps<HTMLAttributes<HTMLHeadingElement>, HTMLHeadingElement>, never>'.
src/components/UserDashboard/UserDashboard.tsx(2948,15): error TS2769: No overload matches this call.
  Overload 1 of 2, '(props: PolymorphicComponentProps<"web", FastOmit<Omit<HTMLAttributesWithoutMotionProps<HTMLAttributes<HTMLSpanElement>, HTMLSpanElement> & MotionProps & RefAttributes<...>, "ref"> & { ...; }, never>, void, void, {}, {}>): Element', gave the following error.
    Type '{ children: (string | Element)[]; $performanceLevel: "medium" | "weak" | "powerful"; initial: { opacity: number; scale: number; }; animate: { opacity: number; scale: number; }; transition: { ...; }; }' is not assignable to type 'IntrinsicAttributes & FastOmit<Substitute<FastOmit<Omit<HTMLAttributesWithoutMotionProps<HTMLAttributes<HTMLSpanElement>, HTMLSpanElement> & MotionProps & RefAttributes<...>, "ref"> & { ...; }, never>, FastOmit<...>>, keyof ExecutionProps> & FastOmit<...> & { ...; }'.
      Property '$performanceLevel' does not exist on type 'IntrinsicAttributes & FastOmit<Substitute<FastOmit<Omit<HTMLAttributesWithoutMotionProps<HTMLAttributes<HTMLSpanElement>, HTMLSpanElement> & MotionProps & RefAttributes<...>, "ref"> & { ...; }, never>, FastOmit<...>>, keyof ExecutionProps> & FastOmit<...> & { ...; }'.
  Overload 2 of 2, '(props: FastOmit<Omit<HTMLAttributesWithoutMotionProps<HTMLAttributes<HTMLSpanElement>, HTMLSpanElement> & MotionProps & RefAttributes<...>, "ref"> & { ...; }, never>): ReactNode', gave the following error.
    Type '{ children: (string | Element)[]; $performanceLevel: "medium" | "weak" | "powerful"; initial: { opacity: number; scale: number; }; animate: { opacity: number; scale: number; }; transition: { ...; }; }' is not assignable to type 'IntrinsicAttributes & FastOmit<Omit<HTMLAttributesWithoutMotionProps<HTMLAttributes<HTMLSpanElement>, HTMLSpanElement> & MotionProps & RefAttributes<...>, "ref"> & { ...; }, never>'.
      Property '$performanceLevel' does not exist on type 'IntrinsicAttributes & FastOmit<Omit<HTMLAttributesWithoutMotionProps<HTMLAttributes<HTMLSpanElement>, HTMLSpanElement> & MotionProps & RefAttributes<...>, "ref"> & { ...; }, never>'.
src/components/UserDashboard/UserDashboard.tsx(2954,16): error TS2532: Object is possibly 'undefined'.
src/components/UserDashboard/UserDashboard.tsx(2954,57): error TS2532: Object is possibly 'undefined'.
src/components/UserDashboard/UserDashboard.tsx(2959,17): error TS2769: No overload matches this call.
  Overload 1 of 2, '(props: PolymorphicComponentProps<"web", FastOmit<Omit<HTMLAttributesWithoutMotionProps<HTMLAttributes<HTMLDivElement>, HTMLDivElement> & MotionProps & RefAttributes<...>, "ref"> & { ...; }, never>, void, void, {}, {}>): Element', gave the following error.
    Type '{ children: Element[]; $enableAnimations: boolean; whileHover: { scale: number; } | undefined; }' is not assignable to type 'IntrinsicAttributes & FastOmit<Substitute<FastOmit<Omit<HTMLAttributesWithoutMotionProps<HTMLAttributes<HTMLDivElement>, HTMLDivElement> & MotionProps & RefAttributes<...>, "ref"> & { ...; }, never>, FastOmit<...>>, keyof ExecutionProps> & FastOmit<...> & { ...; }'.
      Property '$enableAnimations' does not exist on type 'IntrinsicAttributes & FastOmit<Substitute<FastOmit<Omit<HTMLAttributesWithoutMotionProps<HTMLAttributes<HTMLDivElement>, HTMLDivElement> & MotionProps & RefAttributes<...>, "ref"> & { ...; }, never>, FastOmit<...>>, keyof ExecutionProps> & FastOmit<...> & { ...; }'.
  Overload 2 of 2, '(props: FastOmit<Omit<HTMLAttributesWithoutMotionProps<HTMLAttributes<HTMLDivElement>, HTMLDivElement> & MotionProps & RefAttributes<...>, "ref"> & { ...; }, never>): ReactNode', gave the following error.
    Type '{ children: Element[]; $enableAnimations: boolean; whileHover: { scale: number; } | undefined; }' is not assignable to type 'IntrinsicAttributes & FastOmit<Omit<HTMLAttributesWithoutMotionProps<HTMLAttributes<HTMLDivElement>, HTMLDivElement> & MotionProps & RefAttributes<...>, "ref"> & { ...; }, never>'.
      Property '$enableAnimations' does not exist on type 'IntrinsicAttributes & FastOmit<Omit<HTMLAttributesWithoutMotionProps<HTMLAttributes<HTMLDivElement>, HTMLDivElement> & MotionProps & RefAttributes<...>, "ref"> & { ...; }, never>'.
src/components/UserDashboard/UserDashboard.tsx(2962,28): error TS2769: No overload matches this call.
  Overload 1 of 2, '(props: PolymorphicComponentProps<"web", FastOmit<DetailedHTMLProps<HTMLAttributes<HTMLDivElement>, HTMLDivElement>, never>, void, void, {}, {}>): Element', gave the following error.
    Type '{ children: string | number; $performanceLevel: "medium" | "weak" | "powerful"; }' is not assignable to type 'IntrinsicAttributes & FastOmit<Substitute<FastOmit<DetailedHTMLProps<HTMLAttributes<HTMLDivElement>, HTMLDivElement>, never>, FastOmit<...>>, keyof ExecutionProps> & FastOmit<...> & { ...; }'.
      Property '$performanceLevel' does not exist on type 'IntrinsicAttributes & FastOmit<Substitute<FastOmit<DetailedHTMLProps<HTMLAttributes<HTMLDivElement>, HTMLDivElement>, never>, FastOmit<...>>, keyof ExecutionProps> & FastOmit<...> & { ...; }'.
  Overload 2 of 2, '(props: FastOmit<DetailedHTMLProps<HTMLAttributes<HTMLDivElement>, HTMLDivElement>, never>): ReactNode', gave the following error.
    Type '{ children: string | number; $performanceLevel: "medium" | "weak" | "powerful"; }' is not assignable to type 'IntrinsicAttributes & FastOmit<DetailedHTMLProps<HTMLAttributes<HTMLDivElement>, HTMLDivElement>, never>'.
      Property '$performanceLevel' does not exist on type 'IntrinsicAttributes & FastOmit<DetailedHTMLProps<HTMLAttributes<HTMLDivElement>, HTMLDivElement>, never>'.
src/components/UserDashboard/UserDashboard.tsx(2968,17): error TS2769: No overload matches this call.
  Overload 1 of 2, '(props: PolymorphicComponentProps<"web", FastOmit<Omit<HTMLAttributesWithoutMotionProps<HTMLAttributes<HTMLDivElement>, HTMLDivElement> & MotionProps & RefAttributes<...>, "ref"> & { ...; }, never>, void, void, {}, {}>): Element', gave the following error.
    Type '{ children: Element[]; $enableAnimations: boolean; whileHover: { scale: number; } | undefined; }' is not assignable to type 'IntrinsicAttributes & FastOmit<Substitute<FastOmit<Omit<HTMLAttributesWithoutMotionProps<HTMLAttributes<HTMLDivElement>, HTMLDivElement> & MotionProps & RefAttributes<...>, "ref"> & { ...; }, never>, FastOmit<...>>, keyof ExecutionProps> & FastOmit<...> & { ...; }'.
      Property '$enableAnimations' does not exist on type 'IntrinsicAttributes & FastOmit<Substitute<FastOmit<Omit<HTMLAttributesWithoutMotionProps<HTMLAttributes<HTMLDivElement>, HTMLDivElement> & MotionProps & RefAttributes<...>, "ref"> & { ...; }, never>, FastOmit<...>>, keyof ExecutionProps> & FastOmit<...> & { ...; }'.
  Overload 2 of 2, '(props: FastOmit<Omit<HTMLAttributesWithoutMotionProps<HTMLAttributes<HTMLDivElement>, HTMLDivElement> & MotionProps & RefAttributes<...>, "ref"> & { ...; }, never>): ReactNode', gave the following error.
    Type '{ children: Element[]; $enableAnimations: boolean; whileHover: { scale: number; } | undefined; }' is not assignable to type 'IntrinsicAttributes & FastOmit<Omit<HTMLAttributesWithoutMotionProps<HTMLAttributes<HTMLDivElement>, HTMLDivElement> & MotionProps & RefAttributes<...>, "ref"> & { ...; }, never>'.
      Property '$enableAnimations' does not exist on type 'IntrinsicAttributes & FastOmit<Omit<HTMLAttributesWithoutMotionProps<HTMLAttributes<HTMLDivElement>, HTMLDivElement> & MotionProps & RefAttributes<...>, "ref"> & { ...; }, never>'.
src/components/UserDashboard/UserDashboard.tsx(2971,28): error TS2769: No overload matches this call.
  Overload 1 of 2, '(props: PolymorphicComponentProps<"web", FastOmit<DetailedHTMLProps<HTMLAttributes<HTMLDivElement>, HTMLDivElement>, never>, void, void, {}, {}>): Element', gave the following error.
    Type '{ children: string; $performanceLevel: "medium" | "weak" | "powerful"; }' is not assignable to type 'IntrinsicAttributes & FastOmit<Substitute<FastOmit<DetailedHTMLProps<HTMLAttributes<HTMLDivElement>, HTMLDivElement>, never>, FastOmit<...>>, keyof ExecutionProps> & FastOmit<...> & { ...; }'.
      Property '$performanceLevel' does not exist on type 'IntrinsicAttributes & FastOmit<Substitute<FastOmit<DetailedHTMLProps<HTMLAttributes<HTMLDivElement>, HTMLDivElement>, never>, FastOmit<...>>, keyof ExecutionProps> & FastOmit<...> & { ...; }'.
  Overload 2 of 2, '(props: FastOmit<DetailedHTMLProps<HTMLAttributes<HTMLDivElement>, HTMLDivElement>, never>): ReactNode', gave the following error.
    Type '{ children: string; $performanceLevel: "medium" | "weak" | "powerful"; }' is not assignable to type 'IntrinsicAttributes & FastOmit<DetailedHTMLProps<HTMLAttributes<HTMLDivElement>, HTMLDivElement>, never>'.
      Property '$performanceLevel' does not exist on type 'IntrinsicAttributes & FastOmit<DetailedHTMLProps<HTMLAttributes<HTMLDivElement>, HTMLDivElement>, never>'.
src/components/UserDashboard/UserDashboard.tsx(2977,17): error TS2769: No overload matches this call.
  Overload 1 of 2, '(props: PolymorphicComponentProps<"web", FastOmit<Omit<HTMLAttributesWithoutMotionProps<HTMLAttributes<HTMLDivElement>, HTMLDivElement> & MotionProps & RefAttributes<...>, "ref"> & { ...; }, never>, void, void, {}, {}>): Element', gave the following error.
    Type '{ children: Element[]; $enableAnimations: boolean; whileHover: { scale: number; } | undefined; }' is not assignable to type 'IntrinsicAttributes & FastOmit<Substitute<FastOmit<Omit<HTMLAttributesWithoutMotionProps<HTMLAttributes<HTMLDivElement>, HTMLDivElement> & MotionProps & RefAttributes<...>, "ref"> & { ...; }, never>, FastOmit<...>>, keyof ExecutionProps> & FastOmit<...> & { ...; }'.
      Property '$enableAnimations' does not exist on type 'IntrinsicAttributes & FastOmit<Substitute<FastOmit<Omit<HTMLAttributesWithoutMotionProps<HTMLAttributes<HTMLDivElement>, HTMLDivElement> & MotionProps & RefAttributes<...>, "ref"> & { ...; }, never>, FastOmit<...>>, keyof ExecutionProps> & FastOmit<...> & { ...; }'.
  Overload 2 of 2, '(props: FastOmit<Omit<HTMLAttributesWithoutMotionProps<HTMLAttributes<HTMLDivElement>, HTMLDivElement> & MotionProps & RefAttributes<...>, "ref"> & { ...; }, never>): ReactNode', gave the following error.
    Type '{ children: Element[]; $enableAnimations: boolean; whileHover: { scale: number; } | undefined; }' is not assignable to type 'IntrinsicAttributes & FastOmit<Omit<HTMLAttributesWithoutMotionProps<HTMLAttributes<HTMLDivElement>, HTMLDivElement> & MotionProps & RefAttributes<...>, "ref"> & { ...; }, never>'.
      Property '$enableAnimations' does not exist on type 'IntrinsicAttributes & FastOmit<Omit<HTMLAttributesWithoutMotionProps<HTMLAttributes<HTMLDivElement>, HTMLDivElement> & MotionProps & RefAttributes<...>, "ref"> & { ...; }, never>'.
src/components/UserDashboard/UserDashboard.tsx(2980,28): error TS2769: No overload matches this call.
  Overload 1 of 2, '(props: PolymorphicComponentProps<"web", FastOmit<DetailedHTMLProps<HTMLAttributes<HTMLDivElement>, HTMLDivElement>, never>, void, void, {}, {}>): Element', gave the following error.
    Type '{ children: string | number; $performanceLevel: "medium" | "weak" | "powerful"; }' is not assignable to type 'IntrinsicAttributes & FastOmit<Substitute<FastOmit<DetailedHTMLProps<HTMLAttributes<HTMLDivElement>, HTMLDivElement>, never>, FastOmit<...>>, keyof ExecutionProps> & FastOmit<...> & { ...; }'.
      Property '$performanceLevel' does not exist on type 'IntrinsicAttributes & FastOmit<Substitute<FastOmit<DetailedHTMLProps<HTMLAttributes<HTMLDivElement>, HTMLDivElement>, never>, FastOmit<...>>, keyof ExecutionProps> & FastOmit<...> & { ...; }'.
  Overload 2 of 2, '(props: FastOmit<DetailedHTMLProps<HTMLAttributes<HTMLDivElement>, HTMLDivElement>, never>): ReactNode', gave the following error.
    Type '{ children: string | number; $performanceLevel: "medium" | "weak" | "powerful"; }' is not assignable to type 'IntrinsicAttributes & FastOmit<DetailedHTMLProps<HTMLAttributes<HTMLDivElement>, HTMLDivElement>, never>'.
      Property '$performanceLevel' does not exist on type 'IntrinsicAttributes & FastOmit<DetailedHTMLProps<HTMLAttributes<HTMLDivElement>, HTMLDivElement>, never>'.
src/components/UserDashboard/UserDashboard.tsx(2988,25): error TS2339: Property 'bio' does not exist on type 'UserProfile'.
src/components/UserDashboard/UserDashboard.tsx(3066,42): error TS2769: No overload matches this call.
  Overload 1 of 2, '(props: PolymorphicComponentProps<"web", FastOmit<DetailedHTMLProps<HTMLAttributes<HTMLSpanElement>, HTMLSpanElement>, never>, void, void, {}, {}>): Element', gave the following error.
    Type '{ children: string; $performanceLevel: "medium" | "weak" | "powerful"; }' is not assignable to type 'IntrinsicAttributes & FastOmit<Substitute<FastOmit<DetailedHTMLProps<HTMLAttributes<HTMLSpanElement>, HTMLSpanElement>, never>, FastOmit<...>>, keyof ExecutionProps> & FastOmit<...> & { ...; }'.
      Property '$performanceLevel' does not exist on type 'IntrinsicAttributes & FastOmit<Substitute<FastOmit<DetailedHTMLProps<HTMLAttributes<HTMLSpanElement>, HTMLSpanElement>, never>, FastOmit<...>>, keyof ExecutionProps> & FastOmit<...> & { ...; }'.
  Overload 2 of 2, '(props: FastOmit<DetailedHTMLProps<HTMLAttributes<HTMLSpanElement>, HTMLSpanElement>, never>): ReactNode', gave the following error.
    Type '{ children: string; $performanceLevel: "medium" | "weak" | "powerful"; }' is not assignable to type 'IntrinsicAttributes & FastOmit<DetailedHTMLProps<HTMLAttributes<HTMLSpanElement>, HTMLSpanElement>, never>'.
      Property '$performanceLevel' does not exist on type 'IntrinsicAttributes & FastOmit<DetailedHTMLProps<HTMLAttributes<HTMLSpanElement>, HTMLSpanElement>, never>'.
src/components/UserDashboard/UserDashboard.tsx(3101,48): error TS2769: No overload matches this call.
  Overload 1 of 2, '(props: PolymorphicComponentProps<"web", FastOmit<DetailedHTMLProps<HTMLAttributes<HTMLDivElement>, HTMLDivElement>, never>, void, void, {}, {}>): Element', gave the following error.
    Type '{ children: Element; $performanceLevel: "medium" | "weak" | "powerful"; }' is not assignable to type 'IntrinsicAttributes & FastOmit<Substitute<FastOmit<DetailedHTMLProps<HTMLAttributes<HTMLDivElement>, HTMLDivElement>, never>, FastOmit<...>>, keyof ExecutionProps> & FastOmit<...> & { ...; }'.
      Property '$performanceLevel' does not exist on type 'IntrinsicAttributes & FastOmit<Substitute<FastOmit<DetailedHTMLProps<HTMLAttributes<HTMLDivElement>, HTMLDivElement>, never>, FastOmit<...>>, keyof ExecutionProps> & FastOmit<...> & { ...; }'.
  Overload 2 of 2, '(props: FastOmit<DetailedHTMLProps<HTMLAttributes<HTMLDivElement>, HTMLDivElement>, never>): ReactNode', gave the following error.
    Type '{ children: Element; $performanceLevel: "medium" | "weak" | "powerful"; }' is not assignable to type 'IntrinsicAttributes & FastOmit<DetailedHTMLProps<HTMLAttributes<HTMLDivElement>, HTMLDivElement>, never>'.
      Property '$performanceLevel' does not exist on type 'IntrinsicAttributes & FastOmit<DetailedHTMLProps<HTMLAttributes<HTMLDivElement>, HTMLDivElement>, never>'.
src/components/UserDashboard/UserDashboard.tsx(3148,21): error TS2769: No overload matches this call.
  Overload 1 of 2, '(props: PolymorphicComponentProps<"web", FastOmit<Omit<HTMLAttributesWithoutMotionProps<ButtonHTMLAttributes<HTMLButtonElement>, HTMLButtonElement> & MotionProps & RefAttributes<...>, "ref"> & { ...; }, never>, void, void, {}, {}>): Element', gave the following error.
    Type '{ children: (string | Element)[]; key: string; $active: boolean; onClick: () => void; whileHover: { scale: number; }; whileTap: { scale: number; }; }' is not assignable to type 'IntrinsicAttributes & FastOmit<Substitute<FastOmit<Omit<HTMLAttributesWithoutMotionProps<ButtonHTMLAttributes<HTMLButtonElement>, HTMLButtonElement> & MotionProps & RefAttributes<...>, "ref"> & { ...; }, never>, FastOmit<...>>, keyof ExecutionProps> & FastOmit<...> & { ...; }'.
      Property '$active' does not exist on type 'IntrinsicAttributes & FastOmit<Substitute<FastOmit<Omit<HTMLAttributesWithoutMotionProps<ButtonHTMLAttributes<HTMLButtonElement>, HTMLButtonElement> & MotionProps & RefAttributes<...>, "ref"> & { ...; }, never>, FastOmit<...>>, keyof ExecutionProps> & FastOmit<...> & { ...; }'.
  Overload 2 of 2, '(props: FastOmit<Omit<HTMLAttributesWithoutMotionProps<ButtonHTMLAttributes<HTMLButtonElement>, HTMLButtonElement> & MotionProps & RefAttributes<...>, "ref"> & { ...; }, never>): ReactNode', gave the following error.
    Type '{ children: (string | Element)[]; key: string; $active: boolean; onClick: () => void; whileHover: { scale: number; }; whileTap: { scale: number; }; }' is not assignable to type 'IntrinsicAttributes & FastOmit<Omit<HTMLAttributesWithoutMotionProps<ButtonHTMLAttributes<HTMLButtonElement>, HTMLButtonElement> & MotionProps & RefAttributes<...>, "ref"> & { ...; }, never>'.
      Property '$active' does not exist on type 'IntrinsicAttributes & FastOmit<Omit<HTMLAttributesWithoutMotionProps<ButtonHTMLAttributes<HTMLButtonElement>, HTMLButtonElement> & MotionProps & RefAttributes<...>, "ref"> & { ...; }, never>'.
src/components/WorkoutLogger/WorkoutLogger.tsx(682,20): error TS2339: Property 'success' does not exist on type 'AxiosResponse<any, any>'.
src/components/WorkoutLogger/WorkoutLogger.tsx(682,40): error TS2339: Property 'exercises' does not exist on type 'AxiosResponse<any, any>'.
src/components/WorkoutLogger/WorkoutLogger.tsx(683,40): error TS2339: Property 'exercises' does not exist on type 'AxiosResponse<any, any>'.
src/components/WorkoutLogger/WorkoutLogger.tsx(703,20): error TS2339: Property 'success' does not exist on type 'AxiosResponse<any, any>'.
src/components/WorkoutLogger/WorkoutLogger.tsx(703,40): error TS2339: Property 'exercises' does not exist on type 'AxiosResponse<any, any>'.
src/components/WorkoutLogger/WorkoutLogger.tsx(704,38): error TS2339: Property 'exercises' does not exist on type 'AxiosResponse<any, any>'.
src/components/WorkoutLogger/WorkoutLogger.tsx(705,40): error TS2339: Property 'exercises' does not exist on type 'AxiosResponse<any, any>'.
src/components/WorkoutLogger/WorkoutLogger.tsx(733,20): error TS2339: Property 'success' does not exist on type 'AxiosResponse<any, any>'.
src/components/WorkoutLogger/WorkoutLogger.tsx(733,40): error TS2339: Property 'client' does not exist on type 'AxiosResponse<any, any>'.
src/components/WorkoutLogger/WorkoutLogger.tsx(735,24): error TS2339: Property 'client' does not exist on type 'AxiosResponse<any, any>'.
src/components/WorkoutLogger/WorkoutLogger.tsx(736,31): error TS2339: Property 'client' does not exist on type 'AxiosResponse<any, any>'.
src/components/WorkoutLogger/WorkoutLogger.tsx(737,30): error TS2339: Property 'client' does not exist on type 'AxiosResponse<any, any>'.
src/components/WorkoutLogger/WorkoutLogger.tsx(738,27): error TS2339: Property 'client' does not exist on type 'AxiosResponse<any, any>'.
src/components/WorkoutLogger/WorkoutLogger.tsx(739,39): error TS2339: Property 'client' does not exist on type 'AxiosResponse<any, any>'.
src/components/WorkoutLogger/WorkoutLogger.tsx(740,27): error TS2339: Property 'client' does not exist on type 'AxiosResponse<any, any>'.
src/components/WorkoutLogger/WorkoutLogger.tsx(744,22): error TS2339: Property 'client' does not exist on type 'AxiosResponse<any, any>'.
src/components/WorkoutLogger/WorkoutLogger.tsx(745,37): error TS2339: Property 'client' does not exist on type 'AxiosResponse<any, any>'.
src/components/WorkoutLogger/WorkoutLogger.tsx(749,22): error TS2339: Property 'client' does not exist on type 'AxiosResponse<any, any>'.
src/components/WorkoutLogger/WorkoutLogger.tsx(750,37): error TS2339: Property 'client' does not exist on type 'AxiosResponse<any, any>'.
src/components/WorkoutLogger/WorkoutLogger.tsx(750,75): error TS2339: Property 'client' does not exist on type 'AxiosResponse<any, any>'.
src/components/WorkoutLogger/WorkoutLogger.tsx(753,34): error TS2339: Property 'message' does not exist on type 'AxiosResponse<any, any>'.
src/components/WorkoutLogger/WorkoutLogger.tsx(815,7): error TS2322: Type 'any' is not assignable to type 'never'.
src/components/WorkoutLogger/WorkoutLogger.tsx(823,7): error TS2322: Type 'any' is not assignable to type 'never'.
src/components/WorkoutManagement/AdminWorkoutManagement.tsx(887,46): error TS2345: Argument of type 'string | undefined' is not assignable to parameter of type 'string'.
  Type 'undefined' is not assignable to type 'string'.
src/components/WorkoutManagement/WorkoutPlanBuilder.tsx(15,55): error TS2307: Cannot find module 'react-beautiful-dnd' or its corresponding type declarations.
src/components/YouTubeShowcase/YouTubeShowcase.tsx(5,22): error TS2307: Cannot find module 'gsap' or its corresponding type declarations.
src/components/YouTubeShowcase/YouTubeShowcase.tsx(7,33): error TS2307: Cannot find module '../Button/glow' or its corresponding type declarations.
src/components/YouTubeShowcase/YouTubeShowcase.tsx(501,13): error TS7006: Parameter 'i' implicitly has an 'any' type.
src/components/YouTubeShowcase/YouTubeShowcase.tsx(573,32): error TS7006: Parameter 'e' implicitly has an 'any' type.
src/components/YouTubeShowcase/YouTubeShowcase.tsx(574,56): error TS2339: Property 'getBoundingClientRect' does not exist on type 'never'.
src/components/YouTubeShowcase/YouTubeShowcase.tsx(596,17): error TS2339: Property 'addEventListener' does not exist on type 'never'.
src/components/YouTubeShowcase/YouTubeShowcase.tsx(597,17): error TS2339: Property 'addEventListener' does not exist on type 'never'.
src/components/YouTubeShowcase/YouTubeShowcase.tsx(600,19): error TS2339: Property 'removeEventListener' does not exist on type 'never'.
src/components/YouTubeShowcase/YouTubeShowcase.tsx(601,19): error TS2339: Property 'removeEventListener' does not exist on type 'never'.
src/context/AuthContext.tsx(4,58): error TS2614: Module '"../store/slices/authSlice"' has no exported member 'setLoading'. Did you mean to use 'import setLoading from "../store/slices/authSlice"' instead?
src/context/AuthContext.tsx(103,49): error TS2345: Argument of type 'ProductionApiService' is not assignable to parameter of type 'AxiosInstance'.
  Type 'ProductionApiService' is missing the following properties from type 'AxiosInstance': create, defaults, interceptors, getUri, and 6 more.
src/context/AuthContext.tsx(104,37): error TS2345: Argument of type 'ProductionApiService' is not assignable to parameter of type 'AxiosInstance'.
  Type 'ProductionApiService' is missing the following properties from type 'AxiosInstance': create, defaults, interceptors, getUri, and 6 more.
src/context/AuthContext.tsx(480,5): error TS2740: Type 'ProductionApiService' is missing the following properties from type 'AxiosInstance': create, defaults, interceptors, getUri, and 6 more.
src/context/ThemeContext/UniversalThemeToggle.tsx(66,17): error TS2345: Argument of type '({ $currentTheme, theme }: ExecutionContext & FastOmit<Omit<HTMLAttributesWithoutMotionProps<ButtonHTMLAttributes<HTMLButtonElement>, HTMLButtonElement> & MotionProps & RefAttributes<...>, "ref"> & { ...; }, "$currentTheme"> & { ...; }) => {}' is not assignable to parameter of type 'Interpolation<Substitute<Omit<HTMLAttributesWithoutMotionProps<ButtonHTMLAttributes<HTMLButtonElement>, HTMLButtonElement> & MotionProps & RefAttributes<...>, "ref"> & { ...; }, { ...; }>>'.
  Type '({ $currentTheme, theme }: ExecutionContext & FastOmit<Omit<HTMLAttributesWithoutMotionProps<ButtonHTMLAttributes<HTMLButtonElement>, HTMLButtonElement> & MotionProps & RefAttributes<...>, "ref"> & { ...; }, "$currentTheme"> & { ...; }) => {}' is not assignable to type 'StyleFunction<Substitute<Omit<HTMLAttributesWithoutMotionProps<ButtonHTMLAttributes<HTMLButtonElement>, HTMLButtonElement> & MotionProps & RefAttributes<...>, "ref"> & { ...; }, { ...; }>>'.
    Type '{}' is not assignable to type 'Interpolation<Substitute<Omit<HTMLAttributesWithoutMotionProps<ButtonHTMLAttributes<HTMLButtonElement>, HTMLButtonElement> & MotionProps & RefAttributes<...>, "ref"> & { ...; }, { ...; }>>'.
src/context/ThemeContext/UniversalThemeToggle.tsx(99,31): error TS2339: Property 'primary' does not exist on type 'string[] | Record<string, unknown>'.
  Property 'primary' does not exist on type 'string[]'.
src/core/perf/performanceMonitor.ts(309,14): error TS2339: Property 'addEventListener' does not exist on type 'never'.
src/core/TheAestheticCodex.tsx(48,17): error TS2345: Argument of type '(props: ExecutionContext & FastOmit<FastOmit<Substitute<DetailedHTMLProps<HTMLAttributes<HTMLDivElement>, HTMLDivElement>, Omit<...> & { ...; }>, never>, never>) => {}' is not assignable to parameter of type 'Interpolation<FastOmit<FastOmit<Substitute<DetailedHTMLProps<HTMLAttributes<HTMLDivElement>, HTMLDivElement>, Omit<DetailedHTMLProps<HTMLAttributes<HTMLDivElement>, HTMLDivElement>, "ref"> & { ...; }>, never>, never>>'.
  Type '(props: ExecutionContext & FastOmit<FastOmit<Substitute<DetailedHTMLProps<HTMLAttributes<HTMLDivElement>, HTMLDivElement>, Omit<...> & { ...; }>, never>, never>) => {}' is not assignable to type 'StyleFunction<FastOmit<FastOmit<Substitute<DetailedHTMLProps<HTMLAttributes<HTMLDivElement>, HTMLDivElement>, Omit<DetailedHTMLProps<HTMLAttributes<HTMLDivElement>, HTMLDivElement>, "ref"> & { ...; }>, never>, never>>'.
    Type '{}' is not assignable to type 'Interpolation<FastOmit<FastOmit<Substitute<DetailedHTMLProps<HTMLAttributes<HTMLDivElement>, HTMLDivElement>, Omit<DetailedHTMLProps<HTMLAttributes<HTMLDivElement>, HTMLDivElement>, "ref"> & { ...; }>, never>, never>>'.
src/core/TheAestheticCodex.tsx(819,28): error TS2769: No overload matches this call.
  Overload 1 of 2, '(props: PolymorphicComponentProps<"web", FastOmit<DetailedHTMLProps<HTMLAttributes<HTMLSpanElement>, HTMLSpanElement>, never>, void, void, {}, {}>): Element', gave the following error.
    Type '{ children: string; htmlFor: string; }' is not assignable to type 'IntrinsicAttributes & FastOmit<Substitute<FastOmit<DetailedHTMLProps<HTMLAttributes<HTMLSpanElement>, HTMLSpanElement>, never>, FastOmit<...>>, keyof ExecutionProps> & FastOmit<...> & { ...; }'.
      Property 'htmlFor' does not exist on type 'IntrinsicAttributes & FastOmit<Substitute<FastOmit<DetailedHTMLProps<HTMLAttributes<HTMLSpanElement>, HTMLSpanElement>, never>, FastOmit<...>>, keyof ExecutionProps> & FastOmit<...> & { ...; }'.
  Overload 2 of 2, '(props: FastOmit<DetailedHTMLProps<HTMLAttributes<HTMLSpanElement>, HTMLSpanElement>, never>): ReactNode', gave the following error.
    Type '{ children: string; htmlFor: string; }' is not assignable to type 'IntrinsicAttributes & FastOmit<DetailedHTMLProps<HTMLAttributes<HTMLSpanElement>, HTMLSpanElement>, never>'.
      Property 'htmlFor' does not exist on type 'IntrinsicAttributes & FastOmit<DetailedHTMLProps<HTMLAttributes<HTMLSpanElement>, HTMLSpanElement>, never>'.
src/core/TheAestheticCodex.tsx(825,28): error TS2769: No overload matches this call.
  Overload 1 of 2, '(props: PolymorphicComponentProps<"web", FastOmit<DetailedHTMLProps<HTMLAttributes<HTMLSpanElement>, HTMLSpanElement>, never>, void, void, {}, {}>): Element', gave the following error.
    Type '{ children: string; htmlFor: string; }' is not assignable to type 'IntrinsicAttributes & FastOmit<Substitute<FastOmit<DetailedHTMLProps<HTMLAttributes<HTMLSpanElement>, HTMLSpanElement>, never>, FastOmit<...>>, keyof ExecutionProps> & FastOmit<...> & { ...; }'.
      Property 'htmlFor' does not exist on type 'IntrinsicAttributes & FastOmit<Substitute<FastOmit<DetailedHTMLProps<HTMLAttributes<HTMLSpanElement>, HTMLSpanElement>, never>, FastOmit<...>>, keyof ExecutionProps> & FastOmit<...> & { ...; }'.
  Overload 2 of 2, '(props: FastOmit<DetailedHTMLProps<HTMLAttributes<HTMLSpanElement>, HTMLSpanElement>, never>): ReactNode', gave the following error.
    Type '{ children: string; htmlFor: string; }' is not assignable to type 'IntrinsicAttributes & FastOmit<DetailedHTMLProps<HTMLAttributes<HTMLSpanElement>, HTMLSpanElement>, never>'.
      Property 'htmlFor' does not exist on type 'IntrinsicAttributes & FastOmit<DetailedHTMLProps<HTMLAttributes<HTMLSpanElement>, HTMLSpanElement>, never>'.
src/core/TheAestheticCodex.tsx(831,28): error TS2769: No overload matches this call.
  Overload 1 of 2, '(props: PolymorphicComponentProps<"web", FastOmit<DetailedHTMLProps<HTMLAttributes<HTMLSpanElement>, HTMLSpanElement>, never>, void, void, {}, {}>): Element', gave the following error.
    Type '{ children: string; htmlFor: string; }' is not assignable to type 'IntrinsicAttributes & FastOmit<Substitute<FastOmit<DetailedHTMLProps<HTMLAttributes<HTMLSpanElement>, HTMLSpanElement>, never>, FastOmit<...>>, keyof ExecutionProps> & FastOmit<...> & { ...; }'.
      Property 'htmlFor' does not exist on type 'IntrinsicAttributes & FastOmit<Substitute<FastOmit<DetailedHTMLProps<HTMLAttributes<HTMLSpanElement>, HTMLSpanElement>, never>, FastOmit<...>>, keyof ExecutionProps> & FastOmit<...> & { ...; }'.
  Overload 2 of 2, '(props: FastOmit<DetailedHTMLProps<HTMLAttributes<HTMLSpanElement>, HTMLSpanElement>, never>): ReactNode', gave the following error.
    Type '{ children: string; htmlFor: string; }' is not assignable to type 'IntrinsicAttributes & FastOmit<DetailedHTMLProps<HTMLAttributes<HTMLSpanElement>, HTMLSpanElement>, never>'.
      Property 'htmlFor' does not exist on type 'IntrinsicAttributes & FastOmit<DetailedHTMLProps<HTMLAttributes<HTMLSpanElement>, HTMLSpanElement>, never>'.
src/core/TheAestheticCodex.tsx(932,17): error TS2322: Type 'string | { padding: { xs: string; sm: string; md: string; lg: string; xl: string; }; margin: { xs: string; sm: string; md: string; lg: string; xl: string; }; }' is not assignable to type 'Width<string | number> | undefined'.
  Type '{ padding: { xs: string; sm: string; md: string; lg: string; xl: string; }; margin: { xs: string; sm: string; md: string; lg: string; xl: string; }; }' is not assignable to type 'Width<string | number> | undefined'.
src/core/TheAestheticCodex.tsx(941,17): error TS2322: Type 'string | { padding: { xs: string; sm: string; md: string; lg: string; xl: string; }; margin: { xs: string; sm: string; md: string; lg: string; xl: string; }; }' is not assignable to type 'ReactNode'.
  Type '{ padding: { xs: string; sm: string; md: string; lg: string; xl: string; }; margin: { xs: string; sm: string; md: string; lg: string; xl: string; }; }' is not assignable to type 'ReactNode'.
src/core/theme.ts(212,57): error TS2322: Type 'string | { padding: { xs: string; sm: string; md: string; lg: string; xl: string; }; margin: { xs: string; sm: string; md: string; lg: string; xl: string; }; }' is not assignable to type 'string'.
  Type '{ padding: { xs: string; sm: string; md: string; lg: string; xl: string; }; margin: { xs: string; sm: string; md: string; lg: string; xl: string; }; }' is not assignable to type 'string'.
src/hooks/gamification/useGamificationData.ts(170,22): error TS2339: Property 'photo' does not exist on type 'User'.
src/hooks/gamification/useGamificationData.ts(339,26): error TS2339: Property 'photo' does not exist on type 'User'.
src/hooks/profile/useProfile.ts(210,9): error TS2322: Type 'number' is not assignable to type '{ count: number; list: { id: string; firstName: string; lastName: string; username: string; photo?: string | undefined; role: string; followedAt: string; friendshipId: string; }[]; }'.
src/hooks/profile/useProfile.ts(211,9): error TS2322: Type 'number' is not assignable to type '{ count: number; list: { id: string; firstName: string; lastName: string; username: string; photo?: string | undefined; role: string; followedAt: string; friendshipId: string; }[]; }'.
src/hooks/use-socket.ts(17,12): error TS7006: Parameter 'data' implicitly has an 'any' type.
src/hooks/use-socket.ts(23,24): error TS2349: This expression is not callable.
  Type 'never' has no call signatures.
src/hooks/use-socket.ts(50,18): error TS2349: This expression is not callable.
  Type 'never' has no call signatures.
src/hooks/use-socket.ts(174,40): error TS2339: Property 'maxReconnectAttempts' does not exist on type '{}'.
src/hooks/use-socket.ts(175,39): error TS2339: Property 'reconnectIntervalMs' does not exist on type '{}'.
src/hooks/use-socket.ts(185,43): error TS7006: Parameter 'notification' implicitly has an 'any' type.
src/hooks/use-socket.ts(187,24): error TS2345: Argument of type '(prev: never[]) => any[]' is not assignable to parameter of type 'SetStateAction<never[]>'.
  Type '(prev: never[]) => any[]' is not assignable to type '(prevState: never[]) => never[]'.
    Type 'any[]' is not assignable to type 'never[]'.
      Type 'any' is not assignable to type 'never'.
src/hooks/use-socket.ts(198,47): error TS7006: Parameter 'event' implicitly has an 'any' type.
src/hooks/use-socket.ts(211,24): error TS2353: Object literal may only specify known properties, and 'type' does not exist in type '(prevState: null) => null'.
src/hooks/use-socket.ts(216,36): error TS7006: Parameter 'data' implicitly has an 'any' type.
src/hooks/use-socket.ts(219,16): error TS2339: Property 'send' does not exist on type 'never'.
src/hooks/use-socket.ts(221,16): error TS2339: Property 'send' does not exist on type 'never'.
src/hooks/use-socket.ts(262,28): error TS2339: Property 'readyState' does not exist on type 'never'.
src/hooks/use-socket.ts(266,17): error TS2345: Argument of type '{ readyState: number; isClosing: boolean; send: (data: any) => boolean; close: () => void; onopen: null; onmessage: null; onerror: null; onclose: null; }' is not assignable to parameter of type 'SetStateAction<null>'.
  Type '{ readyState: number; isClosing: boolean; send: (data: any) => boolean; close: () => void; onopen: null; onmessage: null; onerror: null; onclose: null; }' provides no match for the signature '(prevState: null): null'.
src/hooks/use-socket.ts(278,17): error TS2345: Argument of type '{ readyState: number; isClosing: boolean; send: (data: any) => boolean; close: () => void; onopen: null; onmessage: null; onerror: null; onclose: null; }' is not assignable to parameter of type 'SetStateAction<null>'.
  Type '{ readyState: number; isClosing: boolean; send: (data: any) => boolean; close: () => void; onopen: null; onmessage: null; onerror: null; onclose: null; }' provides no match for the signature '(prevState: null): null'.
src/hooks/use-socket.ts(301,28): error TS2339: Property 'readyState' does not exist on type 'never'.
src/hooks/use-socket.ts(308,17): error TS2345: Argument of type '{ readyState: number; isClosing: boolean; send: (data: any) => boolean; close: () => void; onopen: null; onmessage: null; onerror: null; onclose: null; }' is not assignable to parameter of type 'SetStateAction<null>'.
  Type '{ readyState: number; isClosing: boolean; send: (data: any) => boolean; close: () => void; onopen: null; onmessage: null; onerror: null; onclose: null; }' provides no match for the signature '(prevState: null): null'.
src/hooks/use-socket.ts(339,18): error TS2345: Argument of type '"WebSocket connection error"' is not assignable to parameter of type 'SetStateAction<null>'.
src/hooks/use-socket.ts(358,23): error TS2345: Argument of type '{ readyState: number; isClosing: boolean; send: (data: any) => boolean; close: () => void; onopen: null; onmessage: null; onerror: null; onclose: null; }' is not assignable to parameter of type 'SetStateAction<null>'.
  Type '{ readyState: number; isClosing: boolean; send: (data: any) => boolean; close: () => void; onopen: null; onmessage: null; onerror: null; onclose: null; }' provides no match for the signature '(prevState: null): null'.
src/hooks/use-socket.ts(374,13): error TS2322: Type 'Timeout' is not assignable to type 'null'.
src/hooks/use-socket.ts(379,22): error TS2345: Argument of type '"Maximum reconnection attempts reached"' is not assignable to parameter of type 'SetStateAction<null>'.
src/hooks/use-socket.ts(395,23): error TS2345: Argument of type '{ readyState: number; isClosing: boolean; send: (data: any) => boolean; close: () => void; onopen: null; onmessage: null; onerror: null; onclose: null; }' is not assignable to parameter of type 'SetStateAction<null>'.
  Type '{ readyState: number; isClosing: boolean; send: (data: any) => boolean; close: () => void; onopen: null; onmessage: null; onerror: null; onclose: null; }' provides no match for the signature '(prevState: null): null'.
src/hooks/use-socket.ts(404,17): error TS2345: Argument of type 'WebSocket' is not assignable to parameter of type 'SetStateAction<null>'.
  Type 'WebSocket' provides no match for the signature '(prevState: null): null'.
src/hooks/use-socket.ts(408,16): error TS2345: Argument of type 'string' is not assignable to parameter of type 'SetStateAction<null>'.
src/hooks/use-socket.ts(408,45): error TS18046: 'err' is of type 'unknown'.
src/hooks/use-socket.ts(417,14): error TS2339: Property 'close' does not exist on type 'never'.
src/hooks/useBackendConnection.tsx(40,27): error TS7006: Parameter 'url' implicitly has an 'any' type.
src/hooks/useBackendConnection.tsx(45,25): error TS7006: Parameter 'error' implicitly has an 'any' type.
src/hooks/useBackendConnection.tsx(45,32): error TS7006: Parameter 'endpoint' implicitly has an 'any' type.
src/hooks/useBackendConnection.tsx(69,14): error TS2339: Property 'status' does not exist on type '{ success: boolean; message: string; error: any; timestamp: string; }'.
src/hooks/useBackendConnection.tsx(70,14): error TS2339: Property 'data' does not exist on type '{ success: boolean; message: string; error: any; timestamp: string; }'.
src/hooks/useBackendConnection.tsx(76,16): error TS2339: Property 'connectionRefused' does not exist on type '{ success: boolean; message: string; error: any; timestamp: string; }'.
src/hooks/useBackendConnection.tsx(80,16): error TS2339: Property 'blockedByClient' does not exist on type '{ success: boolean; message: string; error: any; timestamp: string; }'.
src/hooks/useBackendConnection.tsx(84,14): error TS2339: Property 'request' does not exist on type '{ success: boolean; message: string; error: any; timestamp: string; }'.
src/hooks/useBackendConnection.tsx(89,14): error TS2339: Property 'isHealthCheck' does not exist on type '{ success: boolean; message: string; error: any; timestamp: string; }'.
src/hooks/useBackendConnection.tsx(92,18): error TS2339: Property 'connectionRefused' does not exist on type '{ success: boolean; message: string; error: any; timestamp: string; }'.
src/hooks/useBackendConnection.tsx(94,25): error TS2339: Property 'blockedByClient' does not exist on type '{ success: boolean; message: string; error: any; timestamp: string; }'.
src/hooks/useBackendConnection.tsx(103,28): error TS7006: Parameter 'baseURL' implicitly has an 'any' type.
src/hooks/useBackendConnection.tsx(140,44): error TS7006: Parameter 'attempt' implicitly has an 'any' type.
src/hooks/useBackendConnection.tsx(168,20): error TS2345: Argument of type '{ success: boolean; message: string; response: AxiosResponse<any, any>; }' is not assignable to parameter of type 'SetStateAction<null>'.
  Type '{ success: boolean; message: string; response: AxiosResponse<any, any>; }' provides no match for the signature '(prevState: null): null'.
src/hooks/useBackendConnection.tsx(174,20): error TS2339: Property 'blockedByClient' does not exist on type '{ success: boolean; message: string; error: any; timestamp: string; } | { success: boolean; message: string; silenced: boolean; timestamp: string; }'.
  Property 'blockedByClient' does not exist on type '{ success: boolean; message: string; error: any; timestamp: string; }'.
src/hooks/useBackendConnection.tsx(183,21): error TS2339: Property 'silenced' does not exist on type '{ success: boolean; message: string; error: any; timestamp: string; } | { success: boolean; message: string; silenced: boolean; timestamp: string; }'.
  Property 'silenced' does not exist on type '{ success: boolean; message: string; error: any; timestamp: string; }'.
src/hooks/useBackendConnection.tsx(183,43): error TS2339: Property 'blockedByClient' does not exist on type '{ success: boolean; message: string; error: any; timestamp: string; } | { success: boolean; message: string; silenced: boolean; timestamp: string; }'.
  Property 'blockedByClient' does not exist on type '{ success: boolean; message: string; error: any; timestamp: string; }'.
src/hooks/useBackendConnection.tsx(187,20): error TS2345: Argument of type '{ success: boolean; message: string; error: any; timestamp: string; } | { success: boolean; message: string; silenced: boolean; timestamp: string; }' is not assignable to parameter of type 'SetStateAction<null>'.
  Type '{ success: boolean; message: string; error: any; timestamp: string; }' is not assignable to type 'SetStateAction<null>'.
    Type '{ success: boolean; message: string; error: any; timestamp: string; }' provides no match for the signature '(prevState: null): null'.
src/hooks/useBackendConnection.tsx(334,7): error TS2322: Type 'Timeout' is not assignable to type 'null'.
src/hooks/useBackendConnection.tsx(421,7): error TS2322: Type 'Timeout' is not assignable to type 'null'.
src/hooks/useBackendConnection.tsx(468,42): error TS7031: Binding element 'connection' implicitly has an 'any' type.
src/hooks/useBackendConnection.tsx(540,39): error TS7006: Parameter 'WrappedComponent' implicitly has an 'any' type.
src/hooks/useBackendConnection.tsx(541,50): error TS7006: Parameter 'props' implicitly has an 'any' type.
src/hooks/useClientDashboardMcp.ts(78,9): error TS2353: Object literal may only specify known properties, and 'includeCompleted' does not exist in type 'GetAchievementsParams'.
src/hooks/useClientDashboardMcp.ts(85,9): error TS2353: Object literal may only specify known properties, and 'limit' does not exist in type 'GetChallengesParams'.
src/hooks/useClientDashboardMcp.ts(90,41): error TS2339: Property 'profile' does not exist on type 'GamificationProfile'.
src/hooks/useClientDashboardMcp.ts(91,51): error TS2339: Property 'achievements' does not exist on type 'Achievement[]'.
src/hooks/useClientDashboardMcp.ts(92,47): error TS2339: Property 'challenges' does not exist on type 'Challenge[]'.
src/hooks/useClientDashboardMcp.ts(157,65): error TS2353: Object literal may only specify known properties, and 'includeCompleted' does not exist in type 'GetAchievementsParams'.
src/hooks/useClientDashboardMcp.ts(158,63): error TS2353: Object literal may only specify known properties, and 'limit' does not exist in type 'GetChallengesParams'.
src/hooks/useClientDashboardMcp.ts(161,45): error TS2339: Property 'profile' does not exist on type 'GamificationProfile'.
src/hooks/useClientDashboardMcp.ts(162,55): error TS2339: Property 'achievements' does not exist on type 'Achievement[]'.
src/hooks/useClientDashboardMcp.ts(163,51): error TS2339: Property 'challenges' does not exist on type 'Challenge[]'.
src/hooks/useEnhancedClientDashboard.ts(424,9): error TS2349: This expression is not callable.
  Type 'never' has no call signatures.
src/hooks/useGamificationMcp.ts(52,11): error TS2353: Object literal may only specify known properties, and 'includeCompleted' does not exist in type 'GetAchievementsParams'.
src/hooks/useGamificationMcp.ts(56,61): error TS2353: Object literal may only specify known properties, and 'limit' does not exist in type 'GetChallengesParams'.
src/hooks/useGamificationMcp.ts(57,65): error TS2353: Object literal may only specify known properties, and 'limit' does not exist in type 'GetKindnessQuestsParams'.
src/hooks/useGamificationMcp.ts(61,34): error TS2339: Property 'profile' does not exist on type 'GamificationProfile'.
src/hooks/useGamificationMcp.ts(62,41): error TS2339: Property 'profile' does not exist on type 'GamificationProfile'.
src/hooks/useGamificationMcp.ts(65,39): error TS2339: Property 'achievements' does not exist on type 'Achievement[]'.
src/hooks/useGamificationMcp.ts(66,51): error TS2339: Property 'achievements' does not exist on type 'Achievement[]'.
src/hooks/useGamificationMcp.ts(69,32): error TS2339: Property 'position' does not exist on type 'BoardPosition'.
src/hooks/useGamificationMcp.ts(70,45): error TS2339: Property 'position' does not exist on type 'BoardPosition'.
src/hooks/useGamificationMcp.ts(73,37): error TS2339: Property 'challenges' does not exist on type 'Challenge[]'.
src/hooks/useGamificationMcp.ts(74,47): error TS2339: Property 'challenges' does not exist on type 'Challenge[]'.
src/hooks/useGamificationMcp.ts(77,33): error TS2339: Property 'quests' does not exist on type 'KindnessQuest[]'.
src/hooks/useGamificationMcp.ts(78,47): error TS2339: Property 'quests' does not exist on type 'KindnessQuest[]'.
src/hooks/useGamificationMcp.ts(100,9): error TS2353: Object literal may only specify known properties, and 'useBoost' does not exist in type 'RollDiceParams'.
src/hooks/useGamificationMcp.ts(103,27): error TS2339: Property 'result' does not exist on type 'DiceRollResult'.
src/hooks/useGamificationMcp.ts(105,43): error TS2339: Property 'result' does not exist on type 'DiceRollResult'.
src/hooks/useGamificationMcp.ts(109,35): error TS2339: Property 'result' does not exist on type 'DiceRollResult'.
src/hooks/useGamificationMcp.ts(111,39): error TS2339: Property 'result' does not exist on type 'DiceRollResult'.
src/hooks/useGamificationMcp.ts(115,27): error TS2339: Property 'result' does not exist on type 'DiceRollResult'.
src/hooks/useGamificationMcp.ts(118,52): error TS2339: Property 'result' does not exist on type 'DiceRollResult'.
src/hooks/useGamificationMcp.ts(123,30): error TS2339: Property 'result' does not exist on type 'DiceRollResult'.
src/hooks/useGamificationMcp.ts(181,22): error TS2345: Argument of type '(prev: GamificationProfile | null) => { points: number; kindnessScore: any; level?: number | undefined; streak?: number | undefined; challengesCompleted?: number | undefined; ... 5 more ...; errorMessage?: string | undefined; }' is not assignable to parameter of type 'SetStateAction<GamificationProfile | null>'.
  Type '(prev: GamificationProfile | null) => { points: number; kindnessScore: any; level?: number | undefined; streak?: number | undefined; challengesCompleted?: number | undefined; ... 5 more ...; errorMessage?: string | undefined; }' is not assignable to type '(prevState: GamificationProfile | null) => GamificationProfile | null'.
    Call signature return types '{ points: number; kindnessScore: any; level?: number | undefined; streak?: number | undefined; challengesCompleted?: number | undefined; questsCompleted?: number | undefined; powerups?: number | undefined; boosts?: number | undefined; lastUpdated?: string | undefined; mcpEnhanced?: boolean | undefined; errorMessage?...' and 'GamificationProfile | null' are incompatible.
      The types of 'level' are incompatible between these types.
        Type 'number | undefined' is not assignable to type 'number'.
          Type 'undefined' is not assignable to type 'number'.
src/hooks/useGamificationMcp.ts(183,21): error TS18047: 'prev' is possibly 'null'.
src/hooks/useGamificationMcp.ts(183,35): error TS18048: 'response.data.pointsEarned' is possibly 'undefined'.
src/hooks/useGamificationMcp.ts(184,28): error TS18047: 'prev' is possibly 'null'.
src/hooks/useGamificationMcp.ts(184,63): error TS2339: Property 'kindnessPoints' does not exist on type 'CompleteQuestResponse'.
src/hooks/useGamificationMcp.ts(220,9): error TS2353: Object literal may only specify known properties, and 'color' does not exist in type 'Achievement'.
src/hooks/useGamificationMcp.ts(227,9): error TS2353: Object literal may only specify known properties, and 'completed' does not exist in type 'Achievement'.
src/hooks/useGamificationMcp.ts(237,9): error TS2353: Object literal may only specify known properties, and 'color' does not exist in type 'Achievement'.
src/hooks/useGamificationMcp.ts(243,7): error TS2353: Object literal may only specify known properties, and 'position' does not exist in type 'BoardPosition | ((prevState: BoardPosition | null) => BoardPosition | null)'.
src/hooks/useGamificationMcp.ts(256,9): error TS2353: Object literal may only specify known properties, and 'joined' does not exist in type 'Challenge'.
src/hooks/useGamificationMcp.ts(265,9): error TS2353: Object literal may only specify known properties, and 'joined' does not exist in type 'Challenge'.
src/hooks/useGamificationMcp.ts(274,9): error TS2353: Object literal may only specify known properties, and 'joined' does not exist in type 'Challenge'.
src/hooks/useGamificationMcp.ts(286,9): error TS2561: Object literal may only specify known properties, but 'completed' does not exist in type 'KindnessQuest'. Did you mean to write 'completedAt'?
src/hooks/useGamificationMcp.ts(293,9): error TS2561: Object literal may only specify known properties, but 'completed' does not exist in type 'KindnessQuest'. Did you mean to write 'completedAt'?
src/hooks/useGamificationMcp.ts(300,9): error TS2561: Object literal may only specify known properties, but 'completed' does not exist in type 'KindnessQuest'. Did you mean to write 'completedAt'?
src/hooks/useMcpIntegration.ts(116,9): error TS2353: Object literal may only specify known properties, and 'goal' does not exist in type 'GetWorkoutRecommendationsParams'.
src/hooks/useMcpIntegration.ts(165,9): error TS2353: Object literal may only specify known properties, and 'includeCompleted' does not exist in type 'GetAchievementsParams'.
src/hooks/useMcpIntegration.ts(282,36): error TS2339: Property 'logActivity' does not exist on type 'GamificationMcpApi'.
src/hooks/useMcpIntegration.ts(322,36): error TS2339: Property 'processFoodIntake' does not exist on type 'GamificationMcpApi'.
src/hooks/useWorkoutProgress.ts(67,37): error TS2339: Property 'workout' does not exist on type '{ customization: ThemeState; menu: MenuState; orientation: OrientationState; notifications: NotificationState; auth: AuthState; }'.
src/layouts/MainLayout.tsx(4,24): error TS2307: Cannot find module '../../MainHeader' or its corresponding type declarations.
src/layouts/MainLayout/Header.tsx(411,17): error TS2339: Property 'logout' does not exist on type 'UseAuthReturn'.
src/layouts/MainLayout/Header.tsx(412,11): error TS2339: Property 'cartItems' does not exist on type 'CartContextType'.
src/lib/utils.ts(2,25): error TS2307: Cannot find module 'tailwind-merge' or its corresponding type declarations.
src/pages/about/AboutContent.tsx(798,32): error TS2339: Property 'isTyping' does not exist on type 'ExecutionContext & FastOmit<DetailedHTMLProps<HTMLAttributes<HTMLParagraphElement>, HTMLParagraphElement>, never>'.
src/pages/about/AboutContent.tsx(1023,26): error TS2769: No overload matches this call.
  Overload 1 of 2, '(props: PolymorphicComponentProps<"web", FastOmit<DetailedHTMLProps<HTMLAttributes<HTMLParagraphElement>, HTMLParagraphElement>, never>, void, void, {}, {}>): Element', gave the following error.
    Type '{ children: string; isTyping: boolean; }' is not assignable to type 'IntrinsicAttributes & FastOmit<Substitute<FastOmit<DetailedHTMLProps<HTMLAttributes<HTMLParagraphElement>, HTMLParagraphElement>, never>, FastOmit<...>>, keyof ExecutionProps> & FastOmit<...> & { ...; }'.
      Property 'isTyping' does not exist on type 'IntrinsicAttributes & FastOmit<Substitute<FastOmit<DetailedHTMLProps<HTMLAttributes<HTMLParagraphElement>, HTMLParagraphElement>, never>, FastOmit<...>>, keyof ExecutionProps> & FastOmit<...> & { ...; }'.
  Overload 2 of 2, '(props: FastOmit<DetailedHTMLProps<HTMLAttributes<HTMLParagraphElement>, HTMLParagraphElement>, never>): ReactNode', gave the following error.
    Type '{ children: string; isTyping: boolean; }' is not assignable to type 'IntrinsicAttributes & FastOmit<DetailedHTMLProps<HTMLAttributes<HTMLParagraphElement>, HTMLParagraphElement>, never>'.
      Property 'isTyping' does not exist on type 'IntrinsicAttributes & FastOmit<DetailedHTMLProps<HTMLAttributes<HTMLParagraphElement>, HTMLParagraphElement>, never>'.
src/pages/about/AboutContent.tsx(1096,17): error TS2322: Type '"neon"' is not assignable to type 'GlowButtonColorScheme | undefined'.
src/pages/about/FixedTestimonialSection.tsx(671,13): error TS2322: Type '"neon"' is not assignable to type 'GlowButtonColorScheme | undefined'.
src/pages/about/Hero.tsx(249,37): error TS2339: Property 'delay' does not exist on type 'ExecutionContext & FastOmit<DetailedHTMLProps<HTMLAttributes<HTMLDivElement>, HTMLDivElement>, never>'.
src/pages/about/Hero.tsx(251,25): error TS2339: Property 'top' does not exist on type 'ExecutionContext & FastOmit<DetailedHTMLProps<HTMLAttributes<HTMLDivElement>, HTMLDivElement>, never>'.
src/pages/about/Hero.tsx(252,26): error TS2339: Property 'left' does not exist on type 'ExecutionContext & FastOmit<DetailedHTMLProps<HTMLAttributes<HTMLDivElement>, HTMLDivElement>, never>'.
src/pages/about/Hero.tsx(342,37): error TS2339: Property 'delay' does not exist on type 'ExecutionContext & FastOmit<Omit<HTMLAttributesWithoutMotionProps<HTMLAttributes<HTMLSpanElement>, HTMLSpanElement> & MotionProps & RefAttributes<...>, "ref"> & { ...; }, never>'.
src/pages/about/Hero.tsx(603,17): error TS2769: No overload matches this call.
  Overload 1 of 2, '(props: PolymorphicComponentProps<"web", FastOmit<DetailedHTMLProps<HTMLAttributes<HTMLDivElement>, HTMLDivElement>, never>, void, void, {}, {}>): Element', gave the following error.
    Type '{ key: number; top: string; left: string; delay: string; }' is not assignable to type 'IntrinsicAttributes & FastOmit<Substitute<FastOmit<DetailedHTMLProps<HTMLAttributes<HTMLDivElement>, HTMLDivElement>, never>, FastOmit<...>>, keyof ExecutionProps> & FastOmit<...> & { ...; }'.
      Property 'top' does not exist on type 'IntrinsicAttributes & FastOmit<Substitute<FastOmit<DetailedHTMLProps<HTMLAttributes<HTMLDivElement>, HTMLDivElement>, never>, FastOmit<...>>, keyof ExecutionProps> & FastOmit<...> & { ...; }'.
  Overload 2 of 2, '(props: FastOmit<DetailedHTMLProps<HTMLAttributes<HTMLDivElement>, HTMLDivElement>, never>): ReactNode', gave the following error.
    Type '{ key: number; top: string; left: string; delay: string; }' is not assignable to type 'IntrinsicAttributes & FastOmit<DetailedHTMLProps<HTMLAttributes<HTMLDivElement>, HTMLDivElement>, never>'.
      Property 'top' does not exist on type 'IntrinsicAttributes & FastOmit<DetailedHTMLProps<HTMLAttributes<HTMLDivElement>, HTMLDivElement>, never>'.
src/pages/about/Hero.tsx(621,15): error TS2769: No overload matches this call.
  Overload 1 of 2, '(props: PolymorphicComponentProps<"web", FastOmit<Omit<HTMLAttributesWithoutMotionProps<HTMLAttributes<HTMLSpanElement>, HTMLSpanElement> & MotionProps & RefAttributes<...>, "ref"> & { ...; }, never>, void, void, {}, {}>): Element', gave the following error.
    Type '{ children: string | Element; key: number; delay: string; }' is not assignable to type 'IntrinsicAttributes & FastOmit<Substitute<FastOmit<Omit<HTMLAttributesWithoutMotionProps<HTMLAttributes<HTMLSpanElement>, HTMLSpanElement> & MotionProps & RefAttributes<...>, "ref"> & { ...; }, never>, FastOmit<...>>, keyof ExecutionProps> & FastOmit<...> & { ...; }'.
      Property 'delay' does not exist on type 'IntrinsicAttributes & FastOmit<Substitute<FastOmit<Omit<HTMLAttributesWithoutMotionProps<HTMLAttributes<HTMLSpanElement>, HTMLSpanElement> & MotionProps & RefAttributes<...>, "ref"> & { ...; }, never>, FastOmit<...>>, keyof ExecutionProps> & FastOmit<...> & { ...; }'.
  Overload 2 of 2, '(props: FastOmit<Omit<HTMLAttributesWithoutMotionProps<HTMLAttributes<HTMLSpanElement>, HTMLSpanElement> & MotionProps & RefAttributes<...>, "ref"> & { ...; }, never>): ReactNode', gave the following error.
    Type '{ children: string | Element; key: number; delay: string; }' is not assignable to type 'IntrinsicAttributes & FastOmit<Omit<HTMLAttributesWithoutMotionProps<HTMLAttributes<HTMLSpanElement>, HTMLSpanElement> & MotionProps & RefAttributes<...>, "ref"> & { ...; }, never>'.
      Property 'delay' does not exist on type 'IntrinsicAttributes & FastOmit<Omit<HTMLAttributesWithoutMotionProps<HTMLAttributes<HTMLSpanElement>, HTMLSpanElement> & MotionProps & RefAttributes<...>, "ref"> & { ...; }, never>'.
src/pages/about/Hero.tsx(644,13): error TS2322: Type '"neon"' is not assignable to type 'GlowButtonColorScheme | undefined'.
src/pages/about/TestimonialSection.tsx(5,24): error TS2307: Cannot find module '../../components/Button/glowButton' or its corresponding type declarations.
src/pages/admin/AdminVideoLibrary.tsx(9,23): error TS1149: File name 'C:/Users/BigotSmasher/Desktop/quick-pt/SS-PT/frontend/src/components/admin/VideoCard.tsx' differs from already included file name 'C:/Users/BigotSmasher/Desktop/quick-pt/SS-PT/frontend/src/components/Admin/VideoCard.tsx' only in casing.
  The file is in the program because:
    Matched by include pattern 'src' in 'C:/Users/BigotSmasher/Desktop/quick-pt/SS-PT/frontend/tsconfig.json'
    Imported via '../../components/admin/VideoCard' from file 'C:/Users/BigotSmasher/Desktop/quick-pt/SS-PT/frontend/src/pages/admin/AdminVideoLibrary.tsx'
src/pages/admin/AdminVideoLibrary.tsx(10,34): error TS1149: File name 'C:/Users/BigotSmasher/Desktop/quick-pt/SS-PT/frontend/src/components/admin/CreateExerciseWizard.tsx' differs from already included file name 'C:/Users/BigotSmasher/Desktop/quick-pt/SS-PT/frontend/src/components/Admin/CreateExerciseWizard.tsx' only in casing.
  The file is in the program because:
    Matched by include pattern 'src' in 'C:/Users/BigotSmasher/Desktop/quick-pt/SS-PT/frontend/tsconfig.json'
    Imported via '../../components/admin/CreateExerciseWizard' from file 'C:/Users/BigotSmasher/Desktop/quick-pt/SS-PT/frontend/src/pages/admin/AdminVideoLibrary.tsx'
src/pages/admin/AdminVideoLibrary.tsx(11,30): error TS1149: File name 'C:/Users/BigotSmasher/Desktop/quick-pt/SS-PT/frontend/src/components/admin/VideoPlayerModal.tsx' differs from already included file name 'C:/Users/BigotSmasher/Desktop/quick-pt/SS-PT/frontend/src/components/Admin/VideoPlayerModal.tsx' only in casing.
  The file is in the program because:
    Matched by include pattern 'src' in 'C:/Users/BigotSmasher/Desktop/quick-pt/SS-PT/frontend/tsconfig.json'
    Imported via '../../components/admin/VideoPlayerModal' from file 'C:/Users/BigotSmasher/Desktop/quick-pt/SS-PT/frontend/src/pages/admin/AdminVideoLibrary.tsx'
src/pages/admin/OnboardingManagement.tsx(617,46): error TS18047: 'client.movementScreen' is possibly 'null'.
src/pages/admin/OnboardingManagement.tsx(618,30): error TS18047: 'client.movementScreen' is possibly 'null'.
src/pages/admin/OnboardingManagement.tsx(621,41): error TS18047: 'client.movementScreen' is possibly 'null'.
src/pages/admin/OnboardingManagement.tsx(710,38): error TS18047: 'client.movementScreen' is possibly 'null'.
src/pages/admin/OnboardingManagement.tsx(711,22): error TS18047: 'client.movementScreen' is possibly 'null'.
src/pages/checkout/CheckoutCancel.tsx(472,21): error TS2322: Type '{ showDetailedBreakdown: false; showSessionDetails: boolean; compact: true; showPromoSection: boolean; }' is not assignable to type 'IntrinsicAttributes & OrderReviewStepProps'.
  Property 'showSessionDetails' does not exist on type 'IntrinsicAttributes & OrderReviewStepProps'.
src/pages/checkout/CheckoutSuccess.tsx(31,8): error TS2307: Cannot find module '../../components/Checkout' or its corresponding type declarations.
src/pages/EnhancedLoginModal.tsx(69,19): error TS2345: Argument of type '({ theme }: ExecutionContext & FastOmit<DetailedHTMLProps<HTMLAttributes<HTMLDivElement>, HTMLDivElement>, never>) => unknown' is not assignable to parameter of type 'Interpolation<FastOmit<DetailedHTMLProps<HTMLAttributes<HTMLDivElement>, HTMLDivElement>, never>>'.
  Type '({ theme }: ExecutionContext & FastOmit<DetailedHTMLProps<HTMLAttributes<HTMLDivElement>, HTMLDivElement>, never>) => unknown' is not assignable to type 'StyleFunction<FastOmit<DetailedHTMLProps<HTMLAttributes<HTMLDivElement>, HTMLDivElement>, never>>'.
    Type 'unknown' is not assignable to type 'Interpolation<FastOmit<DetailedHTMLProps<HTMLAttributes<HTMLDivElement>, HTMLDivElement>, never>>'.
src/pages/EnhancedLoginModal.tsx(69,34): error TS18048: 'theme.gradients' is possibly 'undefined'.
src/pages/EnhancedLoginModal.tsx(90,17): error TS2345: Argument of type '({ theme }: ExecutionContext & FastOmit<Omit<HTMLAttributesWithoutMotionProps<HTMLAttributes<HTMLDivElement>, HTMLDivElement> & MotionProps & RefAttributes<...>, "ref"> & { ...; }, never>) => unknown' is not assignable to parameter of type 'Interpolation<FastOmit<Omit<HTMLAttributesWithoutMotionProps<HTMLAttributes<HTMLDivElement>, HTMLDivElement> & MotionProps & RefAttributes<...>, "ref"> & { ...; }, never>>'.
  Type '({ theme }: ExecutionContext & FastOmit<Omit<HTMLAttributesWithoutMotionProps<HTMLAttributes<HTMLDivElement>, HTMLDivElement> & MotionProps & RefAttributes<...>, "ref"> & { ...; }, never>) => unknown' is not assignable to type 'StyleFunction<FastOmit<Omit<HTMLAttributesWithoutMotionProps<HTMLAttributes<HTMLDivElement>, HTMLDivElement> & MotionProps & RefAttributes<...>, "ref"> & { ...; }, never>>'.
    Type 'unknown' is not assignable to type 'Interpolation<FastOmit<Omit<HTMLAttributesWithoutMotionProps<HTMLAttributes<HTMLDivElement>, HTMLDivElement> & MotionProps & RefAttributes<...>, "ref"> & { ...; }, never>>'.
src/pages/EnhancedLoginModal.tsx(90,32): error TS18048: 'theme.background' is possibly 'undefined'.
src/pages/EnhancedLoginModal.tsx(94,38): error TS18046: 'theme.borders' is of type 'unknown'.
src/pages/EnhancedLoginModal.tsx(95,32): error TS18048: 'theme.shadows' is possibly 'undefined'.
src/pages/EnhancedLoginModal.tsx(95,46): error TS2339: Property 'elevation' does not exist on type 'string[] | Record<string, unknown>'.
  Property 'elevation' does not exist on type 'string[]'.
src/pages/EnhancedLoginModal.tsx(101,36): error TS18046: 'theme.borders' is of type 'unknown'.
src/pages/EnhancedLoginModal.tsx(102,34): error TS18048: 'theme.shadows' is possibly 'undefined'.
src/pages/EnhancedLoginModal.tsx(102,48): error TS2339: Property 'cosmic' does not exist on type 'string[] | Record<string, unknown>'.
  Property 'cosmic' does not exist on type 'string[]'.
src/pages/EnhancedLoginModal.tsx(155,17): error TS2345: Argument of type '({ theme }: ExecutionContext & FastOmit<Omit<HTMLAttributesWithoutMotionProps<ButtonHTMLAttributes<HTMLButtonElement>, HTMLButtonElement> & MotionProps & RefAttributes<...>, "ref"> & { ...; }, never>) => unknown' is not assignable to parameter of type 'Interpolation<FastOmit<Omit<HTMLAttributesWithoutMotionProps<ButtonHTMLAttributes<HTMLButtonElement>, HTMLButtonElement> & MotionProps & RefAttributes<...>, "ref"> & { ...; }, never>>'.
  Type '({ theme }: ExecutionContext & FastOmit<Omit<HTMLAttributesWithoutMotionProps<ButtonHTMLAttributes<HTMLButtonElement>, HTMLButtonElement> & MotionProps & RefAttributes<...>, "ref"> & { ...; }, never>) => unknown' is not assignable to type 'StyleFunction<FastOmit<Omit<HTMLAttributesWithoutMotionProps<ButtonHTMLAttributes<HTMLButtonElement>, HTMLButtonElement> & MotionProps & RefAttributes<...>, "ref"> & { ...; }, never>>'.
    Type 'unknown' is not assignable to type 'Interpolation<FastOmit<Omit<HTMLAttributesWithoutMotionProps<ButtonHTMLAttributes<HTMLButtonElement>, HTMLButtonElement> & MotionProps & RefAttributes<...>, "ref"> & { ...; }, never>>'.
src/pages/EnhancedLoginModal.tsx(155,32): error TS18048: 'theme.colors' is possibly 'undefined'.
src/pages/EnhancedLoginModal.tsx(156,38): error TS18048: 'theme.colors' is possibly 'undefined'.
src/pages/EnhancedLoginModal.tsx(161,27): error TS18048: 'theme.colors' is possibly 'undefined'.
src/pages/EnhancedLoginModal.tsx(164,41): error TS18048: 'theme.colors' is possibly 'undefined'.
src/pages/EnhancedLoginModal.tsx(180,34): error TS18048: 'theme.colors' is possibly 'undefined'.
src/pages/EnhancedLoginModal.tsx(181,34): error TS18048: 'theme.shadows' is possibly 'undefined'.
src/pages/EnhancedLoginModal.tsx(181,48): error TS2339: Property 'primary' does not exist on type 'string[] | Record<string, unknown>'.
  Property 'primary' does not exist on type 'string[]'.
src/pages/EnhancedLoginModal.tsx(182,29): error TS18048: 'theme.text' is possibly 'undefined'.
src/pages/EnhancedLoginModal.tsx(198,17): error TS2345: Argument of type '({ theme }: ExecutionContext & FastOmit<Omit<HTMLAttributesWithoutMotionProps<HTMLAttributes<HTMLDivElement>, HTMLDivElement> & MotionProps & RefAttributes<...>, "ref"> & { ...; }, never>) => unknown' is not assignable to parameter of type 'Interpolation<FastOmit<Omit<HTMLAttributesWithoutMotionProps<HTMLAttributes<HTMLDivElement>, HTMLDivElement> & MotionProps & RefAttributes<...>, "ref"> & { ...; }, never>>'.
  Type '({ theme }: ExecutionContext & FastOmit<Omit<HTMLAttributesWithoutMotionProps<HTMLAttributes<HTMLDivElement>, HTMLDivElement> & MotionProps & RefAttributes<...>, "ref"> & { ...; }, never>) => unknown' is not assignable to type 'StyleFunction<FastOmit<Omit<HTMLAttributesWithoutMotionProps<HTMLAttributes<HTMLDivElement>, HTMLDivElement> & MotionProps & RefAttributes<...>, "ref"> & { ...; }, never>>'.
    Type 'unknown' is not assignable to type 'Interpolation<FastOmit<Omit<HTMLAttributesWithoutMotionProps<HTMLAttributes<HTMLDivElement>, HTMLDivElement> & MotionProps & RefAttributes<...>, "ref"> & { ...; }, never>>'.
src/pages/EnhancedLoginModal.tsx(198,32): error TS18048: 'theme.gradients' is possibly 'undefined'.
src/pages/EnhancedLoginModal.tsx(203,38): error TS18046: 'theme.borders' is of type 'unknown'.
src/pages/EnhancedLoginModal.tsx(204,32): error TS18048: 'theme.shadows' is possibly 'undefined'.
src/pages/EnhancedLoginModal.tsx(204,46): error TS2339: Property 'cosmic' does not exist on type 'string[] | Record<string, unknown>'.
  Property 'cosmic' does not exist on type 'string[]'.
src/pages/EnhancedLoginModal.tsx(219,24): error TS18048: 'theme.colors' is possibly 'undefined'.
src/pages/EnhancedLoginModal.tsx(229,34): error TS18048: 'theme.shadows' is possibly 'undefined'.
src/pages/EnhancedLoginModal.tsx(229,48): error TS2339: Property 'primary' does not exist on type 'string[] | Record<string, unknown>'.
  Property 'primary' does not exist on type 'string[]'.
src/pages/EnhancedLoginModal.tsx(229,75): error TS18048: 'theme.shadows' is possibly 'undefined'.
src/pages/EnhancedLoginModal.tsx(229,89): error TS2339: Property 'cosmic' does not exist on type 'string[] | Record<string, unknown>'.
  Property 'cosmic' does not exist on type 'string[]'.
src/pages/EnhancedLoginModal.tsx(237,33): error TS2345: Argument of type '({ theme }: ExecutionContext & FastOmit<DetailedHTMLProps<ImgHTMLAttributes<HTMLImageElement>, HTMLImageElement>, never>) => unknown' is not assignable to parameter of type 'Interpolation<FastOmit<DetailedHTMLProps<ImgHTMLAttributes<HTMLImageElement>, HTMLImageElement>, never>>'.
  Type '({ theme }: ExecutionContext & FastOmit<DetailedHTMLProps<ImgHTMLAttributes<HTMLImageElement>, HTMLImageElement>, never>) => unknown' is not assignable to type 'StyleFunction<FastOmit<DetailedHTMLProps<ImgHTMLAttributes<HTMLImageElement>, HTMLImageElement>, never>>'.
    Type 'unknown' is not assignable to type 'Interpolation<FastOmit<DetailedHTMLProps<ImgHTMLAttributes<HTMLImageElement>, HTMLImageElement>, never>>'.
src/pages/EnhancedLoginModal.tsx(237,48): error TS18048: 'theme.colors' is possibly 'undefined'.
src/pages/EnhancedLoginModal.tsx(244,51): error TS18048: 'theme.colors' is possibly 'undefined'.
src/pages/EnhancedLoginModal.tsx(252,12): error TS2345: Argument of type '({ theme }: ExecutionContext & FastOmit<Omit<HTMLAttributesWithoutMotionProps<HTMLAttributes<HTMLHeadingElement>, HTMLHeadingElement> & MotionProps & RefAttributes<...>, "ref"> & { ...; }, never>) => unknown' is not assignable to parameter of type 'Interpolation<FastOmit<Omit<HTMLAttributesWithoutMotionProps<HTMLAttributes<HTMLHeadingElement>, HTMLHeadingElement> & MotionProps & RefAttributes<...>, "ref"> & { ...; }, never>>'.
  Type '({ theme }: ExecutionContext & FastOmit<Omit<HTMLAttributesWithoutMotionProps<HTMLAttributes<HTMLHeadingElement>, HTMLHeadingElement> & MotionProps & RefAttributes<...>, "ref"> & { ...; }, never>) => unknown' is not assignable to type 'StyleFunction<FastOmit<Omit<HTMLAttributesWithoutMotionProps<HTMLAttributes<HTMLHeadingElement>, HTMLHeadingElement> & MotionProps & RefAttributes<...>, "ref"> & { ...; }, never>>'.
    Type 'unknown' is not assignable to type 'Interpolation<FastOmit<Omit<HTMLAttributesWithoutMotionProps<HTMLAttributes<HTMLHeadingElement>, HTMLHeadingElement> & MotionProps & RefAttributes<...>, "ref"> & { ...; }, never>>'.
src/pages/EnhancedLoginModal.tsx(252,27): error TS18048: 'theme.text' is possibly 'undefined'.
src/pages/EnhancedLoginModal.tsx(255,32): error TS18048: 'theme.gradients' is possibly 'undefined'.
src/pages/EnhancedLoginModal.tsx(261,42): error TS18048: 'theme.colors' is possibly 'undefined'.
src/pages/EnhancedLoginModal.tsx(267,44): error TS18048: 'theme.colors' is possibly 'undefined'.
src/pages/EnhancedLoginModal.tsx(276,12): error TS2345: Argument of type '({ theme }: ExecutionContext & FastOmit<Omit<HTMLAttributesWithoutMotionProps<HTMLAttributes<HTMLHeadingElement>, HTMLHeadingElement> & MotionProps & RefAttributes<...>, "ref"> & { ...; }, never>) => unknown' is not assignable to parameter of type 'Interpolation<FastOmit<Omit<HTMLAttributesWithoutMotionProps<HTMLAttributes<HTMLHeadingElement>, HTMLHeadingElement> & MotionProps & RefAttributes<...>, "ref"> & { ...; }, never>>'.
  Type '({ theme }: ExecutionContext & FastOmit<Omit<HTMLAttributesWithoutMotionProps<HTMLAttributes<HTMLHeadingElement>, HTMLHeadingElement> & MotionProps & RefAttributes<...>, "ref"> & { ...; }, never>) => unknown' is not assignable to type 'StyleFunction<FastOmit<Omit<HTMLAttributesWithoutMotionProps<HTMLAttributes<HTMLHeadingElement>, HTMLHeadingElement> & MotionProps & RefAttributes<...>, "ref"> & { ...; }, never>>'.
    Type 'unknown' is not assignable to type 'Interpolation<FastOmit<Omit<HTMLAttributesWithoutMotionProps<HTMLAttributes<HTMLHeadingElement>, HTMLHeadingElement> & MotionProps & RefAttributes<...>, "ref"> & { ...; }, never>>'.
src/pages/EnhancedLoginModal.tsx(276,27): error TS18048: 'theme.colors' is possibly 'undefined'.
src/pages/EnhancedLoginModal.tsx(279,41): error TS18048: 'theme.colors' is possibly 'undefined'.
src/pages/EnhancedLoginModal.tsx(284,29): error TS18048: 'theme.colors' is possibly 'undefined'.
src/pages/EnhancedLoginModal.tsx(284,52): error TS18048: 'theme.colors' is possibly 'undefined'.
src/pages/EnhancedLoginModal.tsx(285,44): error TS18048: 'theme.colors' is possibly 'undefined'.
src/pages/EnhancedLoginModal.tsx(293,38): error TS18046: 'theme.borders' is of type 'unknown'.
src/pages/EnhancedLoginModal.tsx(295,17): error TS2345: Argument of type '({ theme }: ExecutionContext & FastOmit<Omit<HTMLAttributesWithoutMotionProps<InputHTMLAttributes<HTMLInputElement>, HTMLInputElement> & MotionProps & RefAttributes<...>, "ref"> & { ...; }, never>) => unknown' is not assignable to parameter of type 'Interpolation<FastOmit<Omit<HTMLAttributesWithoutMotionProps<InputHTMLAttributes<HTMLInputElement>, HTMLInputElement> & MotionProps & RefAttributes<...>, "ref"> & { ...; }, never>>'.
  Type '({ theme }: ExecutionContext & FastOmit<Omit<HTMLAttributesWithoutMotionProps<InputHTMLAttributes<HTMLInputElement>, HTMLInputElement> & MotionProps & RefAttributes<...>, "ref"> & { ...; }, never>) => unknown' is not assignable to type 'StyleFunction<FastOmit<Omit<HTMLAttributesWithoutMotionProps<InputHTMLAttributes<HTMLInputElement>, HTMLInputElement> & MotionProps & RefAttributes<...>, "ref"> & { ...; }, never>>'.
    Type 'unknown' is not assignable to type 'Interpolation<FastOmit<Omit<HTMLAttributesWithoutMotionProps<InputHTMLAttributes<HTMLInputElement>, HTMLInputElement> & MotionProps & RefAttributes<...>, "ref"> & { ...; }, never>>'.
src/pages/EnhancedLoginModal.tsx(295,32): error TS18048: 'theme.background' is possibly 'undefined'.
src/pages/EnhancedLoginModal.tsx(296,27): error TS18048: 'theme.text' is possibly 'undefined'.
src/pages/EnhancedLoginModal.tsx(303,36): error TS18048: 'theme.colors' is possibly 'undefined'.
src/pages/EnhancedLoginModal.tsx(304,43): error TS18048: 'theme.colors' is possibly 'undefined'.
src/pages/EnhancedLoginModal.tsx(305,34): error TS18048: 'theme.background' is possibly 'undefined'.
src/pages/EnhancedLoginModal.tsx(306,43): error TS18048: 'theme.colors' is possibly 'undefined'.
src/pages/EnhancedLoginModal.tsx(310,29): error TS18048: 'theme.text' is possibly 'undefined'.
src/pages/EnhancedLoginModal.tsx(322,17): error TS2345: Argument of type '({ theme }: ExecutionContext & FastOmit<Omit<HTMLAttributesWithoutMotionProps<ButtonHTMLAttributes<HTMLButtonElement>, HTMLButtonElement> & MotionProps & RefAttributes<...>, "ref"> & { ...; }, never>) => unknown' is not assignable to parameter of type 'Interpolation<FastOmit<Omit<HTMLAttributesWithoutMotionProps<ButtonHTMLAttributes<HTMLButtonElement>, HTMLButtonElement> & MotionProps & RefAttributes<...>, "ref"> & { ...; }, never>>'.
  Type '({ theme }: ExecutionContext & FastOmit<Omit<HTMLAttributesWithoutMotionProps<ButtonHTMLAttributes<HTMLButtonElement>, HTMLButtonElement> & MotionProps & RefAttributes<...>, "ref"> & { ...; }, never>) => unknown' is not assignable to type 'StyleFunction<FastOmit<Omit<HTMLAttributesWithoutMotionProps<ButtonHTMLAttributes<HTMLButtonElement>, HTMLButtonElement> & MotionProps & RefAttributes<...>, "ref"> & { ...; }, never>>'.
    Type 'unknown' is not assignable to type 'Interpolation<FastOmit<Omit<HTMLAttributesWithoutMotionProps<ButtonHTMLAttributes<HTMLButtonElement>, HTMLButtonElement> & MotionProps & RefAttributes<...>, "ref"> & { ...; }, never>>'.
src/pages/EnhancedLoginModal.tsx(322,32): error TS18048: 'theme.gradients' is possibly 'undefined'.
src/pages/EnhancedLoginModal.tsx(326,27): error TS18048: 'theme.colors' is possibly 'undefined'.
src/pages/EnhancedLoginModal.tsx(335,32): error TS18048: 'theme.shadows' is possibly 'undefined'.
src/pages/EnhancedLoginModal.tsx(335,46): error TS2339: Property 'primary' does not exist on type 'string[] | Record<string, unknown>'.
  Property 'primary' does not exist on type 'string[]'.
src/pages/EnhancedLoginModal.tsx(340,34): error TS18048: 'theme.shadows' is possibly 'undefined'.
src/pages/EnhancedLoginModal.tsx(340,48): error TS2339: Property 'cosmic' does not exist on type 'string[] | Record<string, unknown>'.
  Property 'cosmic' does not exist on type 'string[]'.
src/pages/EnhancedLoginModal.tsx(342,34): error TS18048: 'theme.gradients' is possibly 'undefined'.
src/pages/EnhancedLoginModal.tsx(359,24): error TS18048: 'theme.colors' is possibly 'undefined'.
src/pages/EnhancedLoginModal.tsx(386,12): error TS2345: Argument of type '({ theme }: ExecutionContext & FastOmit<Omit<HTMLAttributesWithoutMotionProps<AnchorHTMLAttributes<HTMLAnchorElement>, HTMLAnchorElement> & MotionProps & RefAttributes<...>, "ref"> & { ...; }, never>) => unknown' is not assignable to parameter of type 'Interpolation<FastOmit<Omit<HTMLAttributesWithoutMotionProps<AnchorHTMLAttributes<HTMLAnchorElement>, HTMLAnchorElement> & MotionProps & RefAttributes<...>, "ref"> & { ...; }, never>>'.
  Type '({ theme }: ExecutionContext & FastOmit<Omit<HTMLAttributesWithoutMotionProps<AnchorHTMLAttributes<HTMLAnchorElement>, HTMLAnchorElement> & MotionProps & RefAttributes<...>, "ref"> & { ...; }, never>) => unknown' is not assignable to type 'StyleFunction<FastOmit<Omit<HTMLAttributesWithoutMotionProps<AnchorHTMLAttributes<HTMLAnchorElement>, HTMLAnchorElement> & MotionProps & RefAttributes<...>, "ref"> & { ...; }, never>>'.
    Type 'unknown' is not assignable to type 'Interpolation<FastOmit<Omit<HTMLAttributesWithoutMotionProps<AnchorHTMLAttributes<HTMLAnchorElement>, HTMLAnchorElement> & MotionProps & RefAttributes<...>, "ref"> & { ...; }, never>>'.
src/pages/EnhancedLoginModal.tsx(386,27): error TS18048: 'theme.colors' is possibly 'undefined'.
src/pages/EnhancedLoginModal.tsx(394,29): error TS18048: 'theme.colors' is possibly 'undefined'.
src/pages/EnhancedLoginModal.tsx(394,52): error TS18048: 'theme.colors' is possibly 'undefined'.
src/pages/EnhancedLoginModal.tsx(395,43): error TS18048: 'theme.colors' is possibly 'undefined'.
src/pages/EnhancedLoginModal.tsx(406,34): error TS18048: 'theme.colors' is possibly 'undefined'.
src/pages/EnhancedLoginModal.tsx(543,15): error TS18047: 'result.user' is possibly 'null'.
src/pages/EnhancedLoginModal.tsx(553,41): error TS2339: Property 'message' does not exist on type '{ success: boolean; user: User | null; error?: string | undefined; forcePasswordChange?: boolean | undefined; tempToken?: string | undefined; }'.
src/pages/HomePage/components/Hero-Section.tsx(100,9): error TS2345: Argument of type '({ theme }: ExecutionContext & FastOmit<DetailedHTMLProps<HTMLAttributes<HTMLDivElement>, HTMLDivElement>, never>) => unknown' is not assignable to parameter of type 'Interpolation<FastOmit<DetailedHTMLProps<HTMLAttributes<HTMLDivElement>, HTMLDivElement>, never>>'.
  Type '({ theme }: ExecutionContext & FastOmit<DetailedHTMLProps<HTMLAttributes<HTMLDivElement>, HTMLDivElement>, never>) => unknown' is not assignable to type 'StyleFunction<FastOmit<DetailedHTMLProps<HTMLAttributes<HTMLDivElement>, HTMLDivElement>, never>>'.
    Type 'unknown' is not assignable to type 'Interpolation<FastOmit<DetailedHTMLProps<HTMLAttributes<HTMLDivElement>, HTMLDivElement>, never>>'.
src/pages/HomePage/components/Hero-Section.tsx(100,24): error TS18048: 'theme.colors' is possibly 'undefined'.
src/pages/HomePage/components/Hero-Section.tsx(101,24): error TS18048: 'theme.colors' is possibly 'undefined'.
src/pages/HomePage/components/Hero-Section.tsx(102,24): error TS18048: 'theme.colors' is possibly 'undefined'.
src/pages/HomePage/components/Hero-Section.tsx(147,36): error TS2345: Argument of type '({ theme }: ExecutionContext & FastOmit<Omit<HTMLAttributesWithoutMotionProps<HTMLAttributes<HTMLDivElement>, HTMLDivElement> & MotionProps & RefAttributes<...>, "ref"> & { ...; }, never>) => unknown' is not assignable to parameter of type 'Interpolation<FastOmit<Omit<HTMLAttributesWithoutMotionProps<HTMLAttributes<HTMLDivElement>, HTMLDivElement> & MotionProps & RefAttributes<...>, "ref"> & { ...; }, never>>'.
  Type '({ theme }: ExecutionContext & FastOmit<Omit<HTMLAttributesWithoutMotionProps<HTMLAttributes<HTMLDivElement>, HTMLDivElement> & MotionProps & RefAttributes<...>, "ref"> & { ...; }, never>) => unknown' is not assignable to type 'StyleFunction<FastOmit<Omit<HTMLAttributesWithoutMotionProps<HTMLAttributes<HTMLDivElement>, HTMLDivElement> & MotionProps & RefAttributes<...>, "ref"> & { ...; }, never>>'.
    Type 'unknown' is not assignable to type 'Interpolation<FastOmit<Omit<HTMLAttributesWithoutMotionProps<HTMLAttributes<HTMLDivElement>, HTMLDivElement> & MotionProps & RefAttributes<...>, "ref"> & { ...; }, never>>'.
src/pages/HomePage/components/Hero-Section.tsx(147,51): error TS18048: 'theme.colors' is possibly 'undefined'.
src/pages/HomePage/components/Hero-Section.tsx(152,51): error TS18048: 'theme.colors' is possibly 'undefined'.
src/pages/HomePage/components/Hero-Section.tsx(180,17): error TS2345: Argument of type '({ theme }: ExecutionContext & FastOmit<Omit<HTMLAttributesWithoutMotionProps<HTMLAttributes<HTMLDivElement>, HTMLDivElement> & MotionProps & RefAttributes<...>, "ref"> & { ...; }, never>) => unknown' is not assignable to parameter of type 'Interpolation<FastOmit<Omit<HTMLAttributesWithoutMotionProps<HTMLAttributes<HTMLDivElement>, HTMLDivElement> & MotionProps & RefAttributes<...>, "ref"> & { ...; }, never>>'.
  Type '({ theme }: ExecutionContext & FastOmit<Omit<HTMLAttributesWithoutMotionProps<HTMLAttributes<HTMLDivElement>, HTMLDivElement> & MotionProps & RefAttributes<...>, "ref"> & { ...; }, never>) => unknown' is not assignable to type 'StyleFunction<FastOmit<Omit<HTMLAttributesWithoutMotionProps<HTMLAttributes<HTMLDivElement>, HTMLDivElement> & MotionProps & RefAttributes<...>, "ref"> & { ...; }, never>>'.
    Type 'unknown' is not assignable to type 'Interpolation<FastOmit<Omit<HTMLAttributesWithoutMotionProps<HTMLAttributes<HTMLDivElement>, HTMLDivElement> & MotionProps & RefAttributes<...>, "ref"> & { ...; }, never>>'.
src/pages/HomePage/components/Hero-Section.tsx(180,32): error TS18048: 'theme.background' is possibly 'undefined'.
src/pages/HomePage/components/Hero-Section.tsx(183,38): error TS18046: 'theme.borders' is of type 'unknown'.
src/pages/HomePage/components/Hero-Section.tsx(184,32): error TS18048: 'theme.shadows' is possibly 'undefined'.
src/pages/HomePage/components/Hero-Section.tsx(184,46): error TS2339: Property 'elevation' does not exist on type 'string[] | Record<string, unknown>'.
  Property 'elevation' does not exist on type 'string[]'.
src/pages/HomePage/components/Hero-Section.tsx(195,70): error TS18048: 'theme.colors' is possibly 'undefined'.
src/pages/HomePage/components/Hero-Section.tsx(199,36): error TS18046: 'theme.borders' is of type 'unknown'.
src/pages/HomePage/components/Hero-Section.tsx(200,34): error TS18048: 'theme.shadows' is possibly 'undefined'.
src/pages/HomePage/components/Hero-Section.tsx(200,48): error TS2339: Property 'cosmic' does not exist on type 'string[] | Record<string, unknown>'.
  Property 'cosmic' does not exist on type 'string[]'.
src/pages/HomePage/components/Hero-Section.tsx(217,17): error TS2345: Argument of type '({ theme }: ExecutionContext & FastOmit<Omit<HTMLAttributesWithoutMotionProps<HTMLAttributes<HTMLHeadingElement>, HTMLHeadingElement> & MotionProps & RefAttributes<...>, "ref"> & { ...; }, never>) => unknown' is not assignable to parameter of type 'Interpolation<FastOmit<Omit<HTMLAttributesWithoutMotionProps<HTMLAttributes<HTMLHeadingElement>, HTMLHeadingElement> & MotionProps & RefAttributes<...>, "ref"> & { ...; }, never>>'.
  Type '({ theme }: ExecutionContext & FastOmit<Omit<HTMLAttributesWithoutMotionProps<HTMLAttributes<HTMLHeadingElement>, HTMLHeadingElement> & MotionProps & RefAttributes<...>, "ref"> & { ...; }, never>) => unknown' is not assignable to type 'StyleFunction<FastOmit<Omit<HTMLAttributesWithoutMotionProps<HTMLAttributes<HTMLHeadingElement>, HTMLHeadingElement> & MotionProps & RefAttributes<...>, "ref"> & { ...; }, never>>'.
    Type 'unknown' is not assignable to type 'Interpolation<FastOmit<Omit<HTMLAttributesWithoutMotionProps<HTMLAttributes<HTMLHeadingElement>, HTMLHeadingElement> & MotionProps & RefAttributes<...>, "ref"> & { ...; }, never>>'.
src/pages/HomePage/components/Hero-Section.tsx(217,32): error TS18048: 'theme.gradients' is possibly 'undefined'.
src/pages/HomePage/components/Hero-Section.tsx(223,42): error TS18048: 'theme.colors' is possibly 'undefined'.
src/pages/HomePage/components/Hero-Section.tsx(258,12): error TS2345: Argument of type '({ theme }: ExecutionContext & FastOmit<Omit<HTMLAttributesWithoutMotionProps<HTMLAttributes<HTMLHeadingElement>, HTMLHeadingElement> & MotionProps & RefAttributes<...>, "ref"> & { ...; }, never>) => unknown' is not assignable to parameter of type 'Interpolation<FastOmit<Omit<HTMLAttributesWithoutMotionProps<HTMLAttributes<HTMLHeadingElement>, HTMLHeadingElement> & MotionProps & RefAttributes<...>, "ref"> & { ...; }, never>>'.
  Type '({ theme }: ExecutionContext & FastOmit<Omit<HTMLAttributesWithoutMotionProps<HTMLAttributes<HTMLHeadingElement>, HTMLHeadingElement> & MotionProps & RefAttributes<...>, "ref"> & { ...; }, never>) => unknown' is not assignable to type 'StyleFunction<FastOmit<Omit<HTMLAttributesWithoutMotionProps<HTMLAttributes<HTMLHeadingElement>, HTMLHeadingElement> & MotionProps & RefAttributes<...>, "ref"> & { ...; }, never>>'.
    Type 'unknown' is not assignable to type 'Interpolation<FastOmit<Omit<HTMLAttributesWithoutMotionProps<HTMLAttributes<HTMLHeadingElement>, HTMLHeadingElement> & MotionProps & RefAttributes<...>, "ref"> & { ...; }, never>>'.
src/pages/HomePage/components/Hero-Section.tsx(258,27): error TS18048: 'theme.text' is possibly 'undefined'.
src/pages/HomePage/components/Hero-Section.tsx(260,42): error TS18048: 'theme.colors' is possibly 'undefined'.
src/pages/HomePage/components/Hero-Section.tsx(266,34): error TS18048: 'theme.gradients' is possibly 'undefined'.
src/pages/HomePage/components/Hero-Section.tsx(274,44): error TS18048: 'theme.colors' is possibly 'undefined'.
src/pages/HomePage/components/Hero-Section.tsx(285,36): error TS18048: 'theme.gradients' is possibly 'undefined'.
src/pages/HomePage/components/Hero-Section.tsx(311,12): error TS2345: Argument of type '({ theme }: ExecutionContext & FastOmit<Omit<HTMLAttributesWithoutMotionProps<HTMLAttributes<HTMLParagraphElement>, HTMLParagraphElement> & MotionProps & RefAttributes<...>, "ref"> & { ...; }, never>) => unknown' is not assignable to parameter of type 'Interpolation<FastOmit<Omit<HTMLAttributesWithoutMotionProps<HTMLAttributes<HTMLParagraphElement>, HTMLParagraphElement> & MotionProps & RefAttributes<...>, "ref"> & { ...; }, never>>'.
  Type '({ theme }: ExecutionContext & FastOmit<Omit<HTMLAttributesWithoutMotionProps<HTMLAttributes<HTMLParagraphElement>, HTMLParagraphElement> & MotionProps & RefAttributes<...>, "ref"> & { ...; }, never>) => unknown' is not assignable to type 'StyleFunction<FastOmit<Omit<HTMLAttributesWithoutMotionProps<HTMLAttributes<HTMLParagraphElement>, HTMLParagraphElement> & MotionProps & RefAttributes<...>, "ref"> & { ...; }, never>>'.
    Type 'unknown' is not assignable to type 'Interpolation<FastOmit<Omit<HTMLAttributesWithoutMotionProps<HTMLAttributes<HTMLParagraphElement>, HTMLParagraphElement> & MotionProps & RefAttributes<...>, "ref"> & { ...; }, never>>'.
src/pages/HomePage/components/Hero-Section.tsx(311,27): error TS18048: 'theme.text' is possibly 'undefined'.
src/pages/HomePage/components/Hero-Section.tsx(320,29): error TS18048: 'theme.colors' is possibly 'undefined'.
src/pages/HomePage/components/Hero-Section.tsx(325,31): error TS18048: 'theme.colors' is possibly 'undefined'.
src/pages/HomePage/components/Hero-Section.tsx(374,12): error TS2345: Argument of type '({ theme }: ExecutionContext & FastOmit<Omit<HTMLAttributesWithoutMotionProps<HTMLAttributes<HTMLDivElement>, HTMLDivElement> & MotionProps & RefAttributes<...>, "ref"> & { ...; }, never>) => unknown' is not assignable to parameter of type 'Interpolation<FastOmit<Omit<HTMLAttributesWithoutMotionProps<HTMLAttributes<HTMLDivElement>, HTMLDivElement> & MotionProps & RefAttributes<...>, "ref"> & { ...; }, never>>'.
  Type '({ theme }: ExecutionContext & FastOmit<Omit<HTMLAttributesWithoutMotionProps<HTMLAttributes<HTMLDivElement>, HTMLDivElement> & MotionProps & RefAttributes<...>, "ref"> & { ...; }, never>) => unknown' is not assignable to type 'StyleFunction<FastOmit<Omit<HTMLAttributesWithoutMotionProps<HTMLAttributes<HTMLDivElement>, HTMLDivElement> & MotionProps & RefAttributes<...>, "ref"> & { ...; }, never>>'.
    Type 'unknown' is not assignable to type 'Interpolation<FastOmit<Omit<HTMLAttributesWithoutMotionProps<HTMLAttributes<HTMLDivElement>, HTMLDivElement> & MotionProps & RefAttributes<...>, "ref"> & { ...; }, never>>'.
src/pages/HomePage/components/Hero-Section.tsx(374,27): error TS18048: 'theme.text' is possibly 'undefined'.
src/pages/HomePage/components/Hero-Section.tsx(381,29): error TS18048: 'theme.colors' is possibly 'undefined'.
src/pages/HomePage/components/Hero-Section.tsx(391,29): error TS18048: 'theme.colors' is possibly 'undefined'.
src/pages/HomePage/components/Hero-Section.tsx(482,11): error TS2322: Type '{ children: (string | Element)[]; autoPlay: true; loop: true; muted: true; playsInline: true; loading: string; disablePictureInPicture: true; disableRemotePlayback: true; }' is not assignable to type 'DetailedHTMLProps<VideoHTMLAttributes<HTMLVideoElement>, HTMLVideoElement>'.
  Property 'loading' does not exist on type 'DetailedHTMLProps<VideoHTMLAttributes<HTMLVideoElement>, HTMLVideoElement>'.
src/pages/HomePage/components/HomePage.component.tsx(67,27): error TS7016: Could not find a declaration file for module '../../../components/NewsletterSignup/NewsletterSignup'. 'C:/Users/BigotSmasher/Desktop/quick-pt/SS-PT/frontend/src/components/NewsletterSignup/NewsletterSignup.jsx' implicitly has an 'any' type.
src/pages/HomePage/components/HomePage.V2.component.tsx(58,16): error TS7016: Could not find a declaration file for module '../../../components/NewsletterSignup/NewsletterSignup'. 'C:/Users/BigotSmasher/Desktop/quick-pt/SS-PT/frontend/src/components/NewsletterSignup/NewsletterSignup.jsx' implicitly has an 'any' type.
src/pages/HomePage/components/HomePage.V2.component.tsx(150,12): error TS2345: Argument of type '({ theme }: ExecutionContext & FastOmit<DetailedHTMLProps<HTMLAttributes<HTMLDivElement>, HTMLDivElement>, never>) => {}' is not assignable to parameter of type 'Interpolation<FastOmit<DetailedHTMLProps<HTMLAttributes<HTMLDivElement>, HTMLDivElement>, never>>'.
  Type '({ theme }: ExecutionContext & FastOmit<DetailedHTMLProps<HTMLAttributes<HTMLDivElement>, HTMLDivElement>, never>) => {}' is not assignable to type 'StyleFunction<FastOmit<DetailedHTMLProps<HTMLAttributes<HTMLDivElement>, HTMLDivElement>, never>>'.
    Type '{}' is not assignable to type 'Interpolation<FastOmit<DetailedHTMLProps<HTMLAttributes<HTMLDivElement>, HTMLDivElement>, never>>'.
src/pages/onboarding/components/AICoachingSection.tsx(16,11): error TS2339: Property 'isDarkMode' does not exist on type 'ThemeContextType'.
src/pages/onboarding/components/PackageSection.tsx(16,11): error TS2339: Property 'isDarkMode' does not exist on type 'ThemeContextType'.
src/pages/OptimizedSignupModal.tsx(16,25): error TS7016: Could not find a declaration file for module '../components/ProgressBar/ProgressBar'. 'C:/Users/BigotSmasher/Desktop/quick-pt/SS-PT/frontend/src/components/ProgressBar/ProgressBar.jsx' implicitly has an 'any' type.
src/pages/OptimizedSignupModal.tsx(70,19): error TS2345: Argument of type '({ theme }: ExecutionContext & FastOmit<DetailedHTMLProps<HTMLAttributes<HTMLDivElement>, HTMLDivElement>, never>) => unknown' is not assignable to parameter of type 'Interpolation<FastOmit<DetailedHTMLProps<HTMLAttributes<HTMLDivElement>, HTMLDivElement>, never>>'.
  Type '({ theme }: ExecutionContext & FastOmit<DetailedHTMLProps<HTMLAttributes<HTMLDivElement>, HTMLDivElement>, never>) => unknown' is not assignable to type 'StyleFunction<FastOmit<DetailedHTMLProps<HTMLAttributes<HTMLDivElement>, HTMLDivElement>, never>>'.
    Type 'unknown' is not assignable to type 'Interpolation<FastOmit<DetailedHTMLProps<HTMLAttributes<HTMLDivElement>, HTMLDivElement>, never>>'.
src/pages/OptimizedSignupModal.tsx(70,34): error TS18048: 'theme.gradients' is possibly 'undefined'.
src/pages/OptimizedSignupModal.tsx(94,17): error TS2345: Argument of type '({ theme }: ExecutionContext & FastOmit<Omit<HTMLAttributesWithoutMotionProps<HTMLAttributes<HTMLDivElement>, HTMLDivElement> & MotionProps & RefAttributes<...>, "ref"> & { ...; }, never>) => unknown' is not assignable to parameter of type 'Interpolation<FastOmit<Omit<HTMLAttributesWithoutMotionProps<HTMLAttributes<HTMLDivElement>, HTMLDivElement> & MotionProps & RefAttributes<...>, "ref"> & { ...; }, never>>'.
  Type '({ theme }: ExecutionContext & FastOmit<Omit<HTMLAttributesWithoutMotionProps<HTMLAttributes<HTMLDivElement>, HTMLDivElement> & MotionProps & RefAttributes<...>, "ref"> & { ...; }, never>) => unknown' is not assignable to type 'StyleFunction<FastOmit<Omit<HTMLAttributesWithoutMotionProps<HTMLAttributes<HTMLDivElement>, HTMLDivElement> & MotionProps & RefAttributes<...>, "ref"> & { ...; }, never>>'.
    Type 'unknown' is not assignable to type 'Interpolation<FastOmit<Omit<HTMLAttributesWithoutMotionProps<HTMLAttributes<HTMLDivElement>, HTMLDivElement> & MotionProps & RefAttributes<...>, "ref"> & { ...; }, never>>'.
src/pages/OptimizedSignupModal.tsx(94,32): error TS18048: 'theme.background' is possibly 'undefined'.
src/pages/OptimizedSignupModal.tsx(98,38): error TS18046: 'theme.borders' is of type 'unknown'.
src/pages/OptimizedSignupModal.tsx(99,32): error TS18048: 'theme.shadows' is possibly 'undefined'.
src/pages/OptimizedSignupModal.tsx(99,46): error TS2339: Property 'elevation' does not exist on type 'string[] | Record<string, unknown>'.
  Property 'elevation' does not exist on type 'string[]'.
src/pages/OptimizedSignupModal.tsx(108,34): error TS18048: 'theme.gradients' is possibly 'undefined'.
src/pages/OptimizedSignupModal.tsx(113,36): error TS18046: 'theme.borders' is of type 'unknown'.
src/pages/OptimizedSignupModal.tsx(114,34): error TS18048: 'theme.shadows' is possibly 'undefined'.
src/pages/OptimizedSignupModal.tsx(114,48): error TS2339: Property 'cosmic' does not exist on type 'string[] | Record<string, unknown>'.
  Property 'cosmic' does not exist on type 'string[]'.
src/pages/OptimizedSignupModal.tsx(128,23): error TS2345: Argument of type '({ theme }: ExecutionContext & FastOmit<Omit<HTMLAttributesWithoutMotionProps<ButtonHTMLAttributes<HTMLButtonElement>, HTMLButtonElement> & MotionProps & RefAttributes<...>, "ref"> & { ...; }, never>) => unknown' is not assignable to parameter of type 'Interpolation<FastOmit<Omit<HTMLAttributesWithoutMotionProps<ButtonHTMLAttributes<HTMLButtonElement>, HTMLButtonElement> & MotionProps & RefAttributes<...>, "ref"> & { ...; }, never>>'.
  Type '({ theme }: ExecutionContext & FastOmit<Omit<HTMLAttributesWithoutMotionProps<ButtonHTMLAttributes<HTMLButtonElement>, HTMLButtonElement> & MotionProps & RefAttributes<...>, "ref"> & { ...; }, never>) => unknown' is not assignable to type 'StyleFunction<FastOmit<Omit<HTMLAttributesWithoutMotionProps<ButtonHTMLAttributes<HTMLButtonElement>, HTMLButtonElement> & MotionProps & RefAttributes<...>, "ref"> & { ...; }, never>>'.
    Type 'unknown' is not assignable to type 'Interpolation<FastOmit<Omit<HTMLAttributesWithoutMotionProps<ButtonHTMLAttributes<HTMLButtonElement>, HTMLButtonElement> & MotionProps & RefAttributes<...>, "ref"> & { ...; }, never>>'.
src/pages/OptimizedSignupModal.tsx(128,38): error TS18048: 'theme.colors' is possibly 'undefined'.
src/pages/OptimizedSignupModal.tsx(133,27): error TS18048: 'theme.colors' is possibly 'undefined'.
src/pages/OptimizedSignupModal.tsx(151,34): error TS18048: 'theme.colors' is possibly 'undefined'.
src/pages/OptimizedSignupModal.tsx(152,29): error TS18048: 'theme.background' is possibly 'undefined'.
src/pages/OptimizedSignupModal.tsx(154,34): error TS18048: 'theme.shadows' is possibly 'undefined'.
src/pages/OptimizedSignupModal.tsx(154,48): error TS2339: Property 'primary' does not exist on type 'string[] | Record<string, unknown>'.
  Property 'primary' does not exist on type 'string[]'.
src/pages/OptimizedSignupModal.tsx(159,44): error TS18048: 'theme.colors' is possibly 'undefined'.
src/pages/OptimizedSignupModal.tsx(175,17): error TS2345: Argument of type '({ theme }: ExecutionContext & FastOmit<DetailedHTMLProps<HTMLAttributes<HTMLDivElement>, HTMLDivElement>, never>) => unknown' is not assignable to parameter of type 'Interpolation<FastOmit<DetailedHTMLProps<HTMLAttributes<HTMLDivElement>, HTMLDivElement>, never>>'.
  Type '({ theme }: ExecutionContext & FastOmit<DetailedHTMLProps<HTMLAttributes<HTMLDivElement>, HTMLDivElement>, never>) => unknown' is not assignable to type 'StyleFunction<FastOmit<DetailedHTMLProps<HTMLAttributes<HTMLDivElement>, HTMLDivElement>, never>>'.
    Type 'unknown' is not assignable to type 'Interpolation<FastOmit<DetailedHTMLProps<HTMLAttributes<HTMLDivElement>, HTMLDivElement>, never>>'.
src/pages/OptimizedSignupModal.tsx(175,32): error TS18048: 'theme.gradients' is possibly 'undefined'.
src/pages/OptimizedSignupModal.tsx(183,38): error TS18046: 'theme.borders' is of type 'unknown'.
src/pages/OptimizedSignupModal.tsx(184,32): error TS18048: 'theme.shadows' is possibly 'undefined'.
src/pages/OptimizedSignupModal.tsx(184,46): error TS2339: Property 'cosmic' does not exist on type 'string[] | Record<string, unknown>'.
  Property 'cosmic' does not exist on type 'string[]'.
src/pages/OptimizedSignupModal.tsx(194,34): error TS18048: 'theme.gradients' is possibly 'undefined'.
src/pages/OptimizedSignupModal.tsx(201,34): error TS18048: 'theme.shadows' is possibly 'undefined'.
src/pages/OptimizedSignupModal.tsx(201,48): error TS2339: Property 'primary' does not exist on type 'string[] | Record<string, unknown>'.
  Property 'primary' does not exist on type 'string[]'.
src/pages/OptimizedSignupModal.tsx(201,75): error TS18048: 'theme.shadows' is possibly 'undefined'.
src/pages/OptimizedSignupModal.tsx(201,89): error TS2339: Property 'cosmic' does not exist on type 'string[] | Record<string, unknown>'.
  Property 'cosmic' does not exist on type 'string[]'.
src/pages/OptimizedSignupModal.tsx(212,33): error TS2345: Argument of type '({ theme }: ExecutionContext & FastOmit<DetailedHTMLProps<ImgHTMLAttributes<HTMLImageElement>, HTMLImageElement>, never>) => unknown' is not assignable to parameter of type 'Interpolation<FastOmit<DetailedHTMLProps<ImgHTMLAttributes<HTMLImageElement>, HTMLImageElement>, never>>'.
  Type '({ theme }: ExecutionContext & FastOmit<DetailedHTMLProps<ImgHTMLAttributes<HTMLImageElement>, HTMLImageElement>, never>) => unknown' is not assignable to type 'StyleFunction<FastOmit<DetailedHTMLProps<ImgHTMLAttributes<HTMLImageElement>, HTMLImageElement>, never>>'.
    Type 'unknown' is not assignable to type 'Interpolation<FastOmit<DetailedHTMLProps<ImgHTMLAttributes<HTMLImageElement>, HTMLImageElement>, never>>'.
src/pages/OptimizedSignupModal.tsx(212,48): error TS18048: 'theme.colors' is possibly 'undefined'.
src/pages/OptimizedSignupModal.tsx(217,51): error TS18048: 'theme.colors' is possibly 'undefined'.
src/pages/OptimizedSignupModal.tsx(226,17): error TS2345: Argument of type '({ theme }: ExecutionContext & FastOmit<DetailedHTMLProps<HTMLAttributes<HTMLHeadingElement>, HTMLHeadingElement>, never>) => unknown' is not assignable to parameter of type 'Interpolation<FastOmit<DetailedHTMLProps<HTMLAttributes<HTMLHeadingElement>, HTMLHeadingElement>, never>>'.
  Type '({ theme }: ExecutionContext & FastOmit<DetailedHTMLProps<HTMLAttributes<HTMLHeadingElement>, HTMLHeadingElement>, never>) => unknown' is not assignable to type 'StyleFunction<FastOmit<DetailedHTMLProps<HTMLAttributes<HTMLHeadingElement>, HTMLHeadingElement>, never>>'.
    Type 'unknown' is not assignable to type 'Interpolation<FastOmit<DetailedHTMLProps<HTMLAttributes<HTMLHeadingElement>, HTMLHeadingElement>, never>>'.
src/pages/OptimizedSignupModal.tsx(226,32): error TS18048: 'theme.gradients' is possibly 'undefined'.
src/pages/OptimizedSignupModal.tsx(233,42): error TS18048: 'theme.colors' is possibly 'undefined'.
src/pages/OptimizedSignupModal.tsx(239,44): error TS18048: 'theme.colors' is possibly 'undefined'.
src/pages/OptimizedSignupModal.tsx(248,12): error TS2345: Argument of type '({ theme }: ExecutionContext & FastOmit<DetailedHTMLProps<HTMLAttributes<HTMLHeadingElement>, HTMLHeadingElement>, never>) => unknown' is not assignable to parameter of type 'Interpolation<FastOmit<DetailedHTMLProps<HTMLAttributes<HTMLHeadingElement>, HTMLHeadingElement>, never>>'.
  Type '({ theme }: ExecutionContext & FastOmit<DetailedHTMLProps<HTMLAttributes<HTMLHeadingElement>, HTMLHeadingElement>, never>) => unknown' is not assignable to type 'StyleFunction<FastOmit<DetailedHTMLProps<HTMLAttributes<HTMLHeadingElement>, HTMLHeadingElement>, never>>'.
    Type 'unknown' is not assignable to type 'Interpolation<FastOmit<DetailedHTMLProps<HTMLAttributes<HTMLHeadingElement>, HTMLHeadingElement>, never>>'.
src/pages/OptimizedSignupModal.tsx(248,27): error TS18048: 'theme.colors' is possibly 'undefined'.
src/pages/OptimizedSignupModal.tsx(253,41): error TS18048: 'theme.colors' is possibly 'undefined'.
src/pages/OptimizedSignupModal.tsx(264,34): error TS18048: 'theme.gradients' is possibly 'undefined'.
src/pages/OptimizedSignupModal.tsx(269,29): error TS18048: 'theme.colors' is possibly 'undefined'.
src/pages/OptimizedSignupModal.tsx(269,52): error TS18048: 'theme.colors' is possibly 'undefined'.
src/pages/OptimizedSignupModal.tsx(270,44): error TS18048: 'theme.colors' is possibly 'undefined'.
src/pages/OptimizedSignupModal.tsx(283,12): error TS2345: Argument of type '({ theme }: ExecutionContext & FastOmit<DetailedHTMLProps<LabelHTMLAttributes<HTMLLabelElement>, HTMLLabelElement>, never>) => unknown' is not assignable to parameter of type 'Interpolation<FastOmit<DetailedHTMLProps<LabelHTMLAttributes<HTMLLabelElement>, HTMLLabelElement>, never>>'.
  Type '({ theme }: ExecutionContext & FastOmit<DetailedHTMLProps<LabelHTMLAttributes<HTMLLabelElement>, HTMLLabelElement>, never>) => unknown' is not assignable to type 'StyleFunction<FastOmit<DetailedHTMLProps<LabelHTMLAttributes<HTMLLabelElement>, HTMLLabelElement>, never>>'.
    Type 'unknown' is not assignable to type 'Interpolation<FastOmit<DetailedHTMLProps<LabelHTMLAttributes<HTMLLabelElement>, HTMLLabelElement>, never>>'.
src/pages/OptimizedSignupModal.tsx(283,27): error TS18048: 'theme.text' is possibly 'undefined'.
src/pages/OptimizedSignupModal.tsx(289,29): error TS18048: 'theme.colors' is possibly 'undefined'.
src/pages/OptimizedSignupModal.tsx(296,38): error TS18046: 'theme.borders' is of type 'unknown'.
src/pages/OptimizedSignupModal.tsx(298,17): error TS2345: Argument of type '({ theme }: ExecutionContext & FastOmit<DetailedHTMLProps<InputHTMLAttributes<HTMLInputElement>, HTMLInputElement>, never>) => unknown' is not assignable to parameter of type 'Interpolation<FastOmit<DetailedHTMLProps<InputHTMLAttributes<HTMLInputElement>, HTMLInputElement>, never>>'.
  Type '({ theme }: ExecutionContext & FastOmit<DetailedHTMLProps<InputHTMLAttributes<HTMLInputElement>, HTMLInputElement>, never>) => unknown' is not assignable to type 'StyleFunction<FastOmit<DetailedHTMLProps<InputHTMLAttributes<HTMLInputElement>, HTMLInputElement>, never>>'.
    Type 'unknown' is not assignable to type 'Interpolation<FastOmit<DetailedHTMLProps<InputHTMLAttributes<HTMLInputElement>, HTMLInputElement>, never>>'.
src/pages/OptimizedSignupModal.tsx(298,32): error TS18048: 'theme.background' is possibly 'undefined'.
src/pages/OptimizedSignupModal.tsx(299,27): error TS18048: 'theme.text' is possibly 'undefined'.
src/pages/OptimizedSignupModal.tsx(305,36): error TS18048: 'theme.colors' is possibly 'undefined'.
src/pages/OptimizedSignupModal.tsx(306,44): error TS18048: 'theme.colors' is possibly 'undefined'.
src/pages/OptimizedSignupModal.tsx(307,34): error TS18048: 'theme.background' is possibly 'undefined'.
src/pages/OptimizedSignupModal.tsx(309,43): error TS18048: 'theme.colors' is possibly 'undefined'.
src/pages/OptimizedSignupModal.tsx(313,29): error TS18048: 'theme.text' is possibly 'undefined'.
src/pages/OverwatchGamificationHub.tsx(21,39): error TS2305: Module '"lucide-react"' has no exported member 'Fire'.
src/pages/OverwatchGamificationHub.tsx(27,10): error TS2724: '"../services/mcp/gamificationMcpService"' has no exported member named 'gamificationMcpService'. Did you mean 'gamificationMcpApi'?
src/pages/shop/components/_unused/ThemeShowcaseBanner.tsx(19,33): error TS2307: Cannot find module '../../../styles/galaxy-swan-theme' or its corresponding type declarations.
src/pages/shop/components/_unused/ThemeShowcaseBanner.tsx(20,50): error TS2307: Cannot find module '../../../styles/swan-theme-utils' or its corresponding type declarations.
src/pages/shop/components/PackagesGrid.tsx(244,9): error TS2719: Type 'StoreItem' is not assignable to type 'StoreItem'. Two different types with this name exist, but they are unrelated.
  Types of property 'pricePerSession' are incompatible.
    Type 'number | null | undefined' is not assignable to type 'number | undefined'.
      Type 'null' is not assignable to type 'number | undefined'.
src/pages/shop/OptimizedGalaxyStoreFront.tsx(632,17): error TS2322: Type '(pkg: StoreItem) => Promise<void>' is not assignable to type '(pkg: StoreItem) => void'.
  Types of parameters 'pkg' and 'pkg' are incompatible.
    Type 'StoreItem' is not assignable to type 'StoreItem'. Two different types with this name exist, but they are unrelated.
      Types of property 'pricePerSession' are incompatible.
        Type 'number | null | undefined' is not assignable to type 'number | undefined'.
          Type 'null' is not assignable to type 'number | undefined'.
src/pages/workout/components/RecentSessions.tsx(360,30): error TS2339: Property 'trainerNotes' does not exist on type 'WorkoutSession'.
src/pages/workout/components/RecentSessions.tsx(364,36): error TS2339: Property 'trainerNotes' does not exist on type 'WorkoutSession'.
src/pages/workout/components/WorkoutPlanner.tsx(87,60): error TS2554: Expected 1-3 arguments, but got 0.
src/pages/workout/components/WorkoutPlanner/WorkoutPlanner.tsx(56,9): error TS2322: Type 'string' is not assignable to type 'TabType'.
src/pages/workout/components/WorkoutPlanner/WorkoutPlanner.tsx(75,13): error TS2322: Type 'UseWorkoutPlannerStateReturn' is not assignable to type '{ planDays: { dayNumber: number; title: string; exercises: { id: string; name: string; sets: number; reps: string; rest: number; notes: string; }[]; }[]; selectedDay: number; updateDayTitle: (index: number, title: string) => void; ... 5 more ...; success: string; }'.
  Types of property 'error' are incompatible.
    Type 'string | null' is not assignable to type 'string'.
      Type 'null' is not assignable to type 'string'.
src/pages/workout/components/WorkoutPlanner/WorkoutPlanner.tsx(80,13): error TS2322: Type 'UseWorkoutPlannerStateReturn' is not assignable to type '{ handleSave: () => void; handleCancel: () => void; savingPlan: boolean; error: string; }'.
  Types of property 'error' are incompatible.
    Type 'string | null' is not assignable to type 'string'.
      Type 'null' is not assignable to type 'string'.
src/pages/workout/components/WorkoutPlanner/WorkoutPlanner.tsx(86,15): error TS2322: Type '{ onSelect: (exercise: any) => void; onClose: () => void; }' is not assignable to type 'IntrinsicAttributes & ExerciseSelectorProps'.
  Property 'onSelect' does not exist on type 'IntrinsicAttributes & ExerciseSelectorProps'.
src/pages/workout/hooks/useClientManagement.ts(9,10): error TS2614: Module '"../../../context/AuthContext"' has no exported member 'AuthContextType'. Did you mean to use 'import AuthContextType from "../../../context/AuthContext"' instead?
src/pages/workout/hooks/useDashboardState.ts(55,62): error TS2339: Property 'workout' does not exist on type '{ customization: ThemeState; menu: MenuState; orientation: OrientationState; notifications: NotificationState; auth: AuthState; }'.
src/pages/workout/hooks/useWorkoutPlannerState.ts(78,37): error TS2339: Property 'workout' does not exist on type '{ customization: ThemeState; menu: MenuState; orientation: OrientationState; notifications: NotificationState; auth: AuthState; }'.
src/pages/workout/hooks/useWorkoutSessionsState.ts(58,37): error TS2339: Property 'workout' does not exist on type '{ customization: ThemeState; menu: MenuState; orientation: OrientationState; notifications: NotificationState; auth: AuthState; }'.
src/redux/slices/scheduleSlice.ts(45,18): error TS2430: Interface 'TrainerOption' incorrectly extends interface 'Trainer'.
  Types of property 'role' are incompatible.
    Type 'string' is not assignable to type '"trainer"'.
src/redux/slices/scheduleSlice.ts(49,18): error TS2430: Interface 'ClientOption' incorrectly extends interface 'Client'.
  Types of property 'role' are incompatible.
    Type 'string' is not assignable to type '"client"'.
src/redux/slices/scheduleSlice.ts(87,5): error TS2353: Object literal may only specify known properties, and 'total' does not exist in type 'ScheduleStats'.
src/redux/slices/scheduleSlice.ts(130,35): error TS1016: A required parameter cannot follow an optional parameter.
src/redux/slices/scheduleSlice.ts(137,9): error TS2353: Object literal may only specify known properties, and 'total' does not exist in type 'ScheduleStats'.
src/redux/slices/scheduleSlice.ts(139,38): error TS2367: This comparison appears to be unintentional because the types '"completed" | "cancelled" | "scheduled" | "available" | "requested" | "confirmed" | "blocked"' and '"booked"' have no overlap.
src/redux/slices/scheduleSlice.ts(146,39): error TS2339: Property 'start' does not exist on type 'Session'.
src/redux/slices/scheduleSlice.ts(455,11): error TS2353: Object literal may only specify known properties, and 'total' does not exist in type 'WritableDraft<ScheduleStats>'.
src/redux/slices/scheduleSlice.ts(457,40): error TS2367: This comparison appears to be unintentional because the types '"completed" | "cancelled" | "scheduled" | "available" | "requested" | "confirmed" | "blocked"' and '"booked"' have no overlap.
src/redux/slices/scheduleSlice.ts(464,41): error TS2339: Property 'start' does not exist on type 'WritableDraft<Session>'.
src/redux/slices/scheduleSlice.ts(477,9): error TS2353: Object literal may only specify known properties, and 'total' does not exist in type 'WritableDraft<ScheduleStats>'.
src/redux/slices/scheduleSlice.ts(479,38): error TS2367: This comparison appears to be unintentional because the types '"completed" | "cancelled" | "scheduled" | "available" | "requested" | "confirmed" | "blocked"' and '"booked"' have no overlap.
src/redux/slices/scheduleSlice.ts(486,39): error TS2339: Property 'start' does not exist on type 'WritableDraft<Session>'.
src/redux/slices/scheduleSlice.ts(498,9): error TS2353: Object literal may only specify known properties, and 'total' does not exist in type 'WritableDraft<ScheduleStats>'.
src/redux/slices/scheduleSlice.ts(500,38): error TS2367: This comparison appears to be unintentional because the types '"completed" | "cancelled" | "scheduled" | "available" | "requested" | "confirmed" | "blocked"' and '"booked"' have no overlap.
src/redux/slices/scheduleSlice.ts(507,39): error TS2339: Property 'start' does not exist on type 'WritableDraft<Session>'.
src/redux/slices/scheduleSlice.ts(596,9): error TS2322: Type 'SessionEvent[]' is not assignable to type 'WritableDraft<Session>[]'.
  Type 'SessionEvent' is missing the following properties from type 'WritableDraft<Session>': sessionDate, createdAt, updatedAt
src/redux/slices/scheduleSlice.ts(630,23): error TS2339: Property 'available' does not exist on type 'WritableDraft<ScheduleStats>'.
src/redux/slices/scheduleSlice.ts(630,59): error TS2339: Property 'available' does not exist on type 'WritableDraft<ScheduleStats>'.
src/redux/slices/scheduleSlice.ts(631,23): error TS2339: Property 'booked' does not exist on type 'WritableDraft<ScheduleStats>'.
src/redux/slices/scheduleSlice.ts(642,23): error TS2339: Property 'total' does not exist on type 'WritableDraft<ScheduleStats>'.
src/redux/slices/scheduleSlice.ts(643,23): error TS2339: Property 'available' does not exist on type 'WritableDraft<ScheduleStats>'.
src/redux/slices/scheduleSlice.ts(644,23): error TS2339: Property 'upcoming' does not exist on type 'WritableDraft<ScheduleStats>'.
src/redux/slices/scheduleSlice.ts(667,23): error TS2339: Property 'cancelled' does not exist on type 'WritableDraft<ScheduleStats>'.
src/redux/slices/scheduleSlice.ts(670,25): error TS2339: Property 'upcoming' does not exist on type 'WritableDraft<ScheduleStats>'.
src/redux/slices/scheduleSlice.ts(670,60): error TS2339: Property 'upcoming' does not exist on type 'WritableDraft<ScheduleStats>'.
src/redux/slices/scheduleSlice.ts(683,23): error TS2339: Property 'booked' does not exist on type 'WritableDraft<ScheduleStats>'.
src/redux/slices/scheduleSlice.ts(683,56): error TS2339: Property 'booked' does not exist on type 'WritableDraft<ScheduleStats>'.
src/redux/slices/scheduleSlice.ts(684,23): error TS2339: Property 'confirmed' does not exist on type 'WritableDraft<ScheduleStats>'.
src/redux/slices/scheduleSlice.ts(696,23): error TS2339: Property 'confirmed' does not exist on type 'WritableDraft<ScheduleStats>'.
src/redux/slices/scheduleSlice.ts(696,59): error TS2339: Property 'confirmed' does not exist on type 'WritableDraft<ScheduleStats>'.
src/redux/slices/scheduleSlice.ts(697,23): error TS2339: Property 'completed' does not exist on type 'WritableDraft<ScheduleStats>'.
src/redux/slices/scheduleSlice.ts(698,23): error TS2339: Property 'upcoming' does not exist on type 'WritableDraft<ScheduleStats>'.
src/redux/slices/scheduleSlice.ts(698,58): error TS2339: Property 'upcoming' does not exist on type 'WritableDraft<ScheduleStats>'.
src/redux/slices/scheduleSlice.ts(750,46): error TS2339: Property 'start' does not exist on type 'Session'.
src/routes/authentication-routes.tsx(7,22): error TS2307: Cannot find module '../components/ui/Loadable' or its corresponding type declarations.
src/routes/authentication-routes.tsx(8,27): error TS2307: Cannot find module '../components/DashBoard/MinimalLayout/minimal-layout' or its corresponding type declarations.
src/routes/authentication-routes.tsx(11,46): error TS2307: Cannot find module '../pages/LoginModal.component' or its corresponding type declarations.
src/routes/authentication-routes.tsx(12,49): error TS2307: Cannot find module '../pages/SignupModal.component' or its corresponding type declarations.
src/routes/main-routes.tsx(42,36): error TS7006: Parameter 'importFn' implicitly has an 'any' type.
src/routes/main-routes.tsx(42,46): error TS7006: Parameter 'componentName' implicitly has an 'any' type.
src/routes/main-routes.tsx(45,14): error TS7006: Parameter 'error' implicitly has an 'any' type.
src/routes/main-routes.tsx(50,18): error TS2349: This expression is not callable.
  Type 'never' has no call signatures.
src/routes/main-routes.tsx(50,43): error TS7006: Parameter 'fallbackError' implicitly has an 'any' type.
src/routes/main-routes.tsx(136,3): error TS2345: Argument of type '() => Promise<typeof import("C:/Users/BigotSmasher/Desktop/quick-pt/SS-PT/frontend/src/pages/HomePage/components/HomePage.component")>' is not assignable to parameter of type 'null | undefined'.
src/routes/main-routes.tsx(143,16): error TS7016: Could not find a declaration file for module '../pages/ForgotPasswordModal'. 'C:/Users/BigotSmasher/Desktop/quick-pt/SS-PT/frontend/src/pages/ForgotPasswordModal.jsx' implicitly has an 'any' type.
src/routes/main-routes.tsx(159,16): error TS7016: Could not find a declaration file for module '../pages/about/About'. 'C:/Users/BigotSmasher/Desktop/quick-pt/SS-PT/frontend/src/pages/about/About.jsx' implicitly has an 'any' type.
src/routes/main-routes.tsx(217,16): error TS7016: Could not find a declaration file for module '../pages/UnauthorizedPage.component'. 'C:/Users/BigotSmasher/Desktop/quick-pt/SS-PT/frontend/src/pages/UnauthorizedPage.component.jsx' implicitly has an 'any' type.
src/routes/main-routes.tsx(232,3): error TS2345: Argument of type '() => Promise<typeof import("C:/Users/BigotSmasher/Desktop/quick-pt/SS-PT/frontend/src/components/UniversalMasterSchedule/EmergencyAdminScheduleIntegration")>' is not assignable to parameter of type 'null | undefined'.
src/routes/main-routes.tsx(251,16): error TS7016: Could not find a declaration file for module '../components/ClientDashboard/NewDashboard'. 'C:/Users/BigotSmasher/Desktop/quick-pt/SS-PT/frontend/src/components/ClientDashboard/NewDashboard.jsx' implicitly has an 'any' type.
src/routes/main-routes.tsx(255,16): error TS7016: Could not find a declaration file for module '../components/ClientDashboard/EmergencyDashboard'. 'C:/Users/BigotSmasher/Desktop/quick-pt/SS-PT/frontend/src/components/ClientDashboard/EmergencyDashboard.jsx' implicitly has an 'any' type.
src/routes/main-routes.tsx(690,14): error TS2604: JSX element type 'DesignPlaygroundLayout' does not have any construct or call signatures.
src/routes/main-routes.tsx(690,14): error TS2786: 'DesignPlaygroundLayout' cannot be used as a JSX component.
  Its type 'LazyExoticComponent<ComponentType<any>> | null' is not a valid JSX element type.
    Type 'null' is not assignable to type 'ElementType'.
src/services/adminClientService.ts(60,56): error TS7006: Parameter 'c' implicitly has an 'any' type.
src/services/adminClientService.ts(76,26): error TS7006: Parameter 'clientId' implicitly has an 'any' type.
src/services/adminClientService.ts(89,22): error TS7006: Parameter 'clientData' implicitly has an 'any' type.
src/services/adminClientService.ts(105,11): error TS18046: 'error' is of type 'unknown'.
src/services/adminClientService.ts(106,25): error TS18046: 'error' is of type 'unknown'.
src/services/adminClientService.ts(115,22): error TS7006: Parameter 'clientId' implicitly has an 'any' type.
src/services/adminClientService.ts(115,32): error TS7006: Parameter 'updateData' implicitly has an 'any' type.
src/services/adminClientService.ts(121,11): error TS18046: 'error' is of type 'unknown'.
src/services/adminClientService.ts(122,25): error TS18046: 'error' is of type 'unknown'.
src/services/adminClientService.ts(131,22): error TS7006: Parameter 'clientId' implicitly has an 'any' type.
src/services/adminClientService.ts(144,23): error TS7006: Parameter 'clientId' implicitly has an 'any' type.
src/services/adminClientService.ts(144,33): error TS7006: Parameter 'trainerId' implicitly has an 'any' type.
src/services/adminClientService.ts(159,29): error TS7006: Parameter 'clientId' implicitly has an 'any' type.
src/services/adminClientService.ts(172,31): error TS7006: Parameter 'clientId' implicitly has an 'any' type.
src/services/adminClientService.ts(185,29): error TS7006: Parameter 'clientId' implicitly has an 'any' type.
src/services/adminClientService.ts(185,39): error TS7006: Parameter 'planData' implicitly has an 'any' type.
src/services/adminClientService.ts(198,20): error TS7006: Parameter 'clientIds' implicitly has an 'any' type.
src/services/adminClientService.ts(198,31): error TS7006: Parameter 'updateData' implicitly has an 'any' type.
src/services/adminClientService.ts(256,23): error TS7006: Parameter 'searchQuery' implicitly has an 'any' type.
src/services/adminClientService.ts(274,27): error TS7006: Parameter 'clientId' implicitly has an 'any' type.
src/services/adminClientService.ts(287,27): error TS7006: Parameter 'clientId' implicitly has an 'any' type.
src/services/adminClientService.ts(300,21): error TS7006: Parameter 'clientId' implicitly has an 'any' type.
src/services/adminClientService.ts(300,31): error TS7006: Parameter 'sessionCount' implicitly has an 'any' type.
src/services/adminClientService.ts(353,11): error TS18046: 'error' is of type 'unknown'.
src/services/adminClientService.ts(354,25): error TS18046: 'error' is of type 'unknown'.
src/services/adminClientService.ts(376,11): error TS18046: 'error' is of type 'unknown'.
src/services/adminClientService.ts(377,25): error TS18046: 'error' is of type 'unknown'.
src/services/adminClientService.ts(404,11): error TS18046: 'error' is of type 'unknown'.
src/services/adminClientService.ts(405,25): error TS18046: 'error' is of type 'unknown'.
src/services/adminClientService.ts(439,20): error TS7006: Parameter 'client' implicitly has an 'any' type.
src/services/adminClientService.ts(452,16): error TS7006: Parameter 'dateOfBirth' implicitly has an 'any' type.
src/services/adminClientService.ts(468,22): error TS7006: Parameter 'clientData' implicitly has an 'any' type.
src/services/adminClientService.ts(473,14): error TS2339: Property 'firstName' does not exist on type '{}'.
src/services/adminClientService.ts(477,14): error TS2339: Property 'lastName' does not exist on type '{}'.
src/services/adminClientService.ts(481,14): error TS2339: Property 'email' does not exist on type '{}'.
src/services/adminClientService.ts(483,14): error TS2339: Property 'email' does not exist on type '{}'.
src/services/adminClientService.ts(487,14): error TS2339: Property 'phone' does not exist on type '{}'.
src/services/adminClientService.ts(491,14): error TS2339: Property 'dateOfBirth' does not exist on type '{}'.
src/services/client-progress-service/index.ts(8,27): error TS2307: Cannot find module '../../utils/axios-config' or its corresponding type declarations.
src/services/client-progress-service/index.ts(170,9): error TS2353: Object literal may only specify known properties, and 'includeCompleted' does not exist in type 'GetAchievementsParams'.
src/services/client-progress-service/index.ts(175,38): error TS2339: Property 'achievements' does not exist on type 'Achievement[]'.
src/services/client-progress-service/index.ts(200,32): error TS2339: Property 'logActivity' does not exist on type 'GamificationMcpApi'.
src/services/clientTrainerAssignmentService.ts(302,11): error TS18046: 'error' is of type 'unknown'.
src/services/devAuthService.ts(11,47): error TS7016: Could not find a declaration file for module '../config'. 'C:/Users/BigotSmasher/Desktop/quick-pt/SS-PT/frontend/src/config.js' implicitly has an 'any' type.
src/services/enhanced-mock-api-service.ts(6,30): error TS2307: Cannot find module 'uuid' or its corresponding type declarations.
src/services/enhanced-mock-api-service.ts(162,5): error TS7006: Parameter 'response' implicitly has an 'any' type.
src/services/enhanced-mock-api-service.ts(163,5): error TS7006: Parameter 'error' implicitly has an 'any' type.
src/services/enhancedClientDashboardService.ts(385,50): error TS2339: Property 'sessionDate' does not exist on type 'SessionEvent'.
src/services/enhancedClientDashboardService.ts(386,81): error TS2339: Property 'sessionDate' does not exist on type 'SessionEvent'.
src/services/enhancedClientDashboardService.ts(672,9): error TS2322: Type 'string | null' is not assignable to type 'string | undefined'.
  Type 'null' is not assignable to type 'string | undefined'.
src/services/enhancedClientDashboardService.ts(683,9): error TS2322: Type 'string | null' is not assignable to type 'string | undefined'.
  Type 'null' is not assignable to type 'string | undefined'.
src/services/gamificationMCPService.ts(424,27): error TS7053: Element implicitly has an 'any' type because expression of type '"milestone_reached" | "workout_completion" | "achievement_unlock" | "challenge_win" | "progress_update"' can't be used to index type '{ workout_completion: string[]; achievement_unlock: string[]; milestone_reached: string[]; }'.
  Property 'challenge_win' does not exist on type '{ workout_completion: string[]; achievement_unlock: string[]; milestone_reached: string[]; }'.
src/services/gamificationMCPService.ts(514,10): error TS2769: No overload matches this call.
  Overload 1 of 2, '(type: keyof WindowEventMap, listener: (this: Window, ev: Event | ClipboardEvent | CompositionEvent | UIEvent | FocusEvent | ... 27 more ... | PromiseRejectionEvent) => any, options?: boolean | ... 1 more ... | undefined): void', gave the following error.
    Argument of type '"gamificationUpdate"' is not assignable to parameter of type 'keyof WindowEventMap'.
  Overload 2 of 2, '(type: string, listener: EventListenerOrEventListenerObject, options?: boolean | AddEventListenerOptions | undefined): void', gave the following error.
    Argument of type '(event: CustomEvent) => void' is not assignable to parameter of type 'EventListenerOrEventListenerObject'.
      Type '(event: CustomEvent) => void' is not assignable to type 'EventListener'.
        Types of parameters 'event' and 'evt' are incompatible.
          Type 'Event' is missing the following properties from type 'CustomEvent<any>': detail, initCustomEvent
src/services/gamificationMCPService.ts(515,10): error TS2769: No overload matches this call.
  Overload 1 of 2, '(type: keyof WindowEventMap, listener: (this: Window, ev: Event | ClipboardEvent | CompositionEvent | UIEvent | FocusEvent | ... 27 more ... | PromiseRejectionEvent) => any, options?: boolean | ... 1 more ... | undefined): void', gave the following error.
    Argument of type '"socialUpdate"' is not assignable to parameter of type 'keyof WindowEventMap'.
  Overload 2 of 2, '(type: string, listener: EventListenerOrEventListenerObject, options?: boolean | AddEventListenerOptions | undefined): void', gave the following error.
    Argument of type '(event: CustomEvent) => void' is not assignable to parameter of type 'EventListenerOrEventListenerObject'.
      Type '(event: CustomEvent) => void' is not assignable to type 'EventListener'.
        Types of parameters 'event' and 'evt' are incompatible.
          Type 'Event' is missing the following properties from type 'CustomEvent<any>': detail, initCustomEvent
src/services/gamificationMCPService.ts(516,10): error TS2769: No overload matches this call.
  Overload 1 of 2, '(type: keyof WindowEventMap, listener: (this: Window, ev: Event | ClipboardEvent | CompositionEvent | UIEvent | FocusEvent | ... 27 more ... | PromiseRejectionEvent) => any, options?: boolean | ... 1 more ... | undefined): void', gave the following error.
    Argument of type '"levelUpCelebration"' is not assignable to parameter of type 'keyof WindowEventMap'.
  Overload 2 of 2, '(type: string, listener: EventListenerOrEventListenerObject, options?: boolean | AddEventListenerOptions | undefined): void', gave the following error.
    Argument of type '(event: CustomEvent) => void' is not assignable to parameter of type 'EventListenerOrEventListenerObject'.
      Type '(event: CustomEvent) => void' is not assignable to type 'EventListener'.
        Types of parameters 'event' and 'evt' are incompatible.
          Type 'Event' is missing the following properties from type 'CustomEvent<any>': detail, initCustomEvent
src/services/gamificationMCPService.ts(520,12): error TS2769: No overload matches this call.
  Overload 1 of 2, '(type: keyof WindowEventMap, listener: (this: Window, ev: Event | ClipboardEvent | CompositionEvent | UIEvent | FocusEvent | ... 27 more ... | PromiseRejectionEvent) => any, options?: boolean | ... 1 more ... | undefined): void', gave the following error.
    Argument of type '"gamificationUpdate"' is not assignable to parameter of type 'keyof WindowEventMap'.
  Overload 2 of 2, '(type: string, listener: EventListenerOrEventListenerObject, options?: boolean | EventListenerOptions | undefined): void', gave the following error.
    Argument of type '(event: CustomEvent) => void' is not assignable to parameter of type 'EventListenerOrEventListenerObject'.
      Type '(event: CustomEvent) => void' is not assignable to type 'EventListener'.
        Types of parameters 'event' and 'evt' are incompatible.
          Type 'Event' is missing the following properties from type 'CustomEvent<any>': detail, initCustomEvent
src/services/gamificationMCPService.ts(521,12): error TS2769: No overload matches this call.
  Overload 1 of 2, '(type: keyof WindowEventMap, listener: (this: Window, ev: Event | ClipboardEvent | CompositionEvent | UIEvent | FocusEvent | ... 27 more ... | PromiseRejectionEvent) => any, options?: boolean | ... 1 more ... | undefined): void', gave the following error.
    Argument of type '"socialUpdate"' is not assignable to parameter of type 'keyof WindowEventMap'.
  Overload 2 of 2, '(type: string, listener: EventListenerOrEventListenerObject, options?: boolean | EventListenerOptions | undefined): void', gave the following error.
    Argument of type '(event: CustomEvent) => void' is not assignable to parameter of type 'EventListenerOrEventListenerObject'.
      Type '(event: CustomEvent) => void' is not assignable to type 'EventListener'.
        Types of parameters 'event' and 'evt' are incompatible.
          Type 'Event' is missing the following properties from type 'CustomEvent<any>': detail, initCustomEvent
src/services/gamificationMCPService.ts(522,12): error TS2769: No overload matches this call.
  Overload 1 of 2, '(type: keyof WindowEventMap, listener: (this: Window, ev: Event | ClipboardEvent | CompositionEvent | UIEvent | FocusEvent | ... 27 more ... | PromiseRejectionEvent) => any, options?: boolean | ... 1 more ... | undefined): void', gave the following error.
    Argument of type '"levelUpCelebration"' is not assignable to parameter of type 'keyof WindowEventMap'.
  Overload 2 of 2, '(type: string, listener: EventListenerOrEventListenerObject, options?: boolean | EventListenerOptions | undefined): void', gave the following error.
    Argument of type '(event: CustomEvent) => void' is not assignable to parameter of type 'EventListenerOrEventListenerObject'.
      Type '(event: CustomEvent) => void' is not assignable to type 'EventListener'.
        Types of parameters 'event' and 'evt' are incompatible.
          Type 'Event' is missing the following properties from type 'CustomEvent<any>': detail, initCustomEvent
src/services/index.ts(21,10): error TS2305: Module '"./exercise-service"' has no exported member 'default'.
src/services/index.ts(35,15): error TS7016: Could not find a declaration file for module './gamification'. 'C:/Users/BigotSmasher/Desktop/quick-pt/SS-PT/frontend/src/services/gamification/index.js' implicitly has an 'any' type.
src/services/index.ts(68,3): error TS2459: Module '"./enhanced-progress-analytics-service"' declares 'ClientProgressData' locally, but it is not exported.
src/services/mcp/gamificationMcpService.ts(24,3): error TS2459: Module '"../../types/mcp/gamification.types"' declares 'ServerStatus' locally, but it is not exported.
src/services/mcp/gamificationMcpService.ts(25,3): error TS2459: Module '"../../types/mcp/gamification.types"' declares 'McpApiResponse' locally, but it is not exported.
src/services/mcp/gamificationMcpService.ts(34,3): error TS2459: Module '"../../types/mcp/gamification.types"' declares 'SuccessResponse' locally, but it is not exported.
src/services/mcp/mcpConfig.ts(71,59): error TS2531: Object is possibly 'null'.
src/services/mcp/mcpConfig.ts(72,7): error TS2322: Type 'McpHealth | null' is not assignable to type 'McpHealth'.
  Type 'null' is not assignable to type 'McpHealth'.
src/services/mcp/utils/mcp-error-handler.ts(95,5): error TS2349: This expression is not callable.
  Type '{ default: (props: any) => void; success: (props: any) => void; error: (props: any) => void; warning: (props: any) => void; info: (props: any) => void; promise: <T>(promise: Promise<T>, options: any) => Promise<...>; }' has no call signatures.
src/services/mcp/workoutMcpService.ts(20,3): error TS2459: Module '"../../types/mcp/workout.types"' declares 'ServerStatus' locally, but it is not exported.
src/services/mcp/workoutMcpService.ts(26,3): error TS2459: Module '"../../types/mcp/workout.types"' declares 'McpApiResponse' locally, but it is not exported.
src/services/mcp/workoutMcpService.ts(27,3): error TS2459: Module '"../../types/mcp/workout.types"' declares 'SuccessResponse' locally, but it is not exported.
src/services/mock-api-service.ts(8,30): error TS2307: Cannot find module 'uuid' or its corresponding type declarations.
src/services/mock-api-service.ts(218,5): error TS7006: Parameter 'response' implicitly has an 'any' type.
src/services/mock-api-service.ts(219,5): error TS7006: Parameter 'error' implicitly has an 'any' type.
src/services/nasmApiService.ts(214,27): error TS2339: Property 'success' does not exist on type 'AxiosResponse<any, any>'.
src/services/nasmApiService.ts(215,24): error TS2339: Property 'assignments' does not exist on type 'AxiosResponse<any, any>'.
src/services/nasmApiService.ts(216,30): error TS2339: Property 'pagination' does not exist on type 'AxiosResponse<any, any>'.
src/services/nasmApiService.ts(231,27): error TS2339: Property 'success' does not exist on type 'AxiosResponse<any, any>'.
src/services/nasmApiService.ts(232,24): error TS2339: Property 'assignments' does not exist on type 'AxiosResponse<any, any>'.
src/services/nasmApiService.ts(247,27): error TS2339: Property 'success' does not exist on type 'AxiosResponse<any, any>'.
src/services/nasmApiService.ts(248,24): error TS2339: Property 'assignment' does not exist on type 'AxiosResponse<any, any>'.
src/services/nasmApiService.ts(267,27): error TS2339: Property 'success' does not exist on type 'AxiosResponse<any, any>'.
src/services/nasmApiService.ts(268,24): error TS2339: Property 'assignment' does not exist on type 'AxiosResponse<any, any>'.
src/services/nasmApiService.ts(269,27): error TS2339: Property 'message' does not exist on type 'AxiosResponse<any, any>'.
src/services/nasmApiService.ts(287,27): error TS2339: Property 'success' does not exist on type 'AxiosResponse<any, any>'.
src/services/nasmApiService.ts(288,24): error TS2339: Property 'assignment' does not exist on type 'AxiosResponse<any, any>'.
src/services/nasmApiService.ts(289,27): error TS2339: Property 'message' does not exist on type 'AxiosResponse<any, any>'.
src/services/nasmApiService.ts(304,27): error TS2339: Property 'success' does not exist on type 'AxiosResponse<any, any>'.
src/services/nasmApiService.ts(305,27): error TS2339: Property 'message' does not exist on type 'AxiosResponse<any, any>'.
src/services/nasmApiService.ts(320,27): error TS2339: Property 'success' does not exist on type 'AxiosResponse<any, any>'.
src/services/nasmApiService.ts(321,24): error TS2339: Property 'clients' does not exist on type 'AxiosResponse<any, any>'.
src/services/nasmApiService.ts(336,27): error TS2339: Property 'success' does not exist on type 'AxiosResponse<any, any>'.
src/services/nasmApiService.ts(337,24): error TS2551: Property 'stats' does not exist on type 'AxiosResponse<any, any>'. Did you mean 'status'?
src/services/nasmApiService.ts(376,27): error TS2339: Property 'success' does not exist on type 'AxiosResponse<any, any>'.
src/services/nasmApiService.ts(377,24): error TS2339: Property 'permissions' does not exist on type 'AxiosResponse<any, any>'.
src/services/nasmApiService.ts(378,30): error TS2339: Property 'pagination' does not exist on type 'AxiosResponse<any, any>'.
src/services/nasmApiService.ts(393,27): error TS2339: Property 'success' does not exist on type 'AxiosResponse<any, any>'.
src/services/nasmApiService.ts(395,33): error TS2339: Property 'permissions' does not exist on type 'AxiosResponse<any, any>'.
src/services/nasmApiService.ts(396,39): error TS2339: Property 'permissionsByType' does not exist on type 'AxiosResponse<any, any>'.
src/services/nasmApiService.ts(397,44): error TS2339: Property 'totalActivePermissions' does not exist on type 'AxiosResponse<any, any>'.
src/services/nasmApiService.ts(398,46): error TS2339: Property 'availablePermissionTypes' does not exist on type 'AxiosResponse<any, any>'.
src/services/nasmApiService.ts(419,27): error TS2339: Property 'success' does not exist on type 'AxiosResponse<any, any>'.
src/services/nasmApiService.ts(420,24): error TS2339: Property 'permission' does not exist on type 'AxiosResponse<any, any>'.
src/services/nasmApiService.ts(421,27): error TS2339: Property 'message' does not exist on type 'AxiosResponse<any, any>'.
src/services/nasmApiService.ts(436,27): error TS2339: Property 'success' does not exist on type 'AxiosResponse<any, any>'.
src/services/nasmApiService.ts(437,24): error TS2339: Property 'permission' does not exist on type 'AxiosResponse<any, any>'.
src/services/nasmApiService.ts(438,27): error TS2339: Property 'message' does not exist on type 'AxiosResponse<any, any>'.
src/services/nasmApiService.ts(456,27): error TS2339: Property 'success' does not exist on type 'AxiosResponse<any, any>'.
src/services/nasmApiService.ts(457,24): error TS2339: Property 'permission' does not exist on type 'AxiosResponse<any, any>'.
src/services/nasmApiService.ts(458,27): error TS2339: Property 'message' does not exist on type 'AxiosResponse<any, any>'.
src/services/nasmApiService.ts(476,27): error TS2339: Property 'success' does not exist on type 'AxiosResponse<any, any>'.
src/services/nasmApiService.ts(478,35): error TS2339: Property 'hasPermission' does not exist on type 'AxiosResponse<any, any>'.
src/services/nasmApiService.ts(479,32): error TS2339: Property 'permission' does not exist on type 'AxiosResponse<any, any>'.
src/services/nasmApiService.ts(480,36): error TS2339: Property 'isExpiringSoon' does not exist on type 'AxiosResponse<any, any>'.
src/services/nasmApiService.ts(481,41): error TS2339: Property 'daysUntilExpiration' does not exist on type 'AxiosResponse<any, any>'.
src/services/nasmApiService.ts(497,27): error TS2339: Property 'success' does not exist on type 'AxiosResponse<any, any>'.
src/services/nasmApiService.ts(498,24): error TS2339: Property 'permissionTypes' does not exist on type 'AxiosResponse<any, any>'.
src/services/nasmApiService.ts(513,27): error TS2339: Property 'success' does not exist on type 'AxiosResponse<any, any>'.
src/services/nasmApiService.ts(514,24): error TS2551: Property 'stats' does not exist on type 'AxiosResponse<any, any>'. Did you mean 'status'?
src/services/nasmApiService.ts(545,27): error TS2339: Property 'success' does not exist on type 'AxiosResponse<any, any>'.
src/services/nasmApiService.ts(546,24): error TS2339: Property 'form' does not exist on type 'AxiosResponse<any, any>'.
src/services/nasmApiService.ts(547,27): error TS2339: Property 'message' does not exist on type 'AxiosResponse<any, any>'.
src/services/nasmApiService.ts(580,27): error TS2339: Property 'success' does not exist on type 'AxiosResponse<any, any>'.
src/services/nasmApiService.ts(581,24): error TS2339: Property 'forms' does not exist on type 'AxiosResponse<any, any>'.
src/services/nasmApiService.ts(582,30): error TS2339: Property 'pagination' does not exist on type 'AxiosResponse<any, any>'.
src/services/nasmApiService.ts(597,27): error TS2339: Property 'success' does not exist on type 'AxiosResponse<any, any>'.
src/services/nasmApiService.ts(599,23): error TS2339: Property 'form' does not exist on type 'AxiosResponse<any, any>'.
src/services/nasmApiService.ts(600,27): error TS2551: Property 'stats' does not exist on type 'AxiosResponse<any, any>'. Did you mean 'status'?
src/services/nasmApiService.ts(626,27): error TS2339: Property 'success' does not exist on type 'AxiosResponse<any, any>'.
src/services/nasmApiService.ts(628,23): error TS2339: Property 'progressData' does not exist on type 'AxiosResponse<any, any>'.
src/services/nasmApiService.ts(629,35): error TS2339: Property 'totalWorkouts' does not exist on type 'AxiosResponse<any, any>'.
src/services/nasmApiService.ts(645,27): error TS2339: Property 'success' does not exist on type 'AxiosResponse<any, any>'.
src/services/nasmApiService.ts(646,27): error TS2339: Property 'message' does not exist on type 'AxiosResponse<any, any>'.
src/services/nasmApiService.ts(661,27): error TS2339: Property 'success' does not exist on type 'AxiosResponse<any, any>'.
src/services/nasmApiService.ts(662,24): error TS2551: Property 'stats' does not exist on type 'AxiosResponse<any, any>'. Did you mean 'status'?
src/services/packageService.ts(59,17): error TS7006: Parameter 'item' implicitly has an 'any' type.
src/services/packageService.ts(60,14): error TS7006: Parameter 'item' implicitly has an 'any' type.
src/services/packageService.ts(78,16): error TS7006: Parameter 'a' implicitly has an 'any' type.
src/services/packageService.ts(78,19): error TS7006: Parameter 'b' implicitly has an 'any' type.
src/services/packageService.ts(94,27): error TS7006: Parameter 'packageId' implicitly has an 'any' type.
src/services/packageService.ts(112,32): error TS7006: Parameter 'p' implicitly has an 'any' type.
src/services/packageService.ts(113,32): error TS7006: Parameter 'p' implicitly has an 'any' type.
src/services/packageService.ts(114,32): error TS7006: Parameter 'p' implicitly has an 'any' type.
src/services/packageService.ts(126,24): error TS7006: Parameter 'searchQuery' implicitly has an 'any' type.
src/services/packageService.ts(145,23): error TS7006: Parameter 'packageData' implicitly has an 'any' type.
src/services/packageService.ts(155,11): error TS18046: 'error' is of type 'unknown'.
src/services/packageService.ts(156,25): error TS18046: 'error' is of type 'unknown'.
src/services/packageService.ts(165,23): error TS7006: Parameter 'packageId' implicitly has an 'any' type.
src/services/packageService.ts(165,34): error TS7006: Parameter 'updateData' implicitly has an 'any' type.
src/services/packageService.ts(171,11): error TS18046: 'error' is of type 'unknown'.
src/services/packageService.ts(172,25): error TS18046: 'error' is of type 'unknown'.
src/services/packageService.ts(181,23): error TS7006: Parameter 'packageId' implicitly has an 'any' type.
src/services/packageService.ts(209,32): error TS7006: Parameter 'clientProfile' implicitly has an 'any' type.
src/services/packageService.ts(214,30): error TS7006: Parameter 'pkg' implicitly has an 'any' type.
src/services/packageService.ts(219,14): error TS7006: Parameter 'a' implicitly has an 'any' type.
src/services/packageService.ts(219,17): error TS7006: Parameter 'b' implicitly has an 'any' type.
src/services/packageService.ts(232,23): error TS7006: Parameter 'name' implicitly has an 'any' type.
src/services/packageService.ts(232,29): error TS7006: Parameter 'description' implicitly has an 'any' type.
src/services/packageService.ts(252,17): error TS7006: Parameter 'featuresText' implicitly has an 'any' type.
src/services/packageService.ts(284,28): error TS7006: Parameter 'totalPrice' implicitly has an 'any' type.
src/services/packageService.ts(284,40): error TS7006: Parameter 'sessionCount' implicitly has an 'any' type.
src/services/packageService.ts(292,25): error TS7006: Parameter 'pkg' implicitly has an 'any' type.
src/services/packageService.ts(321,24): error TS7006: Parameter 'pkg' implicitly has an 'any' type.
src/services/packageService.ts(332,30): error TS7006: Parameter 'pkg' implicitly has an 'any' type.
src/services/packageService.ts(332,35): error TS7006: Parameter 'clientProfile' implicitly has an 'any' type.
src/services/packageService.ts(367,27): error TS7006: Parameter 'pkg' implicitly has an 'any' type.
src/services/packageService.ts(367,32): error TS7006: Parameter 'clientProfile' implicitly has an 'any' type.
src/services/packageService.ts(469,21): error TS7006: Parameter 'pkg' implicitly has an 'any' type.
src/services/packageService.ts(490,18): error TS7006: Parameter 'valueScore' implicitly has an 'any' type.
src/services/packageService.ts(501,23): error TS7006: Parameter 'packageData' implicitly has an 'any' type.
src/services/packageService.ts(506,14): error TS2339: Property 'name' does not exist on type '{}'.
src/services/packageService.ts(510,14): error TS2339: Property 'description' does not exist on type '{}'.
src/services/packageService.ts(514,14): error TS2339: Property 'price' does not exist on type '{}'.
src/services/packageService.ts(518,14): error TS2339: Property 'sessionCount' does not exist on type '{}'.
src/services/schedule-service.ts(17,37): error TS7016: Could not find a declaration file for module './enhanced-schedule-service'. 'C:/Users/BigotSmasher/Desktop/quick-pt/SS-PT/frontend/src/services/enhanced-schedule-service.js' implicitly has an 'any' type.
src/services/trainerService.ts(58,27): error TS7006: Parameter 'trainer' implicitly has an 'any' type.
src/services/trainerService.ts(92,27): error TS7006: Parameter 'trainerId' implicitly has an 'any' type.
src/services/trainerService.ts(105,31): error TS7006: Parameter 'trainerId' implicitly has an 'any' type.
src/services/trainerService.ts(120,24): error TS7006: Parameter 'searchQuery' implicitly has an 'any' type.
src/services/trainerService.ts(138,32): error TS7006: Parameter 'trainerId' implicitly has an 'any' type.
src/services/trainerService.ts(153,35): error TS7006: Parameter 'clientProfile' implicitly has an 'any' type.
src/services/trainerService.ts(168,23): error TS7006: Parameter 'trainerId' implicitly has an 'any' type.
src/services/trainerService.ts(168,34): error TS7006: Parameter 'updateData' implicitly has an 'any' type.
src/services/trainerService.ts(174,11): error TS18046: 'error' is of type 'unknown'.
src/services/trainerService.ts(175,25): error TS18046: 'error' is of type 'unknown'.
src/services/trainerService.ts(184,23): error TS7006: Parameter 'trainerData' implicitly has an 'any' type.
src/services/trainerService.ts(194,11): error TS18046: 'error' is of type 'unknown'.
src/services/trainerService.ts(195,25): error TS18046: 'error' is of type 'unknown'.
src/services/trainerService.ts(206,30): error TS7006: Parameter 'trainer' implicitly has an 'any' type.
src/services/trainerService.ts(221,23): error TS7006: Parameter 'trainer' implicitly has an 'any' type.
src/services/trainerService.ts(221,32): error TS7006: Parameter 'clientProfile' implicitly has an 'any' type.
src/services/trainerService.ts(315,21): error TS7006: Parameter 'trainer' implicitly has an 'any' type.
src/services/trainerService.ts(319,82): error TS7006: Parameter 's' implicitly has an 'any' type.
src/services/trainerService.ts(330,25): error TS7006: Parameter 'score' implicitly has an 'any' type.
src/services/trainerService.ts(340,23): error TS7006: Parameter 'trainerData' implicitly has an 'any' type.
src/services/trainerService.ts(345,14): error TS2339: Property 'firstName' does not exist on type '{}'.
src/services/trainerService.ts(349,14): error TS2339: Property 'lastName' does not exist on type '{}'.
src/services/trainerService.ts(353,14): error TS2339: Property 'email' does not exist on type '{}'.
src/services/trainerService.ts(355,14): error TS2339: Property 'email' does not exist on type '{}'.
src/services/trainerService.ts(359,14): error TS2339: Property 'phone' does not exist on type '{}'.
src/services/trainerService.ts(363,14): error TS2339: Property 'certifications' does not exist on type '{}'.
src/services/universal-master-schedule-service.ts(137,9): error TS2322: Type 'string | undefined' is not assignable to type 'string'.
  Type 'undefined' is not assignable to type 'string'.
src/services/universal-master-schedule-service.ts(138,9): error TS2322: Type 'string | undefined' is not assignable to type 'string'.
  Type 'undefined' is not assignable to type 'string'.
src/services/universal-master-schedule-service.ts(143,7): error TS2322: Type '{ start: any; end: any; id: string; sessionDate: string; duration: number; userId: string | null; trainerId: string | null; location?: string | undefined; notes?: string | undefined; status: "completed" | ... 5 more ... | "blocked"; ... 11 more ...; reminderSentDate?: string | ... 1 more ... | undefined; }[]' is not assignable to type 'SessionEvent[]'.
  Property 'title' is missing in type '{ start: any; end: any; id: string; sessionDate: string; duration: number; userId: string | null; trainerId: string | null; location?: string; notes?: string; status: "available" | "requested" | "scheduled" | "confirmed" | "completed" | "cancelled" | "blocked"; ... 11 more ...; reminderSentDate?: string | null; }' but required in type 'SessionEvent'.
src/services/universal-master-schedule-service.ts(145,24): error TS2339: Property 'start' does not exist on type 'Session'.
src/services/universal-master-schedule-service.ts(146,22): error TS2339: Property 'end' does not exist on type 'Session'.
src/store/slices/exerciseSlice.ts(58,25): error TS1016: A required parameter cannot follow an optional parameter.
src/store/slices/exerciseSlice.ts(60,34): error TS2339: Property 'exercise' does not exist on type 'ProductionApiService'.
src/store/slices/exerciseSlice.ts(75,34): error TS2339: Property 'exercise' does not exist on type 'ProductionApiService'.
src/store/slices/workoutSlice.ts(357,15): error TS2339: Property 'isMockModeEnabled' does not exist on type 'ProductionApiService'.
src/store/slices/workoutSlice.ts(364,34): error TS2339: Property 'workout' does not exist on type 'ProductionApiService'.
src/store/slices/workoutSlice.ts(427,15): error TS2339: Property 'isMockModeEnabled' does not exist on type 'ProductionApiService'.
src/store/slices/workoutSlice.ts(434,34): error TS2339: Property 'workout' does not exist on type 'ProductionApiService'.
src/store/slices/workoutSlice.ts(458,15): error TS2339: Property 'isMockModeEnabled' does not exist on type 'ProductionApiService'.
src/store/slices/workoutSlice.ts(465,34): error TS2339: Property 'workout' does not exist on type 'ProductionApiService'.
src/store/slices/workoutSlice.ts(481,15): error TS2339: Property 'isMockModeEnabled' does not exist on type 'ProductionApiService'.
src/store/slices/workoutSlice.ts(492,34): error TS2339: Property 'workout' does not exist on type 'ProductionApiService'.
src/store/slices/workoutSlice.ts(508,15): error TS2339: Property 'isMockModeEnabled' does not exist on type 'ProductionApiService'.
src/store/slices/workoutSlice.ts(526,30): error TS2339: Property 'workout' does not exist on type 'ProductionApiService'.
src/store/slices/workoutSlice.ts(528,30): error TS2339: Property 'workout' does not exist on type 'ProductionApiService'.
src/store/slices/workoutSlice.ts(546,15): error TS2339: Property 'isMockModeEnabled' does not exist on type 'ProductionApiService'.
src/store/slices/workoutSlice.ts(553,34): error TS2339: Property 'workout' does not exist on type 'ProductionApiService'.
src/store/slices/workoutSlice.ts(569,15): error TS2339: Property 'isMockModeEnabled' does not exist on type 'ProductionApiService'.
src/store/slices/workoutSlice.ts(615,34): error TS2339: Property 'workout' does not exist on type 'ProductionApiService'.
src/store/slices/workoutSlice.ts(631,15): error TS2339: Property 'isMockModeEnabled' does not exist on type 'ProductionApiService'.
src/store/slices/workoutSlice.ts(642,34): error TS2339: Property 'workout' does not exist on type 'ProductionApiService'.
src/store/slices/workoutSlice.ts(658,15): error TS2339: Property 'isMockModeEnabled' does not exist on type 'ProductionApiService'.
src/store/slices/workoutSlice.ts(674,30): error TS2339: Property 'workout' does not exist on type 'ProductionApiService'.
src/store/slices/workoutSlice.ts(676,30): error TS2339: Property 'workout' does not exist on type 'ProductionApiService'.
src/store/slices/workoutSlice.ts(694,15): error TS2339: Property 'isMockModeEnabled' does not exist on type 'ProductionApiService'.
src/store/slices/workoutSlice.ts(701,34): error TS2339: Property 'workout' does not exist on type 'ProductionApiService'.
src/store/slices/workoutSlice.ts(751,11): error TS2339: Property 'enableMockMode' does not exist on type 'ProductionApiService'.
src/styles/GlobalStyle.ts(24,35): error TS2339: Property 'default' does not exist on type '{}'.
src/styles/GlobalStyle.ts(26,29): error TS2339: Property 'primary' does not exist on type '{}'.
src/styles/GlobalStyle.ts(27,20): error TS2345: Argument of type '({ theme }: ExecutionContext & object) => {}' is not assignable to parameter of type 'Interpolation<object>'.
  Type '({ theme }: ExecutionContext & object) => {}' is not assignable to type 'StyleFunction<object>'.
    Type '{}' is not assignable to type 'Interpolation<object>'.
src/styles/GlobalStyle.ts(51,35): error TS2339: Property 'default' does not exist on type '{}'.
src/styles/GlobalStyle.ts(55,37): error TS2339: Property 'grey' does not exist on type '{}'.
src/styles/GlobalStyle.ts(89,41): error TS2339: Property 'grey' does not exist on type '{}'.
src/styles/GlobalStyle.ts(95,41): error TS2339: Property 'grey' does not exist on type '{}'.
src/styles/swan-theme-utils.tsx(315,7): error TS2322: Type 'ReactNode' is not assignable to type 'string | undefined'.
  Type 'null' is not assignable to type 'string | undefined'.
src/TestApp.tsx(14,31): error TS7016: Could not find a declaration file for module './context/ToastContext'. 'C:/Users/BigotSmasher/Desktop/quick-pt/SS-PT/frontend/src/context/ToastContext.jsx' implicitly has an 'any' type.
src/TestApp.tsx(35,28): error TS7006: Parameter 'prop' implicitly has an 'any' type.
src/TestApp.tsx(108,30): error TS2322: Type '{ swanStudios: { typography: { display: { h1: { fontSize: string; fontWeight: number; lineHeight: number; letterSpacing: string; }; h2: { fontSize: string; fontWeight: number; lineHeight: number; letterSpacing: string; }; h3: { ...; }; }; body: { ...; }; ui: { ...; }; }; ... 19 more ...; glowButton: { ...; }; }; ......' is not assignable to type 'ThemeArgument'.
  Type '{ swanStudios: { typography: { display: { h1: { fontSize: string; fontWeight: number; lineHeight: number; letterSpacing: string; }; h2: { fontSize: string; fontWeight: number; lineHeight: number; letterSpacing: string; }; h3: { ...; }; }; body: { ...; }; ui: { ...; }; }; ... 19 more ...; glowButton: { ...; }; }; ......' is not assignable to type 'DefaultTheme'.
    Types of property 'background' are incompatible.
      Type 'string' is not assignable to type 'Record<string, unknown>'.
src/TestApp.tsx(111,22): error TS2559: Type '{ children: Element; }' has no properties in common with type 'IntrinsicAttributes'.
src/themes/theme-selector.ts(8,28): error TS2307: Cannot find module './berry-dark-theme' or its corresponding type declarations.
src/themes/theme-selector.ts(9,29): error TS2307: Cannot find module './berry-light-theme' or its corresponding type declarations.
src/themes/theme-selector.ts(10,32): error TS2307: Cannot find module './berry-original-theme' or its corresponding type declarations.
src/utils/accessibility-helpers.tsx(44,9): error TS2353: Object literal may only specify known properties, and '':focus'' does not exist in type 'Properties<string | number, string & {}>'.
src/utils/apiConnectivityFixer.ts(41,11): error TS18046: 'error' is of type 'unknown'.
src/utils/apiConnectivityFixer.ts(42,11): error TS18046: 'error' is of type 'unknown'.
src/utils/apiConnectivityFixer.ts(43,11): error TS18046: 'error' is of type 'unknown'.
src/utils/apiConnectivityFixer.ts(44,11): error TS18046: 'error' is of type 'unknown'.
src/utils/apiConnectivityFixer.ts(47,114): error TS18046: 'error' is of type 'unknown'.
src/utils/apiConnectivityFixer.ts(65,3): error TS2322: Type '(args_0: string, args_1: string | URL, args_2: unknown, args_3?: unknown, args_4?: unknown) => void' is not assignable to type '{ (method: string, url: string | URL): void; (method: string, url: string | URL, async: boolean, username?: string | null | undefined, password?: string | null | undefined): void; }'.
  Target signature provides too few arguments. Expected 3 or more, but got 2.
src/utils/apiConnectivityFixer.ts(80,40): error TS2345: Argument of type '[string, string | URL, unknown, unknown?, unknown?]' is not assignable to parameter of type '[method: string, url: string | URL, async: boolean, username?: string | null | undefined, password?: string | null | undefined]'.
  Type at position 2 in source is not compatible with type at position 2 in target.
    Type 'unknown' is not assignable to type 'boolean'.
src/utils/dev-auth-helper.ts(71,26): error TS2345: Argument of type '{ id: string; name: string; email: string; role: string; profileImageUrl: null; permissions: string[]; } | { id: string; name: string; email: string; role: string; profileImageUrl: null; permissions: string[]; } | { ...; } | { ...; }' is not assignable to parameter of type 'User'.
  Type '{ id: string; name: string; email: string; role: string; profileImageUrl: null; permissions: string[]; }' is missing the following properties from type 'User': firstName, lastName
src/utils/dev-auth-helper.ts(98,30): error TS2345: Argument of type 'null' is not assignable to parameter of type 'User'.
src/utils/dev-auth-helper.ts(176,32): error TS2345: Argument of type 'null' is not assignable to parameter of type 'User'.
src/utils/globalIconShim.tsx(9,10): error TS2339: Property 'FaArrowLeft' does not exist on type 'Window & typeof globalThis'.
src/utils/globalIconShim.tsx(10,10): error TS2339: Property 'FaArrowRight' does not exist on type 'Window & typeof globalThis'.
src/utils/globalIconShim.tsx(11,10): error TS2339: Property 'FaChevronLeft' does not exist on type 'Window & typeof globalThis'.
src/utils/globalIconShim.tsx(12,10): error TS2339: Property 'FaChevronRight' does not exist on type 'Window & typeof globalThis'.
src/utils/imageErrorHandler/ImageErrorHandler.ts(106,20): error TS2345: Argument of type '(img: HTMLImageElement) => void' is not assignable to parameter of type '(value: Element, key: number, parent: NodeListOf<Element>) => void'.
  Types of parameters 'img' and 'value' are incompatible.
    Type 'Element' is missing the following properties from type 'HTMLImageElement': align, alt, border, complete, and 156 more.
src/utils/imageErrorHandler/ImageErrorHandler.ts(156,3): error TS2686: 'React' refers to a UMD global, but the current file is a module. Consider adding an import instead.
src/utils/initTokenCleanup.ts(26,12): error TS2339: Property 'clearAuthData' does not exist on type 'Window & typeof globalThis'.
src/utils/mcp-utils.ts(135,30): error TS2339: Property 'logActivity' does not exist on type 'GamificationMcpApi'.
src/utils/mcp-utils.ts(168,30): error TS2339: Property 'processFoodIntake' does not exist on type 'GamificationMcpApi'.
src/utils/mockDataHelper.ts(320,46): error TS7006: Parameter 'n' implicitly has an 'any' type.
src/utils/motion-helpers.tsx(53,30): error TS2353: Object literal may only specify known properties, and 'shouldForwardProp' does not exist in type 'CustomMotionComponentConfig'.
src/utils/old/tokenCleanup.production.ts(262,29): error TS18046: 'error' is of type 'unknown'.
src/utils/paymentDiagnostics.ts(376,5): error TS2322: Type '() => Promise<PaymentDiagnosticResult>' is not assignable to type '() => Promise<void>'.
  Type 'Promise<PaymentDiagnosticResult>' is not assignable to type 'Promise<void>'.
    Type 'PaymentDiagnosticResult' is not assignable to type 'void'.
src/utils/storeInitializer.ts(9,10): error TS2614: Module '"../redux/slices/scheduleSlice"' has no exported member 'setInitialState'. Did you mean to use 'import setInitialState from "../redux/slices/scheduleSlice"' instead?
src/utils/stripeDiagnostic.ts(319,41): error TS2307: Cannot find module '@stripe/stripe-js' or its corresponding type declarations.
src/utils/tokenCleanup.ts(262,29): error TS18046: 'error' is of type 'unknown'.
src/utils/tokenDebugTool.ts(14,14): error TS2339: Property 'debugTokens' does not exist on type 'Window & typeof globalThis'.
src/utils/tokenDebugTool.ts(15,14): error TS2339: Property 'cleanupTokens' does not exist on type 'Window & typeof globalThis'.
src/utils/tokenDebugTool.ts(16,14): error TS2339: Property 'showTokenInfo' does not exist on type 'Window & typeof globalThis'.
src/utils/tokenDebugTool.ts(57,23): error TS7006: Parameter 'storageType' implicitly has an 'any' type.
src/utils/tokenDebugTool.ts(70,9): error TS7053: Element implicitly has an 'any' type because expression of type 'string' can't be used to index type '{}'.
  No index signature with a parameter of type 'string' was found on type '{}'.
src/utils/tokenDebugTool.ts(84,35): error TS2339: Property 'apiClient' does not exist on type 'typeof import("C:/Users/BigotSmasher/Desktop/quick-pt/SS-PT/frontend/src/services/api.service")'.
src/utils/tokenDebugTool.ts(90,41): error TS18046: 'error' is of type 'unknown'.
src/utils/tokenDebugTool.ts(97,22): error TS7006: Parameter 'tokenInfo' implicitly has an 'any' type.
src/utils/tokenDebugTool.ts(144,23): error TS7006: Parameter 'testToken' implicitly has an 'any' type.
